Capturing execution frames: advanced_3d.json
  Frame 1 saved (frame_000.jpg, t=0.0s)
  Validating workflow...
  Queuing workflow for execution...
  Frame 2 saved (frame_001.jpg, t=2.3s)
  [capture-periodic] freeze=2ms shot=102ms unfreeze=2ms saved=True
  Frame 3 saved (frame_002.jpg, t=4.5s)
  [capture-periodic] freeze=2ms shot=105ms unfreeze=2ms saved=True
  [capture-loop] iter=50 t=5.6s state={'complete': False, 'error': None, 'executedCount': 0, 'wsState': 1} eval_ms=2 ram=2.9/15.6GB (19%) swap=0.0/3.0GB (0%) cpu=27% browser_rss=0.97GB
  [capture-loop] iter=100 t=11.0s state={'complete': False, 'error': None, 'executedCount': 0, 'wsState': 1} eval_ms=2 ram=2.9/15.6GB (19%) swap=0.0/3.0GB (0%) cpu=32% browser_rss=0.97GB
  [capture-loop] iter=150 t=16.5s state={'complete': False, 'error': None, 'executedCount': 0, 'wsState': 1} eval_ms=3 ram=3.0/15.6GB (19%) swap=0.0/3.0GB (0%) cpu=33% browser_rss=0.95GB
  [capture-loop] iter=200 t=21.9s state={'complete': False, 'error': None, 'executedCount': 0, 'wsState': 1} eval_ms=2 ram=3.3/15.6GB (21%) swap=0.0/3.0GB (0%) cpu=33% browser_rss=0.95GB
  [capture-loop] iter=250 t=27.4s state={'complete': False, 'error': None, 'executedCount': 0, 'wsState': 1} eval_ms=2 ram=2.9/15.6GB (18%) swap=0.0/3.0GB (0%) cpu=36% browser_rss=0.86GB
  [capture-loop] iter=300 t=32.8s state={'complete': False, 'error': None, 'executedCount': 0, 'wsState': 1} eval_ms=2 ram=3.0/15.6GB (19%) swap=0.0/3.0GB (0%) cpu=33% browser_rss=0.86GB
  [capture-loop] iter=350 t=38.3s state={'complete': False, 'error': None, 'executedCount': 0, 'wsState': 1} eval_ms=2 ram=3.3/15.6GB (21%) swap=0.0/3.0GB (0%) cpu=33% browser_rss=0.86GB
  Frame 4 saved (frame_003.jpg, t=41.7s)
  [capture-periodic] freeze=2ms shot=103ms unfreeze=2ms saved=True
  Node executed (2 total), capturing...
  Frame 5 saved (frame_004.jpg, t=42.3s)
  [capture-node] freeze=2ms shot=143ms unfreeze=0ms saved=True
  Execution complete (t=42.3s)
  Captured 5 unique frames over 43.9s
  [debug] iframes: 1
  [debug]   iframe[0]: src=http://127.0.0.1:8188/extensions/ComfyUI-GeometryPack/viewer_vtk.html?v=17782391, canvas=486x394, rafFrozen=True
  [timing] trigger_3d_previews: 0.0s
  Saved high-quality screenshot: advanced_3d_executed.png
  [timing] final_screenshot: 0.2s
    Captured 6 video frames