Capturing execution frames: simple.json
  Frame 1 saved (frame_000.jpg, t=0.0s)
  Validating workflow...
  Queuing workflow for execution...
  Frame 2 saved (frame_001.jpg, t=2.3s)
  [capture-periodic] freeze=2ms shot=117ms unfreeze=2ms saved=True
  Frame 3 saved (frame_002.jpg, t=4.5s)
  [capture-periodic] freeze=2ms shot=111ms unfreeze=2ms saved=True
  [capture-loop] iter=50 t=5.6s state={'complete': False, 'error': None, 'executedCount': 0, 'wsState': 1} eval_ms=3 ram=3.7/15.6GB (24%) swap=0.0/3.0GB (0%) cpu=29% browser_rss=1.00GB
  [capture-loop] iter=100 t=11.0s state={'complete': False, 'error': None, 'executedCount': 0, 'wsState': 1} eval_ms=2 ram=3.1/15.6GB (20%) swap=0.0/3.0GB (0%) cpu=33% browser_rss=1.00GB
  [capture-loop] iter=150 t=16.6s state={'complete': False, 'error': None, 'executedCount': 0, 'wsState': 1} eval_ms=2 ram=3.3/15.6GB (21%) swap=0.0/3.0GB (0%) cpu=33% browser_rss=1.00GB
  [capture-loop] iter=200 t=22.0s state={'complete': False, 'error': None, 'executedCount': 0, 'wsState': 1} eval_ms=2 ram=3.8/15.6GB (24%) swap=0.0/3.0GB (0%) cpu=33% browser_rss=1.00GB
  [capture-loop] iter=250 t=27.5s state={'complete': False, 'error': None, 'executedCount': 0, 'wsState': 1} eval_ms=2 ram=3.0/15.6GB (20%) swap=0.0/3.0GB (0%) cpu=35% browser_rss=0.90GB
  [capture-loop] iter=300 t=33.0s state={'complete': False, 'error': None, 'executedCount': 0, 'wsState': 1} eval_ms=2 ram=4.0/15.6GB (26%) swap=0.0/3.0GB (0%) cpu=34% browser_rss=0.89GB
  [capture-loop] iter=350 t=38.6s state={'complete': False, 'error': None, 'executedCount': 0, 'wsState': 1} eval_ms=2 ram=2.9/15.6GB (19%) swap=0.0/3.0GB (0%) cpu=34% browser_rss=0.89GB
  [capture-loop] iter=400 t=44.0s state={'complete': False, 'error': None, 'executedCount': 0, 'wsState': 1} eval_ms=2 ram=3.0/15.6GB (19%) swap=0.0/3.0GB (0%) cpu=33% browser_rss=0.89GB
  [capture-loop] iter=450 t=49.5s state={'complete': False, 'error': None, 'executedCount': 0, 'wsState': 1} eval_ms=2 ram=3.0/15.6GB (19%) swap=0.0/3.0GB (0%) cpu=33% browser_rss=0.89GB
  [capture-loop] iter=500 t=54.9s state={'complete': False, 'error': None, 'executedCount': 0, 'wsState': 1} eval_ms=2 ram=3.0/15.6GB (19%) swap=0.0/3.0GB (0%) cpu=33% browser_rss=0.89GB
  [capture-loop] iter=550 t=60.5s state={'complete': False, 'error': None, 'executedCount': 0, 'wsState': 1} eval_ms=2 ram=3.4/15.6GB (22%) swap=0.0/3.0GB (0%) cpu=33% browser_rss=0.89GB
  [capture-loop] iter=600 t=65.9s state={'complete': False, 'error': None, 'executedCount': 0, 'wsState': 1} eval_ms=3 ram=3.6/15.6GB (23%) swap=0.0/3.0GB (0%) cpu=32% browser_rss=0.89GB
  [capture-loop] iter=650 t=71.4s state={'complete': False, 'error': None, 'executedCount': 0, 'wsState': 1} eval_ms=2 ram=3.9/15.6GB (25%) swap=0.0/3.0GB (0%) cpu=33% browser_rss=0.89GB
  [capture-loop] iter=700 t=76.8s state={'complete': False, 'error': None, 'executedCount': 0, 'wsState': 1} eval_ms=2 ram=4.0/15.6GB (26%) swap=0.0/3.0GB (0%) cpu=32% browser_rss=0.89GB
  Node executed (1 total), capturing...
  Frame 4 saved (frame_003.jpg, t=80.6s)
  [capture-node] freeze=2ms shot=120ms unfreeze=9ms saved=True
  Execution complete (t=80.9s)
  Captured 4 unique frames over 80.89s
  [debug] iframes: 0
  [timing] trigger_3d_previews: 0.0s
  Saved high-quality screenshot: simple_executed.png
  [timing] final_screenshot: 0.3s
    Captured 5 video frames