[2026-05-08 04:26:36.143] [info]  setup plugin alembic.autogenerate.schemas

[2026-05-08 04:26:36.147] [info]  setup plugin alembic.autogenerate.tables
setup plugin alembic.autogenerate.types
setup plugin alembic.autogenerate.constraints
setup plugin alembic.autogenerate.defaults
setup plugin alembic.autogenerate.comments

[2026-05-08 04:26:37.614] [info]  Adding extra search path custom_nodes C:\Users\runneradmin\Documents\ComfyUI\custom_nodes
Adding extra search path download_model_base C:\Users\runneradmin\Documents\ComfyUI\models

[2026-05-08 04:26:37.616] [info]  Adding extra search path custom_nodes C:\Users\runneradmin\AppData\Local\Programs\ComfyUI\resources\ComfyUI\custom_nodes
Setting output directory to: C:\Users\runneradmin\Documents\ComfyUI\output
Setting input directory to: C:\Users\runneradmin\Documents\ComfyUI\input
Setting user directory to: C:\Users\runneradmin\Documents\ComfyUI\user

[2026-05-08 04:26:40.811] [info]  [START] Security scan
[DONE] Security scan
** ComfyUI startup time: 
[2026-05-08 04:26:40.812] [info]  2026-05-08 04:26:40.810
** Platform: Windows
** Python version: 3.12.11 (main, Aug 18 2025, 19:17:54) [MSC v.1944 64 bit (AMD64)]
** Python executable: C:\Users\runneradmin\Documents\ComfyUI\.venv\Scripts\python.exe
** ComfyUI Path: C:\Users\runneradmin\AppData\Local\Programs\ComfyUI\resources\ComfyUI
** ComfyUI Base Folder Path: C:\Users\runneradmin\AppData\Local\Programs\ComfyUI\resources\ComfyUI

[2026-05-08 04:26:40.814] [info]  ** User directory: C:\Users\runneradmin\Documents\ComfyUI\user

[2026-05-08 04:26:40.816] [info]  ** ComfyUI-Manager config path: C:\Users\runneradmin\Documents\ComfyUI\user\__manager\config.ini
** Log path: C:\Users\runneradmin\Documents\ComfyUI\user\comfyui.log

[2026-05-08 04:26:41.941] [info]  [ComfyUI-Manager] Skipped fixing the 'comfyui-frontend-package' dependency because the ComfyUI is outdated.

[2026-05-08 04:26:41.943] [info]  [PRE] ComfyUI-Manager

[2026-05-08 04:26:54.630] [info]  Found comfy_kitchen backend triton: {'available': False, 'disabled': True, 'unavailable_reason': "ImportError: No module named 'triton'", 'capabilities': []}

[2026-05-08 04:26:54.632] [info]  Found comfy_kitchen backend eager: {'available': True, 'disabled': False, 'unavailable_reason': None, 'capabilities': ['apply_rope', 'apply_rope1', 'dequantize_mxfp8', 'dequantize_nvfp4', 'dequantize_per_tensor_fp8', 'quantize_mxfp8', 'quantize_nvfp4', 'quantize_per_tensor_fp8', 'scaled_mm_mxfp8', 'scaled_mm_nvfp4']}
Found comfy_kitchen backend cuda: {'available': False, 'disabled': True, 'unavailable_reason': 'CUDA not available on this system', 'capabilities': []}

[2026-05-08 04:26:54.721] [info]  Checkpoint files will always be loaded safely.

[2026-05-08 04:26:54.815] [info]  Total VRAM 16379 MB, total RAM 16379 MB

[2026-05-08 04:26:54.816] [info]  pytorch version: 2.11.0+cpu
Set vram state to: DISABLED
Device: cpu

[2026-05-08 04:26:55.746] [info]  Using sub quadratic optimization for attention, if you have memory or speed issues try using: --use-split-cross-attention

[2026-05-08 04:27:03.373] [info]  Python version: 3.12.11 (main, Aug 18 2025, 19:17:54) [MSC v.1944 64 bit (AMD64)]

[2026-05-08 04:27:03.374] [info]  ComfyUI version: 0.20.1
comfy-aimdo version: 0.2.14

[2026-05-08 04:27:03.376] [info]  comfy-kitchen version: 0.2.8

[2026-05-08 04:27:03.378] [info]  [Prompt Server] web root: C:\Users\runneradmin\AppData\Local\Programs\ComfyUI\resources\ComfyUI\web_custom_versions\desktop_app

[2026-05-08 04:27:03.380] [info]  Asset seeder disabled

[2026-05-08 04:27:03.381] [info]  [START] ComfyUI-Manager

[2026-05-08 04:27:03.862] [info]  [ComfyUI-Manager] Using GitPython backend

[2026-05-08 04:27:03.976] [info]  [ComfyUI-Manager] network_mode: public

[2026-05-08 04:27:03.986] [info]  [ComfyUI-Manager] The matrix sharing feature has been disabled because the `matrix-nio` dependency is not installed.
	To use this feature, please run the following command:
	C:\Users\runneradmin\Documents\ComfyUI\.venv\Scripts\python.exe -m pip install matrix-nio


[2026-05-08 04:27:08.690] [info]  
Import times for custom nodes:

[2026-05-08 04:27:08.691] [info]     0.0 seconds: C:\Users\runneradmin\AppData\Local\Programs\ComfyUI\resources\ComfyUI\custom_nodes\websocket_image_save.py


[2026-05-08 04:27:08.695] [info]  Context impl SQLiteImpl.

[2026-05-08 04:27:08.696] [info]  Will assume non-transactional DDL.

[2026-05-08 04:27:08.718] [info]  Context impl SQLiteImpl.

[2026-05-08 04:27:08.720] [info]  Will assume non-transactional DDL.

[2026-05-08 04:27:08.747] [info]  Running upgrade  -> 0001_assets, Initial assets schema
Revision ID: 0001_assets
Revises: None
Create Date: 2025-12-10 00:00:00

[2026-05-08 04:27:09.206] [info]  Running upgrade 0001_assets -> 0002_merge_to_asset_references, Merge AssetInfo and AssetCacheState into unified asset_references table.

[2026-05-08 04:27:09.507] [info]  Running upgrade 0002_merge_to_asset_references -> 0003_add_metadata_job_id, Add system_metadata and job_id columns to asset_references.
Change preview_id FK from assets.id to asset_references.id.

[2026-05-08 04:27:09.602] [info]  Database upgraded from None to 0003_add_metadata_job_id

[2026-05-08 04:27:09.736] [info]  Starting server


[2026-05-08 04:27:09.737] [info]  To see the GUI go to: http://127.0.0.1:8000

[2026-05-08 04:27:59.530] [error]   0%|          | 0.00/17.8M [00:00<?, ?B/s]
[2026-05-08 04:27:59.653] [error]  35%|███▌      | 6.29M/17.8M [00:00<00:00, 52.0MB/s]
[2026-05-08 04:27:59.820] [error]  71%|███████   | 12.6M/17.8M [00:00<00:00, 42.3MB/s]
[2026-05-08 04:27:59.884] [error] 100%|██████████| 17.8M/17.8M [00:00<00:00, 50.6MB/s]
[2026-05-08 04:27:59.887] [error] 

[2026-05-08 04:28:00.027] [info]  Extracted zip file to C:\Users\runneradmin\Documents\ComfyUI\custom_nodes\ComfyUI-DepthAnythingV3

[2026-05-08 04:28:00.113] [info]  Install: pip packages

[2026-05-08 04:28:01.410] [info]  [ComfyUI-Manager] Skipped fixing the 'comfyui-frontend-package' dependency because the ComfyUI is outdated.
Install: install script

[2026-05-08 04:28:05.911] [info]  
After restarting ComfyUI, please refresh the browser.

[2026-05-08 04:28:06.191] [info]  
Restarting... [Legacy Mode]


Command: ['"C:\\Users\\runneradmin\\Documents\\ComfyUI\\.venv\\Scripts\\python.exe"', '"C:\\Users\\runneradmin\\AppData\\Local\\Programs\\ComfyUI\\resources\\ComfyUI\\main.py"', '--user-directory', 'C:\\Users\\runneradmin\\Documents\\ComfyUI\\user', '--input-directory', 'C:\\Users\\runneradmin\\Documents\\ComfyUI\\input', '--output-directory', 'C:\\Users\\runneradmin\\Documents\\ComfyUI\\output', '--front-end-root', 'C:\\Users\\runneradmin\\AppData\\Local\\Programs\\ComfyUI\\resources\\ComfyUI\\web_custom_versions\\desktop_app', '--base-directory', 'C:\\Users\\runneradmin\\Documents\\ComfyUI', '--database-url', 'sqlite:///C:/Users/runneradmin/Documents/ComfyUI/user/comfyui.db', '--extra-model-paths-config', 'C:\\Users\\runneradmin\\AppData\\Roaming\\ComfyUI\\extra_models_config.yaml', '--log-stdout', '--listen', '127.0.0.1', '--port', '8000', '--enable-manager', '--cpu']

[2026-05-08 04:28:06.994] [info]  setup plugin alembic.autogenerate.schemas
setup plugin alembic.autogenerate.tables

[2026-05-08 04:28:06.995] [info]  setup plugin alembic.autogenerate.types
setup plugin alembic.autogenerate.constraints
setup plugin alembic.autogenerate.defaults
setup plugin alembic.autogenerate.comments

[2026-05-08 04:28:07.721] [info]  Adding extra search path custom_nodes C:\Users\runneradmin\Documents\ComfyUI\custom_nodes

[2026-05-08 04:28:07.722] [info]  Adding extra search path download_model_base C:\Users\runneradmin\Documents\ComfyUI\models
Adding extra search path custom_nodes C:\Users\runneradmin\AppData\Local\Programs\ComfyUI\resources\ComfyUI\custom_nodes
Setting output directory to: C:\Users\runneradmin\Documents\ComfyUI\output
Setting input directory to: C:\Users\runneradmin\Documents\ComfyUI\input
Setting user directory to: C:\Users\runneradmin\Documents\ComfyUI\user

[2026-05-08 04:28:09.512] [info]  [START] Security scan
[DONE] Security scan
** ComfyUI startup time: 2026-05-08 04:28:09.473
** Platform: Windows
** Python version: 3.12.11 (main, Aug 18 2025, 19:17:54) [MSC v.1944 64 bit (AMD64)]
** Python executable: C:\Users\runneradmin\Documents\ComfyUI\.venv\Scripts\python.exe
** ComfyUI Path: C:\Users\runneradmin\AppData\Local\Programs\ComfyUI\resources\ComfyUI
** ComfyUI Base Folder Path: C:\Users\runneradmin\AppData\Local\Programs\ComfyUI\resources\ComfyUI
** User directory: C:\Users\runneradmin\Documents\ComfyUI\user
** ComfyUI-Manager config path: C:\Users\runneradmin\Documents\ComfyUI\user\__manager\config.ini
** Log path: C:\Users\runneradmin\Documents\ComfyUI\user\comfyui.log

[2026-05-08 04:28:10.076] [info]  
#######################################################################
[ComfyUI-Manager] Starting dependency installation/(de)activation for the extension


[2026-05-08 04:28:10.078] [info]  
## ComfyUI-Manager: EXECUTE => ['C:\\Users\\runneradmin\\Documents\\ComfyUI\\.venv\\Scripts\\python.exe', '-m', 'pip', 'install', 'comfy-env==0.3.69']

## Execute management script for 'C:\Users\runneradmin\Documents\ComfyUI\custom_nodes\ComfyUI-DepthAnythingV3'

