[2026-05-10 03:23:40.739] [info]  setup plugin alembic.autogenerate.schemas

[2026-05-10 03:23:40.742] [info]  setup plugin alembic.autogenerate.tables
setup plugin alembic.autogenerate.types
setup plugin alembic.autogenerate.constraints
setup plugin alembic.autogenerate.defaults
setup plugin alembic.autogenerate.comments

[2026-05-10 03:23:41.267] [info]  Adding extra search path custom_nodes C:\Users\runneradmin\Documents\ComfyUI\custom_nodes
Adding extra search path download_model_base C:\Users\runneradmin\Documents\ComfyUI\models

[2026-05-10 03:23:41.269] [info]  Adding extra search path custom_nodes C:\Users\runneradmin\.comfy-test-cache\desktop\ComfyUI\resources\ComfyUI\custom_nodes
Setting output directory to: C:\Users\runneradmin\Documents\ComfyUI\output
Setting input directory to: C:\Users\runneradmin\Documents\ComfyUI\input
Setting user directory to: C:\Users\runneradmin\Documents\ComfyUI\user

[2026-05-10 03:23:43.059] [info]  [START] Security scan
[DONE] Security scan
** ComfyUI startup time: 
[2026-05-10 03:23:43.061] [info]  2026-05-10 03:23:43.058
** Platform: Windows
** Python version: 3.12.11 (main, Aug 18 2025, 19:17:54) [MSC v.1944 64 bit (AMD64)]
** Python executable: C:\Users\runneradmin\Documents\ComfyUI\.venv\Scripts\python.exe
** ComfyUI Path: C:\Users\runneradmin\.comfy-test-cache\desktop\ComfyUI\resources\ComfyUI
** ComfyUI Base Folder Path: C:\Users\runneradmin\.comfy-test-cache\desktop\ComfyUI\resources\ComfyUI

[2026-05-10 03:23:43.062] [info]  ** User directory: 
[2026-05-10 03:23:43.064] [info]  C:\Users\runneradmin\Documents\ComfyUI\user
** ComfyUI-Manager config path: C:\Users\runneradmin\Documents\ComfyUI\user\__manager\config.ini
** Log path: C:\Users\runneradmin\Documents\ComfyUI\user\comfyui.log

[2026-05-10 03:23:44.382] [info]  [ComfyUI-Manager] Skipped fixing the 'comfyui-frontend-package' dependency because the ComfyUI is outdated.

[2026-05-10 03:23:44.383] [info]  [PRE] ComfyUI-Manager

[2026-05-10 03:23:44.724] [error] [comfy-env] ComfyUI-DepthAnythingV3: 1 isolation env(s):
[2026-05-10 03:23:44.726] [error] 

[2026-05-10 03:23:44.727] [error] [comfy-env]   nodes -> C:\Users\runneradmin\Documents\ComfyUI\custom_nodes\ComfyUI-DepthAnythingV3\nodes

[2026-05-10 03:23:44.729] [error] [comfy-env] prestartup complete
[2026-05-10 03:23:44.730] [error] 

[2026-05-10 03:23:44.769] [error] [comfy-env] ComfyUI-GeometryPack: 1 isolation env(s):
[2026-05-10 03:23:44.771] [error] 
[comfy-env]   nodes -> C:\Users\runneradmin\Documents\ComfyUI\custom_nodes\ComfyUI-GeometryPack\nodes

[2026-05-10 03:23:44.773] [error] [comfy-env] prestartup complete

[2026-05-10 03:23:47.939] [info]  Found comfy_kitchen backend cuda: {'available': False, 'disabled': True, 'unavailable_reason': 'CUDA not available on this system', 'capabilities': []}

[2026-05-10 03:23:47.941] [info]  Found comfy_kitchen backend triton: {'available': False, 'disabled': True, 'unavailable_reason': "ImportError: No module named 'triton'", 'capabilities': []}
Found comfy_kitchen backend eager: {'available': True, 'disabled': False, 'unavailable_reason': None, 'capabilities': ['apply_rope', 'apply_rope1', 'dequantize_mxfp8', 'dequantize_nvfp4', 'dequantize_per_tensor_fp8', 'quantize_mxfp8', 'quantize_nvfp4', 'quantize_per_tensor_fp8', 'scaled_mm_mxfp8', 'scaled_mm_nvfp4']}

[2026-05-10 03:23:47.950] [info]  Checkpoint files will always be loaded safely.

[2026-05-10 03:23:47.969] [info]  Total VRAM 16379 MB, total RAM 16379 MB

[2026-05-10 03:23:47.982] [info]  pytorch version: 2.11.0+cpu

[2026-05-10 03:23:47.988] [info]  Set vram state to: DISABLED

[2026-05-10 03:23:47.990] [info]  Device: cpu

[2026-05-10 03:23:48.244] [info]  Using sub quadratic optimization for attention, if you have memory or speed issues try using: --use-split-cross-attention

[2026-05-10 03:23:51.231] [info]  Python version: 3.12.11 (main, Aug 18 2025, 19:17:54) [MSC v.1944 64 bit (AMD64)]

[2026-05-10 03:23:51.232] [info]  ComfyUI version: 0.20.1
comfy-aimdo version: 0.2.14

[2026-05-10 03:23:51.234] [info]  comfy-kitchen version: 0.2.8

[2026-05-10 03:23:51.237] [info]  [Prompt Server] web root: C:\Users\runneradmin\.comfy-test-cache\desktop\ComfyUI\resources\ComfyUI\web_custom_versions\desktop_app

[2026-05-10 03:23:51.239] [info]  Asset seeder disabled

[2026-05-10 03:23:51.240] [info]  [START] ComfyUI-Manager

[2026-05-10 03:23:51.386] [info]  [ComfyUI-Manager] Using GitPython backend

[2026-05-10 03:23:51.470] [info]  [ComfyUI-Manager] network_mode: public

[2026-05-10 03:23:51.477] [info]  [ComfyUI-Manager] The matrix sharing feature has been disabled because the `matrix-nio` dependency is not installed.
	To use this feature, please run the following command:
	C:\Users\runneradmin\Documents\ComfyUI\.venv\Scripts\python.exe -m pip install matrix-nio


[2026-05-10 03:23:53.364] [error] [comfy-env] Version: 0.3.78
[2026-05-10 03:23:53.366] [error] 

[2026-05-10 03:23:55.796] [info]  [comfy-env] Removed stale temp dir: C:\Users\RUNNER~1\AppData\Local\Temp\comfyui_pvenv_26534_eo

[2026-05-10 03:23:57.148] [error] [comfy-env] register_nodes: ComfyUI-DepthAnythingV3
[2026-05-10 03:23:57.150] [error] 

[2026-05-10 03:23:57.153] [error] [comfy-env] ComfyUI source dir: C:\Users\runneradmin\.comfy-test-cache\desktop\ComfyUI\resources\ComfyUI
[2026-05-10 03:23:57.154] [error] 

[2026-05-10 03:23:57.156] [error] [comfy-env] Scanning nodes metadata (isolation root)...
[2026-05-10 03:23:57.157] [error] 

[2026-05-10 03:23:57.161] [error] [comfy-env] Cache hit for nodes: 15 nodes
[2026-05-10 03:23:57.163] [error] 
[comfy-env] Scanned nodes root: 15 nodes (0.0s)
[2026-05-10 03:23:57.164] [error] 

[2026-05-10 03:23:57.165] [error] [comfy-env] Imported nodes root: 15 nodes (isolation)

[2026-05-10 03:23:57.166] [error] [comfy-env] Registered 15 total nodes
[2026-05-10 03:23:57.167] [error] 

[2026-05-10 03:23:57.171] [info]  loading...

[2026-05-10 03:23:57.172] [info]  calling register_nodes

[2026-05-10 03:23:57.174] [error] [comfy-env] Version: 0.3.78
[2026-05-10 03:23:57.175] [error] 

[2026-05-10 03:23:57.203] [error] [comfy-env] register_nodes: ComfyUI-GeometryPack
[2026-05-10 03:23:57.204] [error] 

[2026-05-10 03:23:57.221] [error] [comfy-env] ComfyUI source dir: C:\Users\runneradmin\.comfy-test-cache\desktop\ComfyUI\resources\ComfyUI
[2026-05-10 03:23:57.222] [error] 

[2026-05-10 03:23:57.225] [error] [comfy-env] Scanning nodes metadata (isolation root)...
[2026-05-10 03:23:57.226] [error] 

[2026-05-10 03:23:57.272] [error] [comfy-env] Cache hit for nodes: 125 nodes
[2026-05-10 03:23:57.275] [error] 
[comfy-env] Scanned nodes root: 125 nodes (0.0s)

[2026-05-10 03:23:57.277] [error] [comfy-env] Imported nodes root: 125 nodes (isolation)
[2026-05-10 03:23:57.278] [error] 
[comfy-env] Registered 125 total nodes
[2026-05-10 03:23:57.279] [error] 

[2026-05-10 03:23:57.673] [info]  
Import times for custom nodes:

[2026-05-10 03:23:57.675] [info]     0.0 seconds: C:\Users\runneradmin\.comfy-test-cache\desktop\ComfyUI\resources\ComfyUI\custom_nodes\websocket_image_save.py
   0.1 seconds: C:\Users\runneradmin\Documents\ComfyUI\custom_nodes\ComfyUI-VideoHelperSuite
   0.1 seconds: C:\Users\runneradmin\Documents\ComfyUI\custom_nodes\ComfyUI-GeometryPack
   0.3 seconds: C:\Users\runneradmin\Documents\ComfyUI\custom_nodes\ComfyUI-KJNodes
   3.8 seconds: C:\Users\runneradmin\Documents\ComfyUI\custom_nodes\ComfyUI-DepthAnythingV3


[2026-05-10 03:23:57.679] [info]  Context impl SQLiteImpl.

[2026-05-10 03:23:57.681] [info]  Will assume non-transactional DDL.

[2026-05-10 03:23:57.687] [error] Failed to initialize database. Please ensure you have installed the latest requirements. If the error persists, please report this as in future the database will be required: Could not acquire lock on database 'C:/Users/runneradmin/Documents/ComfyUI/user/comfyui.db'. Another ComfyUI process may already be using it. Use --database-url to specify a separate database file.

[2026-05-10 03:23:57.767] [info]  Starting server


[2026-05-10 03:23:57.769] [info]  To see the GUI go to: http://127.0.0.1:8001

[2026-05-10 03:24:02.486] [info]  [ComfyUI-Manager] The ComfyRegistry cache update is still in progress, so an outdated cache is being used.

[2026-05-10 03:24:02.609] [info]  FETCH DATA from: C:\Users\runneradmin\Documents\ComfyUI\.venv\Lib\site-packages\comfyui_manager\custom-node-list.json
[2026-05-10 03:24:02.634] [info]   [DONE]

[2026-05-10 03:24:03.156] [info]  [DEPRECATION WARNING] Detected import of deprecated legacy API: /extensions/core/widgetInputs.js. This is likely caused by a custom node extension using outdated APIs. Please update your extensions or contact the extension author for an updated version.

[2026-05-10 03:24:06.028] [info]  [ComfyUI-Manager] The ComfyRegistry cache update is still in progress, so an outdated cache is being used.

[2026-05-10 03:24:06.144] [info]  FETCH DATA from: C:\Users\runneradmin\Documents\ComfyUI\.venv\Lib\site-packages\comfyui_manager\custom-node-list.json
[2026-05-10 03:24:06.167] [info]   [DONE]

[2026-05-10 03:24:28.304] [info]  got prompt

[2026-05-10 03:24:28.409] [info]  [ComfyUI-DepthAnythingV3] python: C:\Users\runneradmin\Documents\ComfyUI\.ce\.pixi\envs\depthanythingv3-nodes\python.exe
[2026-05-10 03:24:28.411] [info]  

[2026-05-10 03:24:28.415] [info]  [ComfyUI-DepthAnythingV3] sys_path sent to worker: ['C:\\Users\\runneradmin\\.comfy-test-cache\\desktop\\ComfyUI\\resources\\ComfyUI', 'C:\\Users\\runneradmin\\Documents\\ComfyUI\\custom_nodes\\ComfyUI-DepthAnythingV3', 'C:\\Users\\runneradmin\\Documents\\ComfyUI\\.ce\\.pixi\\envs\\depthanythingv3-nodes\\Lib\\site-packages', 'C:\\Users\\runneradmin\\Documents\\ComfyUI\\custom_nodes\\ComfyUI-DepthAnythingV3']

[2026-05-10 03:24:34.399] [error] [ComfyUI-DepthAnythingV3] Health check: ping (timeout=5.0s)...

[2026-05-10 03:24:34.404] [error] [ComfyUI-DepthAnythingV3] Health check: ok

[2026-05-10 03:25:16.511] [error] [ComfyUI-DepthAnythingV3] Health check: ping (timeout=5.0s)...

[2026-05-10 03:25:16.515] [error] [ComfyUI-DepthAnythingV3] Health check: ok

[2026-05-10 03:25:16.706] [error] [ComfyUI-DepthAnythingV3] Health check: ping (timeout=5.0s)...
[2026-05-10 03:25:16.708] [error] 

[2026-05-10 03:25:16.712] [error] [ComfyUI-DepthAnythingV3] Health check: ok

[2026-05-10 03:25:20.325] [info]  FETCH ComfyRegistry Data [DONE]

[2026-05-10 03:25:20.638] [error] [ComfyUI-DepthAnythingV3] Health check: ping (timeout=5.0s)...
[2026-05-10 03:25:20.640] [error] 

[2026-05-10 03:25:20.642] [error] [ComfyUI-DepthAnythingV3] Health check: ok

[2026-05-10 03:25:20.656] [info]  [ComfyUI-Manager] default cache updated: https://api.comfy.org/nodes

[2026-05-10 03:25:20.718] [info]  FETCH DATA from: C:\Users\runneradmin\Documents\ComfyUI\user\__manager\cache\1514988643_custom-node-list.json
[2026-05-10 03:25:20.734] [info]   [DONE]

[2026-05-10 03:25:20.828] [info]  [ComfyUI-Manager] All startup tasks have been completed.
Prompt executed in 52.50 seconds

