[2026-05-10 22:37:12.524] [info]  setup plugin alembic.autogenerate.schemas
setup plugin alembic.autogenerate.tables

[2026-05-10 22:37:12.526] [info]  setup plugin alembic.autogenerate.types
setup plugin alembic.autogenerate.constraints
setup plugin alembic.autogenerate.defaults
setup plugin alembic.autogenerate.comments

[2026-05-10 22:37:12.851] [info]  Adding extra search path custom_nodes C:\Users\runneradmin\Documents\ComfyUI\custom_nodes
Adding extra search path download_model_base C:\Users\runneradmin\Documents\ComfyUI\models

[2026-05-10 22:37:12.852] [info]  Adding extra search path custom_nodes C:\Users\runneradmin\.comfy-test-cache\desktop\ComfyUI\resources\ComfyUI\custom_nodes
Setting output directory to: C:\Users\runneradmin\Documents\ComfyUI\output
Setting input directory to: C:\Users\runneradmin\Documents\ComfyUI\input
Setting user directory to: C:\Users\runneradmin\Documents\ComfyUI\user

[2026-05-10 22:37:14.024] [info]  [START] Security scan
[DONE] Security scan
** ComfyUI startup time: 2026-05-10 22:37:14.025
[2026-05-10 22:37:14.054] [info]  
** Platform: Windows
** Python version: 3.12.11 (main, Aug 18 2025, 19:17:54) [MSC v.1944 64 bit (AMD64)]
** Python executable: C:\Users\runneradmin\Documents\ComfyUI\.venv\Scripts\python.exe
** ComfyUI Path: C:\Users\runneradmin\.comfy-test-cache\desktop\ComfyUI\resources\ComfyUI
** ComfyUI Base Folder Path: C:\Users\runneradmin\.comfy-test-cache\desktop\ComfyUI\resources\ComfyUI
** User directory: C:\Users\runneradmin\Documents\ComfyUI\user
** ComfyUI-Manager config path: C:\Users\runneradmin\Documents\ComfyUI\user\__manager\config.ini
** Log path: C:\Users\runneradmin\Documents\ComfyUI\user\comfyui.log

[2026-05-10 22:37:14.915] [info]  [ComfyUI-Manager] Skipped fixing the 'comfyui-frontend-package' dependency because the ComfyUI is outdated.

[2026-05-10 22:37:14.916] [info]  [PRE] ComfyUI-Manager

[2026-05-10 22:37:15.175] [error] [comfy-env] ComfyUI-DepthAnythingV3: 1 isolation env(s):
[2026-05-10 22:37:15.177] [error] 
[comfy-env]   nodes -> C:\Users\runneradmin\Documents\ComfyUI\custom_nodes\ComfyUI-DepthAnythingV3\nodes
[comfy-env] prestartup complete

[2026-05-10 22:37:15.201] [error] [comfy-env] ComfyUI-GeometryPack: 1 isolation env(s):
[2026-05-10 22:37:15.202] [error] 
[comfy-env]   nodes -> C:\Users\runneradmin\Documents\ComfyUI\custom_nodes\ComfyUI-GeometryPack\nodes
[comfy-env] prestartup complete

[2026-05-10 22:37:17.403] [info]  Found comfy_kitchen backend eager: {'available': True, 'disabled': False, 'unavailable_reason': None, 'capabilities': ['apply_rope', 'apply_rope1', 'dequantize_mxfp8', 'dequantize_nvfp4', 'dequantize_per_tensor_fp8', 'quantize_mxfp8', 'quantize_nvfp4', 'quantize_per_tensor_fp8', 'scaled_mm_mxfp8', 'scaled_mm_nvfp4']}

[2026-05-10 22:37:17.404] [info]  Found comfy_kitchen backend triton: {'available': False, 'disabled': True, 'unavailable_reason': "ImportError: No module named 'triton'", 'capabilities': []}
Found comfy_kitchen backend cuda: {'available': False, 'disabled': True, 'unavailable_reason': 'CUDA not available on this system', 'capabilities': []}

[2026-05-10 22:37:17.408] [info]  Checkpoint files will always be loaded safely.

[2026-05-10 22:37:17.423] [info]  Total VRAM 16379 MB, total RAM 16379 MB
pytorch version: 2.10.0+cpu
Set vram state to: DISABLED
Device: cpu

[2026-05-10 22:37:17.636] [info]  Using sub quadratic optimization for attention, if you have memory or speed issues try using: --use-split-cross-attention

[2026-05-10 22:37:19.708] [info]  Python version: 3.12.11 (main, Aug 18 2025, 19:17:54) [MSC v.1944 64 bit (AMD64)]

[2026-05-10 22:37:19.709] [info]  ComfyUI version: 0.20.1
comfy-aimdo version: 0.2.14

[2026-05-10 22:37:19.710] [info]  comfy-kitchen version: 0.2.8

[2026-05-10 22:37:19.712] [info]  [Prompt Server] web root: C:\Users\runneradmin\.comfy-test-cache\desktop\ComfyUI\resources\ComfyUI\web_custom_versions\desktop_app

[2026-05-10 22:37:19.713] [info]  Asset seeder disabled

[2026-05-10 22:37:19.714] [info]  [START] ComfyUI-Manager

[2026-05-10 22:37:19.809] [info]  [ComfyUI-Manager] Using GitPython backend

[2026-05-10 22:37:19.857] [info]  [ComfyUI-Manager] network_mode: public

[2026-05-10 22:37:19.863] [info]  [ComfyUI-Manager] The matrix sharing feature has been disabled because the `matrix-nio` dependency is not installed.
	To use this feature, please run the following command:
	C:\Users\runneradmin\Documents\ComfyUI\.venv\Scripts\python.exe -m pip install matrix-nio


[2026-05-10 22:37:21.197] [error] [comfy-env] Version: 0.3.82
[2026-05-10 22:37:21.198] [error] 

[2026-05-10 22:37:23.513] [info]  [comfy-env] Removed stale temp dir: C:\Users\RUNNER~1\AppData\Local\Temp\comfyui_pvenv_15k8xtmu

[2026-05-10 22:37:24.802] [error] [comfy-env] register_nodes: ComfyUI-DepthAnythingV3
[2026-05-10 22:37:24.803] [error] 

[2026-05-10 22:37:24.806] [error] [comfy-env] ComfyUI source dir: C:\Users\runneradmin\.comfy-test-cache\desktop\ComfyUI\resources\ComfyUI
[2026-05-10 22:37:24.806] [error] 

[2026-05-10 22:37:24.808] [error] [comfy-env] Scanning nodes metadata (isolation root)...
[2026-05-10 22:37:24.809] [error] 

[2026-05-10 22:37:24.814] [error] [comfy-env] Cache hit for nodes: 15 nodes
[2026-05-10 22:37:24.815] [error] 
[comfy-env] Scanned nodes root: 15 nodes (0.0s)

[2026-05-10 22:37:24.816] [error] [comfy-env] Imported nodes root: 15 nodes (isolation)

[2026-05-10 22:37:24.817] [error] [comfy-env] Registered 15 total nodes

[2026-05-10 22:37:24.819] [info]  loading...

[2026-05-10 22:37:24.820] [info]  calling register_nodes

[2026-05-10 22:37:24.820] [error] [comfy-env] Version: 0.3.82

[2026-05-10 22:37:24.858] [error] [comfy-env] register_nodes: ComfyUI-GeometryPack
[2026-05-10 22:37:24.859] [error] 

[2026-05-10 22:37:24.869] [error] [comfy-env] ComfyUI source dir: C:\Users\runneradmin\.comfy-test-cache\desktop\ComfyUI\resources\ComfyUI
[2026-05-10 22:37:24.870] [error] 

[2026-05-10 22:37:24.873] [error] [comfy-env] Scanning nodes metadata (isolation root)...
[2026-05-10 22:37:24.874] [error] 

[2026-05-10 22:37:24.895] [error] [comfy-env] Cache hit for nodes: 125 nodes
[2026-05-10 22:37:24.897] [error] 
[comfy-env] Scanned nodes root: 125 nodes (0.0s)

[2026-05-10 22:37:24.900] [error] [comfy-env] Imported nodes root: 125 nodes (isolation)
[2026-05-10 22:37:24.901] [error] 

[2026-05-10 22:37:24.902] [error] [comfy-env] Registered 125 total nodes

[2026-05-10 22:37:24.999] [info]  
Import times for custom nodes:

[2026-05-10 22:37:25.001] [info]     0.0 seconds: C:\Users\runneradmin\.comfy-test-cache\desktop\ComfyUI\resources\ComfyUI\custom_nodes\websocket_image_save.py
   0.0 seconds: C:\Users\runneradmin\Documents\ComfyUI\custom_nodes\ComfyUI-KJNodes
   0.1 seconds: C:\Users\runneradmin\Documents\ComfyUI\custom_nodes\ComfyUI-VideoHelperSuite
   0.1 seconds: C:\Users\runneradmin\Documents\ComfyUI\custom_nodes\ComfyUI-GeometryPack
   3.6 seconds: C:\Users\runneradmin\Documents\ComfyUI\custom_nodes\ComfyUI-DepthAnythingV3


[2026-05-10 22:37:25.006] [info]  Context impl SQLiteImpl.

[2026-05-10 22:37:25.007] [info]  Will assume non-transactional DDL.

[2026-05-10 22:37:25.013] [error] Failed to initialize database. Please ensure you have installed the latest requirements. If the error persists, please report this as in future the database will be required: Could not acquire lock on database 'C:/Users/runneradmin/Documents/ComfyUI/user/comfyui.db'. Another ComfyUI process may already be using it. Use --database-url to specify a separate database file.

[2026-05-10 22:37:25.077] [info]  Starting server


[2026-05-10 22:37:25.078] [info]  To see the GUI go to: http://127.0.0.1:8001

[2026-05-10 22:37:27.978] [info]  [ComfyUI-Manager] The ComfyRegistry cache update is still in progress, so an outdated cache is being used.

[2026-05-10 22:37:28.059] [info]  FETCH DATA from: C:\Users\runneradmin\Documents\ComfyUI\.venv\Lib\site-packages\comfyui_manager\custom-node-list.json
[2026-05-10 22:37:28.078] [info]   [DONE]

[2026-05-10 22:37:28.399] [info]  [DEPRECATION WARNING] Detected import of deprecated legacy API: /extensions/core/widgetInputs.js. This is likely caused by a custom node extension using outdated APIs. Please update your extensions or contact the extension author for an updated version.

[2026-05-10 22:37:38.140] [error] Exception in callback _ProactorBasePipeTransport._call_connection_lost(None)
handle: <Handle _ProactorBasePipeTransport._call_connection_lost(None)>
Traceback (most recent call last):
  File "C:\Users\runneradmin\AppData\Roaming\uv\python\cpython-3.12.11-windows-x86_64-none\Lib\asyncio\events.py", line 88, in _run
    self._context.run(self._callback, *self._args)
  File "C:\Users\runneradmin\AppData\Roaming\uv\python\cpython-3.12.11-windows-x86_64-none\Lib\asyncio\proactor_events.py", line 165, in _call_connection_lost
    self._sock.shutdown(socket.SHUT_RDWR)
ConnectionResetError: [WinError 10054] An existing connection was forcibly closed by the remote host

[2026-05-10 22:37:39.518] [info]  [ComfyUI-Manager] The ComfyRegistry cache update is still in progress, so an outdated cache is being used.

[2026-05-10 22:37:39.636] [info]  FETCH DATA from: C:\Users\runneradmin\Documents\ComfyUI\.venv\Lib\site-packages\comfyui_manager\custom-node-list.json
[2026-05-10 22:37:39.654] [info]   [DONE]

[2026-05-10 22:38:00.842] [info]  got prompt

[2026-05-10 22:38:00.879] [info]  [ComfyUI-DepthAnythingV3] python: C:\ce\.pixi\envs\depthanythingv3-nodes\python.exe
[ComfyUI-DepthAnythingV3] sys_path sent to worker: ['C:\\Users\\runneradmin\\.comfy-test-cache\\desktop\\ComfyUI\\resources\\ComfyUI', 'C:\\Users\\runneradmin\\Documents\\ComfyUI\\custom_nodes\\ComfyUI-DepthAnythingV3', 'C:\\ce\\.pixi\\envs\\depthanythingv3-nodes\\Lib\\site-packages', 'C:\\Users\\runneradmin\\Documents\\ComfyUI\\custom_nodes\\ComfyUI-DepthAnythingV3']
[2026-05-10 22:38:00.880] [info]  

[2026-05-10 22:38:04.381] [error] [worker:ComfyUI-DepthAnythingV3] ERROR: Failed to import comfy_kitchen, Error: No module named 'comfy_kitchen', fp8 and fp4 support will not be available.

[2026-05-10 22:38:05.710] [error] [ComfyUI-DepthAnythingV3] Health check: ping (timeout=5.0s)...

[2026-05-10 22:38:05.877] [error] [ComfyUI-DepthAnythingV3] Health check: ok

[2026-05-10 22:38:06.976] [error] [worker:ComfyUI-DepthAnythingV3] WARNING: No comfy kitchen, using old apply_rope functions.

[2026-05-10 22:38:08.638] [error] [worker:ComfyUI-DepthAnythingV3] WARNING: WARNING: This model does not support sky segmentation. V2-Style normalization will work but without sky masking. Use Mono/Metric/Nested models for best V2-Style results.

[2026-05-10 22:38:52.248] [info]  FETCH ComfyRegistry Data [DONE]

[2026-05-10 22:38:52.593] [info]  [ComfyUI-Manager] default cache updated: https://api.comfy.org/nodes

[2026-05-10 22:38:52.653] [info]  FETCH DATA from: C:\Users\runneradmin\Documents\ComfyUI\user\__manager\cache\1514988643_custom-node-list.json
[2026-05-10 22:38:52.671] [info]   [DONE]

[2026-05-10 22:38:52.752] [info]  [ComfyUI-Manager] All startup tasks have been completed.

[2026-05-10 22:39:07.861] [info]  Prompt executed in 67.01 seconds

