[2026-05-11 09:35:01.357] [info]  setup plugin alembic.autogenerate.schemas

[2026-05-11 09:35:01.359] [info]  setup plugin alembic.autogenerate.tables
setup plugin alembic.autogenerate.types
setup plugin alembic.autogenerate.constraints
setup plugin alembic.autogenerate.defaults
setup plugin alembic.autogenerate.comments

[2026-05-11 09:35:01.882] [info]  Adding extra search path custom_nodes C:\Users\runneradmin\Documents\ComfyUI\custom_nodes

[2026-05-11 09:35:01.884] [info]  Adding extra search path download_model_base C:\Users\runneradmin\Documents\ComfyUI\models
Adding extra search path custom_nodes C:\Users\runneradmin\.comfy-test-cache\desktop\ComfyUI\resources\ComfyUI\custom_nodes
Setting output directory to: C:\Users\runneradmin\Documents\ComfyUI\output
Setting input directory to: C:\Users\runneradmin\Documents\ComfyUI\input
Setting user directory to: C:\Users\runneradmin\Documents\ComfyUI\user

[2026-05-11 09:35:03.693] [info]  [START] Security scan
[DONE] Security scan
** ComfyUI startup time: 
[2026-05-11 09:35:03.695] [info]  2026-05-11 09:35:03.692
** Platform: Windows
** Python version: 3.12.11 (main, Aug 18 2025, 19:17:54) [MSC v.1944 64 bit (AMD64)]
** Python executable: C:\Users\runneradmin\Documents\ComfyUI\.venv\Scripts\python.exe
** ComfyUI Path: C:\Users\runneradmin\.comfy-test-cache\desktop\ComfyUI\resources\ComfyUI
** ComfyUI Base Folder Path: C:\Users\runneradmin\.comfy-test-cache\desktop\ComfyUI\resources\ComfyUI

[2026-05-11 09:35:03.697] [info]  ** User directory: C:\Users\runneradmin\Documents\ComfyUI\user
** ComfyUI-Manager config path: C:\Users\runneradmin\Documents\ComfyUI\user\__manager\config.ini
** Log path: C:\Users\runneradmin\Documents\ComfyUI\user\comfyui.log

[2026-05-11 09:35:05.106] [info]  [ComfyUI-Manager] Skipped fixing the 'comfyui-frontend-package' dependency because the ComfyUI is outdated.

[2026-05-11 09:35:05.108] [info]  [PRE] ComfyUI-Manager

[2026-05-11 09:35:05.555] [error] [comfy-env] ComfyUI-DepthAnythingV3: 1 isolation env(s):
[2026-05-11 09:35:05.557] [error] 
[comfy-env]   nodes -> C:\Users\runneradmin\Documents\ComfyUI\custom_nodes\ComfyUI-DepthAnythingV3\nodes

[2026-05-11 09:35:05.559] [error] [comfy-env] prestartup complete

[2026-05-11 09:35:05.608] [error] [comfy-env] ComfyUI-GeometryPack: 1 isolation env(s):
[2026-05-11 09:35:05.610] [error] 
[comfy-env]   nodes -> C:\Users\runneradmin\Documents\ComfyUI\custom_nodes\ComfyUI-GeometryPack\nodes
[comfy-env] prestartup complete

[2026-05-11 09:35:08.965] [info]  Found comfy_kitchen backend cuda: {'available': False, 'disabled': True, 'unavailable_reason': 'CUDA not available on this system', 'capabilities': []}

[2026-05-11 09:35:08.966] [info]  Found comfy_kitchen backend triton: {'available': False, 'disabled': True, 'unavailable_reason': "ImportError: No module named 'triton'", 'capabilities': []}
Found comfy_kitchen backend eager: {'available': True, 'disabled': False, 'unavailable_reason': None, 'capabilities': ['apply_rope', 'apply_rope1', 'dequantize_mxfp8', 'dequantize_nvfp4', 'dequantize_per_tensor_fp8', 'quantize_mxfp8', 'quantize_nvfp4', 'quantize_per_tensor_fp8', 'scaled_mm_mxfp8', 'scaled_mm_nvfp4']}

[2026-05-11 09:35:08.974] [info]  Checkpoint files will always be loaded safely.

[2026-05-11 09:35:09.012] [info]  Total VRAM 16379 MB, total RAM 16379 MB

[2026-05-11 09:35:09.014] [info]  pytorch version: 2.10.0+cpu

[2026-05-11 09:35:09.016] [info]  Set vram state to: DISABLED
Device: cpu

[2026-05-11 09:35:09.350] [info]  Using sub quadratic optimization for attention, if you have memory or speed issues try using: --use-split-cross-attention

[2026-05-11 09:35:12.596] [info]  Python version: 3.12.11 (main, Aug 18 2025, 19:17:54) [MSC v.1944 64 bit (AMD64)]

[2026-05-11 09:35:12.598] [info]  ComfyUI version: 0.20.1
comfy-aimdo version: 0.2.14

[2026-05-11 09:35:12.602] [info]  comfy-kitchen version: 0.2.8

[2026-05-11 09:35:12.658] [info]  [Prompt Server] web root: C:\Users\runneradmin\.comfy-test-cache\desktop\ComfyUI\resources\ComfyUI\web_custom_versions\desktop_app
Asset seeder disabled
[START] ComfyUI-Manager

[2026-05-11 09:35:12.806] [info]  [ComfyUI-Manager] Using GitPython backend

[2026-05-11 09:35:12.891] [info]  [ComfyUI-Manager] network_mode: public

[2026-05-11 09:35:12.898] [info]  [ComfyUI-Manager] The matrix sharing feature has been disabled because the `matrix-nio` dependency is not installed.
	To use this feature, please run the following command:
	C:\Users\runneradmin\Documents\ComfyUI\.venv\Scripts\python.exe -m pip install matrix-nio


[2026-05-11 09:35:15.596] [error] [comfy-env] Version: 0.3.83
[2026-05-11 09:35:15.598] [error] 

[2026-05-11 09:35:18.674] [error] [comfy-env] register_nodes: ComfyUI-DepthAnythingV3
[2026-05-11 09:35:18.676] [error] 

[2026-05-11 09:35:18.683] [error] [comfy-env] ComfyUI source dir: C:\Users\runneradmin\.comfy-test-cache\desktop\ComfyUI\resources\ComfyUI
[2026-05-11 09:35:18.685] [error] 

[2026-05-11 09:35:18.692] [error] [comfy-env] Scanning nodes metadata (isolation root)...
[2026-05-11 09:35:18.694] [error] 

[2026-05-11 09:35:18.707] [error] [comfy-env] Cache hit for nodes: 15 nodes
[2026-05-11 09:35:18.710] [error] 

[2026-05-11 09:35:18.716] [error] [comfy-env] Scanned nodes root: 15 nodes (0.0s)
[2026-05-11 09:35:18.733] [error] 

[2026-05-11 09:35:18.740] [error] [comfy-env] Imported nodes root: 15 nodes (isolation)
[2026-05-11 09:35:18.742] [error] 

[2026-05-11 09:35:18.744] [error] [comfy-env] Registered 15 total nodes
[2026-05-11 09:35:18.745] [error] 

[2026-05-11 09:35:18.756] [info]  loading...
calling register_nodes

[2026-05-11 09:35:18.761] [error] [comfy-env] Version: 0.3.83
[2026-05-11 09:35:18.763] [error] 

[2026-05-11 09:35:18.830] [error] [comfy-env] register_nodes: ComfyUI-GeometryPack
[2026-05-11 09:35:18.832] [error] 

[2026-05-11 09:35:18.860] [error] [comfy-env] ComfyUI source dir: C:\Users\runneradmin\.comfy-test-cache\desktop\ComfyUI\resources\ComfyUI
[2026-05-11 09:35:18.862] [error] 

[2026-05-11 09:35:18.866] [error] [comfy-env] Scanning nodes metadata (isolation root)...
[2026-05-11 09:35:18.868] [error] 

[2026-05-11 09:35:18.924] [error] [comfy-env] Cache hit for nodes: 125 nodes
[2026-05-11 09:35:18.925] [error] 
[comfy-env] Scanned nodes root: 125 nodes (0.1s)

[2026-05-11 09:35:18.932] [error] [comfy-env] Imported nodes root: 125 nodes (isolation)
[2026-05-11 09:35:18.937] [error] 

[2026-05-11 09:35:18.943] [error] [comfy-env] Registered 125 total nodes
[2026-05-11 09:35:18.946] [error] 

[2026-05-11 09:35:19.071] [info]  
Import times for custom nodes:

[2026-05-11 09:35:19.073] [info]     0.0 seconds: C:\Users\runneradmin\.comfy-test-cache\desktop\ComfyUI\resources\ComfyUI\custom_nodes\websocket_image_save.py
   0.0 seconds: C:\Users\runneradmin\Documents\ComfyUI\custom_nodes\ComfyUI-KJNodes
   0.1 seconds: C:\Users\runneradmin\Documents\ComfyUI\custom_nodes\ComfyUI-VideoHelperSuite
   0.2 seconds: C:\Users\runneradmin\Documents\ComfyUI\custom_nodes\ComfyUI-GeometryPack
   3.2 seconds: C:\Users\runneradmin\Documents\ComfyUI\custom_nodes\ComfyUI-DepthAnythingV3


[2026-05-11 09:35:19.077] [info]  Context impl SQLiteImpl.

[2026-05-11 09:35:19.079] [info]  Will assume non-transactional DDL.

[2026-05-11 09:35:19.087] [error] Failed to initialize database. Please ensure you have installed the latest requirements. If the error persists, please report this as in future the database will be required: Could not acquire lock on database 'C:/Users/runneradmin/Documents/ComfyUI/user/comfyui.db'. Another ComfyUI process may already be using it. Use --database-url to specify a separate database file.

[2026-05-11 09:35:19.214] [info]  Starting server


[2026-05-11 09:35:19.216] [info]  To see the GUI go to: http://127.0.0.1:8001

[2026-05-11 09:35:22.160] [info]  [DEPRECATION WARNING] Detected import of deprecated legacy API: /extensions/core/widgetInputs.js. This is likely caused by a custom node extension using outdated APIs. Please update your extensions or contact the extension author for an updated version.

[2026-05-11 09:35:22.878] [info]  [ComfyUI-Manager] The ComfyRegistry cache update is still in progress, so an outdated cache is being used.

[2026-05-11 09:35:23.114] [info]  FETCH DATA from: C:\Users\runneradmin\Documents\ComfyUI\.venv\Lib\site-packages\comfyui_manager\custom-node-list.json
[2026-05-11 09:35:23.173] [info]   [DONE]

[2026-05-11 09:35:25.953] [info]  [ComfyUI-Manager] The ComfyRegistry cache update is still in progress, so an outdated cache is being used.

[2026-05-11 09:35:26.077] [info]  FETCH DATA from: C:\Users\runneradmin\Documents\ComfyUI\.venv\Lib\site-packages\comfyui_manager\custom-node-list.json
[2026-05-11 09:35:26.118] [info]   [DONE]

[2026-05-11 09:35:47.411] [info]  got prompt

[2026-05-11 09:35:47.543] [info]  [ComfyUI-DepthAnythingV3] python: C:\ce\.pixi\envs\depthanythingv3-nodes\python.exe

[2026-05-11 09:35:47.545] [info]  [ComfyUI-DepthAnythingV3] sys_path sent to worker: ['C:\\Users\\runneradmin\\.comfy-test-cache\\desktop\\ComfyUI\\resources\\ComfyUI', 'C:\\Users\\runneradmin\\Documents\\ComfyUI\\custom_nodes\\ComfyUI-DepthAnythingV3', 'C:\\ce\\.pixi\\envs\\depthanythingv3-nodes\\Lib\\site-packages', 'C:\\Users\\runneradmin\\Documents\\ComfyUI\\custom_nodes\\ComfyUI-DepthAnythingV3']

[2026-05-11 09:35:52.315] [error] [worker:ComfyUI-DepthAnythingV3] ERROR: Failed to import comfy_kitchen, Error: No module named 'comfy_kitchen', fp8 and fp4 support will not be available.

[2026-05-11 09:35:52.831] [error] [ComfyUI-DepthAnythingV3] Health check: ping (timeout=5.0s)...
[2026-05-11 09:35:52.833] [error] 

[2026-05-11 09:35:52.840] [error] [ComfyUI-DepthAnythingV3] Health check: ok
[2026-05-11 09:35:52.842] [error] 

[2026-05-11 09:35:53.516] [error] [worker:ComfyUI-DepthAnythingV3] WARNING: No comfy kitchen, using old apply_rope functions.

[2026-05-11 09:36:38.283] [error] [ComfyUI-DepthAnythingV3] Health check: ping (timeout=5.0s)...
[2026-05-11 09:36:38.286] [error] 

[2026-05-11 09:36:38.318] [error] [ComfyUI-DepthAnythingV3] Health check: ok

[2026-05-11 09:36:40.200] [error] [ComfyUI-DepthAnythingV3] Health check: ping (timeout=5.0s)...
[2026-05-11 09:36:40.202] [error] 

[2026-05-11 09:36:40.254] [error] [ComfyUI-DepthAnythingV3] Health check: ok

[2026-05-11 09:36:41.196] [info]  FETCH ComfyRegistry Data [DONE]

[2026-05-11 09:36:41.732] [info]  [ComfyUI-Manager] default cache updated: https://api.comfy.org/nodes

[2026-05-11 09:36:41.801] [info]  FETCH DATA from: C:\Users\runneradmin\Documents\ComfyUI\user\__manager\cache\1514988643_custom-node-list.json
[2026-05-11 09:36:41.817] [info]   [DONE]

[2026-05-11 09:36:42.340] [info]  [ComfyUI-Manager] All startup tasks have been completed.

[2026-05-11 09:36:46.378] [error] [ComfyUI-DepthAnythingV3] Health check: ping (timeout=5.0s)...
[2026-05-11 09:36:46.380] [error] 

[2026-05-11 09:36:46.384] [error] [ComfyUI-DepthAnythingV3] Health check: ok
[2026-05-11 09:36:46.386] [error] 

[2026-05-11 09:36:46.497] [info]  Prompt executed in 59.07 seconds

