[2026-05-08 04:26:10.923] [info]  
[2026-05-08 04:26:10.965] [info]  ⠙ Preparing packages... (37/39)
transformers                           ------------------------------ 3.81 MiB/10.14 MiB
comfyui-embedded-docs                  ------------------------------ 3.86 MiB/10.77 MiB                                                                        
[2026-05-08 04:26:10.974] [info]  
[2026-05-08 04:26:11.054] [info]  ⠙ Preparing packages... (37/39)
transformers                           ------------------------------ 3.98 MiB/10.14 MiB
comfyui-embedded-docs                  ------------------------------ 3.91 MiB/10.77 MiB                                                                        
[2026-05-08 04:26:11.065] [info]  ⠙ Preparing packages... (37/39)
transformers                           ------------------------------ 4.11 MiB/10.14 MiB
comfyui-embedded-docs                  ------------------------------ 3.97 MiB/10.77 MiB                                                                        
[2026-05-08 04:26:11.074] [info]  
[2026-05-08 04:26:11.115] [info]  ⠙ Preparing packages... (37/39)
transformers                           ------------------------------ 4.29 MiB/10.14 MiB
comfyui-embedded-docs                  ------------------------------ 4.02 MiB/10.77 MiB                                                                        
[2026-05-08 04:26:11.124] [info]  
[2026-05-08 04:26:11.337] [info]  ⠸ Preparing packages... (37/39)
transformers                           ------------------------------ 4.37 MiB/10.14 MiB
comfyui-embedded-docs                  ------------------------------ 4.03 MiB/10.77 MiB                                                                        
[2026-05-08 04:26:11.345] [info]  
[2026-05-08 04:26:11.540] [info]  ⠼ Preparing packages... (37/39)
transformers                           ------------------------------ 4.37 MiB/10.14 MiB
comfyui-embedded-docs                  ------------------------------ 4.03 MiB/10.77 MiB                                                                        
[2026-05-08 04:26:11.548] [info]  
[2026-05-08 04:26:11.562] [info]  ⠼ Preparing packages... (37/39)
transformers                           ------------------------------ 4.37 MiB/10.14 MiB
comfyui-embedded-docs                  ------------------------------ 4.04 MiB/10.77 MiB                                                                        
[2026-05-08 04:26:11.570] [info]  ⠼ Preparing packages... (37/39)
transformers                           ------------------------------ 4.40 MiB/10.14 MiB
comfyui-embedded-docs                  ------------------------------ 4.04 MiB/10.77 MiB                                                                        
[2026-05-08 04:26:11.579] [info]  ⠼ Preparing packages... (37/39)
transformers                           ------------------------------ 4.41 MiB/10.14 MiB
comfyui-embedded-docs                  ------------------------------ 4.05 MiB/10.77 MiB                                                                        
[2026-05-08 04:26:11.617] [info]  ⠼ Preparing packages... (37/39)
transformers                           ------------------------------ 4.53 MiB/10.14 MiB
comfyui-embedded-docs                  ------------------------------ 4.09 MiB/10.77 MiB                                                                        
[2026-05-08 04:26:11.625] [info]  
[2026-05-08 04:26:11.665] [info]  ⠼ Preparing packages... (37/39)
transformers                           ------------------------------ 4.69 MiB/10.14 MiB
comfyui-embedded-docs                  ------------------------------ 4.12 MiB/10.77 MiB                                                                        
[2026-05-08 04:26:11.674] [info]  
[2026-05-08 04:26:11.717] [info]  ⠼ Preparing packages... (37/39)
transformers                           ------------------------------ 4.84 MiB/10.14 MiB
comfyui-embedded-docs                  ------------------------------ 4.16 MiB/10.77 MiB                                                                        
[2026-05-08 04:26:11.726] [info]  
[2026-05-08 04:26:11.765] [info]  ⠴ Preparing packages... (37/39)
transformers                           ------------------------------ 4.97 MiB/10.14 MiB
comfyui-embedded-docs                  ------------------------------ 4.19 MiB/10.77 MiB                                                                        
[2026-05-08 04:26:11.774] [info]  
[2026-05-08 04:26:11.815] [info]  ⠴ Preparing packages... (37/39)
transformers                           ------------------------------ 5.13 MiB/10.14 MiB
comfyui-embedded-docs                  ------------------------------ 4.23 MiB/10.77 MiB                                                                        
[2026-05-08 04:26:11.823] [info]  
[2026-05-08 04:26:11.867] [info]  ⠴ Preparing packages... (37/39)
transformers                           ------------------------------ 5.22 MiB/10.14 MiB
comfyui-embedded-docs                  ------------------------------ 4.26 MiB/10.77 MiB                                                                        
[2026-05-08 04:26:11.875] [info]  
[2026-05-08 04:26:11.915] [info]  ⠴ Preparing packages... (37/39)
transformers                           ------------------------------ 5.37 MiB/10.14 MiB
comfyui-embedded-docs                  ------------------------------ 4.28 MiB/10.77 MiB                                                                        
[2026-05-08 04:26:11.923] [info]  
[2026-05-08 04:26:11.965] [info]  ⠦ Preparing packages... (37/39)
transformers                           ------------------------------ 5.49 MiB/10.14 MiB
comfyui-embedded-docs                  ------------------------------ 4.32 MiB/10.77 MiB                                                                        
[2026-05-08 04:26:11.974] [info]  
[2026-05-08 04:26:12.016] [info]  ⠦ Preparing packages... (37/39)
transformers                           ------------------------------ 5.63 MiB/10.14 MiB
comfyui-embedded-docs                  ------------------------------ 5.61 MiB/10.77 MiB                                                                        
[2026-05-08 04:26:12.025] [info]  
[2026-05-08 04:26:12.065] [info]  ⠦ Preparing packages... (37/39)
transformers                           ------------------------------ 5.75 MiB/10.14 MiB
comfyui-embedded-docs                  ------------------------------ 5.65 MiB/10.77 MiB                                                                        
[2026-05-08 04:26:12.074] [info]  
[2026-05-08 04:26:12.118] [info]  ⠦ Preparing packages... (37/39)
transformers                           ------------------------------ 5.94 MiB/10.14 MiB
comfyui-embedded-docs                  ------------------------------ 5.69 MiB/10.77 MiB                                                                        
[2026-05-08 04:26:12.126] [info]  
[2026-05-08 04:26:12.165] [info]  ⠧ Preparing packages... (37/39)
transformers                           ------------------------------ 6.07 MiB/10.14 MiB
comfyui-embedded-docs                  ------------------------------ 5.74 MiB/10.77 MiB                                                                        
[2026-05-08 04:26:12.173] [info]  
[2026-05-08 04:26:12.215] [info]  ⠧ Preparing packages... (37/39)
transformers                           ------------------------------ 6.23 MiB/10.14 MiB
comfyui-embedded-docs                  ------------------------------ 5.79 MiB/10.77 MiB                                                                        
[2026-05-08 04:26:12.224] [info]  
[2026-05-08 04:26:12.265] [info]  ⠧ Preparing packages... (37/39)
transformers                           ------------------------------ 6.41 MiB/10.14 MiB
comfyui-embedded-docs                  ------------------------------ 5.84 MiB/10.77 MiB                                                                        
[2026-05-08 04:26:12.273] [info]  
[2026-05-08 04:26:12.317] [info]  ⠧ Preparing packages... (37/39)
transformers                           ------------------------------ 6.55 MiB/10.14 MiB
comfyui-embedded-docs                  ------------------------------ 5.91 MiB/10.77 MiB                                                                        
[2026-05-08 04:26:12.326] [info]  
[2026-05-08 04:26:12.366] [info]  ⠇ Preparing packages... (37/39)
transformers                           ------------------------------ 6.69 MiB/10.14 MiB
comfyui-embedded-docs                  ------------------------------ 5.97 MiB/10.77 MiB                                                                        
[2026-05-08 04:26:12.375] [info]  
[2026-05-08 04:26:12.415] [info]  ⠇ Preparing packages... (37/39)
transformers                           ------------------------------ 6.86 MiB/10.14 MiB
comfyui-embedded-docs                  ------------------------------ 6.00 MiB/10.77 MiB                                                                        
[2026-05-08 04:26:12.423] [info]  
[2026-05-08 04:26:12.467] [info]  ⠇ Preparing packages... (37/39)
transformers                           ------------------------------ 7.06 MiB/10.14 MiB
comfyui-embedded-docs                  ------------------------------ 6.07 MiB/10.77 MiB                                                                        
[2026-05-08 04:26:12.476] [info]  
[2026-05-08 04:26:12.553] [info]  ⠋ Preparing packages... (37/39)
transformers                           ------------------------------ 7.25 MiB/10.14 MiB
comfyui-embedded-docs                  ------------------------------ 6.12 MiB/10.77 MiB                                                                        
[2026-05-08 04:26:12.564] [info]  
[2026-05-08 04:26:12.635] [info]  ⠋ Preparing packages... (37/39)
transformers                           ------------------------------ 7.26 MiB/10.14 MiB
comfyui-embedded-docs                  ------------------------------ 6.12 MiB/10.77 MiB                                                                        
[2026-05-08 04:26:12.643] [info]  ⠋ Preparing packages... (37/39)
transformers                           ------------------------------ 7.26 MiB/10.14 MiB
comfyui-embedded-docs                  ------------------------------ 6.12 MiB/10.77 MiB                                                                        
[2026-05-08 04:26:12.756] [info]  ⠙ Preparing packages... (37/39)
transformers                           ------------------------------ 7.29 MiB/10.14 MiB
comfyui-embedded-docs                  ------------------------------ 6.13 MiB/10.77 MiB                                                                        
[2026-05-08 04:26:12.765] [info]  
[2026-05-08 04:26:12.962] [info]  ⠹ Preparing packages... (37/39)
transformers                           ------------------------------ 7.29 MiB/10.14 MiB
comfyui-embedded-docs                  ------------------------------ 6.13 MiB/10.77 MiB                                                                        
[2026-05-08 04:26:12.970] [info]  
[2026-05-08 04:26:13.123] [info]  ⠹ Preparing packages... (37/39)
transformers                           ------------------------------ 7.30 MiB/10.14 MiB
comfyui-embedded-docs                  ------------------------------ 6.13 MiB/10.77 MiB                                                                        
[2026-05-08 04:26:13.132] [info]  ⠹ Preparing packages... (37/39)
transformers                           ------------------------------ 7.31 MiB/10.14 MiB
comfyui-embedded-docs                  ------------------------------ 6.14 MiB/10.77 MiB                                                                        
[2026-05-08 04:26:13.142] [info]  ⠹ Preparing packages... (37/39)
transformers                           ------------------------------ 7.34 MiB/10.14 MiB
comfyui-embedded-docs                  ------------------------------ 6.14 MiB/10.77 MiB                                                                        
[2026-05-08 04:26:13.169] [info]  ⠸ Preparing packages... (37/39)
transformers                           ------------------------------ 7.42 MiB/10.14 MiB
comfyui-embedded-docs                  ------------------------------ 6.16 MiB/10.77 MiB                                                                        
[2026-05-08 04:26:13.177] [info]  
[2026-05-08 04:26:13.215] [info]  ⠸ Preparing packages... (37/39)
transformers                           ------------------------------ 7.61 MiB/10.14 MiB
comfyui-embedded-docs                  ------------------------------ 6.21 MiB/10.77 MiB                                                                        
[2026-05-08 04:26:13.223] [info]  
[2026-05-08 04:26:13.265] [info]  ⠸ Preparing packages... (37/39)
transformers                           ------------------------------ 7.86 MiB/10.14 MiB
comfyui-embedded-docs                  ------------------------------ 6.26 MiB/10.77 MiB                                                                        
[2026-05-08 04:26:13.274] [info]  
[2026-05-08 04:26:13.319] [info]  ⠸ Preparing packages... (37/39)
transformers                           ------------------------------ 8.07 MiB/10.14 MiB
comfyui-embedded-docs                  ------------------------------ 6.32 MiB/10.77 MiB                                                                        
[2026-05-08 04:26:13.328] [info]  
[2026-05-08 04:26:13.365] [info]  ⠼ Preparing packages... (37/39)
transformers                           ------------------------------ 8.19 MiB/10.14 MiB
comfyui-embedded-docs                  ------------------------------ 6.37 MiB/10.77 MiB                                                                        
[2026-05-08 04:26:13.373] [info]  
[2026-05-08 04:26:13.416] [info]  ⠼ Preparing packages... (37/39)
transformers                           ------------------------------ 8.34 MiB/10.14 MiB
comfyui-embedded-docs                  ------------------------------ 6.41 MiB/10.77 MiB                                                                        
[2026-05-08 04:26:13.424] [info]  
[2026-05-08 04:26:13.466] [info]  ⠼ Preparing packages... (37/39)
transformers                           ------------------------------ 8.53 MiB/10.14 MiB
comfyui-embedded-docs                  ------------------------------ 6.46 MiB/10.77 MiB                                                                        
[2026-05-08 04:26:13.474] [info]  
[2026-05-08 04:26:13.516] [info]  ⠼ Preparing packages... (37/39)
transformers                           ------------------------------ 8.67 MiB/10.14 MiB
comfyui-embedded-docs                  ------------------------------ 6.50 MiB/10.77 MiB                                                                        
[2026-05-08 04:26:13.525] [info]  
[2026-05-08 04:26:13.565] [info]  ⠴ Preparing packages... (37/39)
transformers                           ------------------------------ 8.80 MiB/10.14 MiB
comfyui-embedded-docs                  ------------------------------ 6.55 MiB/10.77 MiB                                                                        
[2026-05-08 04:26:13.579] [info]  
[2026-05-08 04:26:13.616] [info]  ⠴ Preparing packages... (37/39)
transformers                           ------------------------------ 8.89 MiB/10.14 MiB
comfyui-embedded-docs                  ------------------------------ 6.60 MiB/10.77 MiB                                                                        
[2026-05-08 04:26:13.625] [info]  
[2026-05-08 04:26:13.665] [info]  ⠴ Preparing packages... (37/39)
transformers                           ------------------------------ 9.02 MiB/10.14 MiB
comfyui-embedded-docs                  ------------------------------ 6.65 MiB/10.77 MiB                                                                        
[2026-05-08 04:26:13.673] [info]  
[2026-05-08 04:26:13.715] [info]  ⠴ Preparing packages... (37/39)
transformers                           ------------------------------ 9.25 MiB/10.14 MiB
comfyui-embedded-docs                  ------------------------------ 6.69 MiB/10.77 MiB                                                                        
[2026-05-08 04:26:13.723] [info]  
[2026-05-08 04:26:13.766] [info]  ⠴ Preparing packages... (37/39)
transformers                           ------------------------------ 9.44 MiB/10.14 MiB
comfyui-embedded-docs                  ------------------------------ 6.73 MiB/10.77 MiB                                                                        
[2026-05-08 04:26:13.775] [info]  
[2026-05-08 04:26:13.816] [info]  ⠦ Preparing packages... (37/39)
transformers                           ------------------------------ 9.63 MiB/10.14 MiB
comfyui-embedded-docs                  ------------------------------ 6.79 MiB/10.77 MiB                                                                        
[2026-05-08 04:26:13.825] [info]  
[2026-05-08 04:26:13.903] [info]  ⠦ Preparing packages... (37/39)
transformers                           ------------------------------ 9.81 MiB/10.14 MiB
comfyui-embedded-docs                  ------------------------------ 6.91 MiB/10.77 MiB                                                                        
[2026-05-08 04:26:13.912] [info]  
[2026-05-08 04:26:13.969] [info]  ⠧ Preparing packages... (37/39)
transformers                           ------------------------------ 9.83 MiB/10.14 MiB
comfyui-embedded-docs                  ------------------------------ 6.92 MiB/10.77 MiB                                                                        
[2026-05-08 04:26:13.977] [info]  
[2026-05-08 04:26:14.180] [info]  ⠇ Preparing packages... (37/39)
transformers                           ------------------------------ 9.83 MiB/10.14 MiB
comfyui-embedded-docs                  ------------------------------ 6.92 MiB/10.77 MiB                                                                        
[2026-05-08 04:26:14.189] [info]  
[2026-05-08 04:26:14.259] [info]  ⠇ Preparing packages... (37/39)
transformers                           ------------------------------ 9.84 MiB/10.14 MiB
comfyui-embedded-docs                  ------------------------------ 6.92 MiB/10.77 MiB                                                                        
[2026-05-08 04:26:14.267] [info]  ⠇ Preparing packages... (37/39)
transformers                           ------------------------------ 10.07 MiB/10.14 MiB
comfyui-embedded-docs                  ------------------------------ 6.92 MiB/10.77 MiB                                                                        
[2026-05-08 04:26:14.277] [info]  ⠇ Preparing packages... (37/39)
comfyui-embedded-docs                  ------------------------------ 6.92 MiB/10.77 MiB                                                                                                                                                                                                                                        
[2026-05-08 04:26:14.316] [info]  ⠇ Preparing packages... (37/39)
comfyui-embedded-docs                  ------------------------------ 6.97 MiB/10.77 MiB                                                                        
[2026-05-08 04:26:14.325] [info]  
[2026-05-08 04:26:14.371] [info]  ⠇ Preparing packages... (37/39)
comfyui-embedded-docs                  ------------------------------ 7.02 MiB/10.77 MiB                                                                        
[2026-05-08 04:26:14.380] [info]  
[2026-05-08 04:26:14.418] [info]  ⠋ Preparing packages... (38/39)
comfyui-embedded-docs                  ------------------------------ 7.08 MiB/10.77 MiB                                                                        
[2026-05-08 04:26:14.427] [info]  
[2026-05-08 04:26:14.469] [info]  ⠋ Preparing packages... (38/39)
comfyui-embedded-docs                  ------------------------------ 7.12 MiB/10.77 MiB                                                                        
[2026-05-08 04:26:14.477] [info]  
[2026-05-08 04:26:14.516] [info]  ⠋ Preparing packages... (38/39)
comfyui-embedded-docs                  ------------------------------ 7.18 MiB/10.77 MiB                                                                        
[2026-05-08 04:26:14.524] [info]  
[2026-05-08 04:26:14.568] [info]  ⠋ Preparing packages... (38/39)
comfyui-embedded-docs                  ------------------------------ 7.25 MiB/10.77 MiB                                                                        
[2026-05-08 04:26:14.576] [info]  
[2026-05-08 04:26:14.621] [info]  ⠙ Preparing packages... (38/39)
comfyui-embedded-docs                  ------------------------------ 7.31 MiB/10.77 MiB                                                                        
[2026-05-08 04:26:14.630] [info]  
[2026-05-08 04:26:14.667] [info]  ⠙ Preparing packages... (38/39)
comfyui-embedded-docs                  ------------------------------ 7.36 MiB/10.77 MiB                                                                        
[2026-05-08 04:26:14.675] [info]  
[2026-05-08 04:26:14.716] [info]  ⠙ Preparing packages... (38/39)
comfyui-embedded-docs                  ------------------------------ 7.42 MiB/10.77 MiB                                                                        
[2026-05-08 04:26:14.724] [info]  
[2026-05-08 04:26:14.772] [info]  ⠙ Preparing packages... (38/39)
comfyui-embedded-docs                  ------------------------------ 7.49 MiB/10.77 MiB                                                                        
[2026-05-08 04:26:14.781] [info]  
[2026-05-08 04:26:14.816] [info]  ⠹ Preparing packages... (38/39)
comfyui-embedded-docs                  ------------------------------ 7.55 MiB/10.77 MiB                                                                        
[2026-05-08 04:26:14.824] [info]  
[2026-05-08 04:26:14.868] [info]  ⠹ Preparing packages... (38/39)
comfyui-embedded-docs                  ------------------------------ 7.63 MiB/10.77 MiB                                                                        
[2026-05-08 04:26:14.876] [info]  
[2026-05-08 04:26:14.918] [info]  ⠹ Preparing packages... (38/39)
comfyui-embedded-docs                  ------------------------------ 7.70 MiB/10.77 MiB                                                                        
[2026-05-08 04:26:14.927] [info]  
[2026-05-08 04:26:14.967] [info]  ⠹ Preparing packages... (38/39)
comfyui-embedded-docs                  ------------------------------ 7.76 MiB/10.77 MiB                                                                        
[2026-05-08 04:26:14.976] [info]  
[2026-05-08 04:26:15.019] [info]  ⠸ Preparing packages... (38/39)
comfyui-embedded-docs                  ------------------------------ 7.81 MiB/10.77 MiB                                                                        
[2026-05-08 04:26:15.027] [info]  
[2026-05-08 04:26:15.067] [info]  ⠸ Preparing packages... (38/39)
comfyui-embedded-docs                  ------------------------------ 7.87 MiB/10.77 MiB                                                                        
[2026-05-08 04:26:15.076] [info]  
[2026-05-08 04:26:15.115] [info]  ⠸ Preparing packages... (38/39)
comfyui-embedded-docs                  ------------------------------ 7.92 MiB/10.77 MiB                                                                        
[2026-05-08 04:26:15.123] [info]  
[2026-05-08 04:26:15.166] [info]  ⠸ Preparing packages... (38/39)
comfyui-embedded-docs                  ------------------------------ 7.98 MiB/10.77 MiB                                                                        
[2026-05-08 04:26:15.174] [info]  
[2026-05-08 04:26:15.236] [info]  ⠼ Preparing packages... (38/39)
comfyui-embedded-docs                  ------------------------------ 8.04 MiB/10.77 MiB                                                                        
[2026-05-08 04:26:15.397] [info]  ⠴ Preparing packages... (38/39)
comfyui-embedded-docs                  ------------------------------ 8.04 MiB/10.77 MiB                                                                        
[2026-05-08 04:26:15.406] [info]  
[2026-05-08 04:26:15.601] [info]  ⠦ Preparing packages... (38/39)
comfyui-embedded-docs                  ------------------------------ 8.04 MiB/10.77 MiB                                                                        
[2026-05-08 04:26:15.610] [info]  ⠦ Preparing packages... (38/39)
comfyui-embedded-docs                  ------------------------------ 8.05 MiB/10.77 MiB                                                                        
[2026-05-08 04:26:15.618] [info]  ⠦ Preparing packages... (38/39)
comfyui-embedded-docs                  ------------------------------ 8.05 MiB/10.77 MiB                                                                        
[2026-05-08 04:26:15.627] [info]  ⠦ Preparing packages... (38/39)
comfyui-embedded-docs                  ------------------------------ 8.06 MiB/10.77 MiB                                                                        
[2026-05-08 04:26:15.636] [info]  ⠦ Preparing packages... (38/39)
comfyui-embedded-docs                  ------------------------------ 8.07 MiB/10.77 MiB                                                                        
[2026-05-08 04:26:15.645] [info]  ⠦ Preparing packages... (38/39)
comfyui-embedded-docs                  ------------------------------ 8.09 MiB/10.77 MiB                                                                        
[2026-05-08 04:26:15.671] [info]  ⠦ Preparing packages... (38/39)
comfyui-embedded-docs                  ------------------------------ 8.11 MiB/10.77 MiB                                                                        
[2026-05-08 04:26:15.680] [info]  
[2026-05-08 04:26:15.716] [info]  ⠦ Preparing packages... (38/39)
comfyui-embedded-docs                  ------------------------------ 8.16 MiB/10.77 MiB                                                                        
[2026-05-08 04:26:15.724] [info]  
[2026-05-08 04:26:15.771] [info]  ⠦ Preparing packages... (38/39)
comfyui-embedded-docs                  ------------------------------ 8.23 MiB/10.77 MiB                                                                        
[2026-05-08 04:26:15.779] [info]  
[2026-05-08 04:26:15.820] [info]  ⠧ Preparing packages... (38/39)
comfyui-embedded-docs                  ------------------------------ 8.27 MiB/10.77 MiB                                                                        
[2026-05-08 04:26:15.829] [info]  
[2026-05-08 04:26:15.869] [info]  ⠧ Preparing packages... (38/39)
comfyui-embedded-docs                  ------------------------------ 8.33 MiB/10.77 MiB                                                                        
[2026-05-08 04:26:15.879] [info]  
[2026-05-08 04:26:15.921] [info]  ⠧ Preparing packages... (38/39)
comfyui-embedded-docs                  ------------------------------ 8.37 MiB/10.77 MiB                                                                        
[2026-05-08 04:26:15.929] [info]  
[2026-05-08 04:26:15.970] [info]  ⠧ Preparing packages... (38/39)
comfyui-embedded-docs                  ------------------------------ 8.42 MiB/10.77 MiB                                                                        
[2026-05-08 04:26:15.980] [info]  
[2026-05-08 04:26:16.015] [info]  ⠇ Preparing packages... (38/39)
comfyui-embedded-docs                  ------------------------------ 8.47 MiB/10.77 MiB                                                                        
[2026-05-08 04:26:16.024] [info]  
[2026-05-08 04:26:16.069] [info]  ⠇ Preparing packages... (38/39)
comfyui-embedded-docs                  ------------------------------ 8.55 MiB/10.77 MiB                                                                        
[2026-05-08 04:26:16.077] [info]  
[2026-05-08 04:26:16.120] [info]  ⠇ Preparing packages... (38/39)
comfyui-embedded-docs                  ------------------------------ 8.62 MiB/10.77 MiB                                                                        
[2026-05-08 04:26:16.128] [info]  
[2026-05-08 04:26:16.166] [info]  ⠇ Preparing packages... (38/39)
comfyui-embedded-docs                  ------------------------------ 8.68 MiB/10.77 MiB                                                                        
[2026-05-08 04:26:16.175] [info]  
[2026-05-08 04:26:16.215] [info]  ⠋ Preparing packages... (38/39)
comfyui-embedded-docs                  ------------------------------ 8.75 MiB/10.77 MiB                                                                        
[2026-05-08 04:26:16.223] [info]  
[2026-05-08 04:26:16.265] [info]  ⠋ Preparing packages... (38/39)
comfyui-embedded-docs                  ------------------------------ 8.82 MiB/10.77 MiB                                                                        
[2026-05-08 04:26:16.274] [info]  
[2026-05-08 04:26:16.319] [info]  ⠋ Preparing packages... (38/39)
comfyui-embedded-docs                  ------------------------------ 8.87 MiB/10.77 MiB                                                                        
[2026-05-08 04:26:16.327] [info]  
[2026-05-08 04:26:16.366] [info]  ⠋ Preparing packages... (38/39)
comfyui-embedded-docs                  ------------------------------ 8.92 MiB/10.77 MiB                                                                        
[2026-05-08 04:26:16.375] [info]  
[2026-05-08 04:26:16.420] [info]  ⠙ Preparing packages... (38/39)
comfyui-embedded-docs                  ------------------------------ 8.98 MiB/10.77 MiB                                                                        
[2026-05-08 04:26:16.429] [info]  
[2026-05-08 04:26:16.466] [info]  ⠙ Preparing packages... (38/39)
comfyui-embedded-docs                  ------------------------------ 9.04 MiB/10.77 MiB                                                                        
[2026-05-08 04:26:16.475] [info]  
[2026-05-08 04:26:16.517] [info]  ⠙ Preparing packages... (38/39)
comfyui-embedded-docs                  ------------------------------ 9.10 MiB/10.77 MiB                                                                        
[2026-05-08 04:26:16.525] [info]  
[2026-05-08 04:26:16.569] [info]  ⠙ Preparing packages... (38/39)
comfyui-embedded-docs                  ------------------------------ 9.17 MiB/10.77 MiB                                                                        
[2026-05-08 04:26:16.577] [info]  
[2026-05-08 04:26:16.649] [info]  ⠹ Preparing packages... (38/39)
comfyui-embedded-docs                  ------------------------------ 9.22 MiB/10.77 MiB                                                                        
[2026-05-08 04:26:16.657] [info]  
[2026-05-08 04:26:16.820] [info]  ⠸ Preparing packages... (38/39)
comfyui-embedded-docs                  ------------------------------ 9.22 MiB/10.77 MiB                                                                        
[2026-05-08 04:26:16.828] [info]  
[2026-05-08 04:26:16.969] [info]  ⠸ Preparing packages... (38/39)
comfyui-embedded-docs                  ------------------------------ 9.23 MiB/10.77 MiB                                                                        
[2026-05-08 04:26:16.980] [info]  
[2026-05-08 04:26:16.997] [info]  ⠸ Preparing packages... (38/39)
comfyui-embedded-docs                  ------------------------------ 9.23 MiB/10.77 MiB                                                                        
[2026-05-08 04:26:17.006] [info]  ⠸ Preparing packages... (38/39)
comfyui-embedded-docs                  ------------------------------ 9.24 MiB/10.77 MiB                                                                        
[2026-05-08 04:26:17.016] [info]  ⠸ Preparing packages... (38/39)
comfyui-embedded-docs                  ------------------------------ 9.25 MiB/10.77 MiB                                                                        
[2026-05-08 04:26:17.025] [info]  
[2026-05-08 04:26:17.034] [info]  ⠼ Preparing packages... (38/39)
comfyui-embedded-docs                  ------------------------------ 9.26 MiB/10.77 MiB                                                                        
[2026-05-08 04:26:17.068] [info]  ⠼ Preparing packages... (38/39)
comfyui-embedded-docs                  ------------------------------ 9.30 MiB/10.77 MiB                                                                        
[2026-05-08 04:26:17.076] [info]  
[2026-05-08 04:26:17.117] [info]  ⠼ Preparing packages... (38/39)
comfyui-embedded-docs                  ------------------------------ 9.38 MiB/10.77 MiB                                                                        
[2026-05-08 04:26:17.126] [info]  
[2026-05-08 04:26:17.168] [info]  ⠼ Preparing packages... (38/39)
comfyui-embedded-docs                  ------------------------------ 9.45 MiB/10.77 MiB                                                                        
[2026-05-08 04:26:17.176] [info]  
[2026-05-08 04:26:17.220] [info]  ⠼ Preparing packages... (38/39)
comfyui-embedded-docs                  ------------------------------ 9.51 MiB/10.77 MiB                                                                        
[2026-05-08 04:26:17.229] [info]  
[2026-05-08 04:26:17.266] [info]  ⠴ Preparing packages... (38/39)
comfyui-embedded-docs                  ------------------------------ 9.56 MiB/10.77 MiB                                                                        
[2026-05-08 04:26:17.275] [info]  
[2026-05-08 04:26:17.332] [info]  ⠴ Preparing packages... (38/39)
comfyui-embedded-docs                  ------------------------------ 9.59 MiB/10.77 MiB                                                                        
[2026-05-08 04:26:17.341] [info]  
[2026-05-08 04:26:17.368] [info]  ⠴ Preparing packages... (38/39)
comfyui-embedded-docs                  ------------------------------ 9.62 MiB/10.77 MiB                                                                        
[2026-05-08 04:26:17.377] [info]  
[2026-05-08 04:26:17.423] [info]  ⠴ Preparing packages... (38/39)
comfyui-embedded-docs                  ------------------------------ 9.67 MiB/10.77 MiB                                                                        
[2026-05-08 04:26:17.433] [info]  
[2026-05-08 04:26:17.465] [info]  ⠦ Preparing packages... (38/39)
comfyui-embedded-docs                  ------------------------------ 10.32 MiB/10.77 MiB                                                                       
[2026-05-08 04:26:17.473] [info]  
[2026-05-08 04:26:17.483] [info]  ⠦ Preparing packages... (38/39)                                                                                                                                                                                                                 
[2026-05-08 04:26:17.492] [info]  Prepared 39 packages in 30.27s
░░░░░░░░░░░░░░░░░░░░ [0/68] Installing wheels...                                
[2026-05-08 04:26:17.531] [info]  ░░░░░░░░░░░░░░░░░░░░ [0/68] comfy-kitchen==0.2.8                                
[2026-05-08 04:26:17.540] [info]  ░░░░░░░░░░░░░░░░░░░░ [2/68] idna==3.13                                          
[2026-05-08 04:26:17.566] [info]  ░░░░░░░░░░░░░░░░░░░░ [2/68] einops==0.8.2                                       
[2026-05-08 04:26:17.575] [info]  ░░░░░░░░░░░░░░░░░░░░ [3/68] einops==0.8.2                                       
[2026-05-08 04:26:17.585] [info]  █░░░░░░░░░░░░░░░░░░░ [5/68] pyyaml==6.0.3                                       
[2026-05-08 04:26:17.604] [info]  █░░░░░░░░░░░░░░░░░░░ [5/68] annotated-doc==0.0.4                                
[2026-05-08 04:26:17.614] [info]  ██░░░░░░░░░░░░░░░░░░ [8/68] httpx==0.28.1                                       
[2026-05-08 04:26:17.627] [info]  ██░░░░░░░░░░░░░░░░░░ [8/68] multidict==6.7.1                                    
[2026-05-08 04:26:17.635] [info]  ██░░░░░░░░░░░░░░░░░░ [9/68] multidict==6.7.1                                    
[2026-05-08 04:26:17.644] [info]  ██░░░░░░░░░░░░░░░░░░ [10/68] safetensors==0.7.0                                 
[2026-05-08 04:26:17.653] [info]  ██░░░░░░░░░░░░░░░░░░ [10/68] typer==0.25.1                                      
[2026-05-08 04:26:18.525] [info]  ███░░░░░░░░░░░░░░░░░ [13/68] yarl==1.23.0                                       
[2026-05-08 04:26:18.534] [info]  ████░░░░░░░░░░░░░░░░ [15/68] sentencepiece==0.2.1                               
[2026-05-08 04:26:18.543] [info]  ████░░░░░░░░░░░░░░░░ [16/68] simpleeval==1.0.7                                  
[2026-05-08 04:26:18.563] [info]  ████░░░░░░░░░░░░░░░░ [16/68] frozenlist==1.8.0                                  
[2026-05-08 04:26:18.572] [info]  █████░░░░░░░░░░░░░░░ [18/68] httpcore==1.0.9                                    
[2026-05-08 04:26:18.581] [info]  █████░░░░░░░░░░░░░░░ [19/68] requests==2.33.1                                   
[2026-05-08 04:26:18.590] [info]  █████░░░░░░░░░░░░░░░ [20/68] glfw==2.10.0                                       
[2026-05-08 04:26:18.605] [info]  █████░░░░░░░░░░░░░░░ [20/68] psutil==7.2.2                                      
[2026-05-08 04:26:18.614] [info]  ██████░░░░░░░░░░░░░░ [22/68] annotated-types==0.7.0                             
[2026-05-08 04:26:18.623] [info]  ██████░░░░░░░░░░░░░░ [22/68] pydantic-settings==2.14.0                          
[2026-05-08 04:26:18.667] [info]  ██████░░░░░░░░░░░░░░ [23/68] torchsde==0.2.6                                    
[2026-05-08 04:26:18.676] [info]  
[2026-05-08 04:26:18.692] [info]  ███████░░░░░░░░░░░░░ [26/68] av==17.0.1                                         
[2026-05-08 04:26:18.702] [info]  
[2026-05-08 04:26:18.780] [info]  ████████░░░░░░░░░░░░ [29/68] mako==1.3.12                                       
[2026-05-08 04:26:18.789] [info]  
[2026-05-08 04:26:18.821] [info]  ████████░░░░░░░░░░░░ [30/68] packaging==26.2                                    
[2026-05-08 04:26:18.830] [info]  
[2026-05-08 04:26:18.847] [info]  █████████░░░░░░░░░░░ [31/68] rich==15.0.0                                       
[2026-05-08 04:26:18.856] [info]  
[2026-05-08 04:26:18.898] [info]  ██████████░░░░░░░░░░ [35/68] kornia-rs==0.1.11                                  
[2026-05-08 04:26:18.908] [info]  
[2026-05-08 04:26:18.965] [info]  ██████████░░░░░░░░░░ [37/68] urllib3==2.7.0                                     
[2026-05-08 04:26:18.975] [info]  
[2026-05-08 04:26:19.056] [info]  ███████████░░░░░░░░░ [39/68] markdown-it-py==4.2.0                              
[2026-05-08 04:26:19.065] [info]  
[2026-05-08 04:26:19.074] [info]  ███████████░░░░░░░░░ [40/68] markdown-it-py==4.2.0                              
[2026-05-08 04:26:19.104] [info]  ███████████░░░░░░░░░ [40/68] alembic==1.18.4                                    
[2026-05-08 04:26:19.112] [info]  
[2026-05-08 04:26:19.270] [info]  ████████████░░░░░░░░ [41/68] spandrel==0.4.2                                    
[2026-05-08 04:26:19.278] [info]  ████████████░░░░░░░░ [42/68] spandrel==0.4.2                                    
[2026-05-08 04:26:20.253] [info]  ████████████░░░░░░░░ [42/68] aiohttp==3.13.5                                    
[2026-05-08 04:26:20.262] [info]  ████████████░░░░░░░░ [43/68] aiohttp==3.13.5                                    
[2026-05-08 04:26:20.436] [info]  ████████████░░░░░░░░ [43/68] sqlalchemy==2.0.49                                 
[2026-05-08 04:26:20.445] [info]  ████████████░░░░░░░░ [44/68] sqlalchemy==2.0.49                                 
[2026-05-08 04:26:20.605] [info]  ████████████░░░░░░░░ [44/68] huggingface-hub==1.14.0                            
[2026-05-08 04:26:20.614] [info]  █████████████░░░░░░░ [45/68] huggingface-hub==1.14.0                            
[2026-05-08 04:26:21.252] [info]  █████████████░░░░░░░ [45/68] comfyui-workflow-templates-media-api==0.3.70       
[2026-05-08 04:26:21.261] [info]  █████████████░░░░░░░ [46/68] comfyui-workflow-templates-media-api==0.3.70       
[2026-05-08 04:26:21.375] [info]  █████████████░░░░░░░ [46/68] greenlet==3.5.0                                    
[2026-05-08 04:26:21.383] [info]  █████████████░░░░░░░ [47/68] greenlet==3.5.0                                    
[2026-05-08 04:26:21.396] [info]  █████████████░░░░░░░ [47/68] pydantic-core==2.46.4                              
[2026-05-08 04:26:21.405] [info]  ██████████████░░░░░░ [48/68] pydantic-core==2.46.4                              
[2026-05-08 04:26:21.647] [info]  ██████████████░░░░░░ [48/68] comfyui-workflow-templates-media-image==0.3.132    
[2026-05-08 04:26:21.657] [info]  ██████████████░░░░░░ [49/68] comfyui-workflow-templates-media-image==0.3.132    
[2026-05-08 04:26:21.796] [info]  ██████████████░░░░░░ [49/68] comfyui-workflow-templates-media-other==0.3.182    
[2026-05-08 04:26:21.805] [info]  ██████████████░░░░░░ [50/68] comfyui-workflow-templates-media-other==0.3.182    
[2026-05-08 04:26:21.816] [info]  ██████████████░░░░░░ [50/68] regex==2026.4.4                                    
[2026-05-08 04:26:21.825] [info]  ███████████████░░░░░ [51/68] regex==2026.4.4                                    
[2026-05-08 04:26:22.046] [info]  ███████████████░░░░░ [51/68] scipy==1.17.1                                      
[2026-05-08 04:26:22.055] [info]  ███████████████░░░░░ [52/68] scipy==1.17.1                                      
[2026-05-08 04:26:22.140] [info]  ███████████████░░░░░ [52/68] comfyui-workflow-templates-media-video==0.3.81     
[2026-05-08 04:26:22.148] [info]  ███████████████░░░░░ [53/68] comfyui-workflow-templates-media-video==0.3.81     
[2026-05-08 04:26:22.926] [info]  ███████████████░░░░░ [53/68] pygments==2.20.0                                   
[2026-05-08 04:26:22.935] [info]  ███████████████░░░░░ [54/68] pygments==2.20.0                                   
[2026-05-08 04:26:22.951] [info]  ███████████████░░░░░ [54/68] typing-inspection==0.4.2                           
[2026-05-08 04:26:22.960] [info]  ████████████████░░░░ [55/68] typing-inspection==0.4.2                           
[2026-05-08 04:26:24.378] [info]  ████████████████░░░░ [55/68] kornia==0.8.2                                      
[2026-05-08 04:26:24.387] [info]  ████████████████░░░░ [56/68] kornia==0.8.2                                      
[2026-05-08 04:26:24.416] [info]  ████████████████░░░░ [56/68] h11==0.16.0                                        
[2026-05-08 04:26:24.424] [info]  ████████████████░░░░ [57/68] h11==0.16.0                                        
[2026-05-08 04:26:24.444] [info]  ████████████████░░░░ [57/68] shellingham==1.5.4                                 
[2026-05-08 04:26:24.453] [info]  █████████████████░░░ [58/68] shellingham==1.5.4                                 
[2026-05-08 04:26:24.480] [info]  █████████████████░░░ [58/68] comfyui-workflow-templates==0.9.63                 
[2026-05-08 04:26:24.488] [info]  █████████████████░░░ [59/68] comfyui-workflow-templates==0.9.63                 
[2026-05-08 04:26:24.504] [info]  █████████████████░░░ [59/68] aiosignal==1.4.0                                   
[2026-05-08 04:26:24.512] [info]  █████████████████░░░ [60/68] aiosignal==1.4.0                                   
[2026-05-08 04:26:24.555] [info]  █████████████████░░░ [60/68] tokenizers==0.22.2                                 
[2026-05-08 04:26:24.564] [info]  █████████████████░░░ [61/68] tokenizers==0.22.2                                 
[2026-05-08 04:26:24.580] [info]  █████████████████░░░ [61/68] comfyui-workflow-templates-core==0.3.216           
[2026-05-08 04:26:24.589] [info]  ██████████████████░░ [62/68] comfyui-workflow-templates-core==0.3.216           
[2026-05-08 04:26:24.609] [info]  ██████████████████░░ [62/68] blake3==1.0.8                                      
[2026-05-08 04:26:24.618] [info]  
[2026-05-08 04:26:24.627] [info]  ██████████████████░░ [63/68] blake3==1.0.8                                      
[2026-05-08 04:26:24.642] [info]  ██████████████████░░ [63/68] comfy-aimdo==0.2.14                                
[2026-05-08 04:26:24.651] [info]  ██████████████████░░ [64/68] comfy-aimdo==0.2.14                                
[2026-05-08 04:26:24.710] [info]  ██████████████████░░ [64/68] colorama==0.4.6                                    
[2026-05-08 04:26:24.718] [info]  ███████████████████░ [65/68] colorama==0.4.6                                    
[2026-05-08 04:26:26.347] [info]  ███████████████████░ [65/68] pyopengl==3.1.10                                   
[2026-05-08 04:26:26.356] [info]  ███████████████████░ [66/68] pyopengl==3.1.10                                   
[2026-05-08 04:26:26.874] [info]  ███████████████████░ [66/68] transformers==5.8.0                                
[2026-05-08 04:26:26.883] [info]  ███████████████████░ [67/68] transformers==5.8.0                                
[2026-05-08 04:26:28.713] [info]  ███████████████████░ [67/68] comfyui-embedded-docs==0.4.4                       
[2026-05-08 04:26:28.722] [info]  Installed 68 packages in 11.22s
 + aiohappyeyeballs==2.6.1
 
[2026-05-08 04:26:28.730] [info]  + aiohttp==3.13.5
 +
[2026-05-08 04:26:28.738] [info]   aiosignal==1.4.0
 + 
[2026-05-08 04:26:28.746] [info]  alembic==1.18.4
 + annotated-doc==0.
[2026-05-08 04:26:28.754] [info]  0.4
 + annotated-types==0.7.
[2026-05-08 04:26:28.762] [info]  0
 + anyio==4.13.0
 
[2026-05-08 04:26:28.771] [info]  + attrs==26.1.0
 +
[2026-05-08 04:26:28.780] [info]   av==17.0.1
 + blake3
[2026-05-08 04:26:28.789] [info]  ==1.0.8
 + certifi==2026.4.
[2026-05-08 04:26:28.797] [info]  22
 + charset-normalizer==3.4.
[2026-05-08 04:26:28.806] [info]  7
 + click==8.3.3
 
[2026-05-08 04:26:28.815] [info]  + colorama==0.4.6
 + 
[2026-05-08 04:26:28.825] [info]  comfy-aimdo==0.2.14
 + comfy-kitchen==0.
[2026-05-08 04:26:28.834] [info]  2.8
 + comfyui-embedded-docs==0.4.
[2026-05-08 04:26:28.842] [info]  4
 + comfyui-workflow-templates==0.9.63

[2026-05-08 04:26:28.851] [info]   + comfyui-workflow-templates-core==0.3.216
 +
[2026-05-08 04:26:28.860] [info]   
[2026-05-08 04:26:28.869] [info]  comfyui-workflow-templates-media-api==0.3.70
 
[2026-05-08 04:26:28.875] [info]  + comfyui-workflow-templates-media-image==0.3.132
[2026-05-08 04:26:28.878] [info]  
 +
[2026-05-08 04:26:28.883] [info]  comfyui-workflow-templates-media-other==0.3.182
[2026-05-08 04:26:28.887] [info]  
 + comfyui-workflow-templates-media-video
[2026-05-08 04:26:28.890] [info]  ==0.3.81
[2026-05-08 04:26:28.896] [info]  
 + einops==0.8.2
[2026-05-08 04:26:28.904] [info]  
 + frozenlist==1.8.0
[2026-05-08 04:26:28.905] [info]  

[2026-05-08 04:26:28.911] [info]  + glfw==2.10.0
[2026-05-08 04:26:28.914] [info]  
 +
[2026-05-08 04:26:28.920] [info]   greenlet==3.5.0
[2026-05-08 04:26:28.923] [info]  
 +
[2026-05-08 04:26:28.928] [info]  h11==0.16.0
[2026-05-08 04:26:28.933] [info]  
 + hf-xet
[2026-05-08 04:26:28.936] [info]  ==1.5.0
[2026-05-08 04:26:28.942] [info]  
 + httpcore==1.0
[2026-05-08 04:26:28.944] [info]  .9
[2026-05-08 04:26:28.950] [info]  
 + httpx==0.28
[2026-05-08 04:26:28.952] [info]  .1
[2026-05-08 04:26:28.958] [info]  
 + huggingface-hub==1.14.0
[2026-05-08 04:26:28.965] [info]  
 + idna==3.13
[2026-05-08 04:26:28.967] [info]  
 +
[2026-05-08 04:26:28.973] [info]   kornia==0.8.2
[2026-05-08 04:26:28.976] [info]  
 +
[2026-05-08 04:26:28.981] [info]  kornia-rs==0.1.11
[2026-05-08 04:26:28.984] [info]  
 + mako
[2026-05-08 04:26:28.988] [info]  ==1.3.12
[2026-05-08 04:26:28.993] [info]  
 + markdown-it-py==
[2026-05-08 04:26:28.996] [info]  4.2.0
[2026-05-08 04:26:29.002] [info]  
 + mdurl==0.1.
[2026-05-08 04:26:29.003] [info]  2
[2026-05-08 04:26:29.010] [info]  
 + multidict==6.7.
[2026-05-08 04:26:29.011] [info]  1
[2026-05-08 04:26:29.017] [info]  
 + packaging==26.2
[2026-05-08 04:26:29.019] [info]  
 +
[2026-05-08 04:26:29.030] [info]   propcache==0.4.1
[2026-05-08 04:26:29.031] [info]  

[2026-05-08 04:26:29.036] [info]  + psutil==7.2.2
[2026-05-08 04:26:29.042] [info]  
 + pydantic==2
[2026-05-08 04:26:29.045] [info]  .13.4
[2026-05-08 04:26:29.051] [info]  
 + pydantic-core==2.46.
[2026-05-08 04:26:29.052] [info]  4
[2026-05-08 04:26:29.059] [info]  
 +
[2026-05-08 04:26:29.062] [info]  pydantic-settings==2.14.0
[2026-05-08 04:26:29.071] [info]  
 +
[2026-05-08 04:26:29.077] [info]   pygments==2.20.0
[2026-05-08 04:26:29.079] [info]  
 +
[2026-05-08 04:26:29.087] [info]   pyopengl==3.1.10
[2026-05-08 04:26:29.092] [info]  

[2026-05-08 04:26:29.104] [info]   + python-dotenv==1.2
[2026-05-08 04:26:29.125] [info]  .2
[2026-05-08 04:26:29.164] [info]  
 + pyyaml==6.0.3
 + regex==2026.4.4
 + requests==2.33.1
 + rich==15.0.0
[2026-05-08 04:26:29.165] [info]  
 + safetensors==0.
[2026-05-08 04:26:29.168] [info]  7.0
[2026-05-08 04:26:29.172] [info]  
 + scipy
[2026-05-08 04:26:29.177] [info]  ==1.17.1
[2026-05-08 04:26:29.181] [info]  
 + sentencepiece
[2026-05-08 04:26:29.186] [info]  ==0.2.1
[2026-05-08 04:26:29.190] [info]  
 + shellingham
[2026-05-08 04:26:29.196] [info]  ==1.5.4
[2026-05-08 04:26:29.202] [info]  
 +
[2026-05-08 04:26:29.206] [info]   simpleeval==1.0.7
[2026-05-08 04:26:29.214] [info]  
 +
[2026-05-08 04:26:29.221] [info]   spandrel==0.4.2
[2026-05-08 04:26:29.223] [info]  
 +
[2026-05-08 04:26:29.233] [info]  sqlalchemy==2.0.49
[2026-05-08 04:26:29.234] [info]  
[2026-05-08 04:26:29.242] [info]  
 +
[2026-05-08 04:26:29.247] [info]  tokenizers==0.22.2
[2026-05-08 04:26:29.251] [info]  
 + torchsde
[2026-05-08 04:26:29.256] [info]  ==0.2.6
[2026-05-08 04:26:29.259] [info]  
 + tqdm==4.67.3
[2026-05-08 04:26:29.260] [info]  
 +
[2026-05-08 04:26:29.267] [info]   trampoline==0.1.2
[2026-05-08 04:26:29.269] [info]  

[2026-05-08 04:26:29.277] [info]   + transformers==5.8.0
[2026-05-08 04:26:29.278] [info]  
[2026-05-08 04:26:29.285] [info]  
 + typer==0.25.1
[2026-05-08 04:26:29.304] [info]  
 +
[2026-05-08 04:26:29.311] [info]  typing-inspection==0.4.2
[2026-05-08 04:26:29.312] [info]  
 +
[2026-05-08 04:26:29.318] [info]   urllib3==2.7.0
[2026-05-08 04:26:29.321] [info]  
 +
[2026-05-08 04:26:29.327] [info]  yarl==1.23.0
[2026-05-08 04:26:29.329] [info]  

[2026-05-08 04:26:29.367] [info]  PS C:\Users\runneradmin\Documents\ComfyUI> echo "_-end-177821434
[2026-05-08 04:26:29.376] [info]  echo "_-end-1778214346088:$?
[2026-05-08 04:26:29.376] [info]  > echo "_-end-1778214346088:$?"
[2026-05-08 04:26:29.380] [info]  
_-end-1778214346088:True
[2026-05-08 04:26:29.381] [info]  Installing ComfyUIManager requirements from C:\Users\runneradmin\AppData\Local\Programs\ComfyUI\resources\ComfyUI\manager_requirements.txt
[2026-05-08 04:26:29.382] [info]  Running uv command: & "C:\Users\runneradmin\AppData\Local\Programs\ComfyUI\resources\uv\win\uv.exe" "pip" "install" "-r" "C:\Users\runneradmin\AppData\Local\Programs\ComfyUI\resources\ComfyUI\manager_requirements.txt" "--index-url" "https://pypi.org/simple/" "--extra-index-url" "https://mirrors.aliyun.com/pypi/simple/" "--extra-index-url" "https://mirrors.cloud.tencent.com/pypi/simple/"
[2026-05-08 04:26:29.384] [info]  
PS C:\Users\runneradmin\Documents\ComfyUI>
[2026-05-08 04:26:29.393] [info]  > &
[2026-05-08 04:26:29.440] [info]  
[2026-05-08 04:26:29.449] [info]  & "C:\Users\runne
[2026-05-08 04:26:29.491] [info]  
[2026-05-08 04:26:29.492] [info]  & "C:\Users\runneradmin\AppData\Local
l\Programs\ComfyUI\resources\uv\win\uv.exe" "pip" "install" "-r" "C:\Users\runner
radmin\AppData\Local\Programs\ComfyUI\resources\ComfyUI\manager_requirements.txt"
[2026-05-08 04:26:29.500] [info]  
"
 "--index-url" "https://pyp
[2026-05-08 04:26:29.505] [info]  > & "C:\Users\runneradmin\AppData\Local\Programs\ComfyUI\resources\uv\win\uv.exe" "pip" "install" "-r" "C:\Users\runneradmin\AppData\Local\Programs\ComfyUI\resources\ComfyUI\manager_requirements.txt" "--index-url" "https://pypi.org/simple/" "--extra-index-url" "https://mirrors.a
aliyun.com/pypi/simple/" "--extra-index-url" "https://mirrors.cloud.tencent.com/p
[2026-05-08 04:26:29.506] [info]  
pypi/simple/"
[2026-05-08 04:26:29.509] [info]  

[2026-05-08 04:26:29.536] [info]  ⠋ Resolving dependencies...                                                     
[2026-05-08 04:26:29.544] [info]  ⠙ comfyui-manager==4.2.1                                                        
[2026-05-08 04:26:29.553] [info]  ⠙ gitpython==3.1.50                                                             
[2026-05-08 04:26:29.601] [info]  ⠙ pygithub==2.9.1                                                               
[2026-05-08 04:26:29.609] [info]  ⠙ uv==0.11.11                                                                   
[2026-05-08 04:26:29.622] [info]  ⠙ chardet==7.4.3                                                                
[2026-05-08 04:26:29.631] [info]  ⠙ pyjwt==2.12.1                                                                 
[2026-05-08 04:26:29.643] [info]  ⠙ pyjwt==2.12.1                                                                 
[2026-05-08 04:26:29.653] [info]  ⠙ pyyaml==6.0.3                                                                 
[2026-05-08 04:26:29.739] [info]  ⠹ smmap==5.0.3                                                                  
[2026-05-08 04:26:29.747] [info]  
[2026-05-08 04:26:29.940] [info]  ⠸ smmap==5.0.3                                                                  
[2026-05-08 04:26:29.948] [info]  
[2026-05-08 04:26:30.007] [info]  ⠸ cffi==2.0.0                                                                   
[2026-05-08 04:26:30.014] [info]  Resolved 44 packages in 477ms
[2026-05-08 04:26:30.016] [info]  

[2026-05-08 04:26:30.025] [info]  ⠙ Preparing packages... (0/7)                                                   
[2026-05-08 04:26:30.035] [info]  ⠙ Preparing packages... (0/7)
chardet              ------------------------------     0 B/921.85 KiB          
[2026-05-08 04:26:30.042] [info]  ⠙ Preparing packages... (0/7)
chardet              ------------------------------ 8.00 KiB/921.85 KiB
[2026-05-08 04:26:30.044] [info]  
⠙ Preparing packages... (0/7)                                                   
chardet              ------------------------------ 8.00 KiB/921.85 KiB         
uv                   ------------------------------ 8.00 KiB/24.00 MiB          
[2026-05-08 04:26:30.047] [info]  ⠙ Preparing packages... (0/7)
pygithub             ------------------------------     0 B/439.17 KiB
chardet              ------------------------------ 8.00 KiB/921.85 KiB
[2026-05-08 04:26:30.051] [info]  
⠙ Preparing packages... (0/7)                                                   
pygithub             ------------------------------ 8.00 KiB/439.17 KiB         
chardet              ------------------------------ 8.00 KiB/921.85 KiB         
cryptography         ------------------------------     0 B/3.64 MiB
[2026-05-08 04:26:30.053] [info]  
⠙ Preparing packages... (0/7)                                                   
pygithub             ------------------------------ 8.00 KiB/439.17 KiB         
chardet              ------------------------------ 8.00 KiB/921.85 KiB         
cryptography         ------------------------------     0 B/3.64 MiB            
uv                   ------------------------------ 8.00 KiB/24.00 MiB          
[2026-05-08 04:26:30.062] [info]  ⠙ Preparing packages... (0/7)
pygithub             ------------------------------ 8.00 KiB/439.17 KiB
chardet              ------------------------------ 8.00 KiB/921.85 KiB
cryptography         ------------------------------     0 B/3.64 MiB
uv                   ------------------------------ 8.00 KiB/24.00 MiB          
[2026-05-08 04:26:30.071] [info]  ⠙ Preparing packages... (0/7)
smmap                ------------------------------ 16.00 KiB/23.82 KiB
pyjwt                ------------------------------ 16.00 KiB/29.03 KiB
gitpython            ------------------------------ 24.00 KiB/207.53 KiB        
pygithub             ------------------------------ 8.00 KiB/439.17 KiB
chardet ------------------------------ 24.00 KiB/921.85 KiB        
cryptography         ------------------------------ 8.00 KiB/3.64 MiB
[2026-05-08 04:26:30.072] [info]  
uv                   ------------------------------ 231.26 KiB/24.00 MiB        
[2026-05-08 04:26:30.120] [info]  ⠙ Preparing packages... (0/7)
smmap                ------------------------------ 23.82 KiB/23.82 KiB
pyjwt                ------------------------------ 29.03 KiB/29.03 KiB
gitpython            ------------------------------ 31.27 KiB/207.53 KiB        
pygithub             ------------------------------ 31.27 KiB/439.17 KiB        
chardet              ------------------------------ 583.26 KiB/921.85 KiB       
cryptography         ------------------------------ 16.00 KiB/3.64 MiB
uv                   ------------------------------ 2.15 MiB/24.00 MiB          
[2026-05-08 04:26:30.129] [info]  
[2026-05-08 04:26:30.171] [info]  ⠙ Preparing packages... (0/7)
smmap                ------------------------------ 23.82 KiB/23.82 KiB
pyjwt                ------------------------------ 29.03 KiB/29.03 KiB
gitpython            ------------------------------ 31.27 KiB/207.53 KiB        
pygithub             ------------------------------ 39.27 KiB/439.17 KiB        
chardet              ------------------------------ 599.26 KiB/921.85 KiB       
cryptography         ------------------------------ 16.00 KiB/3.64 MiB
uv                   ------------------------------ 5.16 MiB/24.00 MiB          
[2026-05-08 04:26:30.180] [info]  
[2026-05-08 04:26:30.220] [info]  ⠙ Preparing packages... (0/7)
smmap                ------------------------------ 23.82 KiB/23.82 KiB
pyjwt                ------------------------------ 29.03 KiB/29.03 KiB
gitpython            ------------------------------ 31.27 KiB/207.53 KiB        
pygithub             ------------------------------ 47.27 KiB/439.17 KiB        
chardet              ------------------------------ 599.26 KiB/921.85 KiB       
cryptography         ------------------------------ 24.00 KiB/3.64 MiB
uv                   ------------------------------ 7.14 MiB/24.00 MiB          
[2026-05-08 04:26:30.230] [info]  
[2026-05-08 04:26:30.270] [info]  ⠹ Preparing packages... (0/7)
smmap                ------------------------------ 23.82 KiB/23.82 KiB
pyjwt                ------------------------------ 29.03 KiB/29.03 KiB
gitpython            ------------------------------ 31.27 KiB/207.53 KiB        
pygithub             ------------------------------ 55.27 KiB/439.17 KiB        
chardet              ------------------------------ 639.26 KiB/921.85 KiB       
cryptography         ------------------------------ 24.00 KiB/3.64 MiB
uv                   ------------------------------ 8.64 MiB/24.00 MiB          
[2026-05-08 04:26:30.279] [info]  
[2026-05-08 04:26:30.288] [info]  ⠹ Preparing packages... (0/7)
gitpython            ------------------------------ 31.27 KiB/207.53 KiB        
pygithub             ------------------------------ 55.27 KiB/439.17 KiB        
chardet              ------------------------------ 639.26 KiB/921.85 KiB       
cryptography         ------------------------------ 24.00 KiB/3.64 MiB
uv                   ------------------------------ 9.14 MiB/24.00 MiB                                                                                                                                                                          
[2026-05-08 04:26:30.320] [info]  ⠹ Preparing packages... (0/7)
gitpython            ------------------------------ 47.27 KiB/207.53 KiB        
pygithub             ------------------------------ 55.27 KiB/439.17 KiB        
chardet              ------------------------------ 647.26 KiB/921.85 KiB       
cryptography         ------------------------------ 24.00 KiB/3.64 MiB
uv                   ------------------------------ 9.45 MiB/24.00 MiB          
[2026-05-08 04:26:30.330] [info]  
[2026-05-08 04:26:30.370] [info]  ⠹ Preparing packages... (0/7)
gitpython            ------------------------------ 47.27 KiB/207.53 KiB        
pygithub             ------------------------------ 55.27 KiB/439.17 KiB        
chardet              ------------------------------ 655.26 KiB/921.85 KiB       
cryptography         ------------------------------ 24.00 KiB/3.64 MiB
uv                   ------------------------------ 10.69 MiB/24.00 MiB         
[2026-05-08 04:26:30.380] [info]  
[2026-05-08 04:26:30.421] [info]  ⠹ Preparing packages... (0/7)
gitpython            ------------------------------ 79.27 KiB/207.53 KiB        
pygithub             ------------------------------ 63.27 KiB/439.17 KiB        
chardet              ------------------------------ 711.26 KiB/921.85 KiB       
cryptography         ------------------------------ 24.00 KiB/3.64 MiB
uv                   ------------------------------ 12.05 MiB/24.00 MiB         
[2026-05-08 04:26:30.429] [info]  
[2026-05-08 04:26:30.470] [info]  ⠸ Preparing packages... (2/7)
gitpython            ------------------------------ 103.27 KiB/207.53 KiB       
pygithub             ------------------------------ 79.27 KiB/439.17 KiB        
chardet              ------------------------------ 798.88 KiB/921.85 KiB       
cryptography         ------------------------------ 31.25 KiB/3.64 MiB
uv                   ------------------------------ 14.63 MiB/24.00 MiB         
[2026-05-08 04:26:30.479] [info]  
[2026-05-08 04:26:30.521] [info]  ⠸ Preparing packages... (2/7)
gitpython            ------------------------------ 119.27 KiB/207.53 KiB       
pygithub             ------------------------------ 87.27 KiB/439.17 KiB        
chardet              ------------------------------ 839.26 KiB/921.85 KiB       
cryptography         ------------------------------ 31.25 KiB/3.64 MiB
uv                   ------------------------------ 17.91 MiB/24.00 MiB         
[2026-05-08 04:26:30.529] [info]  
[2026-05-08 04:26:30.571] [info]  ⠸ Preparing packages... (2/7)
gitpython            ------------------------------ 119.27 KiB/207.53 KiB       
pygithub             ------------------------------ 87.27 KiB/439.17 KiB        
chardet              ------------------------------ 871.26 KiB/921.85 KiB       
cryptography         ------------------------------ 1.58 MiB/3.64 MiB
uv                   ------------------------------ 20.43 MiB/24.00 MiB         
[2026-05-08 04:26:30.580] [info]  
[2026-05-08 04:26:30.622] [info]  ⠸ Preparing packages... (2/7)
gitpython            ------------------------------ 119.27 KiB/207.53 KiB       
pygithub             ------------------------------ 87.27 KiB/439.17 KiB        
chardet              ------------------------------ 871.26 KiB/921.85 KiB       
cryptography         ------------------------------ 3.45 MiB/3.64 MiB
uv                   ------------------------------ 23.08 MiB/24.00 MiB         
[2026-05-08 04:26:30.631] [info]  
[2026-05-08 04:26:30.825] [info]  ⠴ Preparing packages... (2/7)
gitpython            ------------------------------ 119.27 KiB/207.53 KiB       
pygithub             ------------------------------ 87.27 KiB/439.17 KiB        
chardet              ------------------------------ 871.26 KiB/921.85 KiB       
cryptography         ------------------------------ 3.45 MiB/3.64 MiB
uv                   ------------------------------ 24.00 MiB/24.00 MiB         
[2026-05-08 04:26:30.860] [info]  
[2026-05-08 04:26:30.861] [info]  ⠴ Preparing packages... (2/7)
gitpython            ------------------------------ 119.27 KiB/207.53 KiB       
pygithub             ------------------------------ 87.27 KiB/439.17 KiB        
chardet              ------------------------------ 871.26 KiB/921.85 KiB       
cryptography         ------------------------------ 3.45 MiB/3.64 MiB                                                                                           
[2026-05-08 04:26:30.870] [info]  ⠴ Preparing packages... (2/7)
gitpython            ------------------------------ 127.27 KiB/207.53 KiB       
pygithub             ------------------------------ 87.27 KiB/439.17 KiB        
chardet              ------------------------------ 879.26 KiB/921.85 KiB       
cryptography         ------------------------------ 3.45 MiB/3.64 MiB           
[2026-05-08 04:26:30.879] [info]  ⠴ Preparing packages... (2/7)
gitpython            ------------------------------ 135.27 KiB/207.53 KiB       
pygithub             ------------------------------ 87.27 KiB/439.17 KiB        
chardet              ------------------------------ 887.26 KiB/921.85 KiB       
cryptography         ------------------------------ 3.45 MiB/3.64 MiB           
[2026-05-08 04:26:30.897] [info]  ⠴ Preparing packages... (2/7)
gitpython            ------------------------------ 175.27 KiB/207.53 KiB       
pygithub             ------------------------------ 111.27 KiB/439.17 KiB       
cryptography         ------------------------------ 3.55 MiB/3.64 MiB                                                                                           
[2026-05-08 04:26:30.916] [info]  ⠴ Preparing packages... (2/7)
pygithub             ------------------------------ 127.27 KiB/439.17 KiB       
cryptography         ------------------------------ 3.56 MiB/3.64 MiB                                                                                           
[2026-05-08 04:26:30.924] [info]  ⠴ Preparing packages... (2/7)
pygithub             ------------------------------ 143.27 KiB/439.17 KiB       
cryptography         ------------------------------ 3.56 MiB/3.64 MiB           
[2026-05-08 04:26:30.962] [info]  ⠴ Preparing packages... (2/7)
pygithub             ------------------------------ 239.27 KiB/439.17 KiB                                                                                       
[2026-05-08 04:26:30.980] [info]  ⠴ Preparing packages... (2/7)
pygithub             ------------------------------ 263.27 KiB/439.17 KiB       
[2026-05-08 04:26:31.021] [info]  ⠴ Preparing packages... (2/7)
pygithub             ------------------------------ 431.27 KiB/439.17 KiB       
[2026-05-08 04:26:31.030] [info]  Prepared 7 packages in 1.00s                                                                                                                                    
[2026-05-08 04:26:31.040] [info]  
░░░░░░░░░░░░░░░░░░░░ [0/13] Installing wheels...                                
[2026-05-08 04:26:31.057] [info]  ░░░░░░░░░░░░░░░░░░░░ [0/13] toml==0.10.2                                        
[2026-05-08 04:26:31.066] [info]  ███░░░░░░░░░░░░░░░░░ [2/13] smmap==5.0.3                                        
[2026-05-08 04:26:31.086] [info]  ███░░░░░░░░░░░░░░░░░ [2/13] pycparser==3.0                                      
[2026-05-08 04:26:31.096] [info]  ██████░░░░░░░░░░░░░░ [4/13] pyjwt==2.12.1                                       
[2026-05-08 04:26:31.105] [info]  ███████░░░░░░░░░░░░░ [5/13] gitdb==4.0.12                                       
[2026-05-08 04:26:31.131] [info]  ███████░░░░░░░░░░░░░ [5/13] uv==0.11.11                                         
[2026-05-08 04:26:31.140] [info]  █████████░░░░░░░░░░░ [6/13] uv==0.11.11                                         
[2026-05-08 04:26:31.154] [info]  █████████░░░░░░░░░░░ [6/13] cffi==2.0.0                                         
[2026-05-08 04:26:31.163] [info]  ████████████░░░░░░░░ [8/13] pynacl==1.6.2                                       
[2026-05-08 04:26:31.219] [info]  ████████████░░░░░░░░ [8/13] gitpython==3.1.50                                   
[2026-05-08 04:26:31.236] [info]  █████████████░░░░░░░ [9/13] gitpython==3.1.50                                   
[2026-05-08 04:26:31.248] [info]  ████████████████░░░░ [11/13] comfyui-manager==4.2.1                             
[2026-05-08 04:26:31.331] [info]  ██████████████████░░ [12/13] cryptography==48.0.0                               
[2026-05-08 04:26:31.340] [info]  Installed 13 packages in 300ms
 + cffi==2.0.0
 
[2026-05-08 04:26:31.349] [info]  + chardet==7.4.3
 + comfyui-manager
[2026-05-08 04:26:31.358] [info]  ==4.2.1
 + cryptography==48.0.0
 
[2026-05-08 04:26:31.367] [info]  + gitdb==4.0.12
 + 
[2026-05-08 04:26:31.372] [info]  gitpython==3.1.50
[2026-05-08 04:26:31.376] [info]  
 + pycparser
[2026-05-08 04:26:31.378] [info]  ==3.0
[2026-05-08 04:26:31.384] [info]  
 + pygithub==2.9.1
[2026-05-08 04:26:31.385] [info]  

[2026-05-08 04:26:31.391] [info]   + pyjwt==2.12.1
[2026-05-08 04:26:31.393] [info]  
 +
[2026-05-08 04:26:31.398] [info]   pynacl==1.6.2
[2026-05-08 04:26:31.402] [info]  
 + smmap==
[2026-05-08 04:26:31.405] [info]  5.0.3
[2026-05-08 04:26:31.411] [info]  
 + toml==0.10.2
[2026-05-08 04:26:31.418] [info]  
 + uv==0.11.11
[2026-05-08 04:26:31.420] [info]  

[2026-05-08 04:26:31.442] [info]  PS C:\Users\runneradmin\Documents\ComfyUI> echo "_-end-177821438938
[2026-05-08 04:26:31.447] [info]  > echo "_-end-1778214389382:$?"
[2026-05-08 04:26:31.450] [info]  
_-end-1778214389382:True
[2026-05-08 04:26:31.451] [info]  Successfully created virtual environment at C:\Users\runneradmin\Documents\ComfyUI\.venv
[2026-05-08 04:26:33.510] [info]  Server start
[2026-05-08 04:26:33.528] [info]  Adding custom node extra_path to config C:\Users\runneradmin\AppData\Local\Programs\ComfyUI\resources\ComfyUI\custom_nodes
[2026-05-08 04:26:33.530] [info]  Created extra_model_paths.yaml at C:\Users\runneradmin\AppData\Roaming\ComfyUI\extra_models_config.yaml
[2026-05-08 04:26:33.530] [error] Log rotation: cannot access log dir C:\Users\runneradmin\AppData\Roaming\ComfyUI\logs\comfyui.log
[2026-05-08 04:26:33.531] [info]  Running command: C:\Users\runneradmin\Documents\ComfyUI\.venv\Scripts\python.exe C:\Users\runneradmin\AppData\Local\Programs\ComfyUI\resources\ComfyUI\main.py --user-directory C:\Users\runneradmin\Documents\ComfyUI\user --input-directory C:\Users\runneradmin\Documents\ComfyUI\input --output-directory C:\Users\runneradmin\Documents\ComfyUI\output --front-end-root C:\Users\runneradmin\AppData\Local\Programs\ComfyUI\resources\ComfyUI\web_custom_versions\desktop_app --base-directory C:\Users\runneradmin\Documents\ComfyUI --database-url sqlite:///C:/Users/runneradmin/Documents/ComfyUI/user/comfyui.db --extra-model-paths-config C:\Users\runneradmin\AppData\Roaming\ComfyUI\extra_models_config.yaml --log-stdout --listen 127.0.0.1 --port 8000 --enable-manager --cpu in C:\Users\runneradmin\Documents\ComfyUI
[2026-05-08 04:27:03.507] [error] @todesktop/runtime: alwaysResolve: Promise timed out after 30000ms
[2026-05-08 04:27:03.700] [info]  @todesktop/runtime: Checking for update
[2026-05-08 04:27:03.701] [info]  @todesktop/runtime: AutoUpdater: checking-for-update
[2026-05-08 04:27:03.706] [info]  @todesktop/runtime: Generated new staging user ID: a6d9f12e-fdb9-5fab-9df4-19bedd8594c8
[2026-05-08 04:27:04.278] [info]  @todesktop/runtime: Update for version 0.8.36 is not available (latest version: 0.8.36, downgrade is allowed).
[2026-05-08 04:27:04.279] [info]  @todesktop/runtime: AutoUpdater: update-not-available {"version":"0.8.36","files":[{"url":"ComfyUI Setup 0.8.36 - Build 260427msvfsz37n-x64.exe","sha512":"RVR9kwG+VrRVIsHCPJB7N8l3FRBSMKfIbFU/9fSfPEGV1uHB7wnRu9ydbvK6ZzjqJwkFauXsyks/FN4MwDsXjA==","size":139212624}],"path":"ComfyUI Setup 0.8.36 - Build 260427msvfsz37n-x64.exe","sha512":"RVR9kwG+VrRVIsHCPJB7N8l3FRBSMKfIbFU/9fSfPEGV1uHB7wnRu9ydbvK6ZzjqJwkFauXsyks/FN4MwDsXjA==","releaseDate":"2026-04-27T21:14:15.783Z"}
[2026-05-08 04:27:10.598] [info]  Python server is ready
[2026-05-08 04:28:06.452] [info]  Python process exited successfully
[2026-05-08 04:28:17.204] [info]  Starting app v0.8.36
