[2026-05-10 03:25:36.151] [SRV] [2026-05-10 03:25:36.151] [info]  setup plugin alembic.autogenerate.schemas
[2026-05-10 03:25:36.151] [SRV] setup plugin alembic.autogenerate.tables
[2026-05-10 03:25:36.151] [SRV] 
[2026-05-10 03:25:36.153] [SRV] [2026-05-10 03:25:36.153] [info]  setup plugin alembic.autogenerate.types
[2026-05-10 03:25:36.153] [SRV] setup plugin alembic.autogenerate.constraints
[2026-05-10 03:25:36.153] [SRV] setup plugin alembic.autogenerate.defaults
[2026-05-10 03:25:36.153] [SRV] setup plugin alembic.autogenerate.comments
[2026-05-10 03:25:36.153] [SRV] 
[2026-05-10 03:25:36.632] [SRV] [2026-05-10 03:25:36.632] [info]  Adding extra search path custom_nodes C:\Users\runneradmin\Documents\ComfyUI\custom_nodes
[2026-05-10 03:25:36.632] [SRV] 
[2026-05-10 03:25:36.634] [SRV] [2026-05-10 03:25:36.634] [info]  Adding extra search path download_model_base C:\Users\runneradmin\Documents\ComfyUI\models
[2026-05-10 03:25:36.634] [SRV] Adding extra search path custom_nodes C:\Users\runneradmin\.comfy-test-cache\desktop\ComfyUI\resources\ComfyUI\custom_nodes
[2026-05-10 03:25:36.634] [SRV] Setting output directory to: C:\Users\runneradmin\Documents\ComfyUI\output
[2026-05-10 03:25:36.634] [SRV] Setting input directory to: C:\Users\runneradmin\Documents\ComfyUI\input
[2026-05-10 03:25:36.634] [SRV] Setting user directory to: C:\Users\runneradmin\Documents\ComfyUI\user
[2026-05-10 03:25:36.634] [SRV] 
[2026-05-10 03:25:38.243] [SRV] [2026-05-10 03:25:38.243] [info]  [START] Security scan
[2026-05-10 03:25:38.243] [SRV] [DONE] Security scan
[2026-05-10 03:25:38.243] [SRV] ** ComfyUI startup time: 
[2026-05-10 03:25:38.244] [SRV] [2026-05-10 03:25:38.244] [info]  2026-05-10 03:25:38.243
[2026-05-10 03:25:38.244] [SRV] ** Platform: Windows
[2026-05-10 03:25:38.244] [SRV] ** Python version: 3.12.11 (main, Aug 18 2025, 19:17:54) [MSC v.1944 64 bit (AMD64)]
[2026-05-10 03:25:38.244] [SRV] ** Python executable: C:\Users\runneradmin\Documents\ComfyUI\.venv\Scripts\python.exe
[2026-05-10 03:25:38.244] [SRV] ** ComfyUI Path: C:\Users\runneradmin\.comfy-test-cache\desktop\ComfyUI\resources\ComfyUI
[2026-05-10 03:25:38.244] [SRV] ** ComfyUI Base Folder Path: C:\Users\runneradmin\.comfy-test-cache\desktop\ComfyUI\resources\ComfyUI
[2026-05-10 03:25:38.244] [SRV] 
[2026-05-10 03:25:38.246] [SRV] [2026-05-10 03:25:38.246] [info]  ** User directory: C:\Users\runneradmin\Documents\ComfyUI\user
[2026-05-10 03:25:38.246] [SRV] ** ComfyUI-Manager config path: C:\Users\runneradmin\Documents\ComfyUI\user\__manager\config.ini
[2026-05-10 03:25:38.246] [SRV] ** Log path: C:\Users\runneradmin\Documents\ComfyUI\user\comfyui.log
[2026-05-10 03:25:38.246] [SRV] 
[2026-05-10 03:25:39.417] [SRV] [2026-05-10 03:25:39.417] [info]  [ComfyUI-Manager] Skipped fixing the 'comfyui-frontend-package' dependency because the ComfyUI is outdated.
[2026-05-10 03:25:39.417] [SRV] 
[2026-05-10 03:25:39.418] [SRV] [2026-05-10 03:25:39.418] [info]  [PRE] ComfyUI-Manager
[2026-05-10 03:25:39.418] [SRV] 
[2026-05-10 03:25:39.725] [SRV] [2026-05-10 03:25:39.725] [error] [comfy-env] ComfyUI-DepthAnythingV3: 1 isolation env(s):
[2026-05-10 03:25:39.727] [SRV] [2026-05-10 03:25:39.727] [error] 
[2026-05-10 03:25:39.727] [SRV] [comfy-env]   nodes -> C:\Users\runneradmin\Documents\ComfyUI\custom_nodes\ComfyUI-DepthAnythingV3\nodes
[2026-05-10 03:25:39.727] [SRV] [comfy-env] prestartup complete
[2026-05-10 03:25:39.727] [SRV] 
[2026-05-10 03:25:39.760] [SRV] [2026-05-10 03:25:39.760] [error] [comfy-env] ComfyUI-GeometryPack: 1 isolation env(s):
[2026-05-10 03:25:39.761] [SRV] [2026-05-10 03:25:39.761] [error] 
[2026-05-10 03:25:39.761] [SRV] [comfy-env]   nodes -> C:\Users\runneradmin\Documents\ComfyUI\custom_nodes\ComfyUI-GeometryPack\nodes
[2026-05-10 03:25:39.761] [SRV] [comfy-env] prestartup complete
[2026-05-10 03:25:39.761] [SRV] 
[2026-05-10 03:25:42.645] [SRV] [2026-05-10 03:25:42.645] [info]  Found comfy_kitchen backend cuda: {'available': False, 'disabled': True, 'unavailable_reason': 'CUDA not available on this system', 'capabilities': []}
[2026-05-10 03:25:42.645] [SRV] 
[2026-05-10 03:25:42.647] [SRV] [2026-05-10 03:25:42.647] [info]  Found comfy_kitchen backend triton: {'available': False, 'disabled': True, 'unavailable_reason': "ImportError: No module named 'triton'", 'capabilities': []}
[2026-05-10 03:25:42.647] [SRV] Found comfy_kitchen backend eager: {'available': True, 'disabled': False, 'unavailable_reason': None, 'capabilities': ['apply_rope', 'apply_rope1', 'dequantize_mxfp8', 'dequantize_nvfp4', 'dequantize_per_tensor_fp8', 'quantize_mxfp8', 'quantize_nvfp4', 'quantize_per_tensor_fp8', 'scaled_mm_mxfp8', 'scaled_mm_nvfp4']}
[2026-05-10 03:25:42.647] [SRV] 
[2026-05-10 03:25:42.655] [SRV] [2026-05-10 03:25:42.655] [info]  Checkpoint files will always be loaded safely.
[2026-05-10 03:25:42.655] [SRV] 
[2026-05-10 03:25:42.673] [SRV] [2026-05-10 03:25:42.673] [info]  Total VRAM 16379 MB, total RAM 16379 MB
[2026-05-10 03:25:42.673] [SRV] 
[2026-05-10 03:25:42.674] [SRV] [2026-05-10 03:25:42.674] [info]  pytorch version: 2.11.0+cpu
[2026-05-10 03:25:42.674] [SRV] Set vram state to: DISABLED
[2026-05-10 03:25:42.674] [SRV] Device: cpu
[2026-05-10 03:25:42.674] [SRV] 
[2026-05-10 03:25:42.903] [SRV] [2026-05-10 03:25:42.903] [info]  Using sub quadratic optimization for attention, if you have memory or speed issues try using: --use-split-cross-attention
[2026-05-10 03:25:42.903] [SRV] 
[2026-05-10 03:25:45.652] [SRV] [2026-05-10 03:25:45.652] [info]  Python version: 3.12.11 (main, Aug 18 2025, 19:17:54) [MSC v.1944 64 bit (AMD64)]
[2026-05-10 03:25:45.652] [SRV] 
[2026-05-10 03:25:45.653] [SRV] [2026-05-10 03:25:45.653] [info]  ComfyUI version: 0.20.1
[2026-05-10 03:25:45.653] [SRV] comfy-aimdo version: 0.2.14
[2026-05-10 03:25:45.653] [SRV] 
[2026-05-10 03:25:45.655] [SRV] [2026-05-10 03:25:45.655] [info]  comfy-kitchen version: 0.2.8
[2026-05-10 03:25:45.655] [SRV] 
[2026-05-10 03:25:45.656] [SRV] [2026-05-10 03:25:45.656] [info]  [Prompt Server] web root: C:\Users\runneradmin\.comfy-test-cache\desktop\ComfyUI\resources\ComfyUI\web_custom_versions\desktop_app
[2026-05-10 03:25:45.656] [SRV] 
[2026-05-10 03:25:45.658] [SRV] [2026-05-10 03:25:45.658] [info]  Asset seeder disabled
[2026-05-10 03:25:45.658] [SRV] 
[2026-05-10 03:25:45.659] [SRV] [2026-05-10 03:25:45.659] [info]  [START] ComfyUI-Manager
[2026-05-10 03:25:45.659] [SRV] 
[2026-05-10 03:25:45.790] [SRV] [2026-05-10 03:25:45.790] [info]  [ComfyUI-Manager] Using GitPython backend
[2026-05-10 03:25:45.790] [SRV] 
[2026-05-10 03:25:45.850] [SRV] [2026-05-10 03:25:45.850] [info]  [ComfyUI-Manager] network_mode: public
[2026-05-10 03:25:45.850] [SRV] 
[2026-05-10 03:25:45.856] [SRV] [2026-05-10 03:25:45.856] [info]  [ComfyUI-Manager] The matrix sharing feature has been disabled because the `matrix-nio` dependency is not installed.
[2026-05-10 03:25:45.856] [SRV] 	To use this feature, please run the following command:
[2026-05-10 03:25:45.856] [SRV] 	C:\Users\runneradmin\Documents\ComfyUI\.venv\Scripts\python.exe -m pip install matrix-nio
[2026-05-10 03:25:45.856] [SRV] 
[2026-05-10 03:25:45.856] [SRV] 
[2026-05-10 03:25:47.510] [SRV] [2026-05-10 03:25:47.510] [error] [comfy-env] Version: 0.3.78
[2026-05-10 03:25:47.513] [SRV] [2026-05-10 03:25:47.513] [error] 
[2026-05-10 03:25:47.513] [SRV] 
[2026-05-10 03:25:49.898] [SRV] [2026-05-10 03:25:49.898] [info]  [comfy-env] Removed stale temp dir: C:\Users\RUNNER~1\AppData\Local\Temp\comfyui_pvenv_lnmolp7o
[2026-05-10 03:25:49.898] [SRV] 
[2026-05-10 03:25:51.261] [SRV] [2026-05-10 03:25:51.261] [error] [comfy-env] register_nodes: ComfyUI-DepthAnythingV3
[2026-05-10 03:25:51.263] [SRV] [2026-05-10 03:25:51.263] [error] 
[2026-05-10 03:25:51.263] [SRV] 
[2026-05-10 03:25:51.266] [SRV] [2026-05-10 03:25:51.266] [error] [comfy-env] ComfyUI source dir: C:\Users\runneradmin\.comfy-test-cache\desktop\ComfyUI\resources\ComfyUI
[2026-05-10 03:25:51.267] [SRV] [2026-05-10 03:25:51.267] [error] 
[2026-05-10 03:25:51.267] [SRV] 
[2026-05-10 03:25:51.269] [SRV] [2026-05-10 03:25:51.269] [error] [comfy-env] Scanning nodes metadata (isolation root)...
[2026-05-10 03:25:51.271] [SRV] [2026-05-10 03:25:51.271] [error] 
[2026-05-10 03:25:51.271] [SRV] 
[2026-05-10 03:25:51.277] [SRV] [2026-05-10 03:25:51.277] [error] [comfy-env] Cache hit for nodes: 15 nodes
[2026-05-10 03:25:51.288] [SRV] [2026-05-10 03:25:51.288] [error] 
[2026-05-10 03:25:51.288] [SRV] [comfy-env] Scanned nodes root: 15 nodes (0.0s)
[2026-05-10 03:25:51.288] [SRV] 
[2026-05-10 03:25:51.297] [SRV] [2026-05-10 03:25:51.297] [error] [comfy-env] Imported nodes root: 15 nodes (isolation)
[2026-05-10 03:25:51.348] [SRV] [2026-05-10 03:25:51.348] [error] 
[2026-05-10 03:25:51.348] [SRV] [comfy-env] Registered 15 total nodes
[2026-05-10 03:25:51.348] [SRV] [comfy-env] Version: 0.3.78
[2026-05-10 03:25:51.348] [SRV] 
[2026-05-10 03:25:51.349] [SRV] [2026-05-10 03:25:51.349] [info]  loading...
[2026-05-10 03:25:51.349] [SRV] calling register_nodes
[2026-05-10 03:25:51.349] [SRV] 
[2026-05-10 03:25:51.360] [SRV] [2026-05-10 03:25:51.360] [error] [comfy-env] register_nodes: ComfyUI-GeometryPack
[2026-05-10 03:25:51.361] [SRV] [2026-05-10 03:25:51.361] [error] 
[2026-05-10 03:25:51.361] [SRV] 
[2026-05-10 03:25:51.379] [SRV] [2026-05-10 03:25:51.379] [error] [comfy-env] ComfyUI source dir: C:\Users\runneradmin\.comfy-test-cache\desktop\ComfyUI\resources\ComfyUI
[2026-05-10 03:25:51.380] [SRV] [2026-05-10 03:25:51.380] [error] 
[2026-05-10 03:25:51.380] [SRV] 
[2026-05-10 03:25:51.383] [SRV] [2026-05-10 03:25:51.383] [error] [comfy-env] Scanning nodes metadata (isolation root)...
[2026-05-10 03:25:51.384] [SRV] [2026-05-10 03:25:51.384] [error] 
[2026-05-10 03:25:51.384] [SRV] 
[2026-05-10 03:25:51.417] [SRV] [2026-05-10 03:25:51.417] [error] [comfy-env] Cache hit for nodes: 125 nodes
[2026-05-10 03:25:51.418] [SRV] [2026-05-10 03:25:51.418] [error] 
[2026-05-10 03:25:51.418] [SRV] 
[2026-05-10 03:25:51.420] [SRV] [2026-05-10 03:25:51.420] [error] [comfy-env] Scanned nodes root: 125 nodes (0.0s)
[2026-05-10 03:25:51.421] [SRV] [2026-05-10 03:25:51.421] [error] 
[2026-05-10 03:25:51.421] [SRV] 
[2026-05-10 03:25:51.424] [SRV] [2026-05-10 03:25:51.424] [error] [comfy-env] Imported nodes root: 125 nodes (isolation)
[2026-05-10 03:25:51.425] [SRV] [2026-05-10 03:25:51.425] [error] 
[2026-05-10 03:25:51.425] [SRV] [comfy-env] Registered 125 total nodes
[2026-05-10 03:25:51.426] [SRV] [2026-05-10 03:25:51.426] [error] 
[2026-05-10 03:25:51.426] [SRV] 
[2026-05-10 03:25:51.827] [SRV] [2026-05-10 03:25:51.827] [info]  
[2026-05-10 03:25:51.827] [SRV] Import times for custom nodes:
[2026-05-10 03:25:51.827] [SRV] 
[2026-05-10 03:25:51.828] [SRV] [2026-05-10 03:25:51.828] [info]     0.0 seconds: C:\Users\runneradmin\.comfy-test-cache\desktop\ComfyUI\resources\ComfyUI\custom_nodes\websocket_image_save.py
[2026-05-10 03:25:51.828] [SRV]    0.1 seconds: C:\Users\runneradmin\Documents\ComfyUI\custom_nodes\ComfyUI-VideoHelperSuite
[2026-05-10 03:25:51.828] [SRV]    0.1 seconds: C:\Users\runneradmin\Documents\ComfyUI\custom_nodes\ComfyUI-GeometryPack
[2026-05-10 03:25:51.828] [SRV]    0.3 seconds: C:\Users\runneradmin\Documents\ComfyUI\custom_nodes\ComfyUI-KJNodes
[2026-05-10 03:25:51.828] [SRV]    3.8 seconds: C:\Users\runneradmin\Documents\ComfyUI\custom_nodes\ComfyUI-DepthAnythingV3
[2026-05-10 03:25:51.828] [SRV] 
[2026-05-10 03:25:51.828] [SRV] 
[2026-05-10 03:25:51.831] [SRV] [2026-05-10 03:25:51.831] [info]  Context impl SQLiteImpl.
[2026-05-10 03:25:51.831] [SRV] 
[2026-05-10 03:25:51.832] [SRV] [2026-05-10 03:25:51.832] [info]  Will assume non-transactional DDL.
[2026-05-10 03:25:51.832] [SRV] 
[2026-05-10 03:25:51.838] [SRV] [2026-05-10 03:25:51.838] [error] Failed to initialize database. Please ensure you have installed the latest requirements. If the error persists, please report this as in future the database will be required: Could not acquire lock on database 'C:/Users/runneradmin/Documents/ComfyUI/user/comfyui.db'. Another ComfyUI process may already be using it. Use --database-url to specify a separate database file.
[2026-05-10 03:25:51.838] [SRV] 
[2026-05-10 03:25:51.917] [SRV] [2026-05-10 03:25:51.917] [info]  Starting server
[2026-05-10 03:25:51.917] [SRV] 
[2026-05-10 03:25:51.917] [SRV] 
[2026-05-10 03:25:51.918] [SRV] [2026-05-10 03:25:51.918] [info]  To see the GUI go to: http://127.0.0.1:8001
[2026-05-10 03:25:51.918] [SRV] 
[2026-05-10 03:25:54.617] [SRV] [2026-05-10 03:25:54.617] [info]  [DEPRECATION WARNING] Detected import of deprecated legacy API: /extensions/core/widgetInputs.js. This is likely caused by a custom node extension using outdated APIs. Please update your extensions or contact the extension author for an updated version.
[2026-05-10 03:25:54.617] [SRV] 
[2026-05-10 03:25:54.657] [SRV] [2026-05-10 03:25:54.657] [info]  [ComfyUI-Manager] The ComfyRegistry cache update is still in progress, so an outdated cache is being used.
[2026-05-10 03:25:54.657] [SRV] 
[2026-05-10 03:25:54.844] [SRV] [2026-05-10 03:25:54.844] [info]  FETCH DATA from: C:\Users\runneradmin\Documents\ComfyUI\.venv\Lib\site-packages\comfyui_manager\custom-node-list.json
[2026-05-10 03:25:54.889] [SRV] [2026-05-10 03:25:54.889] [info]   [DONE]
[2026-05-10 03:25:54.890] [SRV] [2026-05-10 03:25:54.890] [info]  
[2026-05-10 03:25:54.890] [SRV] 
[2026-05-10 03:25:59.270] [SRV] [2026-05-10 03:25:59.270] [info]  [ComfyUI-Manager] The ComfyRegistry cache update is still in progress, so an outdated cache is being used.
[2026-05-10 03:25:59.270] [SRV] 
[2026-05-10 03:25:59.438] [SRV] [2026-05-10 03:25:59.438] [info]  FETCH DATA from: C:\Users\runneradmin\Documents\ComfyUI\.venv\Lib\site-packages\comfyui_manager\custom-node-list.json
[2026-05-10 03:25:59.479] [SRV] [2026-05-10 03:25:59.479] [info]   [DONE]
[2026-05-10 03:25:59.480] [SRV] [2026-05-10 03:25:59.480] [info]  
[2026-05-10 03:25:59.480] [SRV] 
[2026-05-10 03:26:21.773] [SRV] [2026-05-10 03:26:21.773] [info]  got prompt
[2026-05-10 03:26:21.773] [SRV] 
[2026-05-10 03:26:21.815] [SRV] [2026-05-10 03:26:21.815] [info]  [ComfyUI-DepthAnythingV3] python: C:\Users\runneradmin\Documents\ComfyUI\.ce\.pixi\envs\depthanythingv3-nodes\python.exe
[2026-05-10 03:26:21.817] [SRV] [2026-05-10 03:26:21.817] [info]  
[2026-05-10 03:26:21.817] [SRV] [ComfyUI-DepthAnythingV3] sys_path sent to worker: ['C:\\Users\\runneradmin\\.comfy-test-cache\\desktop\\ComfyUI\\resources\\ComfyUI', 'C:\\Users\\runneradmin\\Documents\\ComfyUI\\custom_nodes\\ComfyUI-DepthAnythingV3', 'C:\\Users\\runneradmin\\Documents\\ComfyUI\\.ce\\.pixi\\envs\\depthanythingv3-nodes\\Lib\\site-packages', 'C:\\Users\\runneradmin\\Documents\\ComfyUI\\custom_nodes\\ComfyUI-DepthAnythingV3']
[2026-05-10 03:26:21.817] [SRV] 
[2026-05-10 03:26:27.935] [SRV] [2026-05-10 03:26:27.935] [error] [ComfyUI-DepthAnythingV3] Health check: ping (timeout=5.0s)...
[2026-05-10 03:26:27.938] [SRV] [2026-05-10 03:26:27.938] [error] 
[2026-05-10 03:26:27.938] [SRV] 
[2026-05-10 03:26:27.952] [SRV] [2026-05-10 03:26:27.952] [error] [ComfyUI-DepthAnythingV3] Health check: ok
[2026-05-10 03:26:27.952] [SRV] 
[2026-05-10 03:26:29.234] [SRV] [2026-05-10 03:26:29.234] [error] [worker:ComfyUI-DepthAnythingV3] WARNING: WARNING: This model does not support sky segmentation. V2-Style normalization will work but without sky masking. Use Mono/Metric/Nested models for best V2-Style results.
[2026-05-10 03:26:29.234] [SRV] 
[2026-05-10 03:27:13.816] [SRV] [2026-05-10 03:27:13.816] [info]  FETCH ComfyRegistry Data [DONE]
[2026-05-10 03:27:13.816] [SRV] 
[2026-05-10 03:27:14.250] [SRV] [2026-05-10 03:27:14.250] [info]  [ComfyUI-Manager] default cache updated: https://api.comfy.org/nodes
[2026-05-10 03:27:14.250] [SRV] 
[2026-05-10 03:27:14.313] [SRV] [2026-05-10 03:27:14.313] [info]  FETCH DATA from: C:\Users\runneradmin\Documents\ComfyUI\user\__manager\cache\1514988643_custom-node-list.json
[2026-05-10 03:27:14.334] [SRV] [2026-05-10 03:27:14.334] [info]   [DONE]
[2026-05-10 03:27:14.334] [SRV] 
[2026-05-10 03:27:14.421] [SRV] [2026-05-10 03:27:14.421] [info]  [ComfyUI-Manager] All startup tasks have been completed.
[2026-05-10 03:27:14.421] [SRV] 
[2026-05-10 03:27:49.236] [SRV] [2026-05-10 03:27:49.236] [info]  Prompt executed in 87.46 seconds
[2026-05-10 03:27:49.236] [SRV] 