Capturing execution frames: advanced.json
  [ComfyUI] [DEPRECATION WARNING] Detected import of deprecated legacy API: /extensions/core/widgetInputs.js. This is likely caused by a custom node extension using outdated APIs. Please update your extensions or contact the extension author for an updated version.
  Frame 1 saved (frame_000.jpg, t=0.0s)
  Validating workflow...
  [ComfyUI] === /validate endpoint called ===
  [ComfyUI] Received JSON with keys: ['prompt']
  [ComfyUI] Prompt has 11 nodes
  [ComfyUI]   Node 2: LoadImage
  [ComfyUI]     Inputs: {"image": "bridge.jpg"}
  [ComfyUI]   Node 3: DownloadAndLoadDepthAnythingV3Model
  [ComfyUI]     Inputs: {"model": "da3_large.safetensors", "precision": "auto", "attention": "auto"}
  [ComfyUI]   Node 4: PreviewImage
  [ComfyUI]     Inputs: {"images": ["12", 0]}
  [ComfyUI]   Node 6: PreviewImage
  Queuing workflow for execution...
  [ComfyUI]     Inputs: {"images": ["12", 1]}
  [ComfyUI]   Node 7: PreviewImage
  [ComfyUI]     Inputs: {"images": ["12", 2]}
  [ComfyUI]   Node 8: PreviewImage
  [ComfyUI]     Inputs: {"images": ["12", 3]}
  [ComfyUI]   Node 9: PreviewAny
  [ComfyUI]     Inputs: {"source": ["12", 6]}
  [ComfyUI]   Node 10: PreviewAny
  [ComfyUI]     Inputs: {"source": ["12", 5]}
  [ComfyUI]   Node 11: MaskPreview
  [ComfyUI]     Inputs: {"mask": ["12", 7]}
  [ComfyUI]   Node 12: DepthAnything_V3
  [ComfyUI]     Inputs: {"normalization_mode": "V2-Style", "resize_method": "resize", "invert_depth": false, "keep_model_size": false, "da3_model": ["3", 0], "images": ["2", 0]}
  [ComfyUI]   Node 13: PreviewImage
  [ComfyUI]     Inputs: {"images": ["12", 4]}
  [ComfyUI] Generated prompt_id: 59af087d-8b27-4e0c-a354-f059c4476668
  [ComfyUI] Calling execution.validate_prompt()...
  [ComfyUI] Validation result: valid=True
  [ComfyUI] === Validation PASSED ===
  [ComfyUI] got prompt
  [ComfyUI] [comfy-env] Running DownloadAndLoadDepthAnythingV3Model: model: 'da3_large.safetensors', precision: 'auto', attention: 'auto'
  [ComfyUI] [comfy-env] SubprocessWorker: /Users/runner/.ce/.pixi/envs/depthanythingv3-nodes/bin/python
  [ComfyUI] [comfy-env] env_vars: {'COMFYUI_BASE': '/Users/runner/work/comfy-gpu-ci/comfy-gpu-ci/test_workspaces/DepthAnythingV3-2146/ComfyUI'}
  [ComfyUI] [SubprocessWorker] call_method: nodes.load_model.DownloadAndLoadDepthAnythingV3Model.EXECUTE_NORMALIZED
  [ComfyUI] [SubprocessWorker] acquired lock, ensuring started...
  [ComfyUI] [ComfyUI-DepthAnythingV3] python: /Users/runner/.ce/.pixi/envs/depthanythingv3-nodes/bin/python
  [ComfyUI] [ComfyUI-DepthAnythingV3] sys_path sent to worker: ['/Users/runner/work/comfy-gpu-ci/comfy-gpu-ci/test_workspaces/DepthAnythingV3-2146/ComfyUI', '/Users/runner/work/comfy-gpu-ci/comfy-gpu-ci/test_workspaces/DepthAnythingV3-2146/ComfyUI/custom_nodes/ComfyUI-DepthAnythingV3', '/Users/runner/.ce/.pixi/envs/depthanythingv3-nodes/lib/python3.1/site-packages', '/Users/runner/work/comfy-gpu-ci/comfy-gpu-ci/test_workspaces/DepthAnythingV3-2146/ComfyUI/custom_nodes/ComfyUI-DepthAnythingV3']
  [ComfyUI] [SubprocessWorker] is_pixi=True, python=/Users/runner/.ce/.pixi/envs/depthanythingv3-nodes/bin/python
  [ComfyUI] [SubprocessWorker] launching cmd=['/Users/runner/.pixi/bin/pixi', 'run', '--as-is', '--manifest-path', '/Users/runner/.ce/pixi.toml', '-e', 'depthanythingv3-nodes', 'python', '/var/folders/tb/y368xp_x10s3ty1b_mtl5mxr0000gn/T/comfyui_pvenv_tvapqr5v/persistent_worker.py', 'unix:///var/folders/tb/y368xp_x10s3ty1b_mtl5mxr0000gn/T/comfy_worker_c0d324932718.sock']...
  [ComfyUI] [SubprocessWorker] socket_addr=unix:///var/folders/tb/y368xp_x10s3ty1b_mtl5mxr0000gn/T/comfy_worker_c0d324932718.sock exists=True
  Frame 2 saved (frame_001.jpg, t=2.5s)
  [capture-periodic] freeze=4ms shot=140ms unfreeze=7ms saved=True
  [ComfyUI] [worker:ComfyUI-DepthAnythingV3] ERROR: Failed to import comfy_kitchen, Error: No module named 'comfy_kitchen', fp8 and fp4 support will not be available.
  Frame 3 saved (frame_002.jpg, t=4.8s)
  [capture-periodic] freeze=4ms shot=102ms unfreeze=5ms saved=True
  [ComfyUI] [SubprocessWorker] worker started/confirmed
  [ComfyUI] [SubprocessWorker] serializing kwargs to shm...
  [ComfyUI] [SubprocessWorker] created 0 shm blocks
  [ComfyUI] [SubprocessWorker] sending request via socket...
  [ComfyUI] [SubprocessWorker] call_id=1 sending call_method
  [capture-loop] iter=50 t=6.3s state={'complete': False, 'error': None, 'executedCount': 0, 'wsState': 1} eval_ms=3 ram=3.8/7.0GB (59%) swap=0.0/0.0GB (0%) cpu=72% browser_rss=0.64GB
  [ComfyUI] Warning: You are sending unauthenticated requests to the HF Hub. Please set a HF_TOKEN to enable higher rate limits and faster downloads.
  [ComfyUI] [worker:ComfyUI-DepthAnythingV3] WARNING: Warning: You are sending unauthenticated requests to the HF Hub. Please set a HF_TOKEN to enable higher rate limits and faster downloads.
  [ComfyUI] 
  [ComfyUI] model.safetensors:   0%|          | 0.00/1.64G [00:00<?, ?B/s]
  [ComfyUI] model.safetensors:  16%|█▋        | 268M/1.64G [00:04<00:20, 66.7MB/s][SubprocessWorker] callback 'report_progress' from call_id=1
  [capture-loop] iter=100 t=13.0s state={'complete': False, 'error': None, 'executedCount': 0, 'wsState': 1} eval_ms=14 ram=3.8/7.0GB (60%) swap=0.0/0.0GB (0%) cpu=74% browser_rss=0.59GB
  [ComfyUI] 
  [ComfyUI] model.safetensors:  24%|██▍       | 402M/1.64G [00:06<00:19, 62.2MB/s][SubprocessWorker] callback 'report_progress' from call_id=1
  [ComfyUI] 
  [ComfyUI] model.safetensors:  29%|██▊       | 470M/1.64G [00:06<00:15, 77.6MB/s][SubprocessWorker] callback 'report_progress' from call_id=1
  Frame 4 saved (frame_003.jpg, t=14.3s)
  [capture-periodic] freeze=27ms shot=687ms unfreeze=47ms saved=True
  Frame 5 saved (frame_004.jpg, t=17.2s)
  [capture-periodic] freeze=70ms shot=730ms unfreeze=11ms saved=True
  [capture-loop] iter=150 t=22.0s state={'complete': False, 'error': None, 'executedCount': 0, 'wsState': 1} eval_ms=3 ram=3.7/7.0GB (60%) swap=0.0/0.0GB (0%) cpu=99% browser_rss=0.45GB
  [ComfyUI] 
  [ComfyUI] model.safetensors:  45%|████▍     | 738M/1.64G [00:17<00:26, 34.7MB/s][SubprocessWorker] callback 'report_progress' from call_id=1
  Frame 6 saved (frame_005.jpg, t=25.5s)
  [capture-periodic] freeze=36ms shot=404ms unfreeze=70ms saved=True
  [ComfyUI] 
  [ComfyUI] model.safetensors:  62%|██████▏   | 1.02G/1.64G [00:18<00:10, 58.5MB/s][SubprocessWorker] callback 'report_progress' from call_id=1
  [ComfyUI] 
  [ComfyUI] model.safetensors:  73%|███████▎  | 1.21G/1.64G [00:20<00:06, 63.9MB/s][SubprocessWorker] callback 'report_progress' from call_id=1
  Frame 7 saved (frame_006.jpg, t=28.5s)
  [capture-periodic] freeze=30ms shot=330ms unfreeze=78ms saved=True
  [ComfyUI] 
  [ComfyUI] model.safetensors:  86%|████████▌ | 1.41G/1.64G [00:22<00:03, 74.4MB/s][SubprocessWorker] callback 'report_progress' from call_id=1
  [capture-loop] iter=200 t=30.7s state={'complete': False, 'error': None, 'executedCount': 0, 'wsState': 1} eval_ms=20 ram=3.7/7.0GB (61%) swap=0.0/0.0GB (0%) cpu=96% browser_rss=0.45GB
  [ComfyUI] 
  [ComfyUI] model.safetensors: 100%|██████████| 1.64G/1.64G [00:22<00:00, 110MB/s] [SubprocessWorker] callback 'report_progress' from call_id=1
  [ComfyUI] 
  [ComfyUI] model.safetensors: 100%|██████████| 1.64G/1.64G [00:22<00:00, 72.2MB/s]
  [ComfyUI] [SubprocessWorker] got response: ok
  [ComfyUI] [comfy-env] DownloadAndLoadDepthAnythingV3Model done (30.35s): result: NodeOutput
  [ComfyUI] [comfy-env] Running DepthAnything_V3: normalization_mode: 'V2-Style', resize_method: 'resize', invert_depth: False, keep_model_size: False, da3_model: dict, images: torch.float32 [1,683,1024,3] cpu
  [ComfyUI] [SubprocessWorker] call_method: nodes.nodes_inference.DepthAnything_V3.EXECUTE_NORMALIZED
  [ComfyUI] [SubprocessWorker] acquired lock, ensuring started...
  [ComfyUI] [ComfyUI-DepthAnythingV3] Health check: ping (timeout=5.0s)...
  [ComfyUI] [ComfyUI-DepthAnythingV3] Health check: ok
  [ComfyUI] [SubprocessWorker] worker started/confirmed
  [ComfyUI] [comfy-env] PRE-SERIALIZE 'images' shape: torch.Size([1, 683, 1024, 3])
  [ComfyUI] [SubprocessWorker] serializing kwargs to shm...
  Frame 8 saved (frame_007.jpg, t=31.0s)
  [capture-periodic] freeze=5ms shot=141ms unfreeze=4ms saved=True
  [ComfyUI] [SubprocessWorker] created 0 shm blocks
  [ComfyUI] [SubprocessWorker] sending request via socket...
  [ComfyUI] [SubprocessWorker] call_id=2 sending call_method
  [ComfyUI] [worker:ComfyUI-DepthAnythingV3] [comfy-env] _from_shm got dict with keys: ['__type__', 'strategy', 'manager_path', 'storage_key', 'storage_size']
  [ComfyUI] [worker:ComfyUI-DepthAnythingV3] [comfy-env] DESERIALIZE TensorRef: tensor_size=[1, 683, 1024, 3]
  [ComfyUI] [worker:ComfyUI-DepthAnythingV3] [comfy-env] DESERIALIZED tensor shape: torch.Size([1, 683, 1024, 3])
  Frame 9 saved (frame_008.jpg, t=33.2s)
  [capture-periodic] freeze=9ms shot=188ms unfreeze=4ms saved=True
  [ComfyUI] [worker:ComfyUI-DepthAnythingV3] WARNING: No comfy kitchen, using old apply_rope functions.
  [capture-loop] iter=250 t=37.1s state={'complete': False, 'error': None, 'executedCount': 0, 'wsState': 1} eval_ms=5 ram=3.8/7.0GB (60%) swap=0.0/0.0GB (0%) cpu=63% browser_rss=0.45GB
  [capture-loop] iter=300 t=43.1s state={'complete': False, 'error': None, 'executedCount': 0, 'wsState': 1} eval_ms=3 ram=3.7/7.0GB (61%) swap=0.0/0.0GB (0%) cpu=52% browser_rss=0.45GB
  [capture-loop] iter=350 t=49.4s state={'complete': False, 'error': None, 'executedCount': 0, 'wsState': 1} eval_ms=7 ram=3.4/7.0GB (65%) swap=0.0/0.0GB (0%) cpu=61% browser_rss=0.45GB
  [ComfyUI] [SubprocessWorker] callback 'request_vram_budget' from call_id=2
  [ComfyUI] [comfy-env] VRAM request: 0.82GB, free before eviction: 2.33GB
  [ComfyUI] [comfy-env] VRAM after eviction: 2.33GB
  [capture-loop] iter=400 t=55.7s state={'complete': False, 'error': None, 'executedCount': 0, 'wsState': 1} eval_ms=6 ram=3.5/7.0GB (77%) swap=0.0/0.0GB (0%) cpu=69% browser_rss=0.27GB
  [ComfyUI] [worker:ComfyUI-DepthAnythingV3] WARNING: WARNING: This model does not support sky segmentation. V2-Style normalization will work but without sky masking. Use Mono/Metric/Nested models for best V2-Style results.
  [ComfyUI] [worker:ComfyUI-DepthAnythingV3]
  [ComfyUI] === WATCHDOG TICK 1 ===
  [ComfyUI] [worker:ComfyUI-DepthAnythingV3] Thread 0x0000000171e5f000 (most recent call first):
  [ComfyUI]   File "/Users/runner/.ce/.pixi/envs/depthanythingv3-nodes/lib/python3.12/threading.py", line 359 in wait
  [ComfyUI]   File "/Users/runner/.ce/.pixi/envs/depthanythingv3-nodes/lib/python3.12/threading.py", line 655 in wait
  [ComfyUI]   File "/Users/runner/.ce/.pixi/envs/depthanythingv3-nodes/lib/python3.12/site-packages/tqdm/_monitor.py", line 60 in run
  [ComfyUI]   File "/Users/runner/.ce/.pixi/envs/depthanythingv3-nodes/lib/python3.12/threading.py", line 1075 in _bootstrap_inner
  [ComfyUI]   File "/Users/runner/.ce/.pixi/envs/depthanythingv3-nodes/lib/python3.12/threading.py", line 1032 in _bootstrap
  [ComfyUI] 
  [ComfyUI] Current thread 0x0000000170b2f000 (most recent call first):
  [ComfyUI]   File "/var/folders/tb/y368xp_x10s3ty1b_mtl5mxr0000gn/T/comfyui_pvenv_tvapqr5v/persistent_worker.py", line 52 in _watchdog
  [ComfyUI]   File "/Users/runner/.ce/.pixi/envs/depthanythingv3-nodes/lib/python3.12/threading.py", line 1012 in run
  [ComfyUI]   File "/Users/runner/.ce/.pixi/envs/depthanythingv3-nodes/lib/python3.12/threading.py", line 1075 in _bootstrap_inner
  [ComfyUI]   File "/Users/runner/.ce/.pixi/envs/depthanythingv3-nodes/lib/python3.12/threading.py", line 1032 in _bootstrap
  [ComfyUI] 
  [ComfyUI] Thread 0x00000001f65fe240 (most recent call first):
  [ComfyUI]   File "/Users/runner/.ce/.pixi/envs/depthanythingv3-nodes/lib/python3.12/site-packages/torch/nn/modules/conv.py", line 548 in _conv_forward
  [ComfyUI]   File "/Users/runner/work/comfy-gpu-ci/comfy-gpu-ci/test_workspaces/DepthAnythingV3-2146/ComfyUI/comfy/ops.py", line 509 in forward_comfy_cast_weights
  [ComfyUI]   File "/Users/runner/work/comfy-gpu-ci/comfy-gpu-ci/test_workspaces/DepthAnythingV3-2146/ComfyUI/comfy/ops.py", line 516 in forward
  [ComfyUI]   File "/Users/runner/.ce/.pixi/envs/depthanythingv3-nodes/lib/python3.12/site-packages/torch/nn/modules/module.py", line 1790 in _call_impl
  [ComfyUI]   File "/Users/runner/.ce/.pixi/envs/depthanythingv3-nodes/lib/python3.12/site-packages/torch/nn/modules/module.py", line 1779 in _wrapped_call_impl
  [ComfyUI]   File "/Users/runner/work/comfy-gpu-ci/comfy-gpu-ci/test_workspaces/DepthAnythingV3-2146/ComfyUI/custom_nodes/ComfyUI-DepthAnythingV3/nodes/depth_anything_v3/model.py", line 395 in forward
  [ComfyUI]   File "/Users/runner/.ce/.pixi/envs/depthanythingv3-nodes/lib/python3.12/site-packages/torch/nn/modules/module.py", line 1790 in _call_impl
  [ComfyUI]   File "/Users/runner/.ce/.pixi/envs/depthanythingv3-nodes/lib/python3.12/site-packages/torch/nn/modules/module.py", line 1779 in _wrapped_call_impl
  [ComfyUI]   File "/Users/runner/work/comfy-gpu-ci/comfy-gpu-ci/test_workspaces/DepthAnythingV3-2146/ComfyUI/custom_nodes/ComfyUI-DepthAnythingV3/nodes/depth_anything_v3/model.py", line 675 in prepare_tokens_with_masks
  [ComfyUI]   File "/Users/runner/work/comfy-gpu-ci/comfy-gpu-ci/test_workspaces/DepthAnythingV3-2146/ComfyUI/custom_nodes/ComfyUI-DepthAnythingV3/nodes/depth_anything_v3/model.py", line 716 in _get_intermediate_layers_not_chunked
  [ComfyUI]   File "/Users/runner/work/comfy-gpu-ci/comfy-gpu-ci/test_workspaces/DepthAnythingV3-2146/ComfyUI/custom_nodes/ComfyUI-DepthAnythingV3/nodes/depth_anything_v3/model.py", line 800 in get_intermediate_layers
  [ComfyUI]   File "/Users/runner/work/comfy-gpu-ci/comfy-gpu-ci/test_workspaces/DepthAnythingV3-2146/ComfyUI/custom_nodes/ComfyUI-DepthAnythingV3/nodes/depth_anything_v3/model.py", line 891 in forward
  [ComfyUI]   File "/Users/runner/.ce/.pixi/envs/depthanythingv3-nodes/lib/python3.12/site-packages/torch/nn/modules/module.py", line 1790 in _call_impl
  [ComfyUI]   File "/Users/runner/.ce/.pixi/envs/depthanythingv3-nodes/lib/python3.12/site-packages/torch/nn/modules/module.py", line 1779 in _wrapped_call_impl
  [ComfyUI]   File "/Users/runner/work/comfy-gpu-ci/comfy-gpu-ci/test_workspaces/DepthAnythingV3-2146/ComfyUI/custom_nodes/ComfyUI-DepthAnythingV3/nodes/depth_anything_v3/model.py", line 1560 in forward
  [ComfyUI]   File "/Users/runner/.ce/.pixi/envs/depthanythingv3-nodes/lib/python3.12/site-packages/torch/nn/modules/module.py", line 1790 in _call_impl
  [ComfyUI]   File "/Users/runner/.ce/.pixi/envs/depthanythingv3-nodes/lib/python3.12/site-packages/torch/nn/modules/module.py", line 1779 in _wrapped_call_impl
  [ComfyUI]   File "/Users/runner/work/comfy-gpu-ci/comfy-gpu-ci/test_workspaces/DepthAnythingV3-2146/ComfyUI/custom_nodes/ComfyUI-DepthAnythingV3/nodes/nodes_inference.py", line 156 in execute
  [ComfyUI]   File "/Users/runner/work/comfy-gpu-ci/comfy-gpu-ci/test_workspaces/DepthAnythingV3-2146/ComfyUI/comfy_api/latest/_io.py", line 1833 in EXECUTE_NORMALIZED
  [ComfyUI]   File "/var/folders/tb/y368xp_x10s3ty1b_mtl5mxr0000gn/T/comfyui_pvenv_tvapqr5v/persistent_worker.py", line 1762 in main
  [ComfyUI]   File "/var/folders/tb/y368xp_x10s3ty1b_mtl5mxr0000gn/T/comfyui_pvenv_tvapqr5v/persistent_worker.py", line 1807 in <module>
  [ComfyUI] 
  [ComfyUI] [worker:ComfyUI-DepthAnythingV3] === END ===
  [ComfyUI] 
  [capture-loop] iter=450 t=62.1s state={'complete': False, 'error': None, 'executedCount': 0, 'wsState': 1} eval_ms=6 ram=3.4/7.0GB (65%) swap=0.0/0.0GB (0%) cpu=91% browser_rss=0.30GB
  [capture-loop] iter=500 t=68.4s state={'complete': False, 'error': None, 'executedCount': 0, 'wsState': 1} eval_ms=4 ram=4.1/7.0GB (75%) swap=0.0/0.0GB (0%) cpu=78% browser_rss=0.32GB
  [capture-loop] iter=550 t=74.7s state={'complete': False, 'error': None, 'executedCount': 0, 'wsState': 1} eval_ms=3 ram=4.5/7.0GB (79%) swap=0.0/0.0GB (0%) cpu=66% browser_rss=0.32GB
  [capture-loop] iter=600 t=87.9s state={'complete': False, 'error': None, 'executedCount': 0, 'wsState': 1} eval_ms=44 ram=4.4/7.0GB (80%) swap=0.2/1.0GB (19%) cpu=84% browser_rss=0.19GB
  [capture-loop] iter=650 t=95.3s state={'complete': False, 'error': None, 'executedCount': 0, 'wsState': 1} eval_ms=3 ram=2.9/7.0GB (72%) swap=0.2/1.0GB (18%) cpu=82% browser_rss=0.21GB
  [capture-loop] iter=700 t=101.8s state={'complete': False, 'error': None, 'executedCount': 0, 'wsState': 1} eval_ms=6 ram=3.6/7.0GB (85%) swap=0.2/1.0GB (18%) cpu=85% browser_rss=0.23GB
  [ComfyUI] [SubprocessWorker] callback 'report_progress' from call_id=2
  [ComfyUI] [SubprocessWorker] got response: ok
  [ComfyUI] [comfy-env] DepthAnything_V3 done (72.66s): result: NodeOutput
  Node executed (1 total), capturing...
  [ComfyUI] Prompt executed in 104.68 seconds
  Frame 10 saved (frame_009.jpg, t=105.0s)
  [capture-node] freeze=113ms shot=1434ms unfreeze=4ms saved=True
  Node executed (8 total), capturing...
  [capture-node] freeze=4ms shot=629ms unfreeze=0ms saved=False
  Execution complete (t=106.9s)
  Captured 10 unique frames over 107.5s
  [debug] iframes: 0
  [timing] trigger_3d_previews: 0.0s
  Saved high-quality screenshot: advanced_executed.png
  [timing] final_screenshot: 0.3s
    Captured 11 video frames