Capturing execution frames: advanced_3d.json
  Frame 1 saved (frame_000.jpg, t=0.0s)
  Validating workflow...
  Queuing workflow for execution...
  Frame 2 saved (frame_001.jpg, t=2.8s)
  [capture-periodic] freeze=11ms shot=391ms unfreeze=41ms saved=True
  Frame 3 saved (frame_002.jpg, t=5.3s)
  [capture-periodic] freeze=8ms shot=453ms unfreeze=44ms saved=True
  [capture-loop] iter=50 t=7.8s state={'complete': False, 'error': None, 'executedCount': 0, 'wsState': 1} eval_ms=7 ram=2.3/7.0GB (38%) swap=0.5/1.0GB (51%) cpu=84% browser_rss=0.59GB
  Frame 4 saved (frame_003.jpg, t=10.5s)
  [capture-periodic] freeze=6ms shot=415ms unfreeze=54ms saved=True
  Frame 5 saved (frame_004.jpg, t=13.1s)
  [capture-periodic] freeze=57ms shot=618ms unfreeze=80ms saved=True
  [capture-loop] iter=100 t=15.8s state={'complete': False, 'error': None, 'executedCount': 0, 'wsState': 1} eval_ms=13 ram=2.7/7.0GB (43%) swap=0.5/1.0GB (50%) cpu=73% browser_rss=0.59GB
  Frame 6 saved (frame_005.jpg, t=16.1s)
  [capture-periodic] freeze=13ms shot=464ms unfreeze=74ms saved=True
  Frame 7 saved (frame_006.jpg, t=21.4s)
  [capture-periodic] freeze=10ms shot=707ms unfreeze=70ms saved=True
  Frame 8 saved (frame_007.jpg, t=24.3s)
  [capture-periodic] freeze=7ms shot=619ms unfreeze=136ms saved=True
  [capture-loop] iter=150 t=25.3s state={'complete': False, 'error': None, 'executedCount': 0, 'wsState': 1} eval_ms=29 ram=3.2/7.0GB (50%) swap=0.5/1.0GB (50%) cpu=91% browser_rss=0.54GB
  Frame 9 saved (frame_008.jpg, t=27.2s)
  [capture-periodic] freeze=10ms shot=599ms unfreeze=61ms saved=True
  Frame 10 saved (frame_009.jpg, t=30.1s)
  [capture-periodic] freeze=10ms shot=450ms unfreeze=37ms saved=True
  [capture-loop] iter=200 t=33.5s state={'complete': False, 'error': None, 'executedCount': 0, 'wsState': 1} eval_ms=6 ram=3.4/7.0GB (53%) swap=0.5/1.0GB (49%) cpu=89% browser_rss=0.54GB
  Frame 11 saved (frame_010.jpg, t=40.4s)
  [capture-periodic] freeze=12ms shot=425ms unfreeze=64ms saved=True
  [capture-loop] iter=250 t=41.6s state={'complete': False, 'error': None, 'executedCount': 0, 'wsState': 1} eval_ms=17 ram=3.4/7.0GB (54%) swap=0.5/1.0GB (49%) cpu=89% browser_rss=0.54GB
  Frame 12 saved (frame_011.jpg, t=43.1s)
  [capture-periodic] freeze=43ms shot=529ms unfreeze=85ms saved=True
  [capture-loop] iter=300 t=49.7s state={'complete': False, 'error': None, 'executedCount': 0, 'wsState': 1} eval_ms=8 ram=3.9/7.0GB (60%) swap=0.5/1.0GB (47%) cpu=80% browser_rss=0.54GB
  Frame 13 saved (frame_012.jpg, t=51.0s)
  [capture-periodic] freeze=7ms shot=388ms unfreeze=82ms saved=True
  Frame 14 saved (frame_013.jpg, t=53.6s)
  [capture-periodic] freeze=6ms shot=450ms unfreeze=28ms saved=True
  Frame 15 saved (frame_014.jpg, t=56.3s)
  [capture-periodic] freeze=12ms shot=1528ms unfreeze=134ms saved=True
  [capture-loop] iter=350 t=59.1s state={'complete': False, 'error': None, 'executedCount': 0, 'wsState': 1} eval_ms=10 ram=3.5/7.0GB (66%) swap=0.5/1.0GB (47%) cpu=86% browser_rss=0.44GB
  Frame 16 saved (frame_015.jpg, t=60.2s)
  [capture-periodic] freeze=27ms shot=2231ms unfreeze=574ms saved=True
  Frame 17 saved (frame_016.jpg, t=67.7s)
  [capture-periodic] freeze=4ms shot=595ms unfreeze=98ms saved=True
  [capture-loop] iter=400 t=70.6s state={'complete': False, 'error': None, 'executedCount': 0, 'wsState': 1} eval_ms=6 ram=3.7/7.0GB (67%) swap=0.5/1.0GB (47%) cpu=89% browser_rss=0.32GB
  Frame 18 saved (frame_017.jpg, t=70.5s)
  [capture-periodic] freeze=5ms shot=397ms unfreeze=71ms saved=True
  Frame 19 saved (frame_018.jpg, t=73.2s)
  [capture-periodic] freeze=5ms shot=2648ms unfreeze=190ms saved=True
  Frame 20 saved (frame_019.jpg, t=78.6s)
  [capture-periodic] freeze=25ms shot=1089ms unfreeze=45ms saved=True
  Frame 21 saved (frame_020.jpg, t=81.9s)
  [capture-periodic] freeze=14ms shot=323ms unfreeze=47ms saved=True
  [capture-loop] iter=450 t=83.2s state={'complete': False, 'error': None, 'executedCount': 0, 'wsState': 1} eval_ms=5 ram=2.0/7.0GB (39%) swap=0.5/1.0GB (47%) cpu=83% browser_rss=0.32GB
  Frame 22 saved (frame_021.jpg, t=84.4s)
  [capture-periodic] freeze=10ms shot=484ms unfreeze=56ms saved=True
  Node executed (1 total), capturing...
  Frame 23 saved (frame_022.jpg, t=85.6s)
  [capture-node] freeze=13ms shot=455ms unfreeze=35ms saved=True
  Node executed (2 total), capturing...
  [capture-node] freeze=9ms shot=416ms unfreeze=0ms saved=False
  Execution complete (t=86.4s)
  Captured 23 unique frames over 88.06s
  [debug] iframes: 1
  [debug]   iframe[0]: src=http://127.0.0.1:8188/extensions/ComfyUI-DepthAnythingV3/viewer_vtk.html?v=17781, canvas=486x394, rafFrozen=True
  [timing] trigger_3d_previews: 0.0s
  Saved high-quality screenshot: advanced_3d_executed.png
  [timing] final_screenshot: 0.6s
    Captured 24 video frames