Capturing execution frames: advanced_3d_multiview.json
  Frame 1 saved (frame_000.jpg, t=0.0s)
  Validating workflow...
  Queuing workflow for execution...
  Node executed (1 total), capturing...
  Frame 2 saved (frame_001.jpg, t=1.0s)
  [capture-node] freeze=26ms shot=430ms unfreeze=63ms saved=True
  Frame 3 saved (frame_002.jpg, t=3.6s)
  [capture-periodic] freeze=27ms shot=460ms unfreeze=58ms saved=True
  Frame 4 saved (frame_003.jpg, t=6.3s)
  [capture-periodic] freeze=13ms shot=386ms unfreeze=85ms saved=True
  [capture-loop] iter=50 t=8.6s state={'complete': False, 'error': None, 'executedCount': 1, 'wsState': 1} eval_ms=12 ram=3.4/7.0GB (55%) swap=0.4/1.0GB (45%) cpu=76% browser_rss=0.54GB
  Frame 5 saved (frame_004.jpg, t=14.4s)
  [capture-periodic] freeze=33ms shot=422ms unfreeze=51ms saved=True
  [capture-loop] iter=100 t=16.9s state={'complete': False, 'error': None, 'executedCount': 1, 'wsState': 1} eval_ms=7 ram=3.2/7.0GB (53%) swap=0.4/1.0GB (45%) cpu=95% browser_rss=0.52GB
  Frame 6 saved (frame_005.jpg, t=17.0s)
  [capture-periodic] freeze=19ms shot=427ms unfreeze=35ms saved=True
  [capture-loop] iter=150 t=25.6s state={'complete': False, 'error': None, 'executedCount': 1, 'wsState': 1} eval_ms=12 ram=3.9/7.0GB (63%) swap=0.4/1.0GB (45%) cpu=92% browser_rss=0.52GB
  [capture-loop] iter=200 t=33.4s state={'complete': False, 'error': None, 'executedCount': 1, 'wsState': 1} eval_ms=27 ram=3.2/7.0GB (54%) swap=0.4/1.0GB (45%) cpu=91% browser_rss=0.51GB
  Frame 7 saved (frame_006.jpg, t=40.6s)
  [capture-periodic] freeze=11ms shot=616ms unfreeze=71ms saved=True
  [capture-loop] iter=250 t=41.7s state={'complete': False, 'error': None, 'executedCount': 1, 'wsState': 1} eval_ms=8 ram=3.5/7.0GB (58%) swap=0.4/1.0GB (45%) cpu=91% browser_rss=0.45GB
  Frame 8 saved (frame_007.jpg, t=43.5s)
  [capture-periodic] freeze=26ms shot=569ms unfreeze=121ms saved=True
  Frame 9 saved (frame_008.jpg, t=46.4s)
  [capture-periodic] freeze=8ms shot=681ms unfreeze=163ms saved=True
  Frame 10 saved (frame_009.jpg, t=49.5s)
  [capture-periodic] freeze=23ms shot=584ms unfreeze=110ms saved=True
  [capture-loop] iter=300 t=51.1s state={'complete': False, 'error': None, 'executedCount': 1, 'wsState': 1} eval_ms=7 ram=3.2/7.0GB (55%) swap=0.4/1.0GB (45%) cpu=94% browser_rss=0.41GB
  Frame 11 saved (frame_010.jpg, t=52.3s)
  [capture-periodic] freeze=56ms shot=552ms unfreeze=101ms saved=True
  Frame 12 saved (frame_011.jpg, t=55.2s)
  [capture-periodic] freeze=25ms shot=575ms unfreeze=49ms saved=True
  Frame 13 saved (frame_012.jpg, t=58.1s)
  [capture-periodic] freeze=20ms shot=480ms unfreeze=112ms saved=True
  [capture-loop] iter=350 t=59.9s state={'complete': False, 'error': None, 'executedCount': 1, 'wsState': 1} eval_ms=12 ram=3.2/7.0GB (55%) swap=0.4/1.0GB (45%) cpu=92% browser_rss=0.40GB
  Frame 14 saved (frame_013.jpg, t=60.9s)
  [capture-periodic] freeze=43ms shot=389ms unfreeze=54ms saved=True
  Frame 15 saved (frame_014.jpg, t=63.5s)
  [capture-periodic] freeze=11ms shot=291ms unfreeze=21ms saved=True
  Frame 16 saved (frame_015.jpg, t=65.9s)
  [capture-periodic] freeze=4ms shot=249ms unfreeze=21ms saved=True
  [capture-loop] iter=400 t=67.2s state={'complete': False, 'error': None, 'executedCount': 1, 'wsState': 1} eval_ms=4 ram=3.8/7.0GB (64%) swap=0.4/1.0GB (45%) cpu=92% browser_rss=0.39GB
  Frame 17 saved (frame_016.jpg, t=68.3s)
  [capture-periodic] freeze=20ms shot=280ms unfreeze=24ms saved=True
  Frame 18 saved (frame_017.jpg, t=73.2s)
  [capture-periodic] freeze=5ms shot=382ms unfreeze=53ms saved=True
  [capture-loop] iter=450 t=74.7s state={'complete': False, 'error': None, 'executedCount': 1, 'wsState': 1} eval_ms=9 ram=3.6/7.0GB (63%) swap=0.4/1.0GB (45%) cpu=91% browser_rss=0.40GB
  Frame 19 saved (frame_018.jpg, t=75.8s)
  [capture-periodic] freeze=18ms shot=466ms unfreeze=32ms saved=True
  [capture-loop] iter=500 t=82.5s state={'complete': False, 'error': None, 'executedCount': 1, 'wsState': 1} eval_ms=6 ram=3.6/7.0GB (63%) swap=0.4/1.0GB (45%) cpu=92% browser_rss=0.33GB
  Frame 20 saved (frame_019.jpg, t=89.1s)
  [capture-periodic] freeze=13ms shot=394ms unfreeze=110ms saved=True
  [capture-loop] iter=550 t=91.3s state={'complete': False, 'error': None, 'executedCount': 1, 'wsState': 1} eval_ms=13 ram=3.4/7.0GB (62%) swap=0.4/1.0GB (45%) cpu=96% browser_rss=0.31GB
  Frame 21 saved (frame_020.jpg, t=91.8s)
  [capture-periodic] freeze=14ms shot=2310ms unfreeze=385ms saved=True
  Frame 22 saved (frame_021.jpg, t=97.4s)
  [capture-periodic] freeze=11ms shot=1754ms unfreeze=440ms saved=True
  Frame 23 saved (frame_022.jpg, t=108.2s)
  [capture-periodic] freeze=23ms shot=491ms unfreeze=79ms saved=True
  [capture-loop] iter=600 t=109.7s state={'complete': False, 'error': None, 'executedCount': 1, 'wsState': 1} eval_ms=8 ram=2.7/7.0GB (76%) swap=0.7/1.0GB (70%) cpu=78% browser_rss=0.31GB
  [capture-loop] iter=650 t=118.6s state={'complete': False, 'error': None, 'executedCount': 1, 'wsState': 1} eval_ms=29 ram=2.2/7.0GB (52%) swap=0.7/1.0GB (70%) cpu=96% browser_rss=0.31GB
  Frame 24 saved (frame_023.jpg, t=119.2s)
  [capture-periodic] freeze=19ms shot=755ms unfreeze=70ms saved=True
  Frame 25 saved (frame_024.jpg, t=122.1s)
  [capture-periodic] freeze=6ms shot=2097ms unfreeze=148ms saved=True
  [capture-loop] iter=700 t=130.5s state={'complete': False, 'error': None, 'executedCount': 1, 'wsState': 1} eval_ms=9 ram=3.3/7.0GB (67%) swap=0.7/1.0GB (70%) cpu=88% browser_rss=0.30GB
  Frame 26 saved (frame_025.jpg, t=132.5s)
  [capture-periodic] freeze=21ms shot=480ms unfreeze=43ms saved=True
  Frame 27 saved (frame_026.jpg, t=135.1s)
  [capture-periodic] freeze=4ms shot=376ms unfreeze=64ms saved=True
  Frame 28 saved (frame_027.jpg, t=137.7s)
  [capture-periodic] freeze=16ms shot=3191ms unfreeze=648ms saved=True
  [capture-loop] iter=750 t=143.4s state={'complete': False, 'error': None, 'executedCount': 1, 'wsState': 1} eval_ms=177 ram=2.0/7.0GB (86%) swap=0.8/2.0GB (42%) cpu=80% browser_rss=0.26GB
  Frame 29 saved (frame_028.jpg, t=148.1s)
  [capture-periodic] freeze=5ms shot=650ms unfreeze=95ms saved=True
  [capture-loop] iter=800 t=152.8s state={'complete': False, 'error': None, 'executedCount': 1, 'wsState': 1} eval_ms=5 ram=1.8/7.0GB (28%) swap=1.2/2.0GB (60%) cpu=89% browser_rss=0.26GB
  [capture-loop] iter=850 t=160.3s state={'complete': False, 'error': None, 'executedCount': 1, 'wsState': 1} eval_ms=4 ram=1.9/7.0GB (29%) swap=1.2/2.0GB (60%) cpu=90% browser_rss=0.26GB
  Frame 30 saved (frame_029.jpg, t=160.7s)
  [capture-periodic] freeze=37ms shot=339ms unfreeze=53ms saved=True
  Frame 31 saved (frame_030.jpg, t=163.3s)
  [capture-periodic] freeze=9ms shot=480ms unfreeze=36ms saved=True
  [capture-loop] iter=900 t=168.1s state={'complete': False, 'error': None, 'executedCount': 1, 'wsState': 1} eval_ms=35 ram=2.1/7.0GB (33%) swap=1.2/2.0GB (59%) cpu=89% browser_rss=0.28GB
  [capture-loop] iter=950 t=175.4s state={'complete': False, 'error': None, 'executedCount': 1, 'wsState': 1} eval_ms=8 ram=2.2/7.0GB (34%) swap=1.2/2.0GB (59%) cpu=88% browser_rss=0.28GB
  [capture-loop] iter=1000 t=183.0s state={'complete': False, 'error': None, 'executedCount': 1, 'wsState': 1} eval_ms=26 ram=2.3/7.0GB (35%) swap=1.2/2.0GB (59%) cpu=84% browser_rss=0.28GB
  [capture-loop] iter=1050 t=190.6s state={'complete': False, 'error': None, 'executedCount': 1, 'wsState': 1} eval_ms=4 ram=3.3/7.0GB (50%) swap=1.2/2.0GB (59%) cpu=84% browser_rss=0.28GB
  [capture-loop] iter=1100 t=197.7s state={'complete': False, 'error': None, 'executedCount': 1, 'wsState': 1} eval_ms=31 ram=2.5/7.0GB (38%) swap=1.2/2.0GB (58%) cpu=86% browser_rss=0.28GB
  Frame 32 saved (frame_031.jpg, t=203.2s)
  [capture-periodic] freeze=33ms shot=310ms unfreeze=35ms saved=True
  [capture-loop] iter=1150 t=205.2s state={'complete': False, 'error': None, 'executedCount': 1, 'wsState': 1} eval_ms=4 ram=3.1/7.0GB (46%) swap=1.2/2.0GB (58%) cpu=83% browser_rss=0.28GB
  Frame 33 saved (frame_032.jpg, t=205.7s)
  [capture-periodic] freeze=7ms shot=374ms unfreeze=55ms saved=True
  Frame 34 saved (frame_033.jpg, t=208.2s)
  [capture-periodic] freeze=7ms shot=627ms unfreeze=40ms saved=True
  Frame 35 saved (frame_034.jpg, t=211.0s)
  [capture-periodic] freeze=44ms shot=399ms unfreeze=38ms saved=True
  [capture-loop] iter=1200 t=213.3s state={'complete': False, 'error': None, 'executedCount': 1, 'wsState': 1} eval_ms=16 ram=3.1/7.0GB (46%) swap=1.2/2.0GB (58%) cpu=80% browser_rss=0.28GB
  [capture-loop] iter=1250 t=220.9s state={'complete': False, 'error': None, 'executedCount': 1, 'wsState': 1} eval_ms=4 ram=3.4/7.0GB (52%) swap=1.2/2.0GB (58%) cpu=89% browser_rss=0.28GB
  Frame 36 saved (frame_035.jpg, t=226.1s)
  [capture-periodic] freeze=48ms shot=4870ms unfreeze=205ms saved=True
  Frame 37 saved (frame_036.jpg, t=233.6s)
  [capture-periodic] freeze=31ms shot=893ms unfreeze=143ms saved=True
  [capture-loop] iter=1300 t=235.1s state={'complete': False, 'error': None, 'executedCount': 1, 'wsState': 1} eval_ms=14 ram=3.2/7.0GB (68%) swap=1.2/2.0GB (58%) cpu=74% browser_rss=0.27GB
  Frame 38 saved (frame_037.jpg, t=239.2s)
  [capture-periodic] freeze=5ms shot=780ms unfreeze=107ms saved=True
  Frame 39 saved (frame_038.jpg, t=242.2s)
  [capture-periodic] freeze=4ms shot=1478ms unfreeze=368ms saved=True
  [capture-loop] iter=1350 t=245.0s state={'complete': False, 'error': None, 'executedCount': 1, 'wsState': 1} eval_ms=11 ram=3.2/7.0GB (68%) swap=1.2/2.0GB (58%) cpu=83% browser_rss=0.26GB
  Frame 40 saved (frame_039.jpg, t=246.2s)
  [capture-periodic] freeze=3ms shot=387ms unfreeze=35ms saved=True
  Frame 41 saved (frame_040.jpg, t=248.8s)
  [capture-periodic] freeze=5ms shot=246ms unfreeze=102ms saved=True
  Frame 42 saved (frame_041.jpg, t=251.2s)
  [capture-periodic] freeze=4ms shot=1434ms unfreeze=48ms saved=True
  [capture-loop] iter=1400 t=254.5s state={'complete': False, 'error': None, 'executedCount': 1, 'wsState': 1} eval_ms=7 ram=2.3/7.0GB (81%) swap=1.2/2.0GB (58%) cpu=71% browser_rss=0.26GB
  Frame 43 saved (frame_042.jpg, t=255.2s)
  [capture-periodic] freeze=24ms shot=1231ms unfreeze=26ms saved=True
  Node executed (4 total), capturing...
  Frame 44 saved (frame_043.jpg, t=264.6s)
  [capture-node] freeze=4ms shot=268ms unfreeze=0ms saved=True
  Execution complete (t=264.6s)
  Captured 44 unique frames over 264.92s
  [debug] iframes: 1
  [debug]   iframe[0]: src=http://127.0.0.1:8188/extensions/ComfyUI-DepthAnythingV3/viewer_vtk.html?v=17781, canvas=486x430, rafFrozen=True
  [timing] trigger_3d_previews: 0.0s
  Saved high-quality screenshot: advanced_3d_multiview_executed.png
  [timing] final_screenshot: 0.5s
    Captured 45 video frames