Capturing execution frames: advanced_3d_multiview.json
  Frame 1 saved (frame_000.jpg, t=0.0s)
  Validating workflow...
  Queuing workflow for execution...
  Node executed (1 total), capturing...
  Frame 2 saved (frame_001.jpg, t=0.4s)
  [capture-node] freeze=3ms shot=75ms unfreeze=3ms saved=True
  Frame 3 saved (frame_002.jpg, t=2.6s)
  [capture-periodic] freeze=18ms shot=169ms unfreeze=7ms saved=True
  Frame 4 saved (frame_003.jpg, t=4.8s)
  [capture-periodic] freeze=3ms shot=111ms unfreeze=4ms saved=True
  [capture-loop] iter=50 t=6.1s state={'complete': False, 'error': None, 'executedCount': 1, 'wsState': 1} eval_ms=5 ram=7.2/16.0GB (45%) swap=0.4/2.9GB (16%) cpu=44% browser_rss=0.84GB
  [capture-loop] iter=100 t=11.8s state={'complete': False, 'error': None, 'executedCount': 1, 'wsState': 1} eval_ms=4 ram=7.0/16.0GB (44%) swap=0.4/2.9GB (15%) cpu=72% browser_rss=0.69GB
  [capture-loop] iter=150 t=17.6s state={'complete': False, 'error': None, 'executedCount': 1, 'wsState': 1} eval_ms=3 ram=7.6/16.0GB (48%) swap=0.4/2.9GB (15%) cpu=73% browser_rss=0.68GB
  [capture-loop] iter=200 t=23.3s state={'complete': False, 'error': None, 'executedCount': 1, 'wsState': 1} eval_ms=4 ram=7.1/16.0GB (44%) swap=0.4/2.9GB (15%) cpu=65% browser_rss=0.67GB
  [capture-loop] iter=250 t=28.9s state={'complete': False, 'error': None, 'executedCount': 1, 'wsState': 1} eval_ms=5 ram=7.0/16.0GB (44%) swap=0.4/2.9GB (15%) cpu=64% browser_rss=0.67GB
  [capture-loop] iter=300 t=34.5s state={'complete': False, 'error': None, 'executedCount': 1, 'wsState': 1} eval_ms=4 ram=8.1/16.0GB (51%) swap=0.4/2.9GB (15%) cpu=64% browser_rss=0.67GB
  [capture-loop] iter=350 t=40.2s state={'complete': False, 'error': None, 'executedCount': 1, 'wsState': 1} eval_ms=4 ram=7.3/16.0GB (46%) swap=0.6/2.9GB (20%) cpu=67% browser_rss=0.67GB
  [capture-loop] iter=400 t=45.8s state={'complete': False, 'error': None, 'executedCount': 1, 'wsState': 1} eval_ms=4 ram=6.9/16.0GB (43%) swap=0.6/2.9GB (20%) cpu=65% browser_rss=0.67GB
  [capture-loop] iter=450 t=51.5s state={'complete': False, 'error': None, 'executedCount': 1, 'wsState': 1} eval_ms=4 ram=7.7/16.0GB (48%) swap=0.6/2.9GB (20%) cpu=64% browser_rss=0.67GB
  [capture-loop] iter=500 t=57.2s state={'complete': False, 'error': None, 'executedCount': 1, 'wsState': 1} eval_ms=5 ram=7.9/16.0GB (50%) swap=0.6/2.9GB (20%) cpu=65% browser_rss=0.66GB
  [capture-loop] iter=550 t=62.8s state={'complete': False, 'error': None, 'executedCount': 1, 'wsState': 1} eval_ms=3 ram=7.2/16.0GB (45%) swap=0.6/2.9GB (20%) cpu=62% browser_rss=0.66GB
  [capture-loop] iter=600 t=68.5s state={'complete': False, 'error': None, 'executedCount': 1, 'wsState': 1} eval_ms=4 ram=7.7/16.0GB (48%) swap=0.6/2.9GB (20%) cpu=65% browser_rss=0.65GB
  [capture-loop] iter=650 t=74.2s state={'complete': False, 'error': None, 'executedCount': 1, 'wsState': 1} eval_ms=5 ram=8.2/16.0GB (51%) swap=0.6/2.9GB (20%) cpu=60% browser_rss=0.64GB
  [capture-loop] iter=700 t=79.8s state={'complete': False, 'error': None, 'executedCount': 1, 'wsState': 1} eval_ms=3 ram=6.6/16.0GB (41%) swap=0.6/2.9GB (20%) cpu=61% browser_rss=0.63GB
  [capture-loop] iter=750 t=85.4s state={'complete': False, 'error': None, 'executedCount': 1, 'wsState': 1} eval_ms=4 ram=6.8/16.0GB (42%) swap=0.6/2.9GB (20%) cpu=58% browser_rss=0.62GB
  [capture-loop] iter=800 t=91.0s state={'complete': False, 'error': None, 'executedCount': 1, 'wsState': 1} eval_ms=5 ram=7.7/16.0GB (48%) swap=0.6/2.9GB (20%) cpu=59% browser_rss=0.61GB
  [capture-loop] iter=850 t=96.7s state={'complete': False, 'error': None, 'executedCount': 1, 'wsState': 1} eval_ms=4 ram=6.9/16.0GB (43%) swap=0.7/2.9GB (26%) cpu=62% browser_rss=0.60GB
  [capture-loop] iter=900 t=102.4s state={'complete': False, 'error': None, 'executedCount': 1, 'wsState': 1} eval_ms=6 ram=8.5/16.0GB (53%) swap=0.7/2.9GB (26%) cpu=72% browser_rss=0.61GB
  [capture-loop] iter=950 t=108.1s state={'complete': False, 'error': None, 'executedCount': 1, 'wsState': 1} eval_ms=4 ram=6.6/16.0GB (41%) swap=0.7/2.9GB (26%) cpu=71% browser_rss=0.61GB
  [capture-loop] iter=1000 t=113.8s state={'complete': False, 'error': None, 'executedCount': 1, 'wsState': 1} eval_ms=4 ram=6.8/16.0GB (43%) swap=0.7/2.9GB (26%) cpu=71% browser_rss=0.61GB
  [capture-loop] iter=1050 t=119.5s state={'complete': False, 'error': None, 'executedCount': 1, 'wsState': 1} eval_ms=4 ram=8.1/16.0GB (51%) swap=0.7/2.9GB (26%) cpu=67% browser_rss=0.61GB
  [capture-loop] iter=1100 t=125.1s state={'complete': False, 'error': None, 'executedCount': 1, 'wsState': 1} eval_ms=4 ram=6.8/16.0GB (42%) swap=0.7/2.9GB (26%) cpu=63% browser_rss=0.60GB
  [capture-loop] iter=1150 t=130.9s state={'complete': False, 'error': None, 'executedCount': 1, 'wsState': 1} eval_ms=4 ram=6.7/16.0GB (42%) swap=0.7/2.9GB (26%) cpu=67% browser_rss=0.58GB
  [capture-loop] iter=1200 t=136.6s state={'complete': False, 'error': None, 'executedCount': 1, 'wsState': 1} eval_ms=5 ram=8.1/16.0GB (50%) swap=0.7/2.9GB (26%) cpu=64% browser_rss=0.58GB
  [capture-loop] iter=1250 t=142.2s state={'complete': False, 'error': None, 'executedCount': 1, 'wsState': 1} eval_ms=4 ram=7.2/16.0GB (45%) swap=0.7/2.9GB (26%) cpu=61% browser_rss=0.57GB
  [capture-loop] iter=1300 t=148.0s state={'complete': False, 'error': None, 'executedCount': 1, 'wsState': 1} eval_ms=4 ram=7.3/16.0GB (46%) swap=0.9/2.9GB (31%) cpu=65% browser_rss=0.55GB
  [capture-loop] iter=1350 t=153.6s state={'complete': False, 'error': None, 'executedCount': 1, 'wsState': 1} eval_ms=3 ram=7.9/16.0GB (49%) swap=0.9/2.9GB (31%) cpu=59% browser_rss=0.54GB
  Frame 5 saved (frame_004.jpg, t=158.0s)
  [capture-periodic] freeze=7ms shot=82ms unfreeze=3ms saved=True
  Node executed (2 total), capturing...
  Frame 6 saved (frame_005.jpg, t=159.0s)
  [capture-node] freeze=4ms shot=74ms unfreeze=3ms saved=True
  Node executed (4 total), capturing...
  Frame 7 saved (frame_006.jpg, t=159.5s)
  [capture-node] freeze=4ms shot=74ms unfreeze=0ms saved=True
  Execution complete (t=159.5s)
  Captured 7 unique frames over 159.61s
  [debug] iframes: 1
  [debug]   iframe[0]: src=http://127.0.0.1:8188/extensions/ComfyUI-GeometryPack/viewer_vtk.html?v=17782396, canvas=486x430, rafFrozen=True
  [timing] trigger_3d_previews: 0.0s
  Saved high-quality screenshot: advanced_3d_multiview_executed.png
  [timing] final_screenshot: 0.1s
    Captured 8 video frames