Capturing execution frames: advanced_3d.json
  Frame 1 saved (frame_000.jpg, t=0.0s)
  Validating workflow...
  Queuing workflow for execution...
  Frame 2 saved (frame_001.jpg, t=2.2s)
  [capture-periodic] freeze=2ms shot=107ms unfreeze=4ms saved=True
  Frame 3 saved (frame_002.jpg, t=4.4s)
  [capture-periodic] freeze=2ms shot=98ms unfreeze=4ms saved=True
  [capture-loop] iter=50 t=5.7s state={'complete': False, 'error': None, 'executedCount': 0, 'wsState': 1} eval_ms=5 ram=7.5/16.0GB (47%) swap=0.3/2.9GB (10%) cpu=43% browser_rss=0.77GB
  [capture-loop] iter=100 t=11.3s state={'complete': False, 'error': None, 'executedCount': 0, 'wsState': 1} eval_ms=4 ram=7.2/16.0GB (45%) swap=0.3/2.9GB (10%) cpu=60% browser_rss=0.75GB
  [capture-loop] iter=150 t=16.9s state={'complete': False, 'error': None, 'executedCount': 0, 'wsState': 1} eval_ms=3 ram=7.4/16.0GB (46%) swap=0.3/2.9GB (10%) cpu=61% browser_rss=0.72GB
  [capture-loop] iter=200 t=22.6s state={'complete': False, 'error': None, 'executedCount': 0, 'wsState': 1} eval_ms=4 ram=7.5/16.0GB (47%) swap=0.3/2.9GB (10%) cpu=65% browser_rss=0.72GB
  [capture-loop] iter=250 t=28.3s state={'complete': False, 'error': None, 'executedCount': 0, 'wsState': 1} eval_ms=4 ram=7.7/16.0GB (48%) swap=0.3/2.9GB (10%) cpu=64% browser_rss=0.64GB
  Frame 4 saved (frame_003.jpg, t=32.2s)
  [capture-periodic] freeze=2ms shot=70ms unfreeze=3ms saved=True
  [capture-loop] iter=300 t=33.8s state={'complete': False, 'error': None, 'executedCount': 0, 'wsState': 1} eval_ms=2 ram=7.0/16.0GB (44%) swap=0.3/2.9GB (10%) cpu=35% browser_rss=0.64GB
  Frame 5 saved (frame_004.jpg, t=36.4s)
  [capture-periodic] freeze=2ms shot=78ms unfreeze=3ms saved=True
  [capture-loop] iter=350 t=39.4s state={'complete': False, 'error': None, 'executedCount': 0, 'wsState': 1} eval_ms=3 ram=7.0/16.0GB (44%) swap=0.3/2.9GB (10%) cpu=24% browser_rss=0.64GB
  Node executed (1 total), capturing...
  Frame 6 saved (frame_005.jpg, t=39.9s)
  [capture-node] freeze=3ms shot=69ms unfreeze=3ms saved=True
  Node executed (2 total), capturing...
  Frame 7 saved (frame_006.jpg, t=40.3s)
  [capture-node] freeze=4ms shot=82ms unfreeze=0ms saved=True
  Execution complete (t=40.3s)
  Captured 7 unique frames over 40.42s
  [debug] iframes: 1
  [debug]   iframe[0]: src=http://127.0.0.1:8188/extensions/ComfyUI-GeometryPack/viewer_vtk.html?v=17782396, canvas=486x430, rafFrozen=True
  [timing] trigger_3d_previews: 0.0s
  Saved high-quality screenshot: advanced_3d_executed.png
  [timing] final_screenshot: 0.1s
    Captured 8 video frames