Capturing execution frames: advanced.json
  Frame 1 saved (frame_000.jpg, t=0.0s)
  Validating workflow...
  Queuing workflow for execution...
  Frame 2 saved (frame_001.jpg, t=2.2s)
  [capture-periodic] freeze=2ms shot=98ms unfreeze=3ms saved=True
  Frame 3 saved (frame_002.jpg, t=4.4s)
  [capture-periodic] freeze=3ms shot=92ms unfreeze=5ms saved=True
  [capture-loop] iter=50 t=5.7s state={'complete': False, 'error': None, 'executedCount': 0, 'wsState': 1} eval_ms=5 ram=5.6/16.0GB (35%) swap=0.3/2.9GB (10%) cpu=34% browser_rss=0.70GB
  [capture-loop] iter=100 t=11.9s state={'complete': False, 'error': None, 'executedCount': 0, 'wsState': 1} eval_ms=4 ram=6.5/16.0GB (41%) swap=0.3/2.9GB (10%) cpu=43% browser_rss=0.70GB
  Frame 4 saved (frame_003.jpg, t=17.3s)
  [capture-periodic] freeze=2ms shot=72ms unfreeze=3ms saved=True
  [capture-loop] iter=150 t=17.5s state={'complete': False, 'error': None, 'executedCount': 0, 'wsState': 1} eval_ms=3 ram=6.1/16.0GB (38%) swap=0.3/2.9GB (10%) cpu=18% browser_rss=0.70GB
  [capture-loop] iter=200 t=23.0s state={'complete': False, 'error': None, 'executedCount': 0, 'wsState': 1} eval_ms=3 ram=5.9/16.0GB (37%) swap=0.3/2.9GB (10%) cpu=11% browser_rss=0.63GB
  [capture-loop] iter=250 t=28.6s state={'complete': False, 'error': None, 'executedCount': 0, 'wsState': 1} eval_ms=4 ram=6.6/16.0GB (41%) swap=0.3/2.9GB (10%) cpu=47% browser_rss=0.64GB
  [capture-loop] iter=300 t=34.2s state={'complete': False, 'error': None, 'executedCount': 0, 'wsState': 1} eval_ms=4 ram=6.9/16.0GB (43%) swap=0.3/2.9GB (10%) cpu=68% browser_rss=0.63GB
  [capture-loop] iter=350 t=39.9s state={'complete': False, 'error': None, 'executedCount': 0, 'wsState': 1} eval_ms=6 ram=6.8/16.0GB (42%) swap=0.3/2.9GB (10%) cpu=65% browser_rss=0.63GB
  [capture-loop] iter=400 t=45.6s state={'complete': False, 'error': None, 'executedCount': 0, 'wsState': 1} eval_ms=3 ram=6.2/16.0GB (39%) swap=0.3/2.9GB (10%) cpu=64% browser_rss=0.63GB
  [capture-loop] iter=450 t=51.2s state={'complete': False, 'error': None, 'executedCount': 0, 'wsState': 1} eval_ms=5 ram=6.4/16.0GB (40%) swap=0.3/2.9GB (10%) cpu=63% browser_rss=0.63GB
  [capture-loop] iter=500 t=56.8s state={'complete': False, 'error': None, 'executedCount': 0, 'wsState': 1} eval_ms=3 ram=6.5/16.0GB (41%) swap=0.3/2.9GB (10%) cpu=65% browser_rss=0.60GB
  [capture-loop] iter=550 t=62.5s state={'complete': False, 'error': None, 'executedCount': 0, 'wsState': 1} eval_ms=4 ram=6.7/16.0GB (42%) swap=0.3/2.9GB (10%) cpu=63% browser_rss=0.60GB
  [capture-loop] iter=600 t=68.1s state={'complete': False, 'error': None, 'executedCount': 0, 'wsState': 1} eval_ms=4 ram=6.8/16.0GB (43%) swap=0.3/2.9GB (10%) cpu=64% browser_rss=0.60GB
  [capture-loop] iter=650 t=73.7s state={'complete': False, 'error': None, 'executedCount': 0, 'wsState': 1} eval_ms=8 ram=7.5/16.0GB (47%) swap=0.3/2.9GB (10%) cpu=64% browser_rss=0.60GB
  [capture-loop] iter=700 t=79.3s state={'complete': False, 'error': None, 'executedCount': 0, 'wsState': 1} eval_ms=5 ram=7.7/16.0GB (48%) swap=0.3/2.9GB (10%) cpu=68% browser_rss=0.59GB
  [capture-loop] iter=750 t=85.0s state={'complete': False, 'error': None, 'executedCount': 0, 'wsState': 1} eval_ms=3 ram=7.9/16.0GB (49%) swap=0.3/2.9GB (10%) cpu=62% browser_rss=0.58GB
  Node executed (2 total), capturing...
  Frame 5 saved (frame_004.jpg, t=88.1s)
  [capture-node] freeze=69ms shot=151ms unfreeze=3ms saved=True
  Node executed (8 total), capturing...
  Frame 6 saved (frame_005.jpg, t=88.6s)
  [capture-node] freeze=4ms shot=111ms unfreeze=0ms saved=True
  Execution complete (t=88.6s)
  Captured 6 unique frames over 88.73s
  [debug] iframes: 0
  [timing] trigger_3d_previews: 0.0s
  Saved high-quality screenshot: advanced_executed.png
  [timing] final_screenshot: 0.2s
    Captured 7 video frames