Capturing execution frames: simple.json
  Frame 1 saved (frame_000.jpg, t=0.0s)
  Validating workflow...
  Queuing workflow for execution...
  Frame 2 saved (frame_001.jpg, t=2.2s)
  [capture-periodic] freeze=2ms shot=78ms unfreeze=3ms saved=True
  Frame 3 saved (frame_002.jpg, t=4.3s)
  [capture-periodic] freeze=3ms shot=85ms unfreeze=3ms saved=True
  [capture-loop] iter=50 t=5.6s state={'complete': False, 'error': None, 'executedCount': 0, 'wsState': 1} eval_ms=4 ram=7.1/16.0GB (44%) swap=0.9/2.9GB (31%) cpu=30% browser_rss=0.71GB
  [capture-loop] iter=100 t=11.3s state={'complete': False, 'error': None, 'executedCount': 0, 'wsState': 1} eval_ms=5 ram=7.3/16.0GB (46%) swap=0.9/2.9GB (31%) cpu=66% browser_rss=0.70GB
  [capture-loop] iter=150 t=16.9s state={'complete': False, 'error': None, 'executedCount': 0, 'wsState': 1} eval_ms=4 ram=6.5/16.0GB (41%) swap=0.9/2.9GB (31%) cpu=59% browser_rss=0.70GB
  [capture-loop] iter=200 t=22.6s state={'complete': False, 'error': None, 'executedCount': 0, 'wsState': 1} eval_ms=4 ram=7.8/16.0GB (49%) swap=0.9/2.9GB (31%) cpu=60% browser_rss=0.70GB
  [capture-loop] iter=250 t=28.4s state={'complete': False, 'error': None, 'executedCount': 0, 'wsState': 1} eval_ms=4 ram=6.4/16.0GB (40%) swap=0.9/2.9GB (31%) cpu=60% browser_rss=0.61GB
  [capture-loop] iter=300 t=34.0s state={'complete': False, 'error': None, 'executedCount': 0, 'wsState': 1} eval_ms=10 ram=6.7/16.0GB (42%) swap=0.9/2.9GB (31%) cpu=59% browser_rss=0.55GB
  [capture-loop] iter=350 t=39.7s state={'complete': False, 'error': None, 'executedCount': 0, 'wsState': 1} eval_ms=4 ram=7.2/16.0GB (45%) swap=0.9/2.9GB (31%) cpu=59% browser_rss=0.55GB
  [capture-loop] iter=400 t=45.2s state={'complete': False, 'error': None, 'executedCount': 0, 'wsState': 1} eval_ms=4 ram=6.4/16.0GB (40%) swap=0.9/2.9GB (31%) cpu=59% browser_rss=0.54GB
  [capture-loop] iter=450 t=51.0s state={'complete': False, 'error': None, 'executedCount': 0, 'wsState': 1} eval_ms=4 ram=7.0/16.0GB (44%) swap=0.9/2.9GB (31%) cpu=60% browser_rss=0.54GB
  [capture-loop] iter=500 t=56.7s state={'complete': False, 'error': None, 'executedCount': 0, 'wsState': 1} eval_ms=4 ram=7.5/16.0GB (47%) swap=0.9/2.9GB (31%) cpu=60% browser_rss=0.54GB
  Node executed (1 total), capturing...
  Frame 4 saved (frame_003.jpg, t=61.8s)
  [capture-node] freeze=3ms shot=86ms unfreeze=0ms saved=True
  Execution complete (t=61.8s)
  Captured 4 unique frames over 61.89s
  [debug] iframes: 0
  [timing] trigger_3d_previews: 0.0s
  Saved high-quality screenshot: simple_executed.png
  [timing] final_screenshot: 0.2s
    Captured 5 video frames