Capturing execution frames: advanced.json
  [ComfyUI] [DEPRECATION WARNING] Detected import of deprecated legacy API: /extensions/core/widgetInputs.js. This is likely caused by a custom node extension using outdated APIs. Please update your extensions or contact the extension author for an updated version.
  Frame 1 saved (frame_000.jpg, t=0.0s)
  Validating workflow...
  [ComfyUI] === /validate endpoint called ===
  [ComfyUI] Received JSON with keys: ['prompt']
  [ComfyUI] Prompt has 11 nodes
  [ComfyUI]   Node 2: LoadImage
  [ComfyUI]     Inputs: {"image": "bridge.jpg"}
  [ComfyUI]   Node 3: DownloadAndLoadDepthAnythingV3Model
  [ComfyUI]     Inputs: {"model": "da3_large.safetensors", "precision": "auto", "attention": "auto"}
  [ComfyUI]   Node 4: PreviewImage
  [ComfyUI]     Inputs: {"images": ["12", 0]}
  [ComfyUI]   Node 6: PreviewImage
  Queuing workflow for execution...
  [ComfyUI]     Inputs: {"images": ["12", 1]}
  [ComfyUI]   Node 7: PreviewImage
  [ComfyUI]     Inputs: {"images": ["12", 2]}
  [ComfyUI]   Node 8: PreviewImage
  [ComfyUI]     Inputs: {"images": ["12", 3]}
  [ComfyUI]   Node 9: PreviewAny
  [ComfyUI]     Inputs: {"source": ["12", 6]}
  [ComfyUI]   Node 10: PreviewAny
  [ComfyUI]     Inputs: {"source": ["12", 5]}
  [ComfyUI]   Node 11: MaskPreview
  [ComfyUI]     Inputs: {"mask": ["12", 7]}
  [ComfyUI]   Node 12: DepthAnything_V3
  [ComfyUI]     Inputs: {"normalization_mode": "V2-Style", "resize_method": "resize", "invert_depth": false, "keep_model_size": false, "da3_model": ["3", 0], "images": ["2", 0]}
  [ComfyUI]   Node 13: PreviewImage
  [ComfyUI]     Inputs: {"images": ["12", 4]}
  [ComfyUI] Generated prompt_id: faebdfcb-0290-47e4-b3ac-3f4265722cf0
  [ComfyUI] Calling execution.validate_prompt()...
  [ComfyUI] Validation result: valid=True
  [ComfyUI] === Validation PASSED ===
  [ComfyUI] got prompt
  [ComfyUI] [comfy-env] Running DownloadAndLoadDepthAnythingV3Model: model: 'da3_large.safetensors', precision: 'auto', attention: 'auto'
  [ComfyUI] [comfy-env] SubprocessWorker: C:\ce\.pixi\envs\depthanythingv3-nodes\python.exe
  [ComfyUI] [comfy-env] env_vars: {'COMFYUI_BASE': 'D:\\a\\comfy-gpu-ci\\comfy-gpu-ci\\test_workspaces\\DepthAnythingV3-2136\\ComfyUI'}
  [ComfyUI] [SubprocessWorker] call_method: nodes.load_model.DownloadAndLoadDepthAnythingV3Model.EXECUTE_NORMALIZED
  [ComfyUI] [SubprocessWorker] acquired lock, ensuring started...
  [ComfyUI] [comfy-env] depthanythingv3-nodes: Library/bin has 234 DLLs
  [ComfyUI] [ComfyUI-DepthAnythingV3] python: C:\ce\.pixi\envs\depthanythingv3-nodes\python.exe
  [ComfyUI] [ComfyUI-DepthAnythingV3] sys_path sent to worker: ['D:\\a\\comfy-gpu-ci\\comfy-gpu-ci\\test_workspaces\\DepthAnythingV3-2136\\ComfyUI', 'D:\\a\\comfy-gpu-ci\\comfy-gpu-ci\\test_workspaces\\DepthAnythingV3-2136\\ComfyUI\\custom_nodes\\ComfyUI-DepthAnythingV3', 'C:\\ce\\.pixi\\envs\\depthanythingv3-nodes\\Lib\\site-packages', 'D:\\a\\comfy-gpu-ci\\comfy-gpu-ci\\test_workspaces\\DepthAnythingV3-2136\\ComfyUI\\custom_nodes\\ComfyUI-DepthAnythingV3']
  [ComfyUI] [SubprocessWorker] is_pixi=True, python=C:\ce\.pixi\envs\depthanythingv3-nodes\python.exe
  [ComfyUI] [SubprocessWorker] launching cmd=['C:\\Users\\runneradmin\\.pixi\\bin\\pixi.exe', 'run', '--as-is', '--manifest-path', 'C:\\ce\\pixi.toml', '-e', 'depthanythingv3-nodes', 'python', 'C:\\Users\\RUNNER~1\\AppData\\Local\\Temp\\comfyui_pvenv_bqymfx8f\\persistent_worker.py', 'tcp://127.0.0.1:60448']...
  Frame 2 saved (frame_001.jpg, t=2.9s)
  [capture-periodic] freeze=3ms shot=98ms unfreeze=5ms saved=True
  [ComfyUI] [worker:ComfyUI-DepthAnythingV3] ERROR: Failed to import comfy_kitchen, Error: No module named 'comfy_kitchen', fp8 and fp4 support will not be available.
  [ComfyUI] [SubprocessWorker] worker started/confirmed
  [ComfyUI] [SubprocessWorker] serializing kwargs to shm...
  [ComfyUI] [SubprocessWorker] created 0 shm blocks
  [ComfyUI] [SubprocessWorker] sending request via socket...
  [ComfyUI] [SubprocessWorker] call_id=1 sending call_method
  Frame 3 saved (frame_002.jpg, t=5.0s)
  [capture-periodic] freeze=3ms shot=99ms unfreeze=5ms saved=True
  [capture-loop] iter=50 t=6.5s state={'complete': False, 'error': None, 'executedCount': 0, 'wsState': 1} eval_ms=4 ram=5.1/16.0GB (32%) swap=0.2/2.9GB (6%) cpu=43% browser_rss=0.67GB
  [ComfyUI] 
  [ComfyUI] model.safetensors:   0%|          | 0.00/1.64G [00:00<?, ?B/s]
  [ComfyUI] model.safetensors:   4%|▍         | 67.1M/1.64G [00:01<00:31, 49.9MB/s][SubprocessWorker] callback 'report_progress' from call_id=1
  [ComfyUI] 
  [ComfyUI] model.safetensors:   8%|▊         | 134M/1.64G [00:01<00:15, 99.2MB/s] [SubprocessWorker] callback 'report_progress' from call_id=1
  [ComfyUI] 
  [ComfyUI] model.safetensors:  12%|█▏        | 201M/1.64G [00:01<00:11, 128MB/s] [SubprocessWorker] callback 'report_progress' from call_id=1
  [ComfyUI] 
  [ComfyUI] model.safetensors:  20%|██        | 335M/1.64G [00:02<00:05, 234MB/s][SubprocessWorker] callback 'report_progress' from call_id=1
  [ComfyUI] 
  [ComfyUI] model.safetensors:  24%|██▍       | 402M/1.64G [00:02<00:04, 258MB/s][SubprocessWorker] callback 'report_progress' from call_id=1
  [ComfyUI] 
  [ComfyUI] model.safetensors:  29%|██▊       | 470M/1.64G [00:02<00:04, 274MB/s][SubprocessWorker] callback 'report_progress' from call_id=1
  Frame 4 saved (frame_003.jpg, t=9.3s)
  [ComfyUI] 
  [capture-periodic] freeze=22ms shot=212ms unfreeze=22ms saved=True
  [ComfyUI] model.safetensors:  33%|███▎      | 537M/1.64G [00:02<00:04, 246MB/s][SubprocessWorker] callback 'report_progress' from call_id=1
  [ComfyUI] 
  [ComfyUI] model.safetensors:  37%|███▋      | 604M/1.64G [00:03<00:03, 281MB/s][SubprocessWorker] callback 'report_progress' from call_id=1
  [ComfyUI] 
  [ComfyUI] model.safetensors:  41%|████      | 671M/1.64G [00:03<00:03, 271MB/s][SubprocessWorker] callback 'report_progress' from call_id=1
  [ComfyUI] 
  [ComfyUI] model.safetensors:  49%|████▉     | 805M/1.64G [00:03<00:02, 350MB/s][SubprocessWorker] callback 'report_progress' from call_id=1
  [ComfyUI] 
  [ComfyUI] model.safetensors:  62%|██████▏   | 1.02G/1.64G [00:03<00:01, 520MB/s][SubprocessWorker] callback 'report_progress' from call_id=1
  [ComfyUI] 
  [ComfyUI] model.safetensors:  73%|███████▎  | 1.21G/1.64G [00:04<00:00, 584MB/s][SubprocessWorker] callback 'report_progress' from call_id=1
  [ComfyUI] 
  [ComfyUI] model.safetensors:  82%|████████▏ | 1.34G/1.64G [00:04<00:00, 569MB/s][SubprocessWorker] callback 'report_progress' from call_id=1
  [ComfyUI] 
  [ComfyUI] model.safetensors:  90%|████████▉ | 1.48G/1.64G [00:04<00:00, 560MB/s][SubprocessWorker] callback 'report_progress' from call_id=1
  [ComfyUI] 
  [ComfyUI] model.safetensors:  98%|█████████▊| 1.61G/1.64G [00:04<00:00, 552MB/s][SubprocessWorker] callback 'report_progress' from call_id=1
  [ComfyUI] [SubprocessWorker] callback 'report_progress' from call_id=1
  [ComfyUI] 
  [ComfyUI] model.safetensors: 100%|██████████| 1.64G/1.64G [00:04<00:00, 343MB/s]
  [ComfyUI] [SubprocessWorker] got response: ok
  [ComfyUI] [comfy-env] DownloadAndLoadDepthAnythingV3Model done (10.73s): result: NodeOutput
  [ComfyUI] [comfy-env] Running DepthAnything_V3: normalization_mode: 'V2-Style', resize_method: 'resize', invert_depth: False, keep_model_size: False, da3_model: dict, images: torch.float32 [1,683,1024,3] cpu
  [ComfyUI] [SubprocessWorker] call_method: nodes.nodes_inference.DepthAnything_V3.EXECUTE_NORMALIZED
  [ComfyUI] [SubprocessWorker] acquired lock, ensuring started...
  [ComfyUI] [ComfyUI-DepthAnythingV3] Health check: ping (timeout=5.0s)...
  [ComfyUI] [ComfyUI-DepthAnythingV3] Health check: ok
  [ComfyUI] [SubprocessWorker] worker started/confirmed
  [ComfyUI] [comfy-env] PRE-SERIALIZE 'images' shape: torch.Size([1, 683, 1024, 3])
  [ComfyUI] [SubprocessWorker] serializing kwargs to shm...
  [ComfyUI] [SubprocessWorker] created 0 shm blocks
  [ComfyUI] [SubprocessWorker] sending request via socket...
  [ComfyUI] [SubprocessWorker] call_id=2 sending call_method
  [ComfyUI] [worker:ComfyUI-DepthAnythingV3] [comfy-env] _from_shm got dict with keys: ['__type__', 'strategy', 'manager_path', 'storage_key', 'storage_size']
  [ComfyUI] [worker:ComfyUI-DepthAnythingV3] [comfy-env] DESERIALIZE TensorRef: tensor_size=[1, 683, 1024, 3]
  [ComfyUI] [worker:ComfyUI-DepthAnythingV3] [comfy-env] DESERIALIZED tensor shape: torch.Size([1, 683, 1024, 3])
  Frame 5 saved (frame_004.jpg, t=11.7s)
  [capture-periodic] freeze=3ms shot=96ms unfreeze=7ms saved=True
  [ComfyUI] [worker:ComfyUI-DepthAnythingV3] WARNING: No comfy kitchen, using old apply_rope functions.
  [capture-loop] iter=100 t=13.4s state={'complete': False, 'error': None, 'executedCount': 0, 'wsState': 1} eval_ms=5 ram=5.3/16.0GB (33%) swap=0.2/2.9GB (6%) cpu=63% browser_rss=0.67GB
  [ComfyUI] [SubprocessWorker] callback 'request_vram_budget' from call_id=2
  [ComfyUI] [comfy-env] VRAM request: 1.64GB, free before eviction: 11.41GB
  [ComfyUI] [comfy-env] VRAM after eviction: 11.41GB
  [ComfyUI] [worker:ComfyUI-DepthAnythingV3] WARNING: WARNING: This model does not support sky segmentation. V2-Style normalization will work but without sky masking. Use Mono/Metric/Nested models for best V2-Style results.
  [capture-loop] iter=150 t=19.1s state={'complete': False, 'error': None, 'executedCount': 0, 'wsState': 1} eval_ms=5 ram=5.5/16.0GB (34%) swap=0.2/2.9GB (6%) cpu=32% browser_rss=0.67GB
  [capture-loop] iter=200 t=24.8s state={'complete': False, 'error': None, 'executedCount': 0, 'wsState': 1} eval_ms=5 ram=5.3/16.0GB (33%) swap=0.2/2.9GB (6%) cpu=63% browser_rss=0.61GB
  [capture-loop] iter=250 t=30.6s state={'complete': False, 'error': None, 'executedCount': 0, 'wsState': 1} eval_ms=5 ram=6.1/16.0GB (38%) swap=0.2/2.9GB (6%) cpu=60% browser_rss=0.60GB
  [capture-loop] iter=300 t=36.4s state={'complete': False, 'error': None, 'executedCount': 0, 'wsState': 1} eval_ms=5 ram=6.6/16.0GB (41%) swap=0.2/2.9GB (6%) cpu=59% browser_rss=0.60GB
  [capture-loop] iter=350 t=42.1s state={'complete': False, 'error': None, 'executedCount': 0, 'wsState': 1} eval_ms=4 ram=6.2/16.0GB (38%) swap=0.2/2.9GB (6%) cpu=58% browser_rss=0.60GB
  [capture-loop] iter=400 t=47.9s state={'complete': False, 'error': None, 'executedCount': 0, 'wsState': 1} eval_ms=4 ram=5.8/16.0GB (36%) swap=0.2/2.9GB (6%) cpu=57% browser_rss=0.59GB
  [capture-loop] iter=450 t=53.7s state={'complete': False, 'error': None, 'executedCount': 0, 'wsState': 1} eval_ms=5 ram=6.0/16.0GB (38%) swap=0.2/2.9GB (6%) cpu=68% browser_rss=0.56GB
  [capture-loop] iter=500 t=59.5s state={'complete': False, 'error': None, 'executedCount': 0, 'wsState': 1} eval_ms=5 ram=6.9/16.0GB (43%) swap=0.2/2.9GB (6%) cpu=62% browser_rss=0.56GB
  [ComfyUI] [worker:ComfyUI-DepthAnythingV3]
  [ComfyUI] === WATCHDOG TICK 1 ===
  [ComfyUI] [worker:ComfyUI-DepthAnythingV3] Thread 0x00001a78 (most recent call first):
  [ComfyUI]   File "C:\ce\.pixi\envs\depthanythingv3-nodes\Lib\threading.py", line 331 in wait
  [ComfyUI]   File "C:\ce\.pixi\envs\depthanythingv3-nodes\Lib\threading.py", line 629 in wait
  [ComfyUI]   File "C:\ce\.pixi\envs\depthanythingv3-nodes\Lib\site-packages\tqdm\_monitor.py", line 60 in run
  [ComfyUI]   File "C:\ce\.pixi\envs\depthanythingv3-nodes\Lib\threading.py", line 1045 in _bootstrap_inner
  [ComfyUI]   File "C:\ce\.pixi\envs\depthanythingv3-nodes\Lib\threading.py", line 1002 in _bootstrap
  [ComfyUI] 
  [ComfyUI] Current thread 0x00000d54 (most recent call first):
  [ComfyUI]   File "C:\Users\RUNNER~1\AppData\Local\Temp\comfyui_pvenv_bqymfx8f\persistent_worker.py", line 52 in _watchdog
  [ComfyUI]   File "C:\ce\.pixi\envs\depthanythingv3-nodes\Lib\threading.py", line 982 in run
  [ComfyUI]   File "C:\ce\.pixi\envs\depthanythingv3-nodes\Lib\threading.py", line 1045 in _bootstrap_inner
  [ComfyUI]   File "C:\ce\.pixi\envs\depthanythingv3-nodes\Lib\threading.py", line 1002 in _bootstrap
  [ComfyUI] 
  [ComfyUI] Thread 0x00001ccc (most recent call first):
  [ComfyUI]   File "D:\a\comfy-gpu-ci\comfy-gpu-ci\test_workspaces\DepthAnythingV3-2136\ComfyUI\comfy\ops.py", line 475 in forward_comfy_cast_weights
  [ComfyUI]   File "D:\a\comfy-gpu-ci\comfy-gpu-ci\test_workspaces\DepthAnythingV3-2136\ComfyUI\comfy\ops.py", line 482 in forward
  [ComfyUI]   File "C:\ce\.pixi\envs\depthanythingv3-nodes\Lib\site-packages\torch\nn\modules\module.py", line 1790 in _call_impl
  [ComfyUI]   File "C:\ce\.pixi\envs\depthanythingv3-nodes\Lib\site-packages\torch\nn\modules\module.py", line 1779 in _wrapped_call_impl
  [ComfyUI]   File "D:\a\comfy-gpu-ci\comfy-gpu-ci\test_workspaces\DepthAnythingV3-2136\ComfyUI\custom_nodes\ComfyUI-DepthAnythingV3\nodes\depth_anything_v3\model.py", line 241 in forward
  [ComfyUI]   File "C:\ce\.pixi\envs\depthanythingv3-nodes\Lib\site-packages\torch\nn\modules\module.py", line 1790 in _call_impl
  [ComfyUI]   File "C:\ce\.pixi\envs\depthanythingv3-nodes\Lib\site-packages\torch\nn\modules\module.py", line 1779 in _wrapped_call_impl
  [ComfyUI]   File "D:\a\comfy-gpu-ci\comfy-gpu-ci\test_workspaces\DepthAnythingV3-2136\ComfyUI\custom_nodes\ComfyUI-DepthAnythingV3\nodes\depth_anything_v3\model.py", line 519 in ffn_residual_func
  [ComfyUI]   File "D:\a\comfy-gpu-ci\comfy-gpu-ci\test_workspaces\DepthAnythingV3-2136\ComfyUI\custom_nodes\ComfyUI-DepthAnythingV3\nodes\depth_anything_v3\model.py", line 522 in forward
  [ComfyUI]   File "C:\ce\.pixi\envs\depthanythingv3-nodes\Lib\site-packages\torch\nn\modules\module.py", line 1790 in _call_impl
  [ComfyUI]   File "C:\ce\.pixi\envs\depthanythingv3-nodes\Lib\site-packages\torch\nn\modules\module.py", line 1779 in _wrapped_call_impl
  [ComfyUI]   File "D:\a\comfy-gpu-ci\comfy-gpu-ci\test_workspaces\DepthAnythingV3-2136\ComfyUI\custom_nodes\ComfyUI-DepthAnythingV3\nodes\depth_anything_v3\model.py", line 791 in process_attention
  [ComfyUI]   File "D:\a\comfy-gpu-ci\comfy-gpu-ci\test_workspaces\DepthAnythingV3-2136\ComfyUI\custom_nodes\ComfyUI-DepthAnythingV3\nodes\depth_anything_v3\model.py", line 750 in _get_intermediate_layers_not_chunked
  [ComfyUI]   File "D:\a\comfy-gpu-ci\comfy-gpu-ci\test_workspaces\DepthAnythingV3-2136\ComfyUI\custom_nodes\ComfyUI-DepthAnythingV3\nodes\depth_anything_v3\model.py", line 800 in get_intermediate_layers
  [ComfyUI]   File "D:\a\comfy-gpu-ci\comfy-gpu-ci\test_workspaces\DepthAnythingV3-2136\ComfyUI\custom_nodes\ComfyUI-DepthAnythingV3\nodes\depth_anything_v3\model.py", line 891 in forward
  [ComfyUI]   File "C:\ce\.pixi\envs\depthanythingv3-nodes\Lib\site-packages\torch\nn\modules\module.py", line 1790 in _call_impl
  [ComfyUI]   File "C:\ce\.pixi\envs\depthanythingv3-nodes\Lib\site-packages\torch\nn\modules\module.py", line 1779 in _wrapped_call_impl
  [ComfyUI]   File "D:\a\comfy-gpu-ci\comfy-gpu-ci\test_workspaces\DepthAnythingV3-2136\ComfyUI\custom_nodes\ComfyUI-DepthAnythingV3\nodes\depth_anything_v3\model.py", line 1560 in forward
  [ComfyUI]   File "C:\ce\.pixi\envs\depthanythingv3-nodes\Lib\site-packages\torch\nn\modules\module.py", line 1790 in _call_impl
  [ComfyUI]   File "C:\ce\.pixi\envs\depthanythingv3-nodes\Lib\site-packages\torch\nn\modules\module.py", line 1779 in _wrapped_call_impl
  [ComfyUI]   File "D:\a\comfy-gpu-ci\comfy-gpu-ci\test_workspaces\DepthAnythingV3-2136\ComfyUI\custom_nodes\ComfyUI-DepthAnythingV3\nodes\nodes_inference.py", line 156 in execute
  [ComfyUI]   File "D:\a\comfy-gpu-ci\comfy-gpu-ci\test_workspaces\DepthAnythingV3-2136\ComfyUI\comfy_api\latest\_io.py", line 1833 in EXECUTE_NORMALIZED
  [ComfyUI]   File "C:\Users\RUNNER~1\AppData\Local\Temp\comfyui_pvenv_bqymfx8f\persistent_worker.py", line 1762 in main
  [ComfyUI]   File "C:\Users\RUNNER~1\AppData\Local\Temp\comfyui_pvenv_bqymfx8f\persistent_worker.py", line 1807 in <module>
  [ComfyUI] 
  [ComfyUI] [worker:ComfyUI-DepthAnythingV3] === END ===
  [ComfyUI] 
  [capture-loop] iter=550 t=65.3s state={'complete': False, 'error': None, 'executedCount': 0, 'wsState': 1} eval_ms=5 ram=6.2/16.0GB (39%) swap=0.2/2.9GB (6%) cpu=64% browser_rss=0.56GB
  [capture-loop] iter=600 t=71.1s state={'complete': False, 'error': None, 'executedCount': 0, 'wsState': 1} eval_ms=5 ram=6.6/16.0GB (42%) swap=0.2/2.9GB (6%) cpu=60% browser_rss=0.55GB
  [capture-loop] iter=650 t=76.7s state={'complete': False, 'error': None, 'executedCount': 0, 'wsState': 1} eval_ms=5 ram=7.1/16.0GB (44%) swap=0.2/2.9GB (6%) cpu=58% browser_rss=0.55GB
  [capture-loop] iter=700 t=82.5s state={'complete': False, 'error': None, 'executedCount': 0, 'wsState': 1} eval_ms=5 ram=7.3/16.0GB (46%) swap=0.3/2.9GB (11%) cpu=58% browser_rss=0.54GB
  [capture-loop] iter=750 t=88.2s state={'complete': False, 'error': None, 'executedCount': 0, 'wsState': 1} eval_ms=6 ram=7.3/16.0GB (46%) swap=0.3/2.9GB (11%) cpu=57% browser_rss=0.54GB
  [ComfyUI] [SubprocessWorker] callback 'report_progress' from call_id=2
  [ComfyUI] [SubprocessWorker] got response: ok
  [ComfyUI] [comfy-env] DepthAnything_V3 done (78.43s): result: NodeOutput
  Node executed (1 total), capturing...
  [ComfyUI] Prompt executed in 89.45 seconds
  Frame 6 saved (frame_005.jpg, t=90.2s)
  [capture-node] freeze=57ms shot=166ms unfreeze=5ms saved=True
  Node executed (8 total), capturing...
  Frame 7 saved (frame_006.jpg, t=90.7s)
  [capture-node] freeze=4ms shot=112ms unfreeze=0ms saved=True
  Execution complete (t=90.7s)
  Captured 7 unique frames over 90.86s
  [debug] iframes: 0
  [timing] trigger_3d_previews: 0.0s
  Saved high-quality screenshot: advanced_executed.png
  [timing] final_screenshot: 0.2s
    Captured 8 video frames