Capturing execution frames: advanced_3d.json
  Frame 1 saved (frame_000.jpg, t=0.0s)
  Validating workflow...
  Queuing workflow for execution...
  Frame 2 saved (frame_001.jpg, t=2.3s)
  [capture-periodic] freeze=12ms shot=144ms unfreeze=7ms saved=True
  Frame 3 saved (frame_002.jpg, t=4.6s)
  [capture-periodic] freeze=6ms shot=124ms unfreeze=7ms saved=True
  [capture-loop] iter=50 t=6.1s state={'complete': False, 'error': None, 'executedCount': 0, 'wsState': 1} eval_ms=7 ram=6.8/16.0GB (43%) swap=0.3/2.9GB (9%) cpu=45% browser_rss=0.74GB
  [capture-loop] iter=100 t=12.1s state={'complete': False, 'error': None, 'executedCount': 0, 'wsState': 1} eval_ms=7 ram=6.7/16.0GB (42%) swap=0.3/2.9GB (9%) cpu=63% browser_rss=0.73GB
  [capture-loop] iter=150 t=18.1s state={'complete': False, 'error': None, 'executedCount': 0, 'wsState': 1} eval_ms=5 ram=6.4/16.0GB (40%) swap=0.3/2.9GB (9%) cpu=70% browser_rss=0.71GB
  [capture-loop] iter=200 t=24.0s state={'complete': False, 'error': None, 'executedCount': 0, 'wsState': 1} eval_ms=9 ram=7.0/16.0GB (44%) swap=0.3/2.9GB (9%) cpu=72% browser_rss=0.71GB
  [capture-loop] iter=250 t=30.1s state={'complete': False, 'error': None, 'executedCount': 0, 'wsState': 1} eval_ms=5 ram=6.2/16.0GB (39%) swap=0.3/2.9GB (9%) cpu=75% browser_rss=0.64GB
  Frame 4 saved (frame_003.jpg, t=30.7s)
  [capture-periodic] freeze=4ms shot=93ms unfreeze=6ms saved=True
  Node executed (2 total), capturing...
  Frame 5 saved (frame_004.jpg, t=34.1s)
  [capture-node] freeze=5ms shot=110ms unfreeze=0ms saved=True
  Execution complete (t=34.1s)
  Captured 5 unique frames over 36.14s
  [debug] iframes: 1
  [debug]   iframe[0]: src=http://127.0.0.1:8188/extensions/ComfyUI-GeometryPack/viewer_vtk.html?v=17783269, canvas=486x394, rafFrozen=True
  [timing] trigger_3d_previews: 0.0s
  Saved high-quality screenshot: advanced_3d_executed.png
  [timing] final_screenshot: 0.2s
    Captured 6 video frames