Capturing execution frames: simple.json
  Frame 1 saved (frame_000.jpg, t=0.0s)
  Validating workflow...
  Queuing workflow for execution...
  Frame 2 saved (frame_001.jpg, t=2.3s)
  [capture-periodic] freeze=7ms shot=166ms unfreeze=42ms saved=True
  Frame 3 saved (frame_002.jpg, t=4.7s)
  [capture-periodic] freeze=40ms shot=199ms unfreeze=6ms saved=True
  [capture-loop] iter=50 t=7.0s state={'complete': False, 'error': None, 'executedCount': 0, 'wsState': 1} eval_ms=6 ram=6.2/16.0GB (39%) swap=1.0/2.9GB (35%) cpu=74% browser_rss=0.67GB
  [capture-loop] iter=100 t=13.4s state={'complete': False, 'error': None, 'executedCount': 0, 'wsState': 1} eval_ms=6 ram=6.1/16.0GB (38%) swap=1.0/2.9GB (35%) cpu=92% browser_rss=0.66GB
  [capture-loop] iter=150 t=19.6s state={'complete': False, 'error': None, 'executedCount': 0, 'wsState': 1} eval_ms=17 ram=6.9/16.0GB (43%) swap=1.0/2.9GB (35%) cpu=87% browser_rss=0.66GB
  [capture-loop] iter=200 t=25.8s state={'complete': False, 'error': None, 'executedCount': 0, 'wsState': 1} eval_ms=5 ram=7.0/16.0GB (44%) swap=1.0/2.9GB (35%) cpu=89% browser_rss=0.58GB
  [capture-loop] iter=250 t=32.1s state={'complete': False, 'error': None, 'executedCount': 0, 'wsState': 1} eval_ms=9 ram=6.3/16.0GB (39%) swap=1.0/2.9GB (35%) cpu=88% browser_rss=0.56GB
  [capture-loop] iter=300 t=38.1s state={'complete': False, 'error': None, 'executedCount': 0, 'wsState': 1} eval_ms=7 ram=6.4/16.0GB (40%) swap=1.0/2.9GB (35%) cpu=88% browser_rss=0.56GB
  [capture-loop] iter=350 t=44.3s state={'complete': False, 'error': None, 'executedCount': 0, 'wsState': 1} eval_ms=6 ram=6.6/16.0GB (41%) swap=1.0/2.9GB (35%) cpu=88% browser_rss=0.56GB
  [capture-loop] iter=400 t=50.5s state={'complete': False, 'error': None, 'executedCount': 0, 'wsState': 1} eval_ms=6 ram=6.7/16.0GB (42%) swap=1.0/2.9GB (35%) cpu=87% browser_rss=0.56GB
  [capture-loop] iter=450 t=56.8s state={'complete': False, 'error': None, 'executedCount': 0, 'wsState': 1} eval_ms=6 ram=7.4/16.0GB (46%) swap=1.0/2.9GB (35%) cpu=91% browser_rss=0.56GB
  [capture-loop] iter=500 t=63.1s state={'complete': False, 'error': None, 'executedCount': 0, 'wsState': 1} eval_ms=4 ram=7.5/16.0GB (47%) swap=1.0/2.9GB (35%) cpu=91% browser_rss=0.56GB
  Node executed (1 total), capturing...
  Frame 4 saved (frame_003.jpg, t=68.6s)
  [capture-node] freeze=12ms shot=144ms unfreeze=0ms saved=True
  Execution complete (t=68.6s)
  Captured 4 unique frames over 68.81s
  [debug] iframes: 0
  [timing] trigger_3d_previews: 0.0s
  Saved high-quality screenshot: simple_executed.png
  [timing] final_screenshot: 0.2s
    Captured 5 video frames