Capturing execution frames: advanced.json
  Frame 1 saved (frame_000.jpg, t=0.0s)
  Validating workflow...
  Queuing workflow for execution...
  Frame 2 saved (frame_001.jpg, t=2.3s)
  [capture-periodic] freeze=4ms shot=110ms unfreeze=4ms saved=True
  Frame 3 saved (frame_002.jpg, t=4.5s)
  [capture-periodic] freeze=3ms shot=101ms unfreeze=5ms saved=True
  [capture-loop] iter=50 t=5.9s state={'complete': False, 'error': None, 'executedCount': 0, 'wsState': 1} eval_ms=5 ram=6.0/16.0GB (38%) swap=0.3/2.9GB (10%) cpu=48% browser_rss=0.67GB
  [capture-loop] iter=100 t=12.7s state={'complete': False, 'error': None, 'executedCount': 0, 'wsState': 1} eval_ms=5 ram=6.5/16.0GB (40%) swap=0.3/2.9GB (10%) cpu=74% browser_rss=0.67GB
  Frame 4 saved (frame_003.jpg, t=13.5s)
  [capture-periodic] freeze=4ms shot=115ms unfreeze=6ms saved=True
  [capture-loop] iter=150 t=18.6s state={'complete': False, 'error': None, 'executedCount': 0, 'wsState': 1} eval_ms=6 ram=8.0/16.0GB (50%) swap=0.3/2.9GB (10%) cpu=60% browser_rss=0.66GB
  [capture-loop] iter=200 t=24.4s state={'complete': False, 'error': None, 'executedCount': 0, 'wsState': 1} eval_ms=4 ram=7.0/16.0GB (44%) swap=0.3/2.9GB (10%) cpu=76% browser_rss=0.60GB
  [capture-loop] iter=250 t=30.4s state={'complete': False, 'error': None, 'executedCount': 0, 'wsState': 1} eval_ms=4 ram=6.6/16.0GB (41%) swap=0.3/2.9GB (10%) cpu=74% browser_rss=0.60GB
  [capture-loop] iter=300 t=36.3s state={'complete': False, 'error': None, 'executedCount': 0, 'wsState': 1} eval_ms=5 ram=6.7/16.0GB (42%) swap=0.3/2.9GB (10%) cpu=71% browser_rss=0.60GB
  [capture-loop] iter=350 t=42.2s state={'complete': False, 'error': None, 'executedCount': 0, 'wsState': 1} eval_ms=5 ram=7.4/16.0GB (46%) swap=0.3/2.9GB (10%) cpu=75% browser_rss=0.60GB
  [capture-loop] iter=400 t=48.1s state={'complete': False, 'error': None, 'executedCount': 0, 'wsState': 1} eval_ms=4 ram=6.9/16.0GB (43%) swap=0.3/2.9GB (10%) cpu=77% browser_rss=0.59GB
  [capture-loop] iter=450 t=54.1s state={'complete': False, 'error': None, 'executedCount': 0, 'wsState': 1} eval_ms=16 ram=8.1/16.0GB (50%) swap=0.3/2.9GB (10%) cpu=78% browser_rss=0.57GB
  [capture-loop] iter=500 t=60.5s state={'complete': False, 'error': None, 'executedCount': 0, 'wsState': 1} eval_ms=5 ram=7.1/16.0GB (45%) swap=0.3/2.9GB (10%) cpu=89% browser_rss=0.56GB
  [capture-loop] iter=550 t=66.2s state={'complete': False, 'error': None, 'executedCount': 0, 'wsState': 1} eval_ms=4 ram=8.1/16.0GB (50%) swap=0.3/2.9GB (10%) cpu=71% browser_rss=0.56GB
  [capture-loop] iter=600 t=72.2s state={'complete': False, 'error': None, 'executedCount': 0, 'wsState': 1} eval_ms=4 ram=7.6/16.0GB (48%) swap=0.3/2.9GB (10%) cpu=71% browser_rss=0.56GB
  [capture-loop] iter=650 t=78.1s state={'complete': False, 'error': None, 'executedCount': 0, 'wsState': 1} eval_ms=5 ram=8.1/16.0GB (51%) swap=0.3/2.9GB (10%) cpu=65% browser_rss=0.55GB
  [capture-loop] iter=700 t=83.8s state={'complete': False, 'error': None, 'executedCount': 0, 'wsState': 1} eval_ms=5 ram=8.5/16.0GB (53%) swap=0.3/2.9GB (10%) cpu=67% browser_rss=0.55GB
  [capture-loop] iter=750 t=89.7s state={'complete': False, 'error': None, 'executedCount': 0, 'wsState': 1} eval_ms=6 ram=8.4/16.0GB (53%) swap=0.4/2.9GB (15%) cpu=68% browser_rss=0.54GB
  Node executed (2 total), capturing...
  Frame 5 saved (frame_004.jpg, t=91.7s)
  [capture-node] freeze=5ms shot=167ms unfreeze=7ms saved=True
  Node executed (8 total), capturing...
  Frame 6 saved (frame_005.jpg, t=92.2s)
  [capture-node] freeze=4ms shot=116ms unfreeze=0ms saved=True
  Execution complete (t=92.2s)
  Captured 6 unique frames over 92.34s
  [debug] iframes: 0
  [timing] trigger_3d_previews: 0.0s
  Saved high-quality screenshot: advanced_executed.png
  [timing] final_screenshot: 0.2s
    Captured 7 video frames