Capturing execution frames: advanced_3d.json
  Frame 1 saved (frame_000.jpg, t=0.0s)
  Validating workflow...
  Queuing workflow for execution...
  Frame 2 saved (frame_001.jpg, t=2.2s)
  [capture-periodic] freeze=4ms shot=133ms unfreeze=10ms saved=True
  Frame 3 saved (frame_002.jpg, t=4.5s)
  [capture-periodic] freeze=3ms shot=136ms unfreeze=5ms saved=True
  [capture-loop] iter=50 t=6.0s state={'complete': False, 'error': None, 'executedCount': 0, 'wsState': 1} eval_ms=6 ram=7.3/16.0GB (45%) swap=0.6/2.9GB (21%) cpu=47% browser_rss=0.69GB
  [capture-loop] iter=100 t=12.0s state={'complete': False, 'error': None, 'executedCount': 0, 'wsState': 1} eval_ms=6 ram=7.3/16.0GB (46%) swap=0.6/2.9GB (21%) cpu=76% browser_rss=0.69GB
  [capture-loop] iter=150 t=17.8s state={'complete': False, 'error': None, 'executedCount': 0, 'wsState': 1} eval_ms=5 ram=7.5/16.0GB (47%) swap=0.6/2.9GB (21%) cpu=78% browser_rss=0.67GB
  [capture-loop] iter=200 t=23.7s state={'complete': False, 'error': None, 'executedCount': 0, 'wsState': 1} eval_ms=4 ram=7.4/16.0GB (46%) swap=0.7/2.9GB (26%) cpu=68% browser_rss=0.67GB
  [capture-loop] iter=250 t=29.7s state={'complete': False, 'error': None, 'executedCount': 0, 'wsState': 1} eval_ms=13 ram=7.7/16.0GB (48%) swap=0.7/2.9GB (25%) cpu=67% browser_rss=0.59GB
  [capture-loop] iter=300 t=35.7s state={'complete': False, 'error': None, 'executedCount': 0, 'wsState': 1} eval_ms=4 ram=7.3/16.0GB (46%) swap=0.7/2.9GB (25%) cpu=78% browser_rss=0.59GB
  Frame 4 saved (frame_003.jpg, t=37.9s)
  [capture-periodic] freeze=4ms shot=114ms unfreeze=4ms saved=True
  [capture-loop] iter=350 t=41.6s state={'complete': False, 'error': None, 'executedCount': 0, 'wsState': 1} eval_ms=5 ram=6.9/16.0GB (43%) swap=0.7/2.9GB (25%) cpu=65% browser_rss=0.59GB
  Node executed (1 total), capturing...
  Frame 5 saved (frame_004.jpg, t=43.0s)
  [capture-node] freeze=4ms shot=125ms unfreeze=5ms saved=True
  Node executed (2 total), capturing...
  Frame 6 saved (frame_005.jpg, t=43.4s)
  [capture-node] freeze=1972ms shot=100ms unfreeze=0ms saved=True
  Execution complete (t=43.4s)
  Captured 6 unique frames over 45.52s
  [debug] iframes: 1
  [debug]   iframe[0]: src=http://127.0.0.1:8188/extensions/ComfyUI-DepthAnythingV3/viewer_vtk.html?v=17782, canvas=486x394, rafFrozen=True
  [timing] trigger_3d_previews: 0.0s
  Saved high-quality screenshot: advanced_3d_executed.png
  [timing] final_screenshot: 0.2s
    Captured 7 video frames