Capturing execution frames: advanced_3d_multiview.json
  Frame 1 saved (frame_000.jpg, t=0.0s)
  Validating workflow...
  Queuing workflow for execution...
  Node executed (1 total), capturing...
  Frame 2 saved (frame_001.jpg, t=0.5s)
  [capture-node] freeze=4ms shot=120ms unfreeze=6ms saved=True
  Frame 3 saved (frame_002.jpg, t=5.0s)
  [capture-periodic] freeze=5ms shot=139ms unfreeze=10ms saved=True
  [capture-loop] iter=50 t=6.3s state={'complete': False, 'error': None, 'executedCount': 1, 'wsState': 1} eval_ms=4 ram=6.9/16.0GB (43%) swap=0.9/2.9GB (30%) cpu=46% browser_rss=0.67GB
  [capture-loop] iter=100 t=12.3s state={'complete': False, 'error': None, 'executedCount': 1, 'wsState': 1} eval_ms=5 ram=6.9/16.0GB (43%) swap=0.9/2.9GB (30%) cpu=73% browser_rss=0.65GB
  [capture-loop] iter=150 t=18.1s state={'complete': False, 'error': None, 'executedCount': 1, 'wsState': 1} eval_ms=4 ram=6.7/16.0GB (42%) swap=1.0/2.9GB (35%) cpu=74% browser_rss=0.65GB
  [capture-loop] iter=200 t=24.2s state={'complete': False, 'error': None, 'executedCount': 1, 'wsState': 1} eval_ms=5 ram=6.9/16.0GB (43%) swap=1.0/2.9GB (35%) cpu=84% browser_rss=0.65GB
  [capture-loop] iter=250 t=30.3s state={'complete': False, 'error': None, 'executedCount': 1, 'wsState': 1} eval_ms=5 ram=7.0/16.0GB (44%) swap=1.1/2.9GB (40%) cpu=82% browser_rss=0.64GB
  [capture-loop] iter=300 t=36.3s state={'complete': False, 'error': None, 'executedCount': 1, 'wsState': 1} eval_ms=5 ram=7.2/16.0GB (45%) swap=1.1/2.9GB (40%) cpu=74% browser_rss=0.65GB
  [capture-loop] iter=350 t=42.1s state={'complete': False, 'error': None, 'executedCount': 1, 'wsState': 1} eval_ms=5 ram=7.3/16.0GB (46%) swap=1.2/2.9GB (43%) cpu=74% browser_rss=0.64GB
  [capture-loop] iter=400 t=48.1s state={'complete': False, 'error': None, 'executedCount': 1, 'wsState': 1} eval_ms=5 ram=7.4/16.0GB (46%) swap=1.2/2.9GB (43%) cpu=73% browser_rss=0.63GB
  [capture-loop] iter=450 t=54.0s state={'complete': False, 'error': None, 'executedCount': 1, 'wsState': 1} eval_ms=4 ram=8.1/16.0GB (51%) swap=1.2/2.9GB (43%) cpu=72% browser_rss=0.62GB
  [capture-loop] iter=500 t=59.8s state={'complete': False, 'error': None, 'executedCount': 1, 'wsState': 1} eval_ms=6 ram=8.4/16.0GB (52%) swap=1.2/2.9GB (43%) cpu=72% browser_rss=0.61GB
  [capture-loop] iter=550 t=65.8s state={'complete': False, 'error': None, 'executedCount': 1, 'wsState': 1} eval_ms=5 ram=7.6/16.0GB (48%) swap=1.2/2.9GB (43%) cpu=73% browser_rss=0.60GB
  [capture-loop] iter=600 t=71.7s state={'complete': False, 'error': None, 'executedCount': 1, 'wsState': 1} eval_ms=4 ram=6.6/16.0GB (42%) swap=1.2/2.9GB (43%) cpu=71% browser_rss=0.60GB
  [capture-loop] iter=650 t=77.5s state={'complete': False, 'error': None, 'executedCount': 1, 'wsState': 1} eval_ms=5 ram=7.3/16.0GB (46%) swap=1.2/2.9GB (43%) cpu=67% browser_rss=0.59GB
  [capture-loop] iter=700 t=83.6s state={'complete': False, 'error': None, 'executedCount': 1, 'wsState': 1} eval_ms=5 ram=7.2/16.0GB (45%) swap=1.2/2.9GB (43%) cpu=80% browser_rss=0.59GB
  [capture-loop] iter=750 t=89.6s state={'complete': False, 'error': None, 'executedCount': 1, 'wsState': 1} eval_ms=10 ram=7.5/16.0GB (47%) swap=1.2/2.9GB (43%) cpu=77% browser_rss=0.59GB
  [capture-loop] iter=800 t=95.4s state={'complete': False, 'error': None, 'executedCount': 1, 'wsState': 1} eval_ms=6 ram=4.7/16.0GB (30%) swap=1.0/2.9GB (36%) cpu=75% browser_rss=0.58GB
  [capture-loop] iter=850 t=101.2s state={'complete': False, 'error': None, 'executedCount': 1, 'wsState': 1} eval_ms=4 ram=5.2/16.0GB (33%) swap=0.8/2.9GB (29%) cpu=43% browser_rss=0.58GB
  [capture-loop] iter=900 t=107.1s state={'complete': False, 'error': None, 'executedCount': 1, 'wsState': 1} eval_ms=5 ram=6.4/16.0GB (40%) swap=1.0/2.9GB (34%) cpu=68% browser_rss=0.58GB
  [capture-loop] iter=950 t=113.0s state={'complete': False, 'error': None, 'executedCount': 1, 'wsState': 1} eval_ms=5 ram=5.5/16.0GB (34%) swap=1.0/2.9GB (34%) cpu=74% browser_rss=0.57GB
  [capture-loop] iter=1000 t=118.9s state={'complete': False, 'error': None, 'executedCount': 1, 'wsState': 1} eval_ms=5 ram=5.6/16.0GB (35%) swap=1.0/2.9GB (34%) cpu=74% browser_rss=0.55GB
  [capture-loop] iter=1050 t=124.8s state={'complete': False, 'error': None, 'executedCount': 1, 'wsState': 1} eval_ms=5 ram=5.7/16.0GB (36%) swap=1.0/2.9GB (34%) cpu=74% browser_rss=0.54GB
  [capture-loop] iter=1100 t=130.7s state={'complete': False, 'error': None, 'executedCount': 1, 'wsState': 1} eval_ms=5 ram=5.8/16.0GB (36%) swap=1.0/2.9GB (34%) cpu=75% browser_rss=0.52GB
  [capture-loop] iter=1150 t=136.6s state={'complete': False, 'error': None, 'executedCount': 1, 'wsState': 1} eval_ms=5 ram=5.9/16.0GB (37%) swap=1.0/2.9GB (34%) cpu=72% browser_rss=0.50GB
  [capture-loop] iter=1200 t=142.6s state={'complete': False, 'error': None, 'executedCount': 1, 'wsState': 1} eval_ms=4 ram=6.0/16.0GB (37%) swap=1.0/2.9GB (34%) cpu=75% browser_rss=0.50GB
  [capture-loop] iter=1250 t=148.4s state={'complete': False, 'error': None, 'executedCount': 1, 'wsState': 1} eval_ms=5 ram=5.9/16.0GB (37%) swap=1.1/2.9GB (39%) cpu=71% browser_rss=0.50GB
  [capture-loop] iter=1300 t=154.3s state={'complete': False, 'error': None, 'executedCount': 1, 'wsState': 1} eval_ms=5 ram=6.1/16.0GB (38%) swap=1.1/2.9GB (39%) cpu=73% browser_rss=0.49GB
  [capture-loop] iter=1350 t=160.1s state={'complete': False, 'error': None, 'executedCount': 1, 'wsState': 1} eval_ms=5 ram=6.2/16.0GB (39%) swap=1.1/2.9GB (39%) cpu=73% browser_rss=0.48GB
  [capture-loop] iter=1400 t=166.1s state={'complete': False, 'error': None, 'executedCount': 1, 'wsState': 1} eval_ms=6 ram=6.5/16.0GB (41%) swap=1.1/2.9GB (39%) cpu=73% browser_rss=0.48GB
  [capture-loop] iter=1450 t=172.0s state={'complete': False, 'error': None, 'executedCount': 1, 'wsState': 1} eval_ms=5 ram=6.4/16.0GB (40%) swap=1.1/2.9GB (39%) cpu=72% browser_rss=0.47GB
  [capture-loop] iter=1500 t=177.8s state={'complete': False, 'error': None, 'executedCount': 1, 'wsState': 1} eval_ms=6 ram=6.9/16.0GB (43%) swap=1.2/2.9GB (42%) cpu=69% browser_rss=0.46GB
  [capture-loop] iter=1550 t=183.7s state={'complete': False, 'error': None, 'executedCount': 1, 'wsState': 1} eval_ms=10 ram=7.4/16.0GB (46%) swap=1.3/2.9GB (44%) cpu=69% browser_rss=0.45GB
  [capture-loop] iter=1600 t=189.7s state={'complete': False, 'error': None, 'executedCount': 1, 'wsState': 1} eval_ms=7 ram=7.6/16.0GB (47%) swap=1.2/2.9GB (43%) cpu=69% browser_rss=0.44GB
  [capture-loop] iter=1650 t=195.6s state={'complete': False, 'error': None, 'executedCount': 1, 'wsState': 1} eval_ms=5 ram=7.3/16.0GB (46%) swap=1.2/2.9GB (43%) cpu=87% browser_rss=0.43GB
  Frame 4 saved (frame_003.jpg, t=197.8s)
  [capture-periodic] freeze=3ms shot=99ms unfreeze=4ms saved=True
  Frame 5 saved (frame_004.jpg, t=200.0s)
  [capture-periodic] freeze=3ms shot=108ms unfreeze=4ms saved=True
  [capture-loop] iter=1700 t=201.6s state={'complete': False, 'error': None, 'executedCount': 1, 'wsState': 1} eval_ms=4 ram=6.2/16.0GB (38%) swap=1.2/2.9GB (43%) cpu=47% browser_rss=0.44GB
  Frame 6 saved (frame_005.jpg, t=204.4s)
  [capture-periodic] freeze=3ms shot=111ms unfreeze=5ms saved=True
  [capture-loop] iter=1750 t=207.3s state={'complete': False, 'error': None, 'executedCount': 1, 'wsState': 1} eval_ms=4 ram=6.2/16.0GB (38%) swap=1.2/2.9GB (43%) cpu=23% browser_rss=0.43GB
  Node executed (3 total), capturing...
  Frame 7 saved (frame_006.jpg, t=211.8s)
  [capture-node] freeze=4ms shot=106ms unfreeze=4ms saved=True
  Node executed (4 total), capturing...
  Frame 8 saved (frame_007.jpg, t=212.4s)
  [capture-node] freeze=4ms shot=105ms unfreeze=0ms saved=True
  Execution complete (t=212.4s)
  Captured 8 unique frames over 212.6s
  [debug] iframes: 1
  [debug]   iframe[0]: src=http://127.0.0.1:8188/extensions/ComfyUI-DepthAnythingV3/viewer_vtk.html?v=17782, canvas=486x394, rafFrozen=True
  [timing] trigger_3d_previews: 0.0s
  Saved high-quality screenshot: advanced_3d_multiview_executed.png
  [timing] final_screenshot: 0.2s
    Captured 9 video frames