Capturing execution frames: simple.json
  Frame 1 saved (frame_000.jpg, t=0.0s)
  Validating workflow...
  Queuing workflow for execution...
  Frame 2 saved (frame_001.jpg, t=2.2s)
  [capture-periodic] freeze=4ms shot=128ms unfreeze=4ms saved=True
  Frame 3 saved (frame_002.jpg, t=4.4s)
  [capture-periodic] freeze=4ms shot=120ms unfreeze=4ms saved=True
  [capture-loop] iter=50 t=5.9s state={'complete': False, 'error': None, 'executedCount': 0, 'wsState': 1} eval_ms=4 ram=5.1/16.0GB (32%) swap=1.1/2.9GB (39%) cpu=32% browser_rss=0.62GB
  Frame 4 saved (frame_003.jpg, t=6.7s)
  [capture-periodic] freeze=4ms shot=129ms unfreeze=6ms saved=True
  [capture-loop] iter=100 t=11.8s state={'complete': False, 'error': None, 'executedCount': 0, 'wsState': 1} eval_ms=6 ram=5.4/16.0GB (34%) swap=1.1/2.9GB (39%) cpu=62% browser_rss=0.62GB
  [capture-loop] iter=150 t=17.7s state={'complete': False, 'error': None, 'executedCount': 0, 'wsState': 1} eval_ms=6 ram=5.5/16.0GB (35%) swap=1.1/2.9GB (39%) cpu=68% browser_rss=0.62GB
  [capture-loop] iter=200 t=23.7s state={'complete': False, 'error': None, 'executedCount': 0, 'wsState': 1} eval_ms=6 ram=6.4/16.0GB (40%) swap=1.1/2.9GB (39%) cpu=74% browser_rss=0.62GB
  [capture-loop] iter=250 t=29.8s state={'complete': False, 'error': None, 'executedCount': 0, 'wsState': 1} eval_ms=11 ram=6.3/16.0GB (39%) swap=1.1/2.9GB (39%) cpu=75% browser_rss=0.54GB
  [capture-loop] iter=300 t=35.9s state={'complete': False, 'error': None, 'executedCount': 0, 'wsState': 1} eval_ms=6 ram=5.9/16.0GB (37%) swap=1.1/2.9GB (39%) cpu=73% browser_rss=0.54GB
  [capture-loop] iter=350 t=41.7s state={'complete': False, 'error': None, 'executedCount': 0, 'wsState': 1} eval_ms=5 ram=6.0/16.0GB (38%) swap=1.1/2.9GB (39%) cpu=72% browser_rss=0.53GB
  [capture-loop] iter=400 t=47.8s state={'complete': False, 'error': None, 'executedCount': 0, 'wsState': 1} eval_ms=6 ram=7.0/16.0GB (44%) swap=1.1/2.9GB (39%) cpu=74% browser_rss=0.54GB
  [capture-loop] iter=450 t=53.8s state={'complete': False, 'error': None, 'executedCount': 0, 'wsState': 1} eval_ms=5 ram=7.2/16.0GB (45%) swap=1.1/2.9GB (39%) cpu=76% browser_rss=0.54GB
  [capture-loop] iter=500 t=59.7s state={'complete': False, 'error': None, 'executedCount': 0, 'wsState': 1} eval_ms=6 ram=6.7/16.0GB (42%) swap=1.1/2.9GB (39%) cpu=75% browser_rss=0.54GB
  [capture-loop] iter=550 t=65.7s state={'complete': False, 'error': None, 'executedCount': 0, 'wsState': 1} eval_ms=5 ram=7.3/16.0GB (46%) swap=1.1/2.9GB (38%) cpu=69% browser_rss=0.54GB
  [capture-loop] iter=600 t=71.7s state={'complete': False, 'error': None, 'executedCount': 0, 'wsState': 1} eval_ms=5 ram=7.5/16.0GB (47%) swap=1.1/2.9GB (38%) cpu=71% browser_rss=0.54GB
  [capture-loop] iter=650 t=77.5s state={'complete': False, 'error': None, 'executedCount': 0, 'wsState': 1} eval_ms=4 ram=8.0/16.0GB (50%) swap=1.1/2.9GB (38%) cpu=67% browser_rss=0.54GB
  Node executed (1 total), capturing...
  Frame 5 saved (frame_004.jpg, t=81.5s)
  [capture-node] freeze=5ms shot=127ms unfreeze=0ms saved=True
  Execution complete (t=81.5s)
  Captured 5 unique frames over 81.69s
  [debug] iframes: 0
  [timing] trigger_3d_previews: 0.0s
  Saved high-quality screenshot: simple_executed.png
  [timing] final_screenshot: 0.2s
    Captured 6 video frames