Capturing execution frames: advanced.json
  [ComfyUI] [DEPRECATION WARNING] Detected import of deprecated legacy API: /extensions/core/widgetInputs.js. This is likely caused by a custom node extension using outdated APIs. Please update your extensions or contact the extension author for an updated version.
  Frame 1 saved (frame_000.jpg, t=0.0s)
  Validating workflow...
  [ComfyUI] === /validate endpoint called ===
  Queuing workflow for execution...
  [ComfyUI] Received JSON with keys: ['prompt']
  [ComfyUI] Prompt has 11 nodes
  [ComfyUI]   Node 2: LoadImage
  [ComfyUI]     Inputs: {"image": "bridge.jpg"}
  [ComfyUI]   Node 3: DownloadAndLoadDepthAnythingV3Model
  [ComfyUI]     Inputs: {"model": "da3_large.safetensors", "precision": "auto", "attention": "auto"}
  [ComfyUI]   Node 4: PreviewImage
  [ComfyUI]     Inputs: {"images": ["12", 0]}
  [ComfyUI]   Node 6: PreviewImage
  [ComfyUI]     Inputs: {"images": ["12", 1]}
  [ComfyUI]   Node 7: PreviewImage
  [ComfyUI]     Inputs: {"images": ["12", 2]}
  [ComfyUI]   Node 8: PreviewImage
  [ComfyUI]     Inputs: {"images": ["12", 3]}
  [ComfyUI]   Node 9: PreviewAny
  [ComfyUI]     Inputs: {"source": ["12", 6]}
  [ComfyUI]   Node 10: PreviewAny
  [ComfyUI]     Inputs: {"source": ["12", 5]}
  [ComfyUI]   Node 11: MaskPreview
  [ComfyUI]     Inputs: {"mask": ["12", 7]}
  [ComfyUI]   Node 12: DepthAnything_V3
  [ComfyUI]     Inputs: {"normalization_mode": "V2-Style", "resize_method": "resize", "invert_depth": false, "keep_model_size": false, "da3_model": ["3", 0], "images": ["2", 0]}
  [ComfyUI]   Node 13: PreviewImage
  [ComfyUI]     Inputs: {"images": ["12", 4]}
  [ComfyUI] Generated prompt_id: 40df3558-adce-4671-8ff4-f0d1f14ad140
  [ComfyUI] Calling execution.validate_prompt()...
  [ComfyUI] Validation result: valid=True
  [ComfyUI] [comfy-env] SubprocessWorker: C:\workspaces\DepthAnythingV3-1730\ComfyUI\.ce\.pixi\envs\depthanythingv3-nodes\python.exe
  [ComfyUI] === Validation PASSED ===
  [ComfyUI] [comfy-env] env_vars: {'COMFYUI_BASE': 'C:\\workspaces\\DepthAnythingV3-1730\\ComfyUI'}
  [ComfyUI] got prompt
  [ComfyUI] [ComfyUI-DepthAnythingV3] python: C:\workspaces\DepthAnythingV3-1730\ComfyUI\.ce\.pixi\envs\depthanythingv3-nodes\python.exe
  [ComfyUI] [comfy-env] Running DownloadAndLoadDepthAnythingV3Model: model: 'da3_large.safetensors', precision: 'auto', attention: 'auto'
  [ComfyUI] [ComfyUI-DepthAnythingV3] sys_path sent to worker: ['C:\\workspaces\\DepthAnythingV3-1730\\ComfyUI', 'C:\\workspaces\\DepthAnythingV3-1730\\ComfyUI\\custom_nodes\\ComfyUI-DepthAnythingV3', 'C:\\workspaces\\DepthAnythingV3-1730\\ComfyUI\\.ce\\.pixi\\envs\\depthanythingv3-nodes\\Lib\\site-packages', 'C:\\workspaces\\DepthAnythingV3-1730\\ComfyUI\\custom_nodes\\ComfyUI-DepthAnythingV3']
  [ComfyUI] [VRAM] Before DownloadAndLoadDepthAnythingV3Model: 1042 / 12287 MB
  [ComfyUI] [SubprocessWorker] is_pixi=True, python=C:\workspaces\DepthAnythingV3-1730\ComfyUI\.ce\.pixi\envs\depthanythingv3-nodes\python.exe
  [ComfyUI] [SubprocessWorker] call_method: nodes.load_model.DownloadAndLoadDepthAnythingV3Model.EXECUTE_NORMALIZED
  [ComfyUI] [SubprocessWorker] launching cmd=['C:\\Users\\ContainerAdministrator\\.pixi\\bin\\pixi.exe', 'run', '--as-is', '--manifest-path', 'C:\\workspaces\\DepthAnythingV3-1730\\ComfyUI\\.ce\\pixi.toml', '-e', 'depthanythingv3-nodes', 'python', 'C:\\Users\\ContainerAdministrator\\AppData\\Local\\Temp\\comfyui_pvenv_wyu7f_lh\\persistent_worker.py', 'tcp://127.0.0.1:57190']...
  [ComfyUI] [SubprocessWorker] acquired lock, ensuring started...
  [ComfyUI] [comfy-env] depthanythingv3-nodes: Library/bin has 234 DLLs
  Frame 2 saved (frame_001.jpg, t=2.4s)
  [capture-periodic] freeze=4ms shot=115ms unfreeze=5ms saved=True
  Frame 3 saved (frame_002.jpg, t=4.6s)
  [capture-periodic] freeze=4ms shot=118ms unfreeze=5ms saved=True
  [capture-loop] iter=50 t=6.2s state={'complete': False, 'error': None, 'executedCount': 0, 'wsState': 1} eval_ms=4 ram=10.0/31.9GB (31%) swap=0.3/5.0GB (7%) cpu=8% browser_rss=0.70GB
  [capture-loop] iter=100 t=12.4s state={'complete': False, 'error': None, 'executedCount': 0, 'wsState': 1} eval_ms=4 ram=11.5/31.9GB (36%) swap=0.3/5.0GB (7%) cpu=6% browser_rss=0.70GB
  [capture-loop] iter=150 t=18.3s state={'complete': False, 'error': None, 'executedCount': 0, 'wsState': 1} eval_ms=4 ram=10.6/31.9GB (33%) swap=0.3/5.0GB (7%) cpu=6% browser_rss=0.70GB
  [capture-loop] iter=200 t=24.1s state={'complete': False, 'error': None, 'executedCount': 0, 'wsState': 1} eval_ms=4 ram=9.7/31.9GB (30%) swap=0.3/5.0GB (7%) cpu=7% browser_rss=0.64GB
  [ComfyUI] [worker:ComfyUI-DepthAnythingV3] WARNING: WARNING: You need pytorch with cu130 or higher to use optimized CUDA operations.
  [ComfyUI] [SubprocessWorker] worker started/confirmed
  [ComfyUI] [SubprocessWorker] serializing kwargs to shm...
  [ComfyUI] [SubprocessWorker] created 0 shm blocks
  [ComfyUI] [SubprocessWorker] sending request via socket...
  [ComfyUI] [SubprocessWorker] call_id=1 sending call_method
  [ComfyUI] Warning: You are sending unauthenticated requests to the HF Hub. Please set a HF_TOKEN to enable higher rate limits and faster downloads.
  [ComfyUI] [worker:ComfyUI-DepthAnythingV3] WARNING: Warning: You are sending unauthenticated requests to the HF Hub. Please set a HF_TOKEN to enable higher rate limits and faster downloads.
  [ComfyUI] 
  [capture-loop] iter=250 t=30.0s state={'complete': False, 'error': None, 'executedCount': 0, 'wsState': 1} eval_ms=5 ram=10.1/31.9GB (32%) swap=0.3/5.0GB (7%) cpu=11% browser_rss=0.64GB
  [ComfyUI] model.safetensors:   0%|          | 0.00/1.64G [00:00<?, ?B/s]
  [ComfyUI] model.safetensors:   4%|▍         | 67.1M/1.64G [00:03<01:16, 20.5MB/s][SubprocessWorker] callback 'report_progress' from call_id=1
  Frame 4 saved (frame_003.jpg, t=31.0s)
  [capture-periodic] freeze=5ms shot=144ms unfreeze=6ms saved=True
  [ComfyUI] 
  [ComfyUI] model.safetensors:  12%|█▏        | 201M/1.64G [00:04<00:26, 55.1MB/s] [SubprocessWorker] callback 'report_progress' from call_id=1
  [ComfyUI] 
  [ComfyUI] model.safetensors:  16%|█▋        | 268M/1.64G [00:04<00:18, 76.0MB/s][SubprocessWorker] callback 'report_progress' from call_id=1
  Frame 5 saved (frame_004.jpg, t=33.2s)
  [capture-periodic] freeze=5ms shot=140ms unfreeze=5ms saved=True
  [ComfyUI] 
  [ComfyUI] model.safetensors:  20%|██        | 335M/1.64G [00:07<00:27, 47.3MB/s][SubprocessWorker] callback 'report_progress' from call_id=1
  [ComfyUI] 
  [ComfyUI] model.safetensors:  29%|██▊       | 470M/1.64G [00:08<00:17, 69.0MB/s][SubprocessWorker] callback 'report_progress' from call_id=1
  [ComfyUI] 
  [ComfyUI] model.safetensors:  33%|███▎      | 537M/1.64G [00:08<00:12, 85.3MB/s][SubprocessWorker] callback 'report_progress' from call_id=1
  Frame 6 saved (frame_005.jpg, t=35.5s)
  [capture-periodic] freeze=4ms shot=135ms unfreeze=6ms saved=True
  [capture-loop] iter=300 t=36.3s state={'complete': False, 'error': None, 'executedCount': 0, 'wsState': 1} eval_ms=5 ram=10.4/31.9GB (33%) swap=0.3/5.0GB (7%) cpu=22% browser_rss=0.64GB
  Frame 7 saved (frame_006.jpg, t=37.7s)
  [capture-periodic] freeze=5ms shot=144ms unfreeze=5ms saved=True
  [ComfyUI] 
  [ComfyUI] model.safetensors:  37%|███▋      | 604M/1.64G [00:12<00:24, 42.4MB/s][SubprocessWorker] callback 'report_progress' from call_id=1
  [ComfyUI] 
  [ComfyUI] model.safetensors:  45%|████▍     | 738M/1.64G [00:12<00:12, 70.6MB/s][SubprocessWorker] callback 'report_progress' from call_id=1
  [ComfyUI] 
  [ComfyUI] model.safetensors:  49%|████▉     | 805M/1.64G [00:12<00:09, 85.5MB/s][SubprocessWorker] callback 'report_progress' from call_id=1
  Frame 8 saved (frame_007.jpg, t=40.0s)
  [capture-periodic] freeze=6ms shot=155ms unfreeze=7ms saved=True
  [ComfyUI] 
  [ComfyUI] model.safetensors:  57%|█████▋    | 939M/1.64G [00:13<00:06, 108MB/s] [SubprocessWorker] callback 'report_progress' from call_id=1
  [ComfyUI] 
  [ComfyUI] model.safetensors:  65%|██████▌   | 1.07G/1.64G [00:13<00:03, 153MB/s][SubprocessWorker] callback 'report_progress' from call_id=1
  [ComfyUI] 
  [ComfyUI] model.safetensors:  73%|███████▎  | 1.21G/1.64G [00:13<00:02, 203MB/s][SubprocessWorker] callback 'report_progress' from call_id=1
  [ComfyUI] 
  [ComfyUI] model.safetensors:  78%|███████▊  | 1.27G/1.64G [00:14<00:01, 213MB/s][SubprocessWorker] callback 'report_progress' from call_id=1
  [ComfyUI] 
  [ComfyUI] model.safetensors:  82%|████████▏ | 1.34G/1.64G [00:14<00:01, 189MB/s][SubprocessWorker] callback 'report_progress' from call_id=1
  [ComfyUI] 
  [ComfyUI] model.safetensors:  86%|████████▌ | 1.41G/1.64G [00:14<00:01, 203MB/s][SubprocessWorker] callback 'report_progress' from call_id=1
  [ComfyUI] 
  [ComfyUI] model.safetensors:  94%|█████████▍| 1.54G/1.64G [00:15<00:00, 271MB/s][SubprocessWorker] callback 'report_progress' from call_id=1
  [ComfyUI] 
  [ComfyUI] model.safetensors: 100%|██████████| 1.64G/1.64G [00:15<00:00, 348MB/s][SubprocessWorker] callback 'report_progress' from call_id=1
  [ComfyUI] 
  [ComfyUI] model.safetensors: 100%|██████████| 1.64G/1.64G [00:15<00:00, 109MB/s]
  Frame 9 saved (frame_008.jpg, t=42.3s)
  [capture-periodic] freeze=4ms shot=115ms unfreeze=9ms saved=True
  [ComfyUI] [SubprocessWorker] got response: ok
  [ComfyUI] [comfy-env] DownloadAndLoadDepthAnythingV3Model done (42.18s): result: NodeOutput
  [ComfyUI] [VRAM] After DownloadAndLoadDepthAnythingV3Model: 1042 / 12287 MB
  [ComfyUI] [comfy-env] Running DepthAnything_V3: normalization_mode: 'V2-Style', resize_method: 'resize', invert_depth: False, keep_model_size: False, da3_model: dict, images: torch.float32 [1,683,1024,3] cpu
  [ComfyUI] [VRAM] Before DepthAnything_V3: 1042 / 12287 MB
  [ComfyUI] [SubprocessWorker] call_method: nodes.nodes_inference.DepthAnything_V3.EXECUTE_NORMALIZED
  [ComfyUI] [SubprocessWorker] acquired lock, ensuring started...
  [ComfyUI] [ComfyUI-DepthAnythingV3] Health check: ping (timeout=5.0s)...
  [ComfyUI] [ComfyUI-DepthAnythingV3] Health check: ok
  [ComfyUI] [SubprocessWorker] worker started/confirmed
  [ComfyUI] [comfy-env] PRE-SERIALIZE 'images' shape: torch.Size([1, 683, 1024, 3])
  [ComfyUI] [SubprocessWorker] serializing kwargs to shm...
  [ComfyUI] [SubprocessWorker] created 0 shm blocks
  [ComfyUI] [SubprocessWorker] sending request via socket...
  [ComfyUI] [SubprocessWorker] call_id=2 sending call_method
  [ComfyUI] [worker:ComfyUI-DepthAnythingV3] [comfy-env] _from_shm got dict with keys: ['__type__', 'strategy', 'manager_path', 'storage_key', 'storage_size']
  [ComfyUI] [worker:ComfyUI-DepthAnythingV3] [comfy-env] DESERIALIZE TensorRef: tensor_size=[1, 683, 1024, 3]
  [ComfyUI] [worker:ComfyUI-DepthAnythingV3] [comfy-env] DESERIALIZED tensor shape: torch.Size([1, 683, 1024, 3])
  [capture-loop] iter=350 t=42.7s state={'complete': False, 'error': None, 'executedCount': 0, 'wsState': 1} eval_ms=4 ram=10.3/31.9GB (32%) swap=0.3/5.0GB (7%) cpu=22% browser_rss=0.65GB
  Frame 10 saved (frame_009.jpg, t=44.5s)
  [capture-periodic] freeze=4ms shot=105ms unfreeze=5ms saved=True
  [ComfyUI] [SubprocessWorker] callback 'request_vram_budget' from call_id=2
  [ComfyUI] [comfy-env] VRAM request: 0.82GB, free before eviction: 11.79GB
  [ComfyUI] [comfy-env] VRAM after eviction: 11.79GB
  [ComfyUI] [worker:ComfyUI-DepthAnythingV3] [VRAM] +266MB (now 266MB) reserved=288MB peak=266MB
  [ComfyUI] [worker:ComfyUI-DepthAnythingV3] WARNING: WARNING: This model does not support sky segmentation. V2-Style normalization will work but without sky masking. Use Mono/Metric/Nested models for best V2-Style results.
  [ComfyUI] [worker:ComfyUI-DepthAnythingV3] [VRAM] +579MB (now 846MB) reserved=928MB peak=846MB
  [ComfyUI] [SubprocessWorker] callback 'report_progress' from call_id=2
  [ComfyUI] [SubprocessWorker] got response: ok
  [ComfyUI] [comfy-env] Created 1 model patchers: ['DepthAnything3Net_1']
  [ComfyUI] [comfy-env] DepthAnything_V3 done (5.46s): result: NodeOutput
  [ComfyUI] [VRAM] After DepthAnything_V3: 1042 / 12287 MB
  [ComfyUI] [VRAM] Loaded: SubprocessModel (783 MB)
  Node executed (1 total), capturing...
  [ComfyUI] Prompt executed in 47.99 seconds
  Frame 11 saved (frame_010.jpg, t=48.2s)
  [capture-node] freeze=13ms shot=161ms unfreeze=5ms saved=True
  Node executed (8 total), capturing...
  Frame 12 saved (frame_011.jpg, t=48.7s)
  [capture-node] freeze=4ms shot=127ms unfreeze=0ms saved=True
  Execution complete (t=48.7s)
  Captured 12 unique frames over 48.9s
  [debug] iframes: 0
  [timing] trigger_3d_previews: 0.0s
  Saved high-quality screenshot: advanced_executed.png
  [timing] final_screenshot: 0.4s
    Captured 13 video frames