Capturing execution frames: da3_streaming.json
  Frame 1 saved (frame_000.jpg, t=0.0s)
  Validating workflow...
  [ComfyUI] === /validate endpoint called ===
  Queuing workflow for execution...
  [ComfyUI] Received JSON with keys: ['prompt']
  [ComfyUI] Prompt has 5 nodes
  [ComfyUI]   Node 2: DownloadAndLoadDepthAnythingV3Model
  [ComfyUI]     Inputs: {"model": "da3_large.safetensors", "precision": "auto", "attention": "auto"}
  [ComfyUI]   Node 3: LoadVideo
  [ComfyUI]     Inputs: {"file": "robot_unitree.mp4", "video-preview": ""}
  [ComfyUI]   Node 4: SaveVideo
  [ComfyUI]     Inputs: {"filename_prefix": "video/preview_da3", "format": "auto", "codec": "auto", "video": ["6", 0]}
  [ComfyUI]   Node 5: LoadSALADModel
  [ComfyUI]     Inputs: {}
  [ComfyUI]   Node 6: DepthAnythingV3_Streaming
  [ComfyUI] [ComfyUI-DepthAnythingV3] python: C:\ce\.pixi\envs\depthanythingv3-nodes\python.exe
  [ComfyUI]     Inputs: {"normalization_mode": "Standard", "chunk_size": 30, "overlap": 8, "align_lib": "auto", "align_method": "sim3", "resize_method": "resize", "invert_depth": true, "save_pointcloud": false, "sample_ratio
  [ComfyUI] [ComfyUI-DepthAnythingV3] sys_path sent to worker: ['C:\\workspaces\\DepthAnythingV3-0804\\ComfyUI', 'C:\\workspaces\\DepthAnythingV3-0804\\ComfyUI\\custom_nodes\\ComfyUI-DepthAnythingV3', 'C:\\ce\\.pixi\\envs\\depthanythingv3-nodes\\Lib\\site-packages', 'C:\\workspaces\\DepthAnythingV3-0804\\ComfyUI\\custom_nodes\\ComfyUI-DepthAnythingV3']
  [ComfyUI] Generated prompt_id: 6143ed3f-ccdc-4de5-ab1b-2b0e06183c25
  [ComfyUI] [SubprocessWorker] is_pixi=True, python=C:\ce\.pixi\envs\depthanythingv3-nodes\python.exe
  [ComfyUI] Calling execution.validate_prompt()...
  [ComfyUI] [SubprocessWorker] launching cmd=['C:\\Users\\ContainerAdministrator\\.pixi\\bin\\pixi.exe', 'run', '--as-is', '--manifest-path', 'C:\\ce\\pixi.toml', '-e', 'depthanythingv3-nodes', 'python', 'C:\\Users\\ContainerAdministrator\\AppData\\Local\\Temp\\comfyui_pvenv_qpd9wq80\\persistent_worker.py', 'tcp://127.0.0.1:54916']...
  [ComfyUI] Validation result: valid=True
  [ComfyUI] === Validation PASSED ===
  [ComfyUI] got prompt
  [ComfyUI] [comfy-env] Running LoadSALADModel:
  [ComfyUI] [VRAM] Before LoadSALADModel: 1042 / 12287 MB
  [ComfyUI] [SubprocessWorker] call_method: nodes.load_model.LoadSALADModel.EXECUTE_NORMALIZED
  [ComfyUI] [SubprocessWorker] acquired lock, ensuring started...
  [ComfyUI] [ComfyUI-DepthAnythingV3] Health check: ping (timeout=5.0s)...
  [ComfyUI] [ComfyUI-DepthAnythingV3] Health check: failed
  [ComfyUI] [ComfyUI-DepthAnythingV3] Socket unhealthy, restarting worker...
  [ComfyUI] [comfy-env] Invalidated 1 stale model patchers (will be cleaned up during next unload)
  [ComfyUI] [comfy-env] depthanythingv3-nodes: Library/bin has 234 DLLs
  Frame 2 saved (frame_001.jpg, t=2.3s)
  [capture-periodic] freeze=4ms shot=101ms unfreeze=5ms saved=True
  [ComfyUI] [worker:ComfyUI-DepthAnythingV3] ERROR: Failed to import comfy_kitchen, Error: No module named 'comfy_kitchen', fp8 and fp4 support will not be available.
  [ComfyUI] [SubprocessWorker] worker started/confirmed
  [ComfyUI] [SubprocessWorker] sending request via socket...
  [ComfyUI] [SubprocessWorker] call_id=27 sending call_method
  Frame 3 saved (frame_002.jpg, t=4.5s)
  [capture-periodic] freeze=4ms shot=111ms unfreeze=5ms saved=True
  [ComfyUI] Warning: You are sending unauthenticated requests to the HF Hub. Please set a HF_TOKEN to enable higher rate limits and faster downloads.
  [ComfyUI] [worker:ComfyUI-DepthAnythingV3] WARNING: Warning: You are sending unauthenticated requests to the HF Hub. Please set a HF_TOKEN to enable higher rate limits and faster downloads.
  [ComfyUI] 
  [capture-loop] iter=50 t=6.0s state={'complete': False, 'error': None, 'executedCount': 0, 'wsState': 1} eval_ms=4 ram=8.7/31.9GB (27%) swap=0.0/5.0GB (0%) cpu=8% browser_rss=0.93GB
  [ComfyUI] dino_salad.safetensors:   0%|          | 0.00/352M [00:00<?, ?B/s]
  [ComfyUI] dino_salad.safetensors:  60%|██████    | 211M/352M [00:04<00:02, 49.5MB/s][SubprocessWorker] callback 'report_progress' from call_id=27
  [ComfyUI] [SubprocessWorker] callback 'report_progress' from call_id=27
  [ComfyUI] 
  [ComfyUI] dino_salad.safetensors: 100%|██████████| 352M/352M [00:04<00:00, 81.1MB/s]
  [ComfyUI] [SubprocessWorker] got response: ok
  [ComfyUI] [comfy-env] [VRAM] Before offload 'DepthAnything3Net_1' (783 MB) -> cpu: 1042 / 12287 MB
  [ComfyUI] [ComfyUI-DepthAnythingV3] Health check: ping (timeout=5.0s)...
  [ComfyUI] [ComfyUI-DepthAnythingV3] Health check: ok
  [ComfyUI] [SubprocessWorker] call_id=28 sending model_to_device
  [ComfyUI] Model 'DepthAnything3Net_1' gone from worker (restarted?), treating as offloaded
  [ComfyUI] [comfy-env] [VRAM] After offload 'DepthAnything3Net_1' (783 MB): 1042 / 12287 MB
  [ComfyUI] [comfy-env] LoadSALADModel done (9.01s): result: NodeOutput
  [ComfyUI] [VRAM] After LoadSALADModel: 1042 / 12287 MB
  [ComfyUI] [comfy-env] Running DownloadAndLoadDepthAnythingV3Model: model: 'da3_large.safetensors', precision: 'auto', attention: 'auto'
  [ComfyUI] [VRAM] Before DownloadAndLoadDepthAnythingV3Model: 1042 / 12287 MB
  [ComfyUI] [SubprocessWorker] call_method: nodes.load_model.DownloadAndLoadDepthAnythingV3Model.EXECUTE_NORMALIZED
  [ComfyUI] [SubprocessWorker] acquired lock, ensuring started...
  [ComfyUI] [ComfyUI-DepthAnythingV3] Health check: ping (timeout=5.0s)...
  [ComfyUI] [ComfyUI-DepthAnythingV3] Health check: ok
  [ComfyUI] [SubprocessWorker] worker started/confirmed
  [ComfyUI] [SubprocessWorker] serializing kwargs to shm...
  [ComfyUI] [SubprocessWorker] created 0 shm blocks
  [ComfyUI] [SubprocessWorker] sending request via socket...
  [ComfyUI] [SubprocessWorker] call_id=29 sending call_method
  [ComfyUI] [SubprocessWorker] got response: ok
  [ComfyUI] [comfy-env] DownloadAndLoadDepthAnythingV3Model done (0.10s): result: NodeOutput
  [ComfyUI] [VRAM] After DownloadAndLoadDepthAnythingV3Model: 1042 / 12287 MB
  [ComfyUI] [comfy-env] Running DepthAnythingV3_Streaming: normalization_mode: 'Standard', chunk_size: 30, overlap: 8, align_lib: 'auto', align_method: 'sim3', resize_method: 'resize', invert_depth: True, save_pointcloud: False, sample_ratio: 0.015, conf_threshold_coef: 0.75, da3_model: dict, video: VideoFromFile, salad_model: dict
  [ComfyUI] [VRAM] Before DepthAnythingV3_Streaming: 1042 / 12287 MB
  [ComfyUI] [SubprocessWorker] call_method: nodes.streaming.node.DepthAnythingV3_Streaming.EXECUTE_NORMALIZED
  [ComfyUI] [SubprocessWorker] acquired lock, ensuring started...
  [ComfyUI] [ComfyUI-DepthAnythingV3] Health check: ping (timeout=5.0s)...
  [ComfyUI] [ComfyUI-DepthAnythingV3] Health check: ok
  [ComfyUI] [SubprocessWorker] worker started/confirmed
  [ComfyUI] [SubprocessWorker] serializing kwargs to shm...
  [ComfyUI] [SubprocessWorker] created 1 shm blocks
  [ComfyUI] [SubprocessWorker] sending request via socket...
  [ComfyUI] [SubprocessWorker] call_id=30 sending call_method
  Frame 4 saved (frame_003.jpg, t=11.1s)
  [capture-periodic] freeze=4ms shot=114ms unfreeze=5ms saved=True
  [capture-loop] iter=100 t=12.1s state={'complete': False, 'error': None, 'executedCount': 0, 'wsState': 1} eval_ms=4 ram=9.8/31.9GB (31%) swap=0.0/5.0GB (0%) cpu=15% browser_rss=0.93GB
  [ComfyUI] [worker:ComfyUI-DepthAnythingV3] WARNING: No comfy kitchen, using old apply_rope functions.
  [ComfyUI] [SubprocessWorker] callback 'request_vram_budget' from call_id=30
  [ComfyUI] [comfy-env] VRAM request: 1.17GB, free before eviction: 11.79GB
  [ComfyUI] [comfy-env] VRAM after eviction: 11.79GB
  [ComfyUI] [worker:ComfyUI-DepthAnythingV3] [VRAM] +256MB (now 256MB) reserved=288MB peak=256MB
  [ComfyUI] [worker:ComfyUI-DepthAnythingV3] [VRAM] +862MB (now 1119MB) reserved=1120MB peak=1119MB
  [capture-loop] iter=150 t=18.2s state={'complete': False, 'error': None, 'executedCount': 0, 'wsState': 1} eval_ms=6 ram=11.5/31.9GB (36%) swap=0.0/5.0GB (0%) cpu=15% browser_rss=0.92GB
  [ComfyUI] [SubprocessWorker] callback 'report_progress' from call_id=30
  [ComfyUI] [worker:ComfyUI-DepthAnythingV3] [VRAM] +277MB (now 1396MB) reserved=1408MB peak=1396MB
  [ComfyUI] [worker:ComfyUI-DepthAnythingV3] [VRAM] +1063MB (now 2460MB) reserved=3936MB peak=3161MB
  [ComfyUI] [worker:ComfyUI-DepthAnythingV3] [VRAM] +526MB (now 2986MB) reserved=4000MB peak=3161MB
  [capture-loop] iter=200 t=24.1s state={'complete': False, 'error': None, 'executedCount': 0, 'wsState': 1} eval_ms=4 ram=10.8/31.9GB (34%) swap=0.3/5.0GB (7%) cpu=20% browser_rss=0.86GB
  [ComfyUI] [worker:ComfyUI-DepthAnythingV3] [VRAM] +350MB (now 3337MB) reserved=4928MB peak=3337MB
  [capture-loop] iter=250 t=30.0s state={'complete': False, 'error': None, 'executedCount': 0, 'wsState': 1} eval_ms=4 ram=10.7/31.9GB (34%) swap=0.3/5.0GB (7%) cpu=4% browser_rss=0.86GB
  [ComfyUI] [worker:ComfyUI-DepthAnythingV3] [VRAM] +350MB (now 3688MB) reserved=4928MB peak=3688MB
  [ComfyUI] [worker:ComfyUI-DepthAnythingV3] [VRAM] +372MB (now 4061MB) reserved=5728MB peak=4061MB
  [ComfyUI] [worker:ComfyUI-DepthAnythingV3] [VRAM] +776MB (now 4837MB) reserved=5728MB peak=4837MB
  [capture-loop] iter=300 t=35.8s state={'complete': False, 'error': None, 'executedCount': 0, 'wsState': 1} eval_ms=4 ram=10.9/31.9GB (34%) swap=0.3/5.0GB (7%) cpu=4% browser_rss=0.83GB
  [ComfyUI] [worker:ComfyUI-DepthAnythingV3] [VRAM] -540MB (now 4298MB) reserved=4768MB peak=4837MB
  [ComfyUI] [worker:ComfyUI-DepthAnythingV3] [VRAM] +206MB (now 4504MB) reserved=5728MB peak=4837MB
  [capture-loop] iter=350 t=41.6s state={'complete': False, 'error': None, 'executedCount': 0, 'wsState': 1} eval_ms=4 ram=10.9/31.9GB (34%) swap=0.3/5.0GB (7%) cpu=4% browser_rss=0.83GB
  [ComfyUI] [worker:ComfyUI-DepthAnythingV3] [VRAM] -2988MB (now 1517MB) reserved=7136MB peak=4837MB
  [ComfyUI] [SubprocessWorker] callback 'report_progress' from call_id=30
  [ComfyUI] [worker:ComfyUI-DepthAnythingV3] [VRAM] +943MB (now 2460MB) reserved=4000MB peak=4837MB
  Frame 5 saved (frame_004.jpg, t=44.0s)
  [capture-periodic] freeze=4ms shot=97ms unfreeze=4ms saved=True
  [ComfyUI] [worker:ComfyUI-DepthAnythingV3] [VRAM] +526MB (now 2986MB) reserved=4544MB peak=4837MB
  [capture-loop] iter=400 t=47.5s state={'complete': False, 'error': None, 'executedCount': 0, 'wsState': 1} eval_ms=4 ram=11.1/31.9GB (35%) swap=0.3/5.0GB (7%) cpu=4% browser_rss=0.83GB
  [ComfyUI] [worker:ComfyUI-DepthAnythingV3] [VRAM] +350MB (now 3337MB) reserved=4544MB peak=4837MB
  [ComfyUI] [worker:ComfyUI-DepthAnythingV3] [VRAM] +350MB (now 3688MB) reserved=4768MB peak=4837MB
  [capture-loop] iter=450 t=53.3s state={'complete': False, 'error': None, 'executedCount': 0, 'wsState': 1} eval_ms=3 ram=11.1/31.9GB (35%) swap=0.3/5.0GB (7%) cpu=4% browser_rss=0.83GB
  [ComfyUI] [worker:ComfyUI-DepthAnythingV3] [VRAM] +349MB (now 4037MB) reserved=5568MB peak=4837MB
  [ComfyUI] [worker:ComfyUI-DepthAnythingV3] [VRAM] +219MB (now 4257MB) reserved=4480MB peak=4837MB
  [capture-loop] iter=500 t=59.1s state={'complete': False, 'error': None, 'executedCount': 0, 'wsState': 1} eval_ms=4 ram=11.1/31.9GB (35%) swap=0.3/5.0GB (7%) cpu=5% browser_rss=0.83GB
  [ComfyUI] [worker:ComfyUI-DepthAnythingV3]
  [ComfyUI] === WATCHDOG TICK 1 ===
  [ComfyUI] [worker:ComfyUI-DepthAnythingV3] Thread 0x00002b34 (most recent call first):
  [ComfyUI]   File "C:\ce\.pixi\envs\depthanythingv3-nodes\Lib\threading.py", line 331 in wait
  [ComfyUI]   File "C:\ce\.pixi\envs\depthanythingv3-nodes\Lib\threading.py", line 629 in wait
  [ComfyUI]   File "C:\ce\.pixi\envs\depthanythingv3-nodes\Lib\site-packages\tqdm\_monitor.py", line 60 in run
  [ComfyUI]   File "C:\ce\.pixi\envs\depthanythingv3-nodes\Lib\threading.py", line 1045 in _bootstrap_inner
  [ComfyUI]   File "C:\ce\.pixi\envs\depthanythingv3-nodes\Lib\threading.py", line 1002 in _bootstrap
  [ComfyUI] 
  [ComfyUI] Thread 0x00001f14 (most recent call first):
  [ComfyUI]   File "C:\Users\ContainerAdministrator\AppData\Local\Temp\comfyui_pvenv_qpd9wq80\persistent_worker.py", line 106 in _vram_poller
  [ComfyUI]   File "C:\ce\.pixi\envs\depthanythingv3-nodes\Lib\threading.py", line 982 in run
  [ComfyUI]   File "C:\ce\.pixi\envs\depthanythingv3-nodes\Lib\threading.py", line 1045 in _bootstrap_inner
  [ComfyUI]   File "C:\ce\.pixi\envs\depthanythingv3-nodes\Lib\threading.py", line 1002 in _bootstrap
  [ComfyUI] 
  [ComfyUI] Current thread 0x00002968 (most recent call first):
  [ComfyUI]   File "C:\Users\ContainerAdministrator\AppData\Local\Temp\comfyui_pvenv_qpd9wq80\persistent_worker.py", line 52 in _watchdog
  [ComfyUI]   File "C:\ce\.pixi\envs\depthanythingv3-nodes\Lib\threading.py", line 982 in run
  [ComfyUI]   File "C:\ce\.pixi\envs\depthanythingv3-nodes\Lib\threading.py", line 1045 in _bootstrap_inner
  [ComfyUI]   File "C:\ce\.pixi\envs\depthanythingv3-nodes\Lib\threading.py", line 1002 in _bootstrap
  [ComfyUI] 
  [ComfyUI] Thread 0x00002a8c (most recent call first):
  [ComfyUI]   File "C:\workspaces\DepthAnythingV3-0804\ComfyUI\comfy\ops.py", line 352 in cast_bias_weight
  [ComfyUI]   File "C:\workspaces\DepthAnythingV3-0804\ComfyUI\comfy\ops.py", line 508 in forward_comfy_cast_weights
  [ComfyUI]   File "C:\workspaces\DepthAnythingV3-0804\ComfyUI\comfy\ops.py", line 516 in forward
  [ComfyUI]   File "C:\ce\.pixi\envs\depthanythingv3-nodes\Lib\site-packages\torch\nn\modules\module.py", line 1790 in _call_impl
  [ComfyUI]   File "C:\ce\.pixi\envs\depthanythingv3-nodes\Lib\site-packages\torch\nn\modules\module.py", line 1779 in _wrapped_call_impl
  [ComfyUI]   File "C:\workspaces\DepthAnythingV3-0804\ComfyUI\custom_nodes\ComfyUI-DepthAnythingV3\nodes\depth_anything_v3\model.py", line 924 in forward
  [ComfyUI]   File "C:\ce\.pixi\envs\depthanythingv3-nodes\Lib\site-packages\torch\nn\modules\module.py", line 1790 in _call_impl
  [ComfyUI]   File "C:\ce\.pixi\envs\depthanythingv3-nodes\Lib\site-packages\torch\nn\modules\module.py", line 1779 in _wrapped_call_impl
  [ComfyUI]   File "C:\workspaces\DepthAnythingV3-0804\ComfyUI\custom_nodes\ComfyUI-DepthAnythingV3\nodes\depth_anything_v3\model.py", line 964 in forward
  [ComfyUI]   File "C:\ce\.pixi\envs\depthanythingv3-nodes\Lib\site-packages\torch\nn\modules\module.py", line 1790 in _call_impl
  [ComfyUI]   File "C:\ce\.pixi\envs\depthanythingv3-nodes\Lib\site-packages\torch\nn\modules\module.py", line 1779 in _wrapped_call_impl
  [ComfyUI]   File "C:\workspaces\DepthAnythingV3-0804\ComfyUI\custom_nodes\ComfyUI-DepthAnythingV3\nodes\depth_anything_v3\model.py", line 1465 in _fuse
  [ComfyUI]   File "C:\workspaces\DepthAnythingV3-0804\ComfyUI\custom_nodes\ComfyUI-DepthAnythingV3\nodes\depth_anything_v3\model.py", line 1405 in _forward_impl
  [ComfyUI]   File "C:\workspaces\DepthAnythingV3-0804\ComfyUI\custom_nodes\ComfyUI-DepthAnythingV3\nodes\depth_anything_v3\model.py", line 1379 in forward
  [ComfyUI]   File "C:\ce\.pixi\envs\depthanythingv3-nodes\Lib\site-packages\torch\nn\modules\module.py", line 1790 in _call_impl
  [ComfyUI]   File "C:\ce\.pixi\envs\depthanythingv3-nodes\Lib\site-packages\torch\nn\modules\module.py", line 1779 in _wrapped_call_impl
  [ComfyUI]   File "C:\workspaces\DepthAnythingV3-0804\ComfyUI\custom_nodes\ComfyUI-DepthAnythingV3\nodes\depth_anything_v3\model.py", line 1591 in _process_depth_head
  [ComfyUI]   File "C:\workspaces\DepthAnythingV3-0804\ComfyUI\custom_nodes\ComfyUI-DepthAnythingV3\nodes\depth_anything_v3\model.py", line 1577 in forward
  [ComfyUI]   File "C:\ce\.pixi\envs\depthanythingv3-nodes\Lib\site-packages\torch\nn\modules\module.py", line 1790 in _call_impl
  [ComfyUI]   File "C:\ce\.pixi\envs\depthanythingv3-nodes\Lib\site-packages\torch\nn\modules\module.py", line 1779 in _wrapped_call_impl
  [ComfyUI]   File "C:\workspaces\DepthAnythingV3-0804\ComfyUI\custom_nodes\ComfyUI-DepthAnythingV3\nodes\streaming\pipeline.py", line 330 in _process_chunk
  [ComfyUI]   File "C:\workspaces\DepthAnythingV3-0804\ComfyUI\custom_nodes\ComfyUI-DepthAnythingV3\nodes\streaming\pipeline.py", line 277 in run
  [ComfyUI]   File "C:\workspaces\DepthAnythingV3-0804\ComfyUI\custom_nodes\ComfyUI-DepthAnythingV3\nodes\streaming\node.py", line 249 in execute
  [ComfyUI]   File "C:\workspaces\DepthAnythingV3-0804\ComfyUI\comfy_api\latest\_io.py", line 1833 in EXECUTE_NORMALIZED
  [ComfyUI]   File "C:\Users\ContainerAdministrator\AppData\Local\Temp\comfyui_pvenv_qpd9wq80\persistent_worker.py", line 1762 in main
  [ComfyUI]   File "C:\Users\ContainerAdministrator\AppData\Local\Temp\comfyui_pvenv_qpd9wq80\persistent_worker.py", line 1807 in <module>
  [ComfyUI] 
  [ComfyUI] [worker:ComfyUI-DepthAnythingV3] === END ===
  [ComfyUI] 
  [ComfyUI] [worker:ComfyUI-DepthAnythingV3] [VRAM] +206MB (now 4463MB) reserved=5504MB peak=4837MB
  [ComfyUI] [SubprocessWorker] callback 'report_progress' from call_id=30
  [ComfyUI] [worker:ComfyUI-DepthAnythingV3] [VRAM] -3335MB (now 1128MB) reserved=1184MB peak=4837MB
  [capture-loop] iter=550 t=65.0s state={'complete': False, 'error': None, 'executedCount': 0, 'wsState': 1} eval_ms=4 ram=11.3/31.9GB (36%) swap=0.3/5.0GB (7%) cpu=4% browser_rss=0.83GB
  [ComfyUI] [worker:ComfyUI-DepthAnythingV3] [VRAM] +1331MB (now 2460MB) reserved=4000MB peak=4837MB
  Frame 6 saved (frame_005.jpg, t=65.8s)
  [capture-periodic] freeze=4ms shot=93ms unfreeze=7ms saved=True
  [ComfyUI] [worker:ComfyUI-DepthAnythingV3] [VRAM] +526MB (now 2986MB) reserved=4544MB peak=4837MB
  [capture-loop] iter=600 t=70.8s state={'complete': False, 'error': None, 'executedCount': 0, 'wsState': 1} eval_ms=4 ram=11.3/31.9GB (35%) swap=0.3/5.0GB (7%) cpu=4% browser_rss=0.83GB
  [ComfyUI] [worker:ComfyUI-DepthAnythingV3] [VRAM] +350MB (now 3337MB) reserved=4544MB peak=4837MB
  [ComfyUI] [worker:ComfyUI-DepthAnythingV3] [VRAM] +350MB (now 3688MB) reserved=4768MB peak=4837MB
  [capture-loop] iter=650 t=76.6s state={'complete': False, 'error': None, 'executedCount': 0, 'wsState': 1} eval_ms=3 ram=11.3/31.9GB (35%) swap=0.3/5.0GB (7%) cpu=4% browser_rss=0.83GB
  [ComfyUI] [worker:ComfyUI-DepthAnythingV3] [VRAM] +568MB (now 4257MB) reserved=4480MB peak=4837MB
  [capture-loop] iter=700 t=82.4s state={'complete': False, 'error': None, 'executedCount': 0, 'wsState': 1} eval_ms=4 ram=11.3/31.9GB (35%) swap=0.3/5.0GB (7%) cpu=4% browser_rss=0.83GB
  [ComfyUI] [worker:ComfyUI-DepthAnythingV3] [VRAM] +206MB (now 4463MB) reserved=5504MB peak=4837MB
  [ComfyUI] [worker:ComfyUI-DepthAnythingV3] [VRAM] -2947MB (now 1517MB) reserved=7168MB peak=4837MB
  [ComfyUI] [SubprocessWorker] callback 'report_progress' from call_id=30
  [ComfyUI] [worker:ComfyUI-DepthAnythingV3] [VRAM] +943MB (now 2460MB) reserved=4000MB peak=4837MB
  Frame 7 saved (frame_006.jpg, t=87.8s)
  [capture-periodic] freeze=4ms shot=97ms unfreeze=7ms saved=True
  [capture-loop] iter=750 t=88.3s state={'complete': False, 'error': None, 'executedCount': 0, 'wsState': 1} eval_ms=4 ram=11.5/31.9GB (36%) swap=0.3/5.0GB (7%) cpu=4% browser_rss=0.83GB
  [ComfyUI] [worker:ComfyUI-DepthAnythingV3] [VRAM] +526MB (now 2986MB) reserved=4544MB peak=4837MB
  [ComfyUI] [worker:ComfyUI-DepthAnythingV3] [VRAM] +350MB (now 3337MB) reserved=4544MB peak=4837MB
  [capture-loop] iter=800 t=94.1s state={'complete': False, 'error': None, 'executedCount': 0, 'wsState': 1} eval_ms=3 ram=11.5/31.9GB (36%) swap=0.3/5.0GB (7%) cpu=4% browser_rss=0.83GB
  [ComfyUI] [worker:ComfyUI-DepthAnythingV3] [VRAM] +350MB (now 3688MB) reserved=4768MB peak=4837MB
  [capture-loop] iter=850 t=99.9s state={'complete': False, 'error': None, 'executedCount': 0, 'wsState': 1} eval_ms=4 ram=11.4/31.9GB (36%) swap=0.3/5.0GB (7%) cpu=4% browser_rss=0.84GB
  [ComfyUI] [worker:ComfyUI-DepthAnythingV3] [VRAM] +568MB (now 4257MB) reserved=4480MB peak=4837MB
  [capture-loop] iter=900 t=105.8s state={'complete': False, 'error': None, 'executedCount': 0, 'wsState': 1} eval_ms=4 ram=11.4/31.9GB (36%) swap=0.3/5.0GB (7%) cpu=4% browser_rss=0.84GB
  [ComfyUI] [worker:ComfyUI-DepthAnythingV3] [VRAM] +206MB (now 4463MB) reserved=5504MB peak=4837MB
  [ComfyUI] [worker:ComfyUI-DepthAnythingV3] [VRAM] -2947MB (now 1517MB) reserved=7168MB peak=4837MB
  [ComfyUI] [SubprocessWorker] callback 'report_progress' from call_id=30
  [ComfyUI] [worker:ComfyUI-DepthAnythingV3] [VRAM] +943MB (now 2460MB) reserved=4000MB peak=4837MB
  Frame 8 saved (frame_007.jpg, t=109.8s)
  [capture-periodic] freeze=4ms shot=105ms unfreeze=5ms saved=True
  [capture-loop] iter=950 t=111.6s state={'complete': False, 'error': None, 'executedCount': 0, 'wsState': 1} eval_ms=3 ram=11.6/31.9GB (36%) swap=0.3/5.0GB (7%) cpu=4% browser_rss=0.84GB
  [ComfyUI] [worker:ComfyUI-DepthAnythingV3] [VRAM] +526MB (now 2986MB) reserved=4544MB peak=4837MB
  [ComfyUI] [worker:ComfyUI-DepthAnythingV3] [VRAM] +350MB (now 3337MB) reserved=4544MB peak=4837MB
  [capture-loop] iter=1000 t=117.5s state={'complete': False, 'error': None, 'executedCount': 0, 'wsState': 1} eval_ms=3 ram=11.6/31.9GB (36%) swap=0.3/5.0GB (7%) cpu=4% browser_rss=0.84GB
  [ComfyUI] [worker:ComfyUI-DepthAnythingV3] [VRAM] +350MB (now 3688MB) reserved=4768MB peak=4837MB
  [ComfyUI] [worker:ComfyUI-DepthAnythingV3]
  [ComfyUI] === WATCHDOG TICK 2 ===
  [ComfyUI] [worker:ComfyUI-DepthAnythingV3] Thread 0x00002b34 (most recent call first):
  [ComfyUI]   File "C:\ce\.pixi\envs\depthanythingv3-nodes\Lib\threading.py", line 331 in wait
  [ComfyUI]   File "C:\ce\.pixi\envs\depthanythingv3-nodes\Lib\threading.py", line 629 in wait
  [ComfyUI]   File "C:\ce\.pixi\envs\depthanythingv3-nodes\Lib\site-packages\tqdm\_monitor.py", line 60 in run
  [ComfyUI]   File "C:\ce\.pixi\envs\depthanythingv3-nodes\Lib\threading.py", line 1045 in _bootstrap_inner
  [ComfyUI]   File "C:\ce\.pixi\envs\depthanythingv3-nodes\Lib\threading.py", line 1002 in _bootstrap
  [ComfyUI] 
  [ComfyUI] Thread 0x00001f14 (most recent call first):
  [ComfyUI]   File "C:\Users\ContainerAdministrator\AppData\Local\Temp\comfyui_pvenv_qpd9wq80\persistent_worker.py", line 106 in _vram_poller
  [ComfyUI]   File "C:\ce\.pixi\envs\depthanythingv3-nodes\Lib\threading.py", line 982 in run
  [ComfyUI]   File "C:\ce\.pixi\envs\depthanythingv3-nodes\Lib\threading.py", line 1045 in _bootstrap_inner
  [ComfyUI]   File "C:\ce\.pixi\envs\depthanythingv3-nodes\Lib\threading.py", line 1002 in _bootstrap
  [ComfyUI] 
  [ComfyUI] Current thread 0x00002968 (most recent call first):
  [ComfyUI]   File "C:\Users\ContainerAdministrator\AppData\Local\Temp\comfyui_pvenv_qpd9wq80\persistent_worker.py", line 52 in _watchdog
  [ComfyUI]   File "C:\ce\.pixi\envs\depthanythingv3-nodes\Lib\threading.py", line 982 in run
  [ComfyUI]   File "C:\ce\.pixi\envs\depthanythingv3-nodes\Lib\threading.py", line 1045 in _bootstrap_inner
  [ComfyUI]   File "C:\ce\.pixi\envs\depthanythingv3-nodes\Lib\threading.py", line 1002 in _bootstrap
  [ComfyUI] 
  [ComfyUI] Thread 0x00002a8c (most recent call first):
  [ComfyUI]   File "C:\workspaces\DepthAnythingV3-0804\ComfyUI\custom_nodes\ComfyUI-DepthAnythingV3\nodes\depth_anything_v3\model.py", line 338 in forward
  [ComfyUI]   File "C:\ce\.pixi\envs\depthanythingv3-nodes\Lib\site-packages\torch\nn\modules\module.py", line 1790 in _call_impl
  [ComfyUI]   File "C:\ce\.pixi\envs\depthanythingv3-nodes\Lib\site-packages\torch\nn\modules\module.py", line 1779 in _wrapped_call_impl
  [ComfyUI]   File "C:\workspaces\DepthAnythingV3-0804\ComfyUI\custom_nodes\ComfyUI-DepthAnythingV3\nodes\depth_anything_v3\model.py", line 445 in forward
  [ComfyUI]   File "C:\ce\.pixi\envs\depthanythingv3-nodes\Lib\site-packages\torch\nn\modules\module.py", line 1790 in _call_impl
  [ComfyUI]   File "C:\ce\.pixi\envs\depthanythingv3-nodes\Lib\site-packages\torch\nn\modules\module.py", line 1779 in _wrapped_call_impl
  [ComfyUI]   File "C:\workspaces\DepthAnythingV3-0804\ComfyUI\custom_nodes\ComfyUI-DepthAnythingV3\nodes\depth_anything_v3\model.py", line 516 in attn_residual_func
  [ComfyUI]   File "C:\workspaces\DepthAnythingV3-0804\ComfyUI\custom_nodes\ComfyUI-DepthAnythingV3\nodes\depth_anything_v3\model.py", line 521 in forward
  [ComfyUI]   File "C:\ce\.pixi\envs\depthanythingv3-nodes\Lib\site-packages\torch\nn\modules\module.py", line 1790 in _call_impl
  [ComfyUI]   File "C:\ce\.pixi\envs\depthanythingv3-nodes\Lib\site-packages\torch\nn\modules\module.py", line 1779 in _wrapped_call_impl
  [ComfyUI]   File "C:\workspaces\DepthAnythingV3-0804\ComfyUI\custom_nodes\ComfyUI-DepthAnythingV3\nodes\depth_anything_v3\model.py", line 791 in process_attention
  [ComfyUI]   File "C:\workspaces\DepthAnythingV3-0804\ComfyUI\custom_nodes\ComfyUI-DepthAnythingV3\nodes\depth_anything_v3\model.py", line 750 in _get_intermediate_layers_not_chunked
  [ComfyUI]   File "C:\workspaces\DepthAnythingV3-0804\ComfyUI\custom_nodes\ComfyUI-DepthAnythingV3\nodes\depth_anything_v3\model.py", line 800 in get_intermediate_layers
  [ComfyUI]   File "C:\workspaces\DepthAnythingV3-0804\ComfyUI\custom_nodes\ComfyUI-DepthAnythingV3\nodes\depth_anything_v3\model.py", line 891 in forward
  [ComfyUI]   File "C:\ce\.pixi\envs\depthanythingv3-nodes\Lib\site-packages\torch\nn\modules\module.py", line 1790 in _call_impl
  [ComfyUI]   File "C:\ce\.pixi\envs\depthanythingv3-nodes\Lib\site-packages\torch\nn\modules\module.py", line 1779 in _wrapped_call_impl
  [ComfyUI]   File "C:\workspaces\DepthAnythingV3-0804\ComfyUI\custom_nodes\ComfyUI-DepthAnythingV3\nodes\depth_anything_v3\model.py", line 1560 in forward
  [ComfyUI]   File "C:\ce\.pixi\envs\depthanythingv3-nodes\Lib\site-packages\torch\nn\modules\module.py", line 1790 in _call_impl
  [ComfyUI]   File "C:\ce\.pixi\envs\depthanythingv3-nodes\Lib\site-packages\torch\nn\modules\module.py", line 1779 in _wrapped_call_impl
  [ComfyUI]   File "C:\workspaces\DepthAnythingV3-0804\ComfyUI\custom_nodes\ComfyUI-DepthAnythingV3\nodes\streaming\pipeline.py", line 330 in _process_chunk
  [ComfyUI]   File "C:\workspaces\DepthAnythingV3-0804\ComfyUI\custom_nodes\ComfyUI-DepthAnythingV3\nodes\streaming\pipeline.py", line 277 in run
  [ComfyUI]   File "C:\workspaces\DepthAnythingV3-0804\ComfyUI\custom_nodes\ComfyUI-DepthAnythingV3\nodes\streaming\node.py", line 249 in execute
  [ComfyUI]   File "C:\workspaces\DepthAnythingV3-0804\ComfyUI\comfy_api\latest\_io.py", line 1833 in EXECUTE_NORMALIZED
  [ComfyUI]   File "C:\Users\ContainerAdministrator\AppData\Local\Temp\comfyui_pvenv_qpd9wq80\persistent_worker.py", line 1762 in main
  [ComfyUI]   File "C:\Users\ContainerAdministrator\AppData\Local\Temp\comfyui_pvenv_qpd9wq80\persistent_worker.py", line 1807 in <module>
  [ComfyUI] 
  [ComfyUI] [worker:ComfyUI-DepthAnythingV3] === END ===
  [ComfyUI] 
  [ComfyUI] [worker:ComfyUI-DepthAnythingV3] [VRAM] +568MB (now 4257MB) reserved=4480MB peak=4837MB
  [capture-loop] iter=1050 t=123.3s state={'complete': False, 'error': None, 'executedCount': 0, 'wsState': 1} eval_ms=4 ram=11.6/31.9GB (36%) swap=0.3/5.0GB (7%) cpu=4% browser_rss=0.84GB
  [ComfyUI] [worker:ComfyUI-DepthAnythingV3] [VRAM] +206MB (now 4463MB) reserved=5504MB peak=4837MB
  [capture-loop] iter=1100 t=129.1s state={'complete': False, 'error': None, 'executedCount': 0, 'wsState': 1} eval_ms=4 ram=11.6/31.9GB (36%) swap=0.3/5.0GB (7%) cpu=4% browser_rss=0.84GB
  [ComfyUI] [worker:ComfyUI-DepthAnythingV3] [VRAM] -2947MB (now 1517MB) reserved=7168MB peak=4837MB
  [ComfyUI] [SubprocessWorker] callback 'report_progress' from call_id=30
  [ComfyUI] [worker:ComfyUI-DepthAnythingV3] [VRAM] +943MB (now 2460MB) reserved=4000MB peak=4837MB
  Frame 9 saved (frame_008.jpg, t=131.8s)
  [capture-periodic] freeze=4ms shot=105ms unfreeze=6ms saved=True
  [ComfyUI] [worker:ComfyUI-DepthAnythingV3] [VRAM] +526MB (now 2986MB) reserved=4544MB peak=4837MB
  [capture-loop] iter=1150 t=134.9s state={'complete': False, 'error': None, 'executedCount': 0, 'wsState': 1} eval_ms=3 ram=11.8/31.9GB (37%) swap=0.3/5.0GB (7%) cpu=4% browser_rss=0.83GB
  [ComfyUI] [worker:ComfyUI-DepthAnythingV3] [VRAM] -878MB (now 2109MB) reserved=4544MB peak=4837MB
  [ComfyUI] [worker:ComfyUI-DepthAnythingV3] [VRAM] +1228MB (now 3337MB) reserved=4544MB peak=4837MB
  [ComfyUI] [worker:ComfyUI-DepthAnythingV3] [VRAM] +350MB (now 3688MB) reserved=4768MB peak=4837MB
  [capture-loop] iter=1200 t=140.7s state={'complete': False, 'error': None, 'executedCount': 0, 'wsState': 1} eval_ms=4 ram=11.8/31.9GB (37%) swap=0.3/5.0GB (7%) cpu=4% browser_rss=0.83GB
  [ComfyUI] [worker:ComfyUI-DepthAnythingV3] [VRAM] +568MB (now 4257MB) reserved=4768MB peak=4837MB
  [capture-loop] iter=1250 t=146.6s state={'complete': False, 'error': None, 'executedCount': 0, 'wsState': 1} eval_ms=4 ram=11.8/31.9GB (37%) swap=0.3/5.0GB (7%) cpu=4% browser_rss=0.84GB
  [ComfyUI] [worker:ComfyUI-DepthAnythingV3] [VRAM] +206MB (now 4463MB) reserved=5504MB peak=4837MB
  [ComfyUI] [worker:ComfyUI-DepthAnythingV3] [VRAM] -2947MB (now 1517MB) reserved=7168MB peak=4837MB
  [capture-loop] iter=1300 t=152.4s state={'complete': False, 'error': None, 'executedCount': 0, 'wsState': 1} eval_ms=5 ram=12.0/31.9GB (38%) swap=0.3/5.0GB (7%) cpu=4% browser_rss=0.84GB
  [ComfyUI] [SubprocessWorker] callback 'report_progress' from call_id=30
  [ComfyUI] [worker:ComfyUI-DepthAnythingV3] [VRAM] +943MB (now 2460MB) reserved=4000MB peak=4837MB
  Frame 10 saved (frame_009.jpg, t=153.9s)
  [capture-periodic] freeze=4ms shot=99ms unfreeze=6ms saved=True
  [ComfyUI] [worker:ComfyUI-DepthAnythingV3] [VRAM] +526MB (now 2986MB) reserved=4544MB peak=4837MB
  [capture-loop] iter=1350 t=158.2s state={'complete': False, 'error': None, 'executedCount': 0, 'wsState': 1} eval_ms=3 ram=12.0/31.9GB (38%) swap=0.3/5.0GB (7%) cpu=4% browser_rss=0.84GB
  [ComfyUI] [worker:ComfyUI-DepthAnythingV3] [VRAM] +350MB (now 3337MB) reserved=4544MB peak=4837MB
  [ComfyUI] [worker:ComfyUI-DepthAnythingV3] [VRAM] +350MB (now 3688MB) reserved=4768MB peak=4837MB
  [capture-loop] iter=1400 t=164.1s state={'complete': False, 'error': None, 'executedCount': 0, 'wsState': 1} eval_ms=4 ram=12.0/31.9GB (38%) swap=0.3/5.0GB (7%) cpu=4% browser_rss=0.83GB
  [ComfyUI] [worker:ComfyUI-DepthAnythingV3] [VRAM] +438MB (now 4126MB) reserved=5568MB peak=4837MB
  [ComfyUI] [worker:ComfyUI-DepthAnythingV3] [VRAM] +202MB (now 4329MB) reserved=4896MB peak=4837MB
  [capture-loop] iter=1450 t=170.0s state={'complete': False, 'error': None, 'executedCount': 0, 'wsState': 1} eval_ms=3 ram=12.0/31.9GB (38%) swap=0.3/5.0GB (7%) cpu=4% browser_rss=0.84GB
  [ComfyUI] [worker:ComfyUI-DepthAnythingV3] [VRAM] +206MB (now 4535MB) reserved=5952MB peak=4837MB
  [ComfyUI] [SubprocessWorker] callback 'report_progress' from call_id=30
  [ComfyUI] [worker:ComfyUI-DepthAnythingV3] [VRAM] -2520MB (now 2016MB) reserved=3040MB peak=4837MB
  [capture-loop] iter=1500 t=175.7s state={'complete': False, 'error': None, 'executedCount': 0, 'wsState': 1} eval_ms=3 ram=12.2/31.9GB (38%) swap=0.3/5.0GB (7%) cpu=4% browser_rss=0.83GB
  Frame 11 saved (frame_010.jpg, t=175.8s)
  [capture-periodic] freeze=4ms shot=91ms unfreeze=7ms saved=True
  [ComfyUI] [worker:ComfyUI-DepthAnythingV3] [VRAM] -351MB (now 1665MB) reserved=3040MB peak=4837MB
  [ComfyUI] [worker:ComfyUI-DepthAnythingV3] [VRAM] +701MB (now 2367MB) reserved=3296MB peak=4837MB
  [ComfyUI] [worker:ComfyUI-DepthAnythingV3] [VRAM] +233MB (now 2601MB) reserved=3296MB peak=4837MB
  [ComfyUI] [worker:ComfyUI-DepthAnythingV3] [VRAM] +233MB (now 2834MB) reserved=3520MB peak=4837MB
  [ComfyUI] [worker:ComfyUI-DepthAnythingV3]
  [ComfyUI] === WATCHDOG TICK 3 ===
  [ComfyUI] [worker:ComfyUI-DepthAnythingV3] Thread 0x00002b34 (most recent call first):
  [ComfyUI]   File "C:\ce\.pixi\envs\depthanythingv3-nodes\Lib\threading.py", line 331 in wait
  [ComfyUI]   File "C:\ce\.pixi\envs\depthanythingv3-nodes\Lib\threading.py", line 629 in wait
  [ComfyUI]   File "C:\ce\.pixi\envs\depthanythingv3-nodes\Lib\site-packages\tqdm\_monitor.py", line 60 in run
  [ComfyUI]   File "C:\ce\.pixi\envs\depthanythingv3-nodes\Lib\threading.py", line 1045 in _bootstrap_inner
  [ComfyUI]   File "C:\ce\.pixi\envs\depthanythingv3-nodes\Lib\threading.py", line 1002 in _bootstrap
  [ComfyUI] 
  [ComfyUI] Thread 0x00001f14 (most recent call first):
  [ComfyUI]   File "C:\Users\ContainerAdministrator\AppData\Local\Temp\comfyui_pvenv_qpd9wq80\persistent_worker.py", line 106 in _vram_poller
  [ComfyUI]   File "C:\ce\.pixi\envs\depthanythingv3-nodes\Lib\threading.py", line 982 in run
  [ComfyUI]   File "C:\ce\.pixi\envs\depthanythingv3-nodes\Lib\threading.py", line 1045 in _bootstrap_inner
  [ComfyUI]   File "C:\ce\.pixi\envs\depthanythingv3-nodes\Lib\threading.py", line 1002 in _bootstrap
  [ComfyUI] 
  [ComfyUI] Current thread 0x00002968 (most recent call first):
  [ComfyUI]   File "C:\Users\ContainerAdministrator\AppData\Local\Temp\comfyui_pvenv_qpd9wq80\persistent_worker.py", line 52 in _watchdog
  [ComfyUI]   File "C:\ce\.pixi\envs\depthanythingv3-nodes\Lib\threading.py", line 982 in run
  [ComfyUI]   File "C:\ce\.pixi\envs\depthanythingv3-nodes\Lib\threading.py", line 1045 in _bootstrap_inner
  [ComfyUI]   File "C:\ce\.pixi\envs\depthanythingv3-nodes\Lib\threading.py", line 1002 in _bootstrap
  [ComfyUI] 
  [ComfyUI] Thread 0x00002a8c (most recent call first):
  [ComfyUI]   File "C:\workspaces\DepthAnythingV3-0804\ComfyUI\custom_nodes\ComfyUI-DepthAnythingV3\nodes\depth_anything_v3\model.py", line 338 in forward
  [ComfyUI]   File "C:\ce\.pixi\envs\depthanythingv3-nodes\Lib\site-packages\torch\nn\modules\module.py", line 1790 in _call_impl
  [ComfyUI]   File "C:\ce\.pixi\envs\depthanythingv3-nodes\Lib\site-packages\torch\nn\modules\module.py", line 1779 in _wrapped_call_impl
  [ComfyUI]   File "C:\workspaces\DepthAnythingV3-0804\ComfyUI\custom_nodes\ComfyUI-DepthAnythingV3\nodes\depth_anything_v3\model.py", line 445 in forward
  [ComfyUI]   File "C:\ce\.pixi\envs\depthanythingv3-nodes\Lib\site-packages\torch\nn\modules\module.py", line 1790 in _call_impl
  [ComfyUI]   File "C:\ce\.pixi\envs\depthanythingv3-nodes\Lib\site-packages\torch\nn\modules\module.py", line 1779 in _wrapped_call_impl
  [ComfyUI]   File "C:\workspaces\DepthAnythingV3-0804\ComfyUI\custom_nodes\ComfyUI-DepthAnythingV3\nodes\depth_anything_v3\model.py", line 516 in attn_residual_func
  [ComfyUI]   File "C:\workspaces\DepthAnythingV3-0804\ComfyUI\custom_nodes\ComfyUI-DepthAnythingV3\nodes\depth_anything_v3\model.py", line 521 in forward
  [ComfyUI]   File "C:\ce\.pixi\envs\depthanythingv3-nodes\Lib\site-packages\torch\nn\modules\module.py", line 1790 in _call_impl
  [ComfyUI]   File "C:\ce\.pixi\envs\depthanythingv3-nodes\Lib\site-packages\torch\nn\modules\module.py", line 1779 in _wrapped_call_impl
  [ComfyUI]   File "C:\workspaces\DepthAnythingV3-0804\ComfyUI\custom_nodes\ComfyUI-DepthAnythingV3\nodes\depth_anything_v3\model.py", line 791 in process_attention
  [ComfyUI]   File "C:\workspaces\DepthAnythingV3-0804\ComfyUI\custom_nodes\ComfyUI-DepthAnythingV3\nodes\depth_anything_v3\model.py", line 750 in _get_intermediate_layers_not_chunked
  [ComfyUI]   File "C:\workspaces\DepthAnythingV3-0804\ComfyUI\custom_nodes\ComfyUI-DepthAnythingV3\nodes\depth_anything_v3\model.py", line 800 in get_intermediate_layers
  [ComfyUI]   File "C:\workspaces\DepthAnythingV3-0804\ComfyUI\custom_nodes\ComfyUI-DepthAnythingV3\nodes\depth_anything_v3\model.py", line 891 in forward
  [ComfyUI]   File "C:\ce\.pixi\envs\depthanythingv3-nodes\Lib\site-packages\torch\nn\modules\module.py", line 1790 in _call_impl
  [ComfyUI]   File "C:\ce\.pixi\envs\depthanythingv3-nodes\Lib\site-packages\torch\nn\modules\module.py", line 1779 in _wrapped_call_impl
  [ComfyUI]   File "C:\workspaces\DepthAnythingV3-0804\ComfyUI\custom_nodes\ComfyUI-DepthAnythingV3\nodes\depth_anything_v3\model.py", line 1560 in forward
  [ComfyUI]   File "C:\ce\.pixi\envs\depthanythingv3-nodes\Lib\site-packages\torch\nn\modules\module.py", line 1790 in _call_impl
  [ComfyUI]   File "C:\ce\.pixi\envs\depthanythingv3-nodes\Lib\site-packages\torch\nn\modules\module.py", line 1779 in _wrapped_call_impl
  [ComfyUI]   File "C:\workspaces\DepthAnythingV3-0804\ComfyUI\custom_nodes\ComfyUI-DepthAnythingV3\nodes\streaming\pipeline.py", line 330 in _process_chunk
  [ComfyUI]   File "C:\workspaces\DepthAnythingV3-0804\ComfyUI\custom_nodes\ComfyUI-DepthAnythingV3\nodes\streaming\pipeline.py", line 277 in run
  [ComfyUI]   File "C:\workspaces\DepthAnythingV3-0804\ComfyUI\custom_nodes\ComfyUI-DepthAnythingV3\nodes\streaming\node.py", line 249 in execute
  [ComfyUI]   File "C:\workspaces\DepthAnythingV3-0804\ComfyUI\comfy_api\latest\_io.py", line 1833 in EXECUTE_NORMALIZED
  [ComfyUI]   File "C:\Users\ContainerAdministrator\AppData\Local\Temp\comfyui_pvenv_qpd9wq80\persistent_worker.py", line 1762 in main
  [ComfyUI]   File "C:\Users\ContainerAdministrator\AppData\Local\Temp\comfyui_pvenv_qpd9wq80\persistent_worker.py", line 1807 in <module>
  [ComfyUI] 
  [ComfyUI] [worker:ComfyUI-DepthAnythingV3] === END ===
  [ComfyUI] 
  [ComfyUI] [worker:ComfyUI-DepthAnythingV3] [VRAM] +674MB (now 3509MB) reserved=3872MB peak=4837MB
  [capture-loop] iter=1550 t=181.6s state={'complete': False, 'error': None, 'executedCount': 0, 'wsState': 1} eval_ms=4 ram=12.2/31.9GB (38%) swap=0.3/5.0GB (7%) cpu=4% browser_rss=0.84GB
  [ComfyUI] [worker:ComfyUI-DepthAnythingV3] [VRAM] -212MB (now 3298MB) reserved=3520MB peak=4837MB
  [ComfyUI] [worker:ComfyUI-DepthAnythingV3] [VRAM] -1911MB (now 1387MB) reserved=5536MB peak=4837MB
  [ComfyUI] [SubprocessWorker] callback 'report_progress' from call_id=30
  [capture-loop] iter=1600 t=187.4s state={'complete': False, 'error': None, 'executedCount': 0, 'wsState': 1} eval_ms=4 ram=12.4/31.9GB (39%) swap=0.3/5.0GB (7%) cpu=4% browser_rss=0.84GB
  [ComfyUI] [worker:ComfyUI-DepthAnythingV3] [VRAM] -259MB (now 1128MB) reserved=1184MB peak=4837MB
  [ComfyUI] [SubprocessWorker] callback 'report_progress' from call_id=30
  Frame 12 saved (frame_011.jpg, t=188.9s)
  [capture-periodic] freeze=4ms shot=124ms unfreeze=9ms saved=True
  [ComfyUI] [worker:ComfyUI-DepthAnythingV3] [VRAM] +341MB (now 1469MB) reserved=1568MB peak=4837MB
  [ComfyUI] [SubprocessWorker] callback 'report_progress' from call_id=30
  [ComfyUI] [worker:ComfyUI-DepthAnythingV3] [VRAM] -342MB (now 1128MB) reserved=1568MB peak=4837MB
  Frame 13 saved (frame_012.jpg, t=191.2s)
  [capture-periodic] freeze=4ms shot=102ms unfreeze=5ms saved=True
  [ComfyUI] [SubprocessWorker] callback 'report_progress' from call_id=30
  Frame 14 saved (frame_013.jpg, t=193.5s)
  [capture-periodic] freeze=4ms shot=167ms unfreeze=6ms saved=True
  [ComfyUI] [SubprocessWorker] callback 'report_progress' from call_id=30
  [capture-loop] iter=1650 t=193.8s state={'complete': False, 'error': None, 'executedCount': 0, 'wsState': 1} eval_ms=12 ram=12.6/31.9GB (40%) swap=0.3/5.0GB (7%) cpu=23% browser_rss=0.84GB
  [ComfyUI] [SubprocessWorker] callback 'report_progress' from call_id=30
  Frame 15 saved (frame_014.jpg, t=195.8s)
  [capture-periodic] freeze=4ms shot=186ms unfreeze=12ms saved=True
  [ComfyUI] [SubprocessWorker] callback 'report_progress' from call_id=30
  Frame 16 saved (frame_015.jpg, t=198.1s)
  [capture-periodic] freeze=4ms shot=110ms unfreeze=5ms saved=True
  [ComfyUI] [SubprocessWorker] callback 'report_progress' from call_id=30
  [ComfyUI] [worker:ComfyUI-DepthAnythingV3] WARNING: faiss not installed, skipping loop closure. pip install faiss-cpu
  [capture-loop] iter=1700 t=199.9s state={'complete': False, 'error': None, 'executedCount': 0, 'wsState': 1} eval_ms=5 ram=13.1/31.9GB (41%) swap=0.3/5.0GB (7%) cpu=18% browser_rss=0.84GB
  Frame 17 saved (frame_016.jpg, t=200.3s)
  [capture-periodic] freeze=4ms shot=117ms unfreeze=5ms saved=True
  [ComfyUI] [SubprocessWorker] callback 'report_progress' from call_id=30
  Frame 18 saved (frame_017.jpg, t=204.7s)
  [capture-periodic] freeze=4ms shot=102ms unfreeze=8ms saved=True
  [capture-loop] iter=1750 t=205.9s state={'complete': False, 'error': None, 'executedCount': 0, 'wsState': 1} eval_ms=3 ram=12.0/31.9GB (38%) swap=0.3/5.0GB (7%) cpu=5% browser_rss=0.84GB
  [capture-loop] iter=1800 t=211.8s state={'complete': False, 'error': None, 'executedCount': 0, 'wsState': 1} eval_ms=4 ram=12.0/31.9GB (38%) swap=0.3/5.0GB (7%) cpu=4% browser_rss=0.84GB
  [capture-loop] iter=1850 t=217.5s state={'complete': False, 'error': None, 'executedCount': 0, 'wsState': 1} eval_ms=4 ram=12.1/31.9GB (38%) swap=0.3/5.0GB (7%) cpu=4% browser_rss=0.84GB
  [capture-loop] iter=1900 t=223.4s state={'complete': False, 'error': None, 'executedCount': 0, 'wsState': 1} eval_ms=4 ram=12.1/31.9GB (38%) swap=0.3/5.0GB (7%) cpu=4% browser_rss=0.84GB
  [capture-loop] iter=1950 t=229.2s state={'complete': False, 'error': None, 'executedCount': 0, 'wsState': 1} eval_ms=4 ram=12.2/31.9GB (38%) swap=0.3/5.0GB (7%) cpu=4% browser_rss=0.84GB
  [capture-loop] iter=2000 t=234.9s state={'complete': False, 'error': None, 'executedCount': 0, 'wsState': 1} eval_ms=3 ram=12.2/31.9GB (38%) swap=0.3/5.0GB (7%) cpu=4% browser_rss=0.84GB
  [capture-loop] iter=2050 t=240.8s state={'complete': False, 'error': None, 'executedCount': 0, 'wsState': 1} eval_ms=4 ram=12.2/31.9GB (38%) swap=0.3/5.0GB (7%) cpu=4% browser_rss=0.84GB
  [ComfyUI] [worker:ComfyUI-DepthAnythingV3]
  [ComfyUI] === WATCHDOG TICK 4 ===
  [ComfyUI] [worker:ComfyUI-DepthAnythingV3] Thread 0x00002b34 (most recent call first):
  [ComfyUI]   File "C:\ce\.pixi\envs\depthanythingv3-nodes\Lib\threading.py", line 331 in wait
  [ComfyUI]   File "C:\ce\.pixi\envs\depthanythingv3-nodes\Lib\threading.py", line 629 in wait
  [ComfyUI]   File "C:\ce\.pixi\envs\depthanythingv3-nodes\Lib\site-packages\tqdm\_monitor.py", line 60 in run
  [ComfyUI]   File "C:\ce\.pixi\envs\depthanythingv3-nodes\Lib\threading.py", line 1045 in _bootstrap_inner
  [ComfyUI]   File "C:\ce\.pixi\envs\depthanythingv3-nodes\Lib\threading.py", line 1002 in _bootstrap
  [ComfyUI] 
  [ComfyUI] Thread 0x00001f14 (most recent call first):
  [ComfyUI]   File "C:\Users\ContainerAdministrator\AppData\Local\Temp\comfyui_pvenv_qpd9wq80\persistent_worker.py", line 106 in _vram_poller
  [ComfyUI]   File "C:\ce\.pixi\envs\depthanythingv3-nodes\Lib\threading.py", line 982 in run
  [ComfyUI]   File "C:\ce\.pixi\envs\depthanythingv3-nodes\Lib\threading.py", line 1045 in _bootstrap_inner
  [ComfyUI]   File "C:\ce\.pixi\envs\depthanythingv3-nodes\Lib\threading.py", line 1002 in _bootstrap
  [ComfyUI] 
  [ComfyUI] Current thread 0x00002968 (most recent call first):
  [ComfyUI]   File "C:\Users\ContainerAdministrator\AppData\Local\Temp\comfyui_pvenv_qpd9wq80\persistent_worker.py", line 52 in _watchdog
  [ComfyUI]   File "C:\ce\.pixi\envs\depthanythingv3-nodes\Lib\threading.py", line 982 in run
  [ComfyUI]   File "C:\ce\.pixi\envs\depthanythingv3-nodes\Lib\threading.py", line 1045 in _bootstrap_inner
  [ComfyUI]   File "C:\ce\.pixi\envs\depthanythingv3-nodes\Lib\threading.py", line 1002 in _bootstrap
  [ComfyUI] 
  [ComfyUI] Thread 0x00002a8c (most recent call first):
  [ComfyUI]   File "C:\ce\.pixi\envs\depthanythingv3-nodes\Lib\zipfile.py", line 1194 in write
  [ComfyUI]   File "C:\ce\.pixi\envs\depthanythingv3-nodes\Lib\site-packages\numpy\lib\_format_impl.py", line 777 in write_array
  [ComfyUI]   File "C:\ce\.pixi\envs\depthanythingv3-nodes\Lib\site-packages\numpy\lib\_npyio_impl.py", line 786 in _savez
  [ComfyUI]   File "C:\ce\.pixi\envs\depthanythingv3-nodes\Lib\site-packages\numpy\lib\_npyio_impl.py", line 753 in savez_compressed
  [ComfyUI]   File "C:\workspaces\DepthAnythingV3-0804\ComfyUI\custom_nodes\ComfyUI-DepthAnythingV3\nodes\streaming\node.py", line 271 in execute
  [ComfyUI]   File "C:\workspaces\DepthAnythingV3-0804\ComfyUI\comfy_api\latest\_io.py", line 1833 in EXECUTE_NORMALIZED
  [ComfyUI]   File "C:\Users\ContainerAdministrator\AppData\Local\Temp\comfyui_pvenv_qpd9wq80\persistent_worker.py", line 1762 in main
  [ComfyUI]   File "C:\Users\ContainerAdministrator\AppData\Local\Temp\comfyui_pvenv_qpd9wq80\persistent_worker.py", line 1807 in <module>
  [ComfyUI] 
  [ComfyUI] [worker:ComfyUI-DepthAnythingV3] === END ===
  [ComfyUI] 
  [capture-loop] iter=2100 t=246.6s state={'complete': False, 'error': None, 'executedCount': 0, 'wsState': 1} eval_ms=4 ram=12.3/31.9GB (38%) swap=0.3/5.0GB (7%) cpu=4% browser_rss=0.84GB
  [capture-loop] iter=2150 t=252.6s state={'complete': False, 'error': None, 'executedCount': 0, 'wsState': 1} eval_ms=4 ram=13.4/31.9GB (42%) swap=0.3/5.0GB (7%) cpu=15% browser_rss=0.84GB
  [ComfyUI] [SubprocessWorker] got response: ok
  [ComfyUI] [comfy-env] Created 2 model patchers: ['DepthAnything3Net_1', 'VPRModel_2']
  [ComfyUI] [comfy-env] DepthAnythingV3_Streaming done (246.94s): result: NodeOutput
  [ComfyUI] [VRAM] After DepthAnythingV3_Streaming: 1042 / 12287 MB
  [ComfyUI] [VRAM] Loaded: SubprocessModel (335 MB), SubprocessModel (783 MB)
  Frame 19 saved (frame_018.jpg, t=257.3s)
  [capture-periodic] freeze=5ms shot=135ms unfreeze=6ms saved=True
  [capture-loop] iter=2200 t=258.8s state={'complete': False, 'error': None, 'executedCount': 0, 'wsState': 1} eval_ms=5 ram=12.9/31.9GB (40%) swap=0.3/5.0GB (7%) cpu=26% browser_rss=0.84GB
  [ComfyUI] Prompt executed in 261.48 seconds
  Node executed (1 total), capturing...
  Frame 20 saved (frame_019.jpg, t=261.9s)
  [capture-node] freeze=4ms shot=109ms unfreeze=0ms saved=True
  Execution complete (t=261.9s)
  Captured 20 unique frames over 262.03s
  [debug] iframes: 0
  [timing] trigger_3d_previews: 0.0s
  Saved high-quality screenshot: da3_streaming_executed.png
  [timing] final_screenshot: 0.2s
    Captured 21 video frames