  [ComfyUI] [comfy-env] [VRAM] Before offload 'VPRModel_2' (335 MB) -> cpu: 1042 / 12287 MB
Capturing execution frames: simple.json
  [ComfyUI] [ComfyUI-DepthAnythingV3] Health check: ping (timeout=5.0s)...
  [ComfyUI] [ComfyUI-DepthAnythingV3] Health check: ok
  [ComfyUI] [SubprocessWorker] call_id=31 sending model_to_device
  [ComfyUI] [worker:ComfyUI-DepthAnythingV3] [VRAM] -327MB (now 802MB) reserved=1568MB peak=4580MB
  [ComfyUI] [comfy-env] [VRAM] After offload 'VPRModel_2' (335 MB): 1042 / 12287 MB
  [ComfyUI] [comfy-env] [VRAM] Before offload 'DepthAnything3Net_1' (783 MB) -> cpu: 1042 / 12287 MB
  [ComfyUI] [ComfyUI-DepthAnythingV3] Health check: ping (timeout=5.0s)...
  [ComfyUI] [ComfyUI-DepthAnythingV3] Health check: ok
  [ComfyUI] [SubprocessWorker] call_id=32 sending model_to_device
  [ComfyUI] [comfy-env] [VRAM] After offload 'DepthAnything3Net_1' (783 MB): 1042 / 12287 MB
  Frame 1 saved (frame_000.jpg, t=0.0s)
  Validating workflow...
  [ComfyUI] === /validate endpoint called ===
  Queuing workflow for execution...
  [ComfyUI] Received JSON with keys: ['prompt']
  [ComfyUI] Prompt has 4 nodes
  [ComfyUI]   Node 2: LoadImage
  [ComfyUI]     Inputs: {"image": "bridge.jpg"}
  [ComfyUI]   Node 3: DownloadAndLoadDepthAnythingV3Model
  [ComfyUI]     Inputs: {"model": "da3_large.safetensors", "precision": "auto", "attention": "auto"}
  [ComfyUI]   Node 4: PreviewImage
  [ComfyUI]     Inputs: {"images": ["14", 0]}
  [ComfyUI]   Node 14: DepthAnything_V3
  [ComfyUI]     Inputs: {"normalization_mode": "V2-Style", "resize_method": "resize", "invert_depth": true, "keep_model_size": false, "da3_model": ["3", 0], "images": ["2", 0]}
  [ComfyUI] Generated prompt_id: ddcfa641-84ca-49a3-a63c-1c2e54c02ce9
  [ComfyUI] Calling execution.validate_prompt()...
  [ComfyUI] Validation result: valid=True
  [ComfyUI] === Validation PASSED ===
  [ComfyUI] got prompt
  [ComfyUI] [comfy-env] Running DownloadAndLoadDepthAnythingV3Model: model: 'da3_large.safetensors', precision: 'auto', attention: 'auto'
  [ComfyUI] [VRAM] Before DownloadAndLoadDepthAnythingV3Model: 1042 / 12287 MB
  [ComfyUI] [SubprocessWorker] call_method: nodes.load_model.DownloadAndLoadDepthAnythingV3Model.EXECUTE_NORMALIZED
  [ComfyUI] [SubprocessWorker] acquired lock, ensuring started...
  [ComfyUI] [ComfyUI-DepthAnythingV3] Health check: ping (timeout=5.0s)...
  [ComfyUI] [ComfyUI-DepthAnythingV3] Health check: failed
  [ComfyUI] [ComfyUI-DepthAnythingV3] python: C:\workspaces\DepthAnythingV3-1730\ComfyUI\.ce\.pixi\envs\depthanythingv3-nodes\python.exe
  [ComfyUI] [ComfyUI-DepthAnythingV3] Socket unhealthy, restarting worker...
  [ComfyUI] [ComfyUI-DepthAnythingV3] sys_path sent to worker: ['C:\\workspaces\\DepthAnythingV3-1730\\ComfyUI', 'C:\\workspaces\\DepthAnythingV3-1730\\ComfyUI\\custom_nodes\\ComfyUI-DepthAnythingV3', 'C:\\workspaces\\DepthAnythingV3-1730\\ComfyUI\\.ce\\.pixi\\envs\\depthanythingv3-nodes\\Lib\\site-packages', 'C:\\workspaces\\DepthAnythingV3-1730\\ComfyUI\\custom_nodes\\ComfyUI-DepthAnythingV3']
  [ComfyUI] [comfy-env] Invalidated 2 stale model patchers (will be cleaned up during next unload)
  [ComfyUI] [SubprocessWorker] is_pixi=True, python=C:\workspaces\DepthAnythingV3-1730\ComfyUI\.ce\.pixi\envs\depthanythingv3-nodes\python.exe
  [ComfyUI] [comfy-env] depthanythingv3-nodes: Library/bin has 234 DLLs
  [ComfyUI] [SubprocessWorker] launching cmd=['C:\\Users\\ContainerAdministrator\\.pixi\\bin\\pixi.exe', 'run', '--as-is', '--manifest-path', 'C:\\workspaces\\DepthAnythingV3-1730\\ComfyUI\\.ce\\pixi.toml', '-e', 'depthanythingv3-nodes', 'python', 'C:\\Users\\ContainerAdministrator\\AppData\\Local\\Temp\\comfyui_pvenv_wyu7f_lh\\persistent_worker.py', 'tcp://127.0.0.1:51606']...
  Frame 2 saved (frame_001.jpg, t=2.2s)
  [capture-periodic] freeze=4ms shot=119ms unfreeze=5ms saved=True
  Frame 3 saved (frame_002.jpg, t=4.5s)
  [capture-periodic] freeze=4ms shot=114ms unfreeze=5ms saved=True
  [ComfyUI] [worker:ComfyUI-DepthAnythingV3] WARNING: WARNING: You need pytorch with cu130 or higher to use optimized CUDA operations.
  [ComfyUI] [SubprocessWorker] worker started/confirmed
  [ComfyUI] [SubprocessWorker] serializing kwargs to shm...
  [ComfyUI] [SubprocessWorker] created 0 shm blocks
  [ComfyUI] [SubprocessWorker] sending request via socket...
  [ComfyUI] [SubprocessWorker] call_id=33 sending call_method
  [ComfyUI] [SubprocessWorker] got response: ok
  [ComfyUI] [comfy-env] [VRAM] Before offload 'VPRModel_2' (335 MB) -> cpu: 1042 / 12287 MB
  [capture-loop] iter=50 t=6.0s state={'complete': False, 'error': None, 'executedCount': 0, 'wsState': 1} eval_ms=5 ram=10.0/31.9GB (31%) swap=0.7/5.0GB (15%) cpu=11% browser_rss=0.91GB
  [ComfyUI] [ComfyUI-DepthAnythingV3] Health check: ping (timeout=5.0s)...
  [ComfyUI] [ComfyUI-DepthAnythingV3] Health check: ok
  [ComfyUI] [SubprocessWorker] call_id=34 sending model_to_device
  [ComfyUI] Model 'VPRModel_2' gone from worker (restarted?), treating as offloaded
  [ComfyUI] [comfy-env] [VRAM] After offload 'VPRModel_2' (335 MB): 1042 / 12287 MB
  [ComfyUI] [comfy-env] [VRAM] Before offload 'DepthAnything3Net_1' (783 MB) -> cpu: 1042 / 12287 MB
  [ComfyUI] [ComfyUI-DepthAnythingV3] Health check: ping (timeout=5.0s)...
  [ComfyUI] [ComfyUI-DepthAnythingV3] Health check: ok
  [ComfyUI] [SubprocessWorker] call_id=35 sending model_to_device
  [ComfyUI] Model 'DepthAnything3Net_1' gone from worker (restarted?), treating as offloaded
  [ComfyUI] [comfy-env] [VRAM] After offload 'DepthAnything3Net_1' (783 MB): 1042 / 12287 MB
  [ComfyUI] [comfy-env] DownloadAndLoadDepthAnythingV3Model done (5.78s): result: NodeOutput
  [ComfyUI] [VRAM] After DownloadAndLoadDepthAnythingV3Model: 1042 / 12287 MB
  [ComfyUI] [comfy-env] Running DepthAnything_V3: normalization_mode: 'V2-Style', resize_method: 'resize', invert_depth: True, keep_model_size: False, da3_model: dict, images: torch.float32 [1,683,1024,3] cpu
  [ComfyUI] [VRAM] Before DepthAnything_V3: 1042 / 12287 MB
  [ComfyUI] [SubprocessWorker] call_method: nodes.nodes_inference.DepthAnything_V3.EXECUTE_NORMALIZED
  [ComfyUI] [SubprocessWorker] acquired lock, ensuring started...
  [ComfyUI] [ComfyUI-DepthAnythingV3] Health check: ping (timeout=5.0s)...
  [ComfyUI] [ComfyUI-DepthAnythingV3] Health check: ok
  [ComfyUI] [SubprocessWorker] worker started/confirmed
  [ComfyUI] [comfy-env] PRE-SERIALIZE 'images' shape: torch.Size([1, 683, 1024, 3])
  [ComfyUI] [SubprocessWorker] serializing kwargs to shm...
  [ComfyUI] [SubprocessWorker] created 0 shm blocks
  [ComfyUI] [SubprocessWorker] sending request via socket...
  [ComfyUI] [SubprocessWorker] call_id=36 sending call_method
  [ComfyUI] [worker:ComfyUI-DepthAnythingV3] [comfy-env] _from_shm got dict with keys: ['__type__', 'strategy', 'manager_path', 'storage_key', 'storage_size']
  [ComfyUI] [worker:ComfyUI-DepthAnythingV3] [comfy-env] DESERIALIZE TensorRef: tensor_size=[1, 683, 1024, 3]
  [ComfyUI] [worker:ComfyUI-DepthAnythingV3] [comfy-env] DESERIALIZED tensor shape: torch.Size([1, 683, 1024, 3])
  Frame 4 saved (frame_003.jpg, t=6.7s)
  [capture-periodic] freeze=4ms shot=112ms unfreeze=4ms saved=True
  [ComfyUI] [SubprocessWorker] callback 'request_vram_budget' from call_id=36
  [ComfyUI] [comfy-env] VRAM request: 0.82GB, free before eviction: 11.79GB
  [ComfyUI] [comfy-env] VRAM after eviction: 11.79GB
  [ComfyUI] [worker:ComfyUI-DepthAnythingV3] [VRAM] +242MB (now 242MB) reserved=256MB peak=242MB
  [ComfyUI] [worker:ComfyUI-DepthAnythingV3] WARNING: WARNING: This model does not support sky segmentation. V2-Style normalization will work but without sky masking. Use Mono/Metric/Nested models for best V2-Style results.
  [ComfyUI] [worker:ComfyUI-DepthAnythingV3] [VRAM] +985MB (now 1227MB) reserved=1376MB peak=1227MB
  [ComfyUI] [SubprocessWorker] callback 'report_progress' from call_id=36
  [ComfyUI] [SubprocessWorker] got response: ok
  [ComfyUI] [comfy-env] Created 1 model patchers: ['DepthAnything3Net_1']
  [ComfyUI] [comfy-env] DepthAnything_V3 done (3.56s): result: NodeOutput
  [ComfyUI] [VRAM] After DepthAnything_V3: 1042 / 12287 MB
  [ComfyUI] [VRAM] Loaded: SubprocessModel (783 MB)
  [ComfyUI] Prompt executed in 9.43 seconds
  [ComfyUI] [comfy-env] [VRAM] Before offload 'DepthAnything3Net_1' (783 MB) -> cpu: 1042 / 12287 MB
  [ComfyUI] [ComfyUI-DepthAnythingV3] Health check: ping (timeout=5.0s)...
  [ComfyUI] [ComfyUI-DepthAnythingV3] Health check: ok
  [ComfyUI] [SubprocessWorker] call_id=37 sending model_to_device
  Node executed (1 total), capturing...
  [ComfyUI] [comfy-env] [VRAM] After offload 'DepthAnything3Net_1' (783 MB): 1042 / 12287 MB
  Frame 5 saved (frame_004.jpg, t=9.9s)
  [capture-node] freeze=4ms shot=131ms unfreeze=0ms saved=True
  Execution complete (t=9.9s)
  Captured 5 unique frames over 10.06s
  [debug] iframes: 0
  [timing] trigger_3d_previews: 0.0s
  Saved high-quality screenshot: simple_executed.png
  [timing] final_screenshot: 0.3s
    Captured 6 video frames