Capturing execution frames: video_multiview_depth.json
  Frame 1 saved (frame_000.jpg, t=0.0s)
  Validating workflow...
  [ComfyUI] === /validate endpoint called ===
  Queuing workflow for execution...
  [ComfyUI] Received JSON with keys: ['prompt']
  [ComfyUI] Prompt has 9 nodes
  [ComfyUI]   Node 3: DownloadAndLoadDepthAnythingV3Model
  [ComfyUI]     Inputs: {"model": "da3_base.safetensors", "precision": "auto", "attention": "auto"}
  [ComfyUI]   Node 52: CreateVideo
  [ComfyUI]     Inputs: {"fps": 10, "images": ["62", 0]}
  [ComfyUI]   Node 53: CreateVideo
  [ComfyUI]     Inputs: {"fps": 10, "images": ["61", 0]}
  [ComfyUI]   Node 54: SaveVideo
  [ComfyUI]     Inputs: {"filename_prefix": "video/ComfyUI", "format": "auto", "codec": "auto", "video": ["52", 0]}
  [ComfyUI]   Node 55: SaveVideo
  [ComfyUI]     Inputs: {"filename_prefix": "video/ComfyUI", "format": "auto", "codec": "auto", "video": ["53", 0]}
  [ComfyUI]   Node 61: DepthAnything_V3
  [ComfyUI]     Inputs: {"normalization_mode": "V2-Style", "resize_method": "resize", "invert_depth": false, "keep_model_size": false, "da3_model": ["3", 0], "images": ["71", 0]}
  [ComfyUI]   Node 62: DepthAnythingV3_MultiView
  [ComfyUI]     Inputs: {"normalization_mode": "V2-Style", "resize_method": "resize", "invert_depth": false, "keep_model_size": false, "da3_model": ["3", 0], "images": ["71", 0]}
  [ComfyUI]   Node 66: PreviewImage
  [ComfyUI]     Inputs: {"images": ["71", 0]}
  [ComfyUI]   Node 71: LoadImagesFromFolderKJ
  [ComfyUI]     Inputs: {"folder": "input/robotframes", "width": 1024, "height": 576, "keep_aspect_ratio": "crop", "image_load_cap": 0, "start_index": 0, "include_subfolders": false}
  [ComfyUI] Generated prompt_id: 9795fd1d-194a-4fec-bdff-57a063d980ed
  [ComfyUI] Calling execution.validate_prompt()...
  [ComfyUI] Validation result: valid=True
  [ComfyUI] === Validation PASSED ===
  [ComfyUI] got prompt
  [ComfyUI] [comfy-env] Running DownloadAndLoadDepthAnythingV3Model: model: 'da3_base.safetensors', precision: 'auto', attention: 'auto'
  [ComfyUI] [VRAM] Before DownloadAndLoadDepthAnythingV3Model: 1042 / 12287 MB
  [ComfyUI] [SubprocessWorker] call_method: nodes.load_model.DownloadAndLoadDepthAnythingV3Model.EXECUTE_NORMALIZED
  [ComfyUI] [SubprocessWorker] acquired lock, ensuring started...
  [ComfyUI] [ComfyUI-DepthAnythingV3] Health check: ping (timeout=5.0s)...
  [ComfyUI] [ComfyUI-DepthAnythingV3] python: C:\ce\.pixi\envs\depthanythingv3-nodes\python.exe
  [ComfyUI] [ComfyUI-DepthAnythingV3] Health check: failed
  [ComfyUI] [ComfyUI-DepthAnythingV3] sys_path sent to worker: ['C:\\workspaces\\DepthAnythingV3-0804\\ComfyUI', 'C:\\workspaces\\DepthAnythingV3-0804\\ComfyUI\\custom_nodes\\ComfyUI-DepthAnythingV3', 'C:\\ce\\.pixi\\envs\\depthanythingv3-nodes\\Lib\\site-packages', 'C:\\workspaces\\DepthAnythingV3-0804\\ComfyUI\\custom_nodes\\ComfyUI-DepthAnythingV3']
  [ComfyUI] [ComfyUI-DepthAnythingV3] Socket unhealthy, restarting worker...
  [ComfyUI] [SubprocessWorker] is_pixi=True, python=C:\ce\.pixi\envs\depthanythingv3-nodes\python.exe
  [ComfyUI] [comfy-env] Invalidated 1 stale model patchers (will be cleaned up during next unload)
  [ComfyUI] [SubprocessWorker] launching cmd=['C:\\Users\\ContainerAdministrator\\.pixi\\bin\\pixi.exe', 'run', '--as-is', '--manifest-path', 'C:\\ce\\pixi.toml', '-e', 'depthanythingv3-nodes', 'python', 'C:\\Users\\ContainerAdministrator\\AppData\\Local\\Temp\\comfyui_pvenv_qpd9wq80\\persistent_worker.py', 'tcp://127.0.0.1:59087']...
  [ComfyUI] [comfy-env] depthanythingv3-nodes: Library/bin has 234 DLLs
  Node executed (1 total), capturing...
  Frame 2 saved (frame_001.jpg, t=1.5s)
  [capture-node] freeze=5ms shot=119ms unfreeze=5ms saved=True
  [ComfyUI] [worker:ComfyUI-DepthAnythingV3] ERROR: Failed to import comfy_kitchen, Error: No module named 'comfy_kitchen', fp8 and fp4 support will not be available.
  [ComfyUI] [SubprocessWorker] worker started/confirmed
  [ComfyUI] [SubprocessWorker] serializing kwargs to shm...
  [ComfyUI] [SubprocessWorker] created 0 shm blocks
  [ComfyUI] [SubprocessWorker] sending request via socket...
  [ComfyUI] [SubprocessWorker] call_id=38 sending call_method
  [ComfyUI] Warning: You are sending unauthenticated requests to the HF Hub. Please set a HF_TOKEN to enable higher rate limits and faster downloads.
  [ComfyUI] [worker:ComfyUI-DepthAnythingV3] WARNING: Warning: You are sending unauthenticated requests to the HF Hub. Please set a HF_TOKEN to enable higher rate limits and faster downloads.
  [ComfyUI] 
  Frame 3 saved (frame_002.jpg, t=5.9s)
  [capture-periodic] freeze=4ms shot=110ms unfreeze=4ms saved=True
  [capture-loop] iter=50 t=6.4s state={'complete': False, 'error': None, 'executedCount': 1, 'wsState': 1} eval_ms=3 ram=8.4/31.9GB (26%) swap=0.3/5.0GB (7%) cpu=12% browser_rss=0.96GB
  [ComfyUI] model.safetensors:   0%|          | 0.00/542M [00:00<?, ?B/s]
  [ComfyUI] model.safetensors:  12%|█▏        | 67.1M/542M [00:04<00:30, 15.7MB/s][SubprocessWorker] callback 'report_progress' from call_id=38
  [ComfyUI] 
  [ComfyUI] model.safetensors:  37%|███▋      | 201M/542M [00:04<00:06, 56.0MB/s] [SubprocessWorker] callback 'report_progress' from call_id=38
  Frame 4 saved (frame_003.jpg, t=10.4s)
  [capture-periodic] freeze=4ms shot=150ms unfreeze=5ms saved=True
  [ComfyUI] 
  [ComfyUI] model.safetensors:  50%|████▉     | 268M/542M [00:04<00:03, 77.1MB/s][SubprocessWorker] callback 'report_progress' from call_id=38
  [ComfyUI] 
  [ComfyUI] model.safetensors:  62%|██████▏   | 335M/542M [00:05<00:02, 89.7MB/s][SubprocessWorker] callback 'report_progress' from call_id=38
  [ComfyUI] 
  [ComfyUI] model.safetensors:  87%|████████▋ | 469M/542M [00:05<00:00, 132MB/s] [SubprocessWorker] callback 'report_progress' from call_id=38
  [ComfyUI] [SubprocessWorker] callback 'report_progress' from call_id=38
  [ComfyUI] 
  [ComfyUI] model.safetensors: 100%|██████████| 542M/542M [00:05<00:00, 93.0MB/s]
  [ComfyUI] [SubprocessWorker] got response: ok
  [ComfyUI] [comfy-env] [VRAM] Before offload 'DepthAnything3Net_1' (783 MB) -> cpu: 1042 / 12287 MB
  [ComfyUI] [ComfyUI-DepthAnythingV3] Health check: ping (timeout=5.0s)...
  [ComfyUI] [ComfyUI-DepthAnythingV3] Health check: ok
  [ComfyUI] [SubprocessWorker] call_id=39 sending model_to_device
  [ComfyUI] Model 'DepthAnything3Net_1' gone from worker (restarted?), treating as offloaded
  [ComfyUI] [comfy-env] [VRAM] After offload 'DepthAnything3Net_1' (783 MB): 1042 / 12287 MB
  [ComfyUI] [comfy-env] DownloadAndLoadDepthAnythingV3Model done (10.53s): result: NodeOutput
  [ComfyUI] [VRAM] After DownloadAndLoadDepthAnythingV3Model: 1042 / 12287 MB
  [ComfyUI] [comfy-env] Running DepthAnythingV3_MultiView: normalization_mode: 'V2-Style', resize_method: 'resize', invert_depth: False, keep_model_size: False, da3_model: dict, images: torch.float32 [13,576,1024,3] cpu
  [ComfyUI] [VRAM] Before DepthAnythingV3_MultiView: 1042 / 12287 MB
  [ComfyUI] [SubprocessWorker] call_method: nodes.nodes_multiview.DepthAnythingV3_MultiView.EXECUTE_NORMALIZED
  [ComfyUI] [SubprocessWorker] acquired lock, ensuring started...
  [ComfyUI] [ComfyUI-DepthAnythingV3] Health check: ping (timeout=5.0s)...
  [ComfyUI] [ComfyUI-DepthAnythingV3] Health check: ok
  [ComfyUI] [SubprocessWorker] worker started/confirmed
  [ComfyUI] [comfy-env] PRE-SERIALIZE 'images' shape: torch.Size([13, 576, 1024, 3])
  [ComfyUI] [SubprocessWorker] serializing kwargs to shm...
  [ComfyUI] [SubprocessWorker] created 0 shm blocks
  [ComfyUI] [SubprocessWorker] sending request via socket...
  [ComfyUI] [SubprocessWorker] call_id=40 sending call_method
  [ComfyUI] [worker:ComfyUI-DepthAnythingV3] [comfy-env] _from_shm got dict with keys: ['__type__', 'strategy', 'manager_path', 'storage_key', 'storage_size']
  [ComfyUI] [worker:ComfyUI-DepthAnythingV3] [comfy-env] DESERIALIZE TensorRef: tensor_size=[13, 576, 1024, 3]
  [ComfyUI] [worker:ComfyUI-DepthAnythingV3] [comfy-env] DESERIALIZED tensor shape: torch.Size([13, 576, 1024, 3])
  [ComfyUI] [worker:ComfyUI-DepthAnythingV3] WARNING: No comfy kitchen, using old apply_rope functions.
  [capture-loop] iter=100 t=12.6s state={'complete': False, 'error': None, 'executedCount': 1, 'wsState': 1} eval_ms=4 ram=8.5/31.9GB (27%) swap=0.3/5.0GB (7%) cpu=16% browser_rss=0.88GB
  Frame 5 saved (frame_004.jpg, t=12.6s)
  [capture-periodic] freeze=4ms shot=106ms unfreeze=5ms saved=True
  [ComfyUI] [SubprocessWorker] callback 'request_vram_budget' from call_id=40
  [ComfyUI] [comfy-env] VRAM request: 0.27GB, free before eviction: 11.79GB
  [ComfyUI] [comfy-env] VRAM after eviction: 11.79GB
  [ComfyUI] [worker:ComfyUI-DepthAnythingV3] [VRAM] +230MB (now 230MB) reserved=256MB peak=230MB
  [ComfyUI] [worker:ComfyUI-DepthAnythingV3] WARNING: WARNING: This model does not support sky segmentation. V2-Style normalization will work but without sky masking. Use Mono/Metric/Nested models for best V2-Style results.
  [ComfyUI] [worker:ComfyUI-DepthAnythingV3] [VRAM] +652MB (now 882MB) reserved=1216MB peak=882MB
  [ComfyUI] [worker:ComfyUI-DepthAnythingV3] [VRAM] +358MB (now 1241MB) reserved=1632MB peak=1241MB
  [ComfyUI] [worker:ComfyUI-DepthAnythingV3] [VRAM] +206MB (now 1447MB) reserved=2592MB peak=1780MB
  [capture-loop] iter=150 t=18.6s state={'complete': False, 'error': None, 'executedCount': 1, 'wsState': 1} eval_ms=7 ram=10.1/31.9GB (32%) swap=0.3/5.0GB (7%) cpu=10% browser_rss=0.86GB
  [ComfyUI] [SubprocessWorker] got response: ok
  [ComfyUI] [comfy-env] Created 1 model patchers: ['DepthAnything3Net_1']
  [ComfyUI] [comfy-env] DepthAnythingV3_MultiView done (7.32s): result: NodeOutput
  [ComfyUI] [VRAM] After DepthAnythingV3_MultiView: 1042 / 12287 MB
  [ComfyUI] [VRAM] Loaded: SubprocessModel (258 MB)
  Frame 6 saved (frame_005.jpg, t=19.1s)
  [capture-periodic] freeze=6ms shot=155ms unfreeze=4ms saved=True
  [ComfyUI] [comfy-env] Running DepthAnything_V3: normalization_mode: 'V2-Style', resize_method: 'resize', invert_depth: False, keep_model_size: False, da3_model: dict, images: torch.float32 [13,576,1024,3] cpu
  [ComfyUI] [VRAM] Before DepthAnything_V3: 1042 / 12287 MB
  [ComfyUI] [VRAM] Loaded: SubprocessModel (258 MB)
  [ComfyUI] [SubprocessWorker] call_method: nodes.nodes_inference.DepthAnything_V3.EXECUTE_NORMALIZED
  [ComfyUI] [SubprocessWorker] acquired lock, ensuring started...
  [ComfyUI] [ComfyUI-DepthAnythingV3] Health check: ping (timeout=5.0s)...
  [ComfyUI] [ComfyUI-DepthAnythingV3] python: C:\ce\.pixi\envs\depthanythingv3-nodes\python.exe
  [ComfyUI] [ComfyUI-DepthAnythingV3] Health check: failed
  [ComfyUI] [ComfyUI-DepthAnythingV3] sys_path sent to worker: ['C:\\workspaces\\DepthAnythingV3-0804\\ComfyUI', 'C:\\workspaces\\DepthAnythingV3-0804\\ComfyUI\\custom_nodes\\ComfyUI-DepthAnythingV3', 'C:\\ce\\.pixi\\envs\\depthanythingv3-nodes\\Lib\\site-packages', 'C:\\workspaces\\DepthAnythingV3-0804\\ComfyUI\\custom_nodes\\ComfyUI-DepthAnythingV3']
  [ComfyUI] [ComfyUI-DepthAnythingV3] Socket unhealthy, restarting worker...
  [ComfyUI] [SubprocessWorker] is_pixi=True, python=C:\ce\.pixi\envs\depthanythingv3-nodes\python.exe
  [ComfyUI] [comfy-env] Invalidated 1 stale model patchers (will be cleaned up during next unload)
  [ComfyUI] [SubprocessWorker] launching cmd=['C:\\Users\\ContainerAdministrator\\.pixi\\bin\\pixi.exe', 'run', '--as-is', '--manifest-path', 'C:\\ce\\pixi.toml', '-e', 'depthanythingv3-nodes', 'python', 'C:\\Users\\ContainerAdministrator\\AppData\\Local\\Temp\\comfyui_pvenv_qpd9wq80\\persistent_worker.py', 'tcp://127.0.0.1:59100']...
  [ComfyUI] [comfy-env] depthanythingv3-nodes: Library/bin has 234 DLLs
  Node executed (2 total), capturing...
  Frame 7 saved (frame_006.jpg, t=19.8s)
  [capture-node] freeze=5ms shot=129ms unfreeze=4ms saved=True
  Frame 8 saved (frame_007.jpg, t=22.1s)
  [capture-periodic] freeze=4ms shot=108ms unfreeze=5ms saved=True
  [ComfyUI] [worker:ComfyUI-DepthAnythingV3] ERROR: Failed to import comfy_kitchen, Error: No module named 'comfy_kitchen', fp8 and fp4 support will not be available.
  [ComfyUI] [SubprocessWorker] worker started/confirmed
  [ComfyUI] [comfy-env] PRE-SERIALIZE 'images' shape: torch.Size([13, 576, 1024, 3])
  [ComfyUI] [SubprocessWorker] serializing kwargs to shm...
  [ComfyUI] [SubprocessWorker] created 0 shm blocks
  [ComfyUI] [SubprocessWorker] sending request via socket...
  [ComfyUI] [SubprocessWorker] call_id=41 sending call_method
  [ComfyUI] [worker:ComfyUI-DepthAnythingV3] [comfy-env] _from_shm got dict with keys: ['__type__', 'strategy', 'manager_path', 'storage_key', 'storage_size']
  [ComfyUI] [worker:ComfyUI-DepthAnythingV3] [comfy-env] DESERIALIZE TensorRef: tensor_size=[13, 576, 1024, 3]
  [ComfyUI] [worker:ComfyUI-DepthAnythingV3] [comfy-env] DESERIALIZED tensor shape: torch.Size([13, 576, 1024, 3])
  [ComfyUI] [worker:ComfyUI-DepthAnythingV3] WARNING: No comfy kitchen, using old apply_rope functions.
  [capture-loop] iter=200 t=25.0s state={'complete': False, 'error': None, 'executedCount': 2, 'wsState': 1} eval_ms=4 ram=8.6/31.9GB (27%) swap=0.7/5.0GB (14%) cpu=15% browser_rss=0.88GB
  [ComfyUI] [SubprocessWorker] callback 'request_vram_budget' from call_id=41
  [ComfyUI] [comfy-env] VRAM request: 0.27GB, free before eviction: 11.79GB
  [ComfyUI] [comfy-env] VRAM after eviction: 11.79GB
  [ComfyUI] [worker:ComfyUI-DepthAnythingV3] [VRAM] +230MB (now 230MB) reserved=256MB peak=230MB
  [ComfyUI] [worker:ComfyUI-DepthAnythingV3] WARNING: WARNING: This model does not support sky segmentation. V2-Style normalization will work but without sky masking. Use Mono/Metric/Nested models for best V2-Style results.
  [ComfyUI] [SubprocessWorker] callback 'report_progress' from call_id=41
  [ComfyUI] [worker:ComfyUI-DepthAnythingV3] [VRAM] +206MB (now 436MB) reserved=1056MB peak=452MB
  [ComfyUI] [SubprocessWorker] callback 'report_progress' from call_id=41
  [ComfyUI] [SubprocessWorker] callback 'report_progress' from call_id=41
  [ComfyUI] [SubprocessWorker] callback 'report_progress' from call_id=41
  [ComfyUI] [SubprocessWorker] callback 'report_progress' from call_id=41
  [ComfyUI] [SubprocessWorker] callback 'report_progress' from call_id=41
  [ComfyUI] [SubprocessWorker] callback 'report_progress' from call_id=41
  Frame 9 saved (frame_008.jpg, t=28.6s)
  [capture-periodic] freeze=10ms shot=152ms unfreeze=6ms saved=True
  [ComfyUI] [SubprocessWorker] callback 'report_progress' from call_id=41
  [ComfyUI] [SubprocessWorker] callback 'report_progress' from call_id=41
  [ComfyUI] [SubprocessWorker] callback 'report_progress' from call_id=41
  [ComfyUI] [SubprocessWorker] callback 'report_progress' from call_id=41
  [ComfyUI] [SubprocessWorker] callback 'report_progress' from call_id=41
  [ComfyUI] [SubprocessWorker] callback 'report_progress' from call_id=41
  [ComfyUI] [SubprocessWorker] got response: ok
  [ComfyUI] [comfy-env] [VRAM] Before offload 'DepthAnything3Net_1' (258 MB) -> cpu: 1042 / 12287 MB
  [ComfyUI] [ComfyUI-DepthAnythingV3] Health check: ping (timeout=5.0s)...
  [ComfyUI] [ComfyUI-DepthAnythingV3] Health check: ok
  [ComfyUI] [SubprocessWorker] call_id=42 sending model_to_device
  [ComfyUI] [worker:ComfyUI-DepthAnythingV3] [VRAM] -270MB (now 167MB) reserved=1088MB peak=469MB
  [ComfyUI] [comfy-env] [VRAM] After offload 'DepthAnything3Net_1' (258 MB): 1042 / 12287 MB
  [ComfyUI] [comfy-env] Created 1 model patchers: ['DepthAnything3Net_1']
  [ComfyUI] [comfy-env] DepthAnything_V3 done (10.99s): result: NodeOutput
  [ComfyUI] [VRAM] After DepthAnything_V3: 1042 / 12287 MB
  [ComfyUI] [VRAM] Loaded: SubprocessModel (258 MB)
  [ComfyUI] Prompt executed in 30.84 seconds
  Frame 10 saved (frame_009.jpg, t=30.9s)
  [capture-periodic] freeze=6ms shot=138ms unfreeze=4ms saved=True
  Node executed (3 total), capturing...
  Frame 11 saved (frame_010.jpg, t=31.4s)
  [capture-node] freeze=4ms shot=116ms unfreeze=0ms saved=True
  Execution complete (t=31.4s)
  Captured 11 unique frames over 31.56s
  [debug] iframes: 0
  [timing] trigger_3d_previews: 0.0s
  Saved high-quality screenshot: video_multiview_depth_executed.png
  [timing] final_screenshot: 0.2s
    Captured 12 video frames