setup plugin alembic.autogenerate.schemas
setup plugin alembic.autogenerate.tables
setup plugin alembic.autogenerate.types
setup plugin alembic.autogenerate.constraints
setup plugin alembic.autogenerate.defaults
setup plugin alembic.autogenerate.comments
[comfy-env] ComfyUI-DepthAnythingV3: 1 isolation env(s):
[comfy-env]   nodes -> D:\a\comfy-gpu-ci\comfy-gpu-ci\ComfyUI_windows_portable\ComfyUI\custom_nodes\ComfyUI-DepthAnythingV3\nodes
[comfy-env] prestartup complete
[comfy-env] ComfyUI-GeometryPack: 3 isolation env(s):
[comfy-env]   blender -> D:\a\comfy-gpu-ci\comfy-gpu-ci\ComfyUI_windows_portable\ComfyUI\custom_nodes\ComfyUI-GeometryPack\nodes\blender
[comfy-env]   gpu -> D:\a\comfy-gpu-ci\comfy-gpu-ci\ComfyUI_windows_portable\ComfyUI\custom_nodes\ComfyUI-GeometryPack\nodes\gpu
[comfy-env]   main -> D:\a\comfy-gpu-ci\comfy-gpu-ci\ComfyUI_windows_portable\ComfyUI\custom_nodes\ComfyUI-GeometryPack\nodes\main
[comfy-env] prestartup complete

Prestartup times for custom nodes:
   0.1 seconds: D:\a\comfy-gpu-ci\comfy-gpu-ci\ComfyUI_windows_portable\ComfyUI\custom_nodes\ComfyUI-GeometryPack
   0.4 seconds: D:\a\comfy-gpu-ci\comfy-gpu-ci\ComfyUI_windows_portable\ComfyUI\custom_nodes\ComfyUI-DepthAnythingV3

D:\a\comfy-gpu-ci\comfy-gpu-ci\ComfyUI_windows_portable\python_embeded\Lib\site-packages\torch\cuda\__init__.py:180: UserWarning: cudaGetDeviceCount() returned cudaErrorNotSupported, likely using older driver or on CPU machine (Triggered internally at C:\actions-runner\_work\pytorch\pytorch\pytorch\c10\cuda\CUDAFunctions.cpp:88.)
  return torch._C._cuda_getDeviceCount() > 0
Found comfy_kitchen backend triton: {'available': False, 'disabled': True, 'unavailable_reason': "ImportError: No module named 'triton'", 'capabilities': []}
Found comfy_kitchen backend cuda: {'available': False, 'disabled': False, 'unavailable_reason': 'CUDA not available on this system', 'capabilities': []}
Found comfy_kitchen backend eager: {'available': True, 'disabled': False, 'unavailable_reason': None, 'capabilities': ['apply_rope', 'apply_rope1', 'dequantize_mxfp8', 'dequantize_nvfp4', 'dequantize_per_tensor_fp8', 'quantize_mxfp8', 'quantize_nvfp4', 'quantize_per_tensor_fp8', 'scaled_mm_mxfp8', 'scaled_mm_nvfp4']}
Checkpoint files will always be loaded safely.
Total VRAM 16379 MB, total RAM 16379 MB
pytorch version: 2.11.0+cu130
Set vram state to: DISABLED
Device: cpu
Using sub quadratic optimization for attention, if you have memory or speed issues try using: --use-split-cross-attention
Python version: 3.13.12 (tags/v3.13.12:1cbe481, Feb  3 2026, 18:22:25) [MSC v.1944 64 bit (AMD64)]
ComfyUI version: 0.20.1
comfy-aimdo version: 0.2.14
comfy-kitchen version: 0.2.8
****** User settings have been changed to be stored on the server instead of browser storage. ******
****** For multi-user setups add the --multi-user CLI argument to enable multiple user profiles. ******
ComfyUI frontend version: 1.42.15
[Prompt Server] web root: D:\a\comfy-gpu-ci\comfy-gpu-ci\ComfyUI_windows_portable\python_embeded\Lib\site-packages\comfyui_frontend_package\static
Asset seeder disabled
[comfy-env] Version: 0.3.75
[comfy-env] register_nodes: ComfyUI-DepthAnythingV3
[comfy-env] ComfyUI source dir: D:\a\comfy-gpu-ci\comfy-gpu-ci\ComfyUI_windows_portable\ComfyUI
[comfy-env] Found 1 isolation env(s)
[comfy-env] Scanning nodes metadata (isolation root)...
[comfy-env] depthanythingv3-nodes: Library/bin has 235 DLLs
[comfy-env] Metadata scan: C:\Users\runneradmin\.pixi\bin\pixi.exe run --as-is --manifest-path D:\a\comfy-gpu-ci\comfy-gpu-ci\ComfyUI_windows_portable\ComfyUI\.ce\pixi.toml -e depthanythingv3-nodes python C:\Users\RUNNER~1\AppData\Local\Temp\comfy_meta_h5okkpmo.py D:\a\comfy-gpu-ci\comfy-gpu-ci\ComfyUI_windows_portable\ComfyUI\custom_nodes\ComfyUI-DepthAnythingV3 nodes
[comfy-env] Scan env PATH for nodes:
[comfy-env]   [0] D:\a\comfy-gpu-ci\comfy-gpu-ci\ComfyUI_windows_portable\ComfyUI\.ce\.pixi\envs\depthanythingv3-nodes
[comfy-env]   [1] D:\a\comfy-gpu-ci\comfy-gpu-ci\ComfyUI_windows_portable\ComfyUI\.ce\.pixi\envs\depthanythingv3-nodes\Library\bin
[comfy-env]   [2] D:\a\comfy-gpu-ci\comfy-gpu-ci\ComfyUI_windows_portable\ComfyUI\.ce\.pixi\envs\depthanythingv3-nodes\Scripts
[comfy-env]   [3] D:\a\comfy-gpu-ci\comfy-gpu-ci\ComfyUI_windows_portable\ComfyUI\.ce\.pixi\envs\depthanythingv3-nodes\Lib\site-packages\bpy
[comfy-env]   [4] C:\Windows\System32
[comfy-env]   [5] C:\Windows
[comfy-env]   [6] C:\Windows\System32\Wbem
[comfy-env] Metadata scan stderr for nodes:
[comfy-env]   [meta-scan] importing nodes from D:\a\comfy-gpu-ci\comfy-gpu-ci\ComfyUI_windows_portable\ComfyUI\custom_nodes\ComfyUI-DepthAnythingV3
[comfy-env]   D:\a\comfy-gpu-ci\comfy-gpu-ci\ComfyUI_windows_portable\ComfyUI\.ce\.pixi\envs\depthanythingv3-nodes\Lib\site-packages\torch\cuda\__init__.py:180: UserWarning: cudaGetDeviceCount() returned cudaErrorNotSupported, likely using older driver or on CPU machine (Triggered internally at C:\actions-runner\_work\pytorch\pytorch\pytorch\c10\cuda\CUDAFunctions.cpp:88.)
[comfy-env]     return torch._C._cuda_getDeviceCount() > 0
[comfy-env]   [meta-scan] import OK
[comfy-env] Scanned nodes: 15 nodes (24.8s)
[comfy-env] Scanned nodes root: 15 nodes (24.8s)
[comfy-env] Imported nodes root: 15 nodes (isolation)
[comfy-env] Registered 15 total nodes
loading...
calling register_nodes
[comfy-env] Version: 0.3.75
[comfy-env] register_nodes: ComfyUI-GeometryPack
[comfy-env] ComfyUI source dir: D:\a\comfy-gpu-ci\comfy-gpu-ci\ComfyUI_windows_portable\ComfyUI
[comfy-env] Found 3 isolation env(s)
[comfy-env] Importing nodes (root)...
[comfy-env] Imported nodes root: 0 nodes
[comfy-env] Scanning blender metadata...
[comfy-env] Scanning gpu metadata...
[comfy-env] Scanning main metadata...
[comfy-env] geometrypack-gpu: Library/bin has 235 DLLs
[comfy-env] Metadata scan: C:\Users\runneradmin\.pixi\bin\pixi.exe run --as-is --manifest-path D:\a\comfy-gpu-ci\comfy-gpu-ci\ComfyUI_windows_portable\ComfyUI\.ce\pixi.toml -e geometrypack-gpu python C:\Users\RUNNER~1\AppData\Local\Temp\comfy_meta_zpd4_ycl.py D:\a\comfy-gpu-ci\comfy-gpu-ci\ComfyUI_windows_portable\ComfyUI\custom_nodes\ComfyUI-GeometryPack nodes.gpu
[comfy-env] Scan env PATH for nodes.gpu:
[comfy-env]   [0] D:\a\comfy-gpu-ci\comfy-gpu-ci\ComfyUI_windows_portable\ComfyUI\.ce\.pixi\envs\geometrypack-gpu
[comfy-env]   [1] D:\a\comfy-gpu-ci\comfy-gpu-ci\ComfyUI_windows_portable\ComfyUI\.ce\.pixi\envs\geometrypack-gpu\Library\bin
[comfy-env]   [2] D:\a\comfy-gpu-ci\comfy-gpu-ci\ComfyUI_windows_portable\ComfyUI\.ce\.pixi\envs\geometrypack-gpu\Scripts
[comfy-env]   [3] D:\a\comfy-gpu-ci\comfy-gpu-ci\ComfyUI_windows_portable\ComfyUI\.ce\.pixi\envs\geometrypack-gpu\Lib\site-packages\bpy
[comfy-env]   [4] C:\Windows\System32
[comfy-env]   [5] C:\Windows
[comfy-env]   [6] C:\Windows\System32\Wbem
[comfy-env] geometrypack-blender: Library/bin has 234 DLLs
[comfy-env] Metadata scan: C:\Users\runneradmin\.pixi\bin\pixi.exe run --as-is --manifest-path D:\a\comfy-gpu-ci\comfy-gpu-ci\ComfyUI_windows_portable\ComfyUI\.ce\pixi.toml -e geometrypack-blender python C:\Users\RUNNER~1\AppData\Local\Temp\comfy_meta_glh48jw4.py D:\a\comfy-gpu-ci\comfy-gpu-ci\ComfyUI_windows_portable\ComfyUI\custom_nodes\ComfyUI-GeometryPack nodes.blender
[comfy-env] Scan env PATH for nodes.blender:
[comfy-env]   [0] D:\a\comfy-gpu-ci\comfy-gpu-ci\ComfyUI_windows_portable\ComfyUI\.ce\.pixi\envs\geometrypack-blender
[comfy-env]   [1] D:\a\comfy-gpu-ci\comfy-gpu-ci\ComfyUI_windows_portable\ComfyUI\.ce\.pixi\envs\geometrypack-blender\Library\bin
[comfy-env]   [2] D:\a\comfy-gpu-ci\comfy-gpu-ci\ComfyUI_windows_portable\ComfyUI\.ce\.pixi\envs\geometrypack-blender\Scripts
[comfy-env]   [3] D:\a\comfy-gpu-ci\comfy-gpu-ci\ComfyUI_windows_portable\ComfyUI\.ce\.pixi\envs\geometrypack-blender\Lib\site-packages\bpy
[comfy-env]   [4] C:\Windows\System32
[comfy-env]   [5] C:\Windows
[comfy-env]   [6] C:\Windows\System32\Wbem
[comfy-env] geometrypack-main: Library/bin has 610 DLLs
[comfy-env] Metadata scan: C:\Users\runneradmin\.pixi\bin\pixi.exe run --as-is --manifest-path D:\a\comfy-gpu-ci\comfy-gpu-ci\ComfyUI_windows_portable\ComfyUI\.ce\pixi.toml -e geometrypack-main python C:\Users\RUNNER~1\AppData\Local\Temp\comfy_meta_jkrnonrh.py D:\a\comfy-gpu-ci\comfy-gpu-ci\ComfyUI_windows_portable\ComfyUI\custom_nodes\ComfyUI-GeometryPack nodes.main
[comfy-env] Scan env PATH for nodes.main:
[comfy-env]   [0] D:\a\comfy-gpu-ci\comfy-gpu-ci\ComfyUI_windows_portable\ComfyUI\.ce\.pixi\envs\geometrypack-main
[comfy-env]   [1] D:\a\comfy-gpu-ci\comfy-gpu-ci\ComfyUI_windows_portable\ComfyUI\.ce\.pixi\envs\geometrypack-main\Library\bin
[comfy-env]   [2] D:\a\comfy-gpu-ci\comfy-gpu-ci\ComfyUI_windows_portable\ComfyUI\.ce\.pixi\envs\geometrypack-main\Scripts
[comfy-env]   [3] D:\a\comfy-gpu-ci\comfy-gpu-ci\ComfyUI_windows_portable\ComfyUI\.ce\.pixi\envs\geometrypack-main\Lib\site-packages\bpy
[comfy-env]   [4] C:\Windows\System32
[comfy-env]   [5] C:\Windows
[comfy-env]   [6] C:\Windows\System32\Wbem
[comfy-env] Metadata scan stderr for nodes.gpu:
[comfy-env]   [meta-scan] importing nodes.gpu from D:\a\comfy-gpu-ci\comfy-gpu-ci\ComfyUI_windows_portable\ComfyUI\custom_nodes\ComfyUI-GeometryPack
[comfy-env]   [meta-scan] import OK
[comfy-env] Scanned nodes.gpu: 3 nodes (16.8s)
[comfy-env] Scanned gpu: 3 nodes (16.8s)
[comfy-env] Registered 3 isolation nodes from gpu
[comfy-env] Metadata scan stderr for nodes.blender:
[comfy-env]   [meta-scan] importing nodes.blender from D:\a\comfy-gpu-ci\comfy-gpu-ci\ComfyUI_windows_portable\ComfyUI\custom_nodes\ComfyUI-GeometryPack
[comfy-env]   [meta-scan] import OK
[comfy-env] Scanned nodes.blender: 12 nodes (21.3s)
[comfy-env] Scanned blender: 12 nodes (21.4s)
[comfy-env] Registered 12 isolation nodes from blender
[comfy-env] Metadata scan stderr for nodes.main:
[comfy-env]   [meta-scan] importing nodes.main from D:\a\comfy-gpu-ci\comfy-gpu-ci\ComfyUI_windows_portable\ComfyUI\custom_nodes\ComfyUI-GeometryPack
[comfy-env]   D:\a\comfy-gpu-ci\comfy-gpu-ci\ComfyUI_windows_portable\ComfyUI\.ce\.pixi\envs\geometrypack-main\Lib\site-packages\torch\cuda\__init__.py:180: UserWarning: cudaGetDeviceCount() returned cudaErrorNotSupported, likely using older driver or on CPU machine (Triggered internally at C:\actions-runner\_work\pytorch\pytorch\pytorch\c10\cuda\CUDAFunctions.cpp:88.)
[comfy-env]     return torch._C._cuda_getDeviceCount() > 0
[comfy-env]   [meta-scan] import OK
[comfy-env] Scanned nodes.main: 110 nodes (23.8s)
[comfy-env] Scanned main: 110 nodes (23.9s)
[comfy-env] Registered 110 isolation nodes from main
[comfy-env] Registered 125 total nodes

Import times for custom nodes:
   0.0 seconds: D:\a\comfy-gpu-ci\comfy-gpu-ci\ComfyUI_windows_portable\ComfyUI\custom_nodes\websocket_image_save.py
   0.0 seconds: D:\a\comfy-gpu-ci\comfy-gpu-ci\ComfyUI_windows_portable\ComfyUI\custom_nodes\ComfyUI-validate-endpoint
   0.1 seconds: D:\a\comfy-gpu-ci\comfy-gpu-ci\ComfyUI_windows_portable\ComfyUI\custom_nodes\ComfyUI-VideoHelperSuite
   0.2 seconds: D:\a\comfy-gpu-ci\comfy-gpu-ci\ComfyUI_windows_portable\ComfyUI\custom_nodes\ComfyUI-KJNodes
  24.0 seconds: D:\a\comfy-gpu-ci\comfy-gpu-ci\ComfyUI_windows_portable\ComfyUI\custom_nodes\ComfyUI-GeometryPack
  26.5 seconds: D:\a\comfy-gpu-ci\comfy-gpu-ci\ComfyUI_windows_portable\ComfyUI\custom_nodes\ComfyUI-DepthAnythingV3

Context impl SQLiteImpl.
Will assume non-transactional DDL.
Context impl SQLiteImpl.
Will assume non-transactional DDL.
Running upgrade  -> 0001_assets, Initial assets schema
Revision ID: 0001_assets
Revises: None
Create Date: 2025-12-10 00:00:00
Running upgrade 0001_assets -> 0002_merge_to_asset_references, Merge AssetInfo and AssetCacheState into unified asset_references table.
Running upgrade 0002_merge_to_asset_references -> 0003_add_metadata_job_id, Add system_metadata and job_id columns to asset_references.
Change preview_id FK from assets.id to asset_references.id.
Database upgraded from None to 0003_add_metadata_job_id
Starting server

To see the GUI go to: http://127.0.0.1:8188
[DEPRECATION WARNING] Detected import of deprecated legacy API: /extensions/core/widgetInputs.js. This is likely caused by a custom node extension using outdated APIs. Please update your extensions or contact the extension author for an updated version.
=== /validate endpoint called ===
Received JSON with keys: ['prompt']
Prompt has 11 nodes
  Node 2: LoadImage
    Inputs: {"image": "bridge.jpg"}
  Node 3: DownloadAndLoadDepthAnythingV3Model
    Inputs: {"model": "da3_large.safetensors", "precision": "auto", "attention": "auto"}
  Node 4: PreviewImage
    Inputs: {"images": ["12", 0]}
  Node 6: PreviewImage
    Inputs: {"images": ["12", 1]}
  Node 7: PreviewImage
    Inputs: {"images": ["12", 2]}
  Node 8: PreviewImage
    Inputs: {"images": ["12", 3]}
  Node 9: PreviewAny
    Inputs: {"preview_markdown": "", "preview_text": "", "previewMode": false, "source": ["12", 6]}
  Node 10: PreviewAny
    Inputs: {"preview_markdown": "", "preview_text": "", "previewMode": false, "source": ["12", 5]}
  Node 11: MaskPreview
    Inputs: {"mask": ["12", 7]}
  Node 12: DepthAnything_V3
    Inputs: {"normalization_mode": "V2-Style", "resize_method": "resize", "invert_depth": false, "keep_model_size": false, "da3_model": ["3", 0], "images": ["2", 0]}
  Node 13: PreviewImage
    Inputs: {"images": ["12", 4]}
Generated prompt_id: 4731ad8f-fd67-448d-bea0-52cf79cdea45
Calling execution.validate_prompt()...
Validation result: valid=True
=== Validation PASSED ===
got prompt
[comfy-env] Running DownloadAndLoadDepthAnythingV3Model: model: 'da3_large.safetensors', precision: 'auto', attention: 'auto'
[comfy-env] SubprocessWorker: D:\a\comfy-gpu-ci\comfy-gpu-ci\ComfyUI_windows_portable\ComfyUI\.ce\.pixi\envs\depthanythingv3-nodes\python.exe
[comfy-env] env_vars: {'COMFYUI_BASE': 'D:\\a\\comfy-gpu-ci\\comfy-gpu-ci\\ComfyUI_windows_portable\\ComfyUI'}
[SubprocessWorker] call_method: nodes.load_model.DownloadAndLoadDepthAnythingV3Model.EXECUTE_NORMALIZED
[SubprocessWorker] acquired lock, ensuring started...
[comfy-env] depthanythingv3-nodes: Library/bin has 235 DLLs
[ComfyUI-DepthAnythingV3] python: D:\a\comfy-gpu-ci\comfy-gpu-ci\ComfyUI_windows_portable\ComfyUI\.ce\.pixi\envs\depthanythingv3-nodes\python.exe
[ComfyUI-DepthAnythingV3] sys_path sent to worker: ['D:\\a\\comfy-gpu-ci\\comfy-gpu-ci\\ComfyUI_windows_portable\\ComfyUI', 'D:\\a\\comfy-gpu-ci\\comfy-gpu-ci\\ComfyUI_windows_portable\\ComfyUI\\custom_nodes\\ComfyUI-DepthAnythingV3', 'D:\\a\\comfy-gpu-ci\\comfy-gpu-ci\\ComfyUI_windows_portable\\ComfyUI\\.ce\\.pixi\\envs\\depthanythingv3-nodes\\Lib\\site-packages', 'D:\\a\\comfy-gpu-ci\\comfy-gpu-ci\\ComfyUI_windows_portable\\ComfyUI\\custom_nodes\\ComfyUI-DepthAnythingV3']
[SubprocessWorker] is_pixi=True, python=D:\a\comfy-gpu-ci\comfy-gpu-ci\ComfyUI_windows_portable\ComfyUI\.ce\.pixi\envs\depthanythingv3-nodes\python.exe
[SubprocessWorker] launching cmd=['C:\\Users\\runneradmin\\.pixi\\bin\\pixi.exe', 'run', '--as-is', '--manifest-path', 'D:\\a\\comfy-gpu-ci\\comfy-gpu-ci\\ComfyUI_windows_portable\\ComfyUI\\.ce\\pixi.toml', '-e', 'depthanythingv3-nodes', 'python', 'C:\\Users\\RUNNER~1\\AppData\\Local\\Temp\\comfyui_pvenv_7iyi1ppo\\persistent_worker.py', 'tcp://127.0.0.1:62999']...
D:\a\comfy-gpu-ci\comfy-gpu-ci\ComfyUI_windows_portable\ComfyUI\.ce\.pixi\envs\depthanythingv3-nodes\Lib\site-packages\torch\cuda\__init__.py:180: UserWarning: cudaGetDeviceCount() returned cudaErrorNotSupported, likely using older driver or on CPU machine (Triggered internally at C:\actions-runner\_work\pytorch\pytorch\pytorch\c10\cuda\CUDAFunctions.cpp:88.)
  return torch._C._cuda_getDeviceCount() > 0
[SubprocessWorker] worker started/confirmed
[SubprocessWorker] serializing kwargs to shm...
[SubprocessWorker] created 0 shm blocks
[SubprocessWorker] sending request via socket...
[SubprocessWorker] call_id=1 sending call_method
[SubprocessWorker] got response: ok
[comfy-env] DownloadAndLoadDepthAnythingV3Model done (12.36s): result: NodeOutput
[comfy-env] Running DepthAnything_V3: normalization_mode: 'V2-Style', resize_method: 'resize', invert_depth: False, keep_model_size: False, da3_model: dict, images: torch.float32 [1,683,1024,3] cpu
[SubprocessWorker] call_method: nodes.nodes_inference.DepthAnything_V3.EXECUTE_NORMALIZED
[SubprocessWorker] acquired lock, ensuring started...
[ComfyUI-DepthAnythingV3] Health check: ping (timeout=5.0s)...
[ComfyUI-DepthAnythingV3] Health check: ok
[SubprocessWorker] worker started/confirmed
[comfy-env] PRE-SERIALIZE 'images' shape: torch.Size([1, 683, 1024, 3])
[SubprocessWorker] serializing kwargs to shm...
[SubprocessWorker] created 0 shm blocks
[SubprocessWorker] sending request via socket...
[SubprocessWorker] call_id=2 sending call_method
[worker:ComfyUI-DepthAnythingV3] [comfy-env] _from_shm got dict with keys: ['__type__', 'strategy', 'manager_path', 'storage_key', 'storage_size']
[worker:ComfyUI-DepthAnythingV3] [comfy-env] DESERIALIZE TensorRef: tensor_size=[1, 683, 1024, 3]
[worker:ComfyUI-DepthAnythingV3] [comfy-env] DESERIALIZED tensor shape: torch.Size([1, 683, 1024, 3])
[SubprocessWorker] callback 'request_vram_budget' from call_id=2
[comfy-env] VRAM request: 1.64GB, free before eviction: 10.20GB
[comfy-env] VRAM after eviction: 10.20GB
[worker:ComfyUI-DepthAnythingV3] WARNING: WARNING: This model does not support sky segmentation. V2-Style normalization will work but without sky masking. Use Mono/Metric/Nested models for best V2-Style results.
[worker:ComfyUI-DepthAnythingV3] 
=== WATCHDOG TICK 1 ===
[worker:ComfyUI-DepthAnythingV3] Thread 0x00001a64 (most recent call first):
  File "D:\a\comfy-gpu-ci\comfy-gpu-ci\ComfyUI_windows_portable\ComfyUI\.ce\.pixi\envs\depthanythingv3-nodes\Lib\threading.py", line 363 in wait
  File "D:\a\comfy-gpu-ci\comfy-gpu-ci\ComfyUI_windows_portable\ComfyUI\.ce\.pixi\envs\depthanythingv3-nodes\Lib\threading.py", line 660 in wait
  File "D:\a\comfy-gpu-ci\comfy-gpu-ci\ComfyUI_windows_portable\ComfyUI\.ce\.pixi\envs\depthanythingv3-nodes\Lib\site-packages\tqdm\_monitor.py", line 60 in run
  File "D:\a\comfy-gpu-ci\comfy-gpu-ci\ComfyUI_windows_portable\ComfyUI\.ce\.pixi\envs\depthanythingv3-nodes\Lib\threading.py", line 1044 in _bootstrap_inner
  File "D:\a\comfy-gpu-ci\comfy-gpu-ci\ComfyUI_windows_portable\ComfyUI\.ce\.pixi\envs\depthanythingv3-nodes\Lib\threading.py", line 1015 in _bootstrap

Current thread 0x000022f4 (most recent call first):
  File "C:\Users\RUNNER~1\AppData\Local\Temp\comfyui_pvenv_7iyi1ppo\persistent_worker.py", line 52 in _watchdog
  File "D:\a\comfy-gpu-ci\comfy-gpu-ci\ComfyUI_windows_portable\ComfyUI\.ce\.pixi\envs\depthanythingv3-nodes\Lib\threading.py", line 995 in run
  File "D:\a\comfy-gpu-ci\comfy-gpu-ci\ComfyUI_windows_portable\ComfyUI\.ce\.pixi\envs\depthanythingv3-nodes\Lib\threading.py", line 1044 in _bootstrap_inner
  File "D:\a\comfy-gpu-ci\comfy-gpu-ci\ComfyUI_windows_portable\ComfyUI\.ce\.pixi\envs\depthanythingv3-nodes\Lib\threading.py", line 1015 in _bootstrap

Thread 0x00001134 (most recent call first):
  File "D:\a\comfy-gpu-ci\comfy-gpu-ci\ComfyUI_windows_portable\ComfyUI\comfy\ldm\modules\sub_quadratic_attention.py", line 170 in _get_attention_scores_no_kv_chunking
  File "D:\a\comfy-gpu-ci\comfy-gpu-ci\ComfyUI_windows_portable\ComfyUI\comfy\ldm\modules\sub_quadratic_attention.py", line 259 in efficient_dot_product_attention
  File "D:\a\comfy-gpu-ci\comfy-gpu-ci\ComfyUI_windows_portable\ComfyUI\comfy\ldm\modules\attention.py", line 264 in attention_sub_quad
  File "D:\a\comfy-gpu-ci\comfy-gpu-ci\ComfyUI_windows_portable\ComfyUI\comfy\ldm\modules\attention.py", line 137 in wrapper
  File "D:\a\comfy-gpu-ci\comfy-gpu-ci\ComfyUI_windows_portable\ComfyUI\custom_nodes\ComfyUI-DepthAnythingV3\nodes\depth_anything_v3\model.py", line 453 in forward
  File "D:\a\comfy-gpu-ci\comfy-gpu-ci\ComfyUI_windows_portable\ComfyUI\.ce\.pixi\envs\depthanythingv3-nodes\Lib\site-packages\torch\nn\modules\module.py", line 1790 in _call_impl
  File "D:\a\comfy-gpu-ci\comfy-gpu-ci\ComfyUI_windows_portable\ComfyUI\.ce\.pixi\envs\depthanythingv3-nodes\Lib\site-packages\torch\nn\modules\module.py", line 1779 in _wrapped_call_impl
  File "D:\a\comfy-gpu-ci\comfy-gpu-ci\ComfyUI_windows_portable\ComfyUI\custom_nodes\ComfyUI-DepthAnythingV3\nodes\depth_anything_v3\model.py", line 516 in attn_residual_func
  File "D:\a\comfy-gpu-ci\comfy-gpu-ci\ComfyUI_windows_portable\ComfyUI\custom_nodes\ComfyUI-DepthAnythingV3\nodes\depth_anything_v3\model.py", line 521 in forward
  File "D:\a\comfy-gpu-ci\comfy-gpu-ci\ComfyUI_windows_portable\ComfyUI\.ce\.pixi\envs\depthanythingv3-nodes\Lib\site-packages\torch\nn\modules\module.py", line 1790 in _call_impl
  File "D:\a\comfy-gpu-ci\comfy-gpu-ci\ComfyUI_windows_portable\ComfyUI\.ce\.pixi\envs\depthanythingv3-nodes\Lib\site-packages\torch\nn\modules\module.py", line 1779 in _wrapped_call_impl
  File "D:\a\comfy-gpu-ci\comfy-gpu-ci\ComfyUI_windows_portable\ComfyUI\custom_nodes\ComfyUI-DepthAnythingV3\nodes\depth_anything_v3\model.py", line 791 in process_attention
  File "D:\a\comfy-gpu-ci\comfy-gpu-ci\ComfyUI_windows_portable\ComfyUI\custom_nodes\ComfyUI-DepthAnythingV3\nodes\depth_anything_v3\model.py", line 750 in _get_intermediate_layers_not_chunked
  File "D:\a\comfy-gpu-ci\comfy-gpu-ci\ComfyUI_windows_portable\ComfyUI\custom_nodes\ComfyUI-DepthAnythingV3\nodes\depth_anything_v3\model.py", line 800 in get_intermediate_layers
  File "D:\a\comfy-gpu-ci\comfy-gpu-ci\ComfyUI_windows_portable\ComfyUI\custom_nodes\ComfyUI-DepthAnythingV3\nodes\depth_anything_v3\model.py", line 891 in forward
  File "D:\a\comfy-gpu-ci\comfy-gpu-ci\ComfyUI_windows_portable\ComfyUI\.ce\.pixi\envs\depthanythingv3-nodes\Lib\site-packages\torch\nn\modules\module.py", line 1790 in _call_impl
  File "D:\a\comfy-gpu-ci\comfy-gpu-ci\ComfyUI_windows_portable\ComfyUI\.ce\.pixi\envs\depthanythingv3-nodes\Lib\site-packages\torch\nn\modules\module.py", line 1779 in _wrapped_call_impl
  File "D:\a\comfy-gpu-ci\comfy-gpu-ci\ComfyUI_windows_portable\ComfyUI\custom_nodes\ComfyUI-DepthAnythingV3\nodes\depth_anything_v3\model.py", line 1560 in forward
  File "D:\a\comfy-gpu-ci\comfy-gpu-ci\ComfyUI_windows_portable\ComfyUI\.ce\.pixi\envs\depthanythingv3-nodes\Lib\site-packages\torch\nn\modules\module.py", line 1790 in _call_impl
  File "D:\a\comfy-gpu-ci\comfy-gpu-ci\ComfyUI_windows_portable\ComfyUI\.ce\.pixi\envs\depthanythingv3-nodes\Lib\site-packages\torch\nn\modules\module.py", line 1779 in _wrapped_call_impl
  File "D:\a\comfy-gpu-ci\comfy-gpu-ci\ComfyUI_windows_portable\ComfyUI\custom_nodes\ComfyUI-DepthAnythingV3\nodes\nodes_inference.py", line 156 in execute
  File "D:\a\comfy-gpu-ci\comfy-gpu-ci\ComfyUI_windows_portable\ComfyUI\comfy_api\latest\_io.py", line 1826 in EXECUTE_NORMALIZED
  File "C:\Users\RUNNER~1\AppData\Local\Temp\comfyui_pvenv_7iyi1ppo\persistent_worker.py", line 1762 in main
  File "C:\Users\RUNNER~1\AppData\Local\Temp\comfyui_pvenv_7iyi1ppo\persistent_worker.py", line 1807 in <module>

[worker:ComfyUI-DepthAnythingV3] === END ===

[SubprocessWorker] callback 'report_progress' from call_id=2
[SubprocessWorker] got response: ok
[comfy-env] DepthAnything_V3 done (78.94s): result: NodeOutput
Prompt executed in 91.61 seconds
=== /validate endpoint called ===
Received JSON with keys: ['prompt']
Prompt has 6 nodes
  Node 2: LoadImage
    Inputs: {"image": "kaffi.jpg"}
  Node 3: DownloadAndLoadDepthAnythingV3Model
    Inputs: {"model": "da3_large.safetensors", "precision": "auto", "attention": "auto"}
  Node 21: DepthAnything_V3
    Inputs: {"normalization_mode": "Raw", "resize_method": "resize", "invert_depth": false, "keep_model_size": false, "da3_model": ["3", 0], "images": ["2", 0]}
  Node 22: DA3_ToPointCloud
    Inputs: {"confidence_threshold": 0.2, "downsample": 1, "allow_around_1": 1, "filter_outliers": false, "outlier_percentage": 5, "depth_raw": ["21", 0], "confidence": ["21", 1], "intrinsics": ["21", 6], "sky_ma
  Node 23: DA3_SavePointCloud
    Inputs: {"filename_prefix": "pointcloud", "pointcloud": ["22", 0]}
  Node 25: DA3_PreviewPointCloud
    Inputs: {"file_path": ["23", 0], "color_mode": "RGB", "preview_vtk": ""}
Generated prompt_id: ed6d3c76-d1c0-4c8e-a836-4a7e6b5092bf
Calling execution.validate_prompt()...
Validation result: valid=True
=== Validation PASSED ===
got prompt
[comfy-env] Running DownloadAndLoadDepthAnythingV3Model: model: 'da3_large.safetensors', precision: 'auto', attention: 'auto'
[SubprocessWorker] call_method: nodes.load_model.DownloadAndLoadDepthAnythingV3Model.EXECUTE_NORMALIZED
[SubprocessWorker] acquired lock, ensuring started...
[ComfyUI-DepthAnythingV3] Health check: ping (timeout=5.0s)...
[ComfyUI-DepthAnythingV3] Health check: ok
[SubprocessWorker] worker started/confirmed
[SubprocessWorker] serializing kwargs to shm...
[SubprocessWorker] created 0 shm blocks
[SubprocessWorker] sending request via socket...
[SubprocessWorker] call_id=3 sending call_method
[SubprocessWorker] got response: ok
[comfy-env] DownloadAndLoadDepthAnythingV3Model done (0.15s): result: NodeOutput
[comfy-env] Running DepthAnything_V3: normalization_mode: 'Raw', resize_method: 'resize', invert_depth: False, keep_model_size: False, da3_model: dict, images: torch.float32 [1,533,800,3] cpu
[SubprocessWorker] call_method: nodes.nodes_inference.DepthAnything_V3.EXECUTE_NORMALIZED
[SubprocessWorker] acquired lock, ensuring started...
[ComfyUI-DepthAnythingV3] Health check: ping (timeout=5.0s)...
[ComfyUI-DepthAnythingV3] Health check: ok
[SubprocessWorker] worker started/confirmed
[comfy-env] PRE-SERIALIZE 'images' shape: torch.Size([1, 533, 800, 3])
[SubprocessWorker] serializing kwargs to shm...
[SubprocessWorker] created 0 shm blocks
[SubprocessWorker] sending request via socket...
[SubprocessWorker] call_id=4 sending call_method
[worker:ComfyUI-DepthAnythingV3] [comfy-env] _from_shm got dict with keys: ['__type__', 'strategy', 'manager_path', 'storage_key', 'storage_size']
[worker:ComfyUI-DepthAnythingV3] [comfy-env] DESERIALIZE TensorRef: tensor_size=[1, 533, 800, 3]
[worker:ComfyUI-DepthAnythingV3] [comfy-env] DESERIALIZED tensor shape: torch.Size([1, 533, 800, 3])
[SubprocessWorker] callback 'request_vram_budget' from call_id=4
[comfy-env] VRAM request: 1.64GB, free before eviction: 9.53GB
[comfy-env] VRAM after eviction: 9.53GB
[worker:ComfyUI-DepthAnythingV3] 
=== WATCHDOG TICK 2 ===
[worker:ComfyUI-DepthAnythingV3] Thread 0x00001a64 (most recent call first):
  File "D:\a\comfy-gpu-ci\comfy-gpu-ci\ComfyUI_windows_portable\ComfyUI\.ce\.pixi\envs\depthanythingv3-nodes\Lib\threading.py", line 363 in wait
  File "D:\a\comfy-gpu-ci\comfy-gpu-ci\ComfyUI_windows_portable\ComfyUI\.ce\.pixi\envs\depthanythingv3-nodes\Lib\threading.py", line 660 in wait
  File "D:\a\comfy-gpu-ci\comfy-gpu-ci\ComfyUI_windows_portable\ComfyUI\.ce\.pixi\envs\depthanythingv3-nodes\Lib\site-packages\tqdm\_monitor.py", line 60 in run
  File "D:\a\comfy-gpu-ci\comfy-gpu-ci\ComfyUI_windows_portable\ComfyUI\.ce\.pixi\envs\depthanythingv3-nodes\Lib\threading.py", line 1044 in _bootstrap_inner
  File "D:\a\comfy-gpu-ci\comfy-gpu-ci\ComfyUI_windows_portable\ComfyUI\.ce\.pixi\envs\depthanythingv3-nodes\Lib\threading.py", line 1015 in _bootstrap

Current thread 0x000022f4 (most recent call first):
  File "C:\Users\RUNNER~1\AppData\Local\Temp\comfyui_pvenv_7iyi1ppo\persistent_worker.py", line 52 in _watchdog
  File "D:\a\comfy-gpu-ci\comfy-gpu-ci\ComfyUI_windows_portable\ComfyUI\.ce\.pixi\envs\depthanythingv3-nodes\Lib\threading.py", line 995 in run
  File "D:\a\comfy-gpu-ci\comfy-gpu-ci\ComfyUI_windows_portable\ComfyUI\.ce\.pixi\envs\depthanythingv3-nodes\Lib\threading.py", line 1044 in _bootstrap_inner
  File "D:\a\comfy-gpu-ci\comfy-gpu-ci\ComfyUI_windows_portable\ComfyUI\.ce\.pixi\envs\depthanythingv3-nodes\Lib\threading.py", line 1015 in _bootstrap

Thread 0x00001134 (most recent call first):
  File "D:\a\comfy-gpu-ci\comfy-gpu-ci\ComfyUI_windows_portable\ComfyUI\.ce\.pixi\envs\depthanythingv3-nodes\Lib\site-packages\torch\nn\modules\conv.py", line 548 in _conv_forward
  File "D:\a\comfy-gpu-ci\comfy-gpu-ci\ComfyUI_windows_portable\ComfyUI\comfy\ops.py", line 419 in forward_comfy_cast_weights
  File "D:\a\comfy-gpu-ci\comfy-gpu-ci\ComfyUI_windows_portable\ComfyUI\comfy\ops.py", line 426 in forward
  File "D:\a\comfy-gpu-ci\comfy-gpu-ci\ComfyUI_windows_portable\ComfyUI\.ce\.pixi\envs\depthanythingv3-nodes\Lib\site-packages\torch\nn\modules\module.py", line 1790 in _call_impl
  File "D:\a\comfy-gpu-ci\comfy-gpu-ci\ComfyUI_windows_portable\ComfyUI\.ce\.pixi\envs\depthanythingv3-nodes\Lib\site-packages\torch\nn\modules\module.py", line 1779 in _wrapped_call_impl
  File "D:\a\comfy-gpu-ci\comfy-gpu-ci\ComfyUI_windows_portable\ComfyUI\custom_nodes\ComfyUI-DepthAnythingV3\nodes\depth_anything_v3\model.py", line 973 in forward
  File "D:\a\comfy-gpu-ci\comfy-gpu-ci\ComfyUI_windows_portable\ComfyUI\.ce\.pixi\envs\depthanythingv3-nodes\Lib\site-packages\torch\nn\modules\module.py", line 1790 in _call_impl
  File "D:\a\comfy-gpu-ci\comfy-gpu-ci\ComfyUI_windows_portable\ComfyUI\.ce\.pixi\envs\depthanythingv3-nodes\Lib\site-packages\torch\nn\modules\module.py", line 1779 in _wrapped_call_impl
  File "D:\a\comfy-gpu-ci\comfy-gpu-ci\ComfyUI_windows_portable\ComfyUI\custom_nodes\ComfyUI-DepthAnythingV3\nodes\depth_anything_v3\model.py", line 1466 in _fuse
  File "D:\a\comfy-gpu-ci\comfy-gpu-ci\ComfyUI_windows_portable\ComfyUI\custom_nodes\ComfyUI-DepthAnythingV3\nodes\depth_anything_v3\model.py", line 1405 in _forward_impl
  File "D:\a\comfy-gpu-ci\comfy-gpu-ci\ComfyUI_windows_portable\ComfyUI\custom_nodes\ComfyUI-DepthAnythingV3\nodes\depth_anything_v3\model.py", line 1366 in forward
  File "D:\a\comfy-gpu-ci\comfy-gpu-ci\ComfyUI_windows_portable\ComfyUI\.ce\.pixi\envs\depthanythingv3-nodes\Lib\site-packages\torch\nn\modules\module.py", line 1790 in _call_impl
  File "D:\a\comfy-gpu-ci\comfy-gpu-ci\ComfyUI_windows_portable\ComfyUI\.ce\.pixi\envs\depthanythingv3-nodes\Lib\site-packages\torch\nn\modules\module.py", line 1779 in _wrapped_call_impl
  File "D:\a\comfy-gpu-ci\comfy-gpu-ci\ComfyUI_windows_portable\ComfyUI\custom_nodes\ComfyUI-DepthAnythingV3\nodes\depth_anything_v3\model.py", line 1591 in _process_depth_head
  File "D:\a\comfy-gpu-ci\comfy-gpu-ci\ComfyUI_windows_portable\ComfyUI\custom_nodes\ComfyUI-DepthAnythingV3\nodes\depth_anything_v3\model.py", line 1577 in forward
  File "D:\a\comfy-gpu-ci\comfy-gpu-ci\ComfyUI_windows_portable\ComfyUI\.ce\.pixi\envs\depthanythingv3-nodes\Lib\site-packages\torch\nn\modules\module.py", line 1790 in _call_impl
  File "D:\a\comfy-gpu-ci\comfy-gpu-ci\ComfyUI_windows_portable\ComfyUI\.ce\.pixi\envs\depthanythingv3-nodes\Lib\site-packages\torch\nn\modules\module.py", line 1779 in _wrapped_call_impl
  File "D:\a\comfy-gpu-ci\comfy-gpu-ci\ComfyUI_windows_portable\ComfyUI\custom_nodes\ComfyUI-DepthAnythingV3\nodes\nodes_inference.py", line 156 in execute
  File "D:\a\comfy-gpu-ci\comfy-gpu-ci\ComfyUI_windows_portable\ComfyUI\comfy_api\latest\_io.py", line 1826 in EXECUTE_NORMALIZED
  File "C:\Users\RUNNER~1\AppData\Local\Temp\comfyui_pvenv_7iyi1ppo\persistent_worker.py", line 1762 in main
  File "C:\Users\RUNNER~1\AppData\Local\Temp\comfyui_pvenv_7iyi1ppo\persistent_worker.py", line 1807 in <module>

[worker:ComfyUI-DepthAnythingV3] === END ===

[SubprocessWorker] callback 'report_progress' from call_id=4
[SubprocessWorker] got response: ok
[comfy-env] DepthAnything_V3 done (37.07s): result: NodeOutput
[comfy-env] Running DA3_ToPointCloud: confidence_threshold: 0.2, downsample: 1, allow_around_1: True, filter_outliers: False, outlier_percentage: 5.0, depth_raw: torch.float32 [1,532,800,3] cpu, confidence: torch.float32 [1,532,800,3] cpu, intrinsics: '{\n  "intrinsics": [\n    {\n      "image_0": [\n       ..., sky_mask: torch.float32 [1,532,800] cpu, source_image: torch.float32 [1,532,800,3] cpu
[SubprocessWorker] call_method: nodes.nodes_3d.DA3_ToPointCloud.EXECUTE_NORMALIZED
[SubprocessWorker] acquired lock, ensuring started...
[ComfyUI-DepthAnythingV3] Health check: ping (timeout=5.0s)...
[ComfyUI-DepthAnythingV3] Health check: ok
[SubprocessWorker] worker started/confirmed
[comfy-env] PRE-SERIALIZE 'depth_raw' shape: torch.Size([1, 532, 800, 3])
[comfy-env] PRE-SERIALIZE 'confidence' shape: torch.Size([1, 532, 800, 3])
[comfy-env] PRE-SERIALIZE 'sky_mask' shape: torch.Size([1, 532, 800])
[comfy-env] PRE-SERIALIZE 'source_image' shape: torch.Size([1, 532, 800, 3])
[SubprocessWorker] serializing kwargs to shm...
[SubprocessWorker] created 0 shm blocks
[SubprocessWorker] sending request via socket...
[SubprocessWorker] call_id=5 sending call_method
[worker:ComfyUI-DepthAnythingV3] [comfy-env] _from_shm got dict with keys: ['__type__', 'strategy', 'manager_path', 'storage_key', 'storage_size']
[worker:ComfyUI-DepthAnythingV3] [comfy-env] DESERIALIZE TensorRef: tensor_size=[1, 532, 800, 3]
[worker:ComfyUI-DepthAnythingV3] [comfy-env] DESERIALIZED tensor shape: torch.Size([1, 532, 800, 3])
[worker:ComfyUI-DepthAnythingV3] [comfy-env] _from_shm got dict with keys: ['__type__', 'strategy', 'manager_path', 'storage_key', 'storage_size']
[worker:ComfyUI-DepthAnythingV3] [comfy-env] DESERIALIZE TensorRef: tensor_size=[1, 532, 800, 3]
[worker:ComfyUI-DepthAnythingV3] [comfy-env] DESERIALIZED tensor shape: torch.Size([1, 532, 800, 3])
[worker:ComfyUI-DepthAnythingV3] [comfy-env] _from_shm got dict with keys: ['__type__', 'strategy', 'manager_path', 'storage_key', 'storage_size']
[worker:ComfyUI-DepthAnythingV3] [comfy-env] DESERIALIZE TensorRef: tensor_size=[1, 532, 800]
[worker:ComfyUI-DepthAnythingV3] [comfy-env] DESERIALIZED tensor shape: torch.Size([1, 532, 800])
[worker:ComfyUI-DepthAnythingV3] [comfy-env] _from_shm got dict with keys: ['__type__', 'strategy', 'manager_path', 'storage_key', 'storage_size']
[worker:ComfyUI-DepthAnythingV3] [comfy-env] DESERIALIZE TensorRef: tensor_size=[1, 532, 800, 3]
[worker:ComfyUI-DepthAnythingV3] [comfy-env] DESERIALIZED tensor shape: torch.Size([1, 532, 800, 3])
[SubprocessWorker] got response: ok
[comfy-env] DA3_ToPointCloud done (0.36s): result: NodeOutput
[comfy-env] Running DA3_SavePointCloud: filename_prefix: 'pointcloud', pointcloud: list[1]
[SubprocessWorker] call_method: nodes.nodes_3d.DA3_SavePointCloud.EXECUTE_NORMALIZED
[SubprocessWorker] acquired lock, ensuring started...
[ComfyUI-DepthAnythingV3] Health check: ping (timeout=5.0s)...
[ComfyUI-DepthAnythingV3] Health check: ok
[SubprocessWorker] worker started/confirmed
[SubprocessWorker] serializing kwargs to shm...
[SubprocessWorker] created 0 shm blocks
[SubprocessWorker] sending request via socket...
[SubprocessWorker] call_id=6 sending call_method
[worker:ComfyUI-DepthAnythingV3] [comfy-env] _from_shm got dict with keys: ['__type__', 'strategy', 'manager_path', 'storage_key', 'storage_size']
[worker:ComfyUI-DepthAnythingV3] [comfy-env] DESERIALIZE TensorRef: tensor_size=[311822, 3]
[worker:ComfyUI-DepthAnythingV3] [comfy-env] DESERIALIZED tensor shape: torch.Size([311822, 3])
[worker:ComfyUI-DepthAnythingV3] [comfy-env] _from_shm got dict with keys: ['__type__', 'strategy', 'manager_path', 'storage_key', 'storage_size']
[worker:ComfyUI-DepthAnythingV3] [comfy-env] DESERIALIZE TensorRef: tensor_size=[311822]
[worker:ComfyUI-DepthAnythingV3] [comfy-env] DESERIALIZED tensor shape: torch.Size([311822])
[worker:ComfyUI-DepthAnythingV3] [comfy-env] _from_shm got dict with keys: ['__type__', 'strategy', 'manager_path', 'storage_key', 'storage_size']
[worker:ComfyUI-DepthAnythingV3] [comfy-env] DESERIALIZE TensorRef: tensor_size=[311822, 3]
[worker:ComfyUI-DepthAnythingV3] [comfy-env] DESERIALIZED tensor shape: torch.Size([311822, 3])
[SubprocessWorker] got response: ok
[comfy-env] DA3_SavePointCloud done (5.05s): result: NodeOutput
[comfy-env] Running DA3_PreviewPointCloud: file_path: 'D:\\a\\comfy-gpu-ci\\comfy-gpu-ci\\ComfyUI_windows_porta..., color_mode: 'RGB'
[SubprocessWorker] call_method: nodes.preview_nodes.DA3_PreviewPointCloud.EXECUTE_NORMALIZED
[SubprocessWorker] acquired lock, ensuring started...
[ComfyUI-DepthAnythingV3] Health check: ping (timeout=5.0s)...
[ComfyUI-DepthAnythingV3] Health check: ok
[SubprocessWorker] worker started/confirmed
[SubprocessWorker] serializing kwargs to shm...
[SubprocessWorker] created 0 shm blocks
[SubprocessWorker] sending request via socket...
[SubprocessWorker] call_id=7 sending call_method
[SubprocessWorker] got response: ok
[comfy-env] DA3_PreviewPointCloud done (0.11s): result: NodeOutput
Prompt executed in 42.78 seconds
=== /validate endpoint called ===
Received JSON with keys: ['prompt']
Prompt has 8 nodes
  Node 3: DownloadAndLoadDepthAnythingV3Model
    Inputs: {"model": "da3_large.safetensors", "precision": "auto", "attention": "auto"}
  Node 21: LoadImageDataSetFromFolder
    Inputs: {"folder": "SOH"}
  Node 27: PreviewImage
    Inputs: {"images": ["21", 0]}
  Node 38: DA3_MultiViewPointCloud
    Inputs: {"extrinsics": ["39", 4], "intrinsics": ["39", 5], "confidence_threshold": 0.3, "downsample": 4, "use_icp": false, "allow_around_1": false, "filter_outliers": true, "outlier_percentage": 5, "depths": 
  Node 39: DepthAnythingV3_MultiView
    Inputs: {"normalization_mode": "Raw", "resize_method": "resize", "invert_depth": false, "keep_model_size": false, "da3_model": ["3", 0], "images": ["21", 0]}
  Node 44: DA3_SavePointCloud
    Inputs: {"filename_prefix": "pointcloud", "pointcloud": ["38", 0]}
  Node 45: PreviewAny
    Inputs: {"preview_markdown": "", "preview_text": "", "previewMode": null, "source": ["44", 0]}
  Node 48: DA3_PreviewPointCloud
    Inputs: {"file_path": ["44", 0], "color_mode": "RGB", "preview_vtk": ""}
Generated prompt_id: 49762246-3f58-4a00-b7e7-2175e780b41d
Calling execution.validate_prompt()...
Validation result: valid=True
=== Validation PASSED ===
got prompt
[comfy-env] Running DownloadAndLoadDepthAnythingV3Model: model: 'da3_large.safetensors', precision: 'auto', attention: 'auto'
[SubprocessWorker] call_method: nodes.load_model.DownloadAndLoadDepthAnythingV3Model.EXECUTE_NORMALIZED
[SubprocessWorker] acquired lock, ensuring started...
[ComfyUI-DepthAnythingV3] Health check: ping (timeout=5.0s)...
[ComfyUI-DepthAnythingV3] Health check: ok
[SubprocessWorker] worker started/confirmed
[SubprocessWorker] serializing kwargs to shm...
[SubprocessWorker] created 0 shm blocks
[SubprocessWorker] sending request via socket...
[SubprocessWorker] call_id=8 sending call_method
[SubprocessWorker] got response: ok
[comfy-env] DownloadAndLoadDepthAnythingV3Model done (0.12s): result: NodeOutput
[comfy-env] Running DepthAnythingV3_MultiView: normalization_mode: 'Raw', resize_method: 'resize', invert_depth: False, keep_model_size: False, da3_model: dict, images: torch.float32 [1,680,1208,3] cpu
[SubprocessWorker] call_method: nodes.nodes_multiview.DepthAnythingV3_MultiView.EXECUTE_NORMALIZED
[SubprocessWorker] acquired lock, ensuring started...
[ComfyUI-DepthAnythingV3] Health check: ping (timeout=5.0s)...
[ComfyUI-DepthAnythingV3] Health check: ok
[SubprocessWorker] worker started/confirmed
[comfy-env] PRE-SERIALIZE 'images' shape: torch.Size([1, 680, 1208, 3])
[SubprocessWorker] serializing kwargs to shm...
[SubprocessWorker] created 0 shm blocks
[SubprocessWorker] sending request via socket...
[SubprocessWorker] call_id=9 sending call_method
[worker:ComfyUI-DepthAnythingV3] [comfy-env] _from_shm got dict with keys: ['__type__', 'strategy', 'manager_path', 'storage_key', 'storage_size']
[worker:ComfyUI-DepthAnythingV3] [comfy-env] DESERIALIZE TensorRef: tensor_size=[1, 680, 1208, 3]
[worker:ComfyUI-DepthAnythingV3] [comfy-env] DESERIALIZED tensor shape: torch.Size([1, 680, 1208, 3])
[SubprocessWorker] callback 'request_vram_budget' from call_id=9
[comfy-env] VRAM request: 1.64GB, free before eviction: 9.65GB
[comfy-env] VRAM after eviction: 9.64GB
[worker:ComfyUI-DepthAnythingV3] 
=== WATCHDOG TICK 3 ===
[worker:ComfyUI-DepthAnythingV3] Thread 0x00001a64 (most recent call first):
  File "D:\a\comfy-gpu-ci\comfy-gpu-ci\ComfyUI_windows_portable\ComfyUI\.ce\.pixi\envs\depthanythingv3-nodes\Lib\threading.py", line 363 in wait
  File "D:\a\comfy-gpu-ci\comfy-gpu-ci\ComfyUI_windows_portable\ComfyUI\.ce\.pixi\envs\depthanythingv3-nodes\Lib\threading.py", line 660 in wait
  File "D:\a\comfy-gpu-ci\comfy-gpu-ci\ComfyUI_windows_portable\ComfyUI\.ce\.pixi\envs\depthanythingv3-nodes\Lib\site-packages\tqdm\_monitor.py", line 60 in run
  File "D:\a\comfy-gpu-ci\comfy-gpu-ci\ComfyUI_windows_portable\ComfyUI\.ce\.pixi\envs\depthanythingv3-nodes\Lib\threading.py", line 1044 in _bootstrap_inner
  File "D:\a\comfy-gpu-ci\comfy-gpu-ci\ComfyUI_windows_portable\ComfyUI\.ce\.pixi\envs\depthanythingv3-nodes\Lib\threading.py", line 1015 in _bootstrap

Current thread 0x000022f4 (most recent call first):
  File "C:\Users\RUNNER~1\AppData\Local\Temp\comfyui_pvenv_7iyi1ppo\persistent_worker.py", line 52 in _watchdog
  File "D:\a\comfy-gpu-ci\comfy-gpu-ci\ComfyUI_windows_portable\ComfyUI\.ce\.pixi\envs\depthanythingv3-nodes\Lib\threading.py", line 995 in run
  File "D:\a\comfy-gpu-ci\comfy-gpu-ci\ComfyUI_windows_portable\ComfyUI\.ce\.pixi\envs\depthanythingv3-nodes\Lib\threading.py", line 1044 in _bootstrap_inner
  File "D:\a\comfy-gpu-ci\comfy-gpu-ci\ComfyUI_windows_portable\ComfyUI\.ce\.pixi\envs\depthanythingv3-nodes\Lib\threading.py", line 1015 in _bootstrap

Thread 0x00001134 (most recent call first):
  File "D:\a\comfy-gpu-ci\comfy-gpu-ci\ComfyUI_windows_portable\ComfyUI\comfy\ops.py", line 385 in forward_comfy_cast_weights
  File "D:\a\comfy-gpu-ci\comfy-gpu-ci\ComfyUI_windows_portable\ComfyUI\comfy\ops.py", line 392 in forward
  File "D:\a\comfy-gpu-ci\comfy-gpu-ci\ComfyUI_windows_portable\ComfyUI\.ce\.pixi\envs\depthanythingv3-nodes\Lib\site-packages\torch\nn\modules\module.py", line 1790 in _call_impl
  File "D:\a\comfy-gpu-ci\comfy-gpu-ci\ComfyUI_windows_portable\ComfyUI\.ce\.pixi\envs\depthanythingv3-nodes\Lib\site-packages\torch\nn\modules\module.py", line 1779 in _wrapped_call_impl
  File "D:\a\comfy-gpu-ci\comfy-gpu-ci\ComfyUI_windows_portable\ComfyUI\custom_nodes\ComfyUI-DepthAnythingV3\nodes\depth_anything_v3\model.py", line 455 in forward
  File "D:\a\comfy-gpu-ci\comfy-gpu-ci\ComfyUI_windows_portable\ComfyUI\.ce\.pixi\envs\depthanythingv3-nodes\Lib\site-packages\torch\nn\modules\module.py", line 1790 in _call_impl
  File "D:\a\comfy-gpu-ci\comfy-gpu-ci\ComfyUI_windows_portable\ComfyUI\.ce\.pixi\envs\depthanythingv3-nodes\Lib\site-packages\torch\nn\modules\module.py", line 1779 in _wrapped_call_impl
  File "D:\a\comfy-gpu-ci\comfy-gpu-ci\ComfyUI_windows_portable\ComfyUI\custom_nodes\ComfyUI-DepthAnythingV3\nodes\depth_anything_v3\model.py", line 516 in attn_residual_func
  File "D:\a\comfy-gpu-ci\comfy-gpu-ci\ComfyUI_windows_portable\ComfyUI\custom_nodes\ComfyUI-DepthAnythingV3\nodes\depth_anything_v3\model.py", line 521 in forward
  File "D:\a\comfy-gpu-ci\comfy-gpu-ci\ComfyUI_windows_portable\ComfyUI\.ce\.pixi\envs\depthanythingv3-nodes\Lib\site-packages\torch\nn\modules\module.py", line 1790 in _call_impl
  File "D:\a\comfy-gpu-ci\comfy-gpu-ci\ComfyUI_windows_portable\ComfyUI\.ce\.pixi\envs\depthanythingv3-nodes\Lib\site-packages\torch\nn\modules\module.py", line 1779 in _wrapped_call_impl
  File "D:\a\comfy-gpu-ci\comfy-gpu-ci\ComfyUI_windows_portable\ComfyUI\custom_nodes\ComfyUI-DepthAnythingV3\nodes\depth_anything_v3\model.py", line 791 in process_attention
  File "D:\a\comfy-gpu-ci\comfy-gpu-ci\ComfyUI_windows_portable\ComfyUI\custom_nodes\ComfyUI-DepthAnythingV3\nodes\depth_anything_v3\model.py", line 741 in _get_intermediate_layers_not_chunked
  File "D:\a\comfy-gpu-ci\comfy-gpu-ci\ComfyUI_windows_portable\ComfyUI\custom_nodes\ComfyUI-DepthAnythingV3\nodes\depth_anything_v3\model.py", line 800 in get_intermediate_layers
  File "D:\a\comfy-gpu-ci\comfy-gpu-ci\ComfyUI_windows_portable\ComfyUI\custom_nodes\ComfyUI-DepthAnythingV3\nodes\depth_anything_v3\model.py", line 891 in forward
  File "D:\a\comfy-gpu-ci\comfy-gpu-ci\ComfyUI_windows_portable\ComfyUI\.ce\.pixi\envs\depthanythingv3-nodes\Lib\site-packages\torch\nn\modules\module.py", line 1790 in _call_impl
  File "D:\a\comfy-gpu-ci\comfy-gpu-ci\ComfyUI_windows_portable\ComfyUI\.ce\.pixi\envs\depthanythingv3-nodes\Lib\site-packages\torch\nn\modules\module.py", line 1779 in _wrapped_call_impl
  File "D:\a\comfy-gpu-ci\comfy-gpu-ci\ComfyUI_windows_portable\ComfyUI\custom_nodes\ComfyUI-DepthAnythingV3\nodes\depth_anything_v3\model.py", line 1560 in forward
  File "D:\a\comfy-gpu-ci\comfy-gpu-ci\ComfyUI_windows_portable\ComfyUI\.ce\.pixi\envs\depthanythingv3-nodes\Lib\site-packages\torch\nn\modules\module.py", line 1790 in _call_impl
  File "D:\a\comfy-gpu-ci\comfy-gpu-ci\ComfyUI_windows_portable\ComfyUI\.ce\.pixi\envs\depthanythingv3-nodes\Lib\site-packages\torch\nn\modules\module.py", line 1779 in _wrapped_call_impl
  File "D:\a\comfy-gpu-ci\comfy-gpu-ci\ComfyUI_windows_portable\ComfyUI\custom_nodes\ComfyUI-DepthAnythingV3\nodes\nodes_multiview.py", line 128 in execute
  File "D:\a\comfy-gpu-ci\comfy-gpu-ci\ComfyUI_windows_portable\ComfyUI\comfy_api\latest\_io.py", line 1826 in EXECUTE_NORMALIZED
  File "C:\Users\RUNNER~1\AppData\Local\Temp\comfyui_pvenv_7iyi1ppo\persistent_worker.py", line 1762 in main
  File "C:\Users\RUNNER~1\AppData\Local\Temp\comfyui_pvenv_7iyi1ppo\persistent_worker.py", line 1807 in <module>

[worker:ComfyUI-DepthAnythingV3] === END ===

[worker:ComfyUI-DepthAnythingV3] 
=== WATCHDOG TICK 4 ===
[SubprocessWorker] got response: ok
[comfy-env] DepthAnythingV3_MultiView done (94.60s): result: NodeOutput
[comfy-env] Running DepthAnythingV3_MultiView: normalization_mode: 'Raw', resize_method: 'resize', invert_depth: False, keep_model_size: False, da3_model: dict, images: torch.float32 [1,680,1208,3] cpu
[SubprocessWorker] call_method: nodes.nodes_multiview.DepthAnythingV3_MultiView.EXECUTE_NORMALIZED
[SubprocessWorker] acquired lock, ensuring started...
[ComfyUI-DepthAnythingV3] Health check: ping (timeout=5.0s)...
[ComfyUI-DepthAnythingV3] Health check: failed
[ComfyUI-DepthAnythingV3] Socket unhealthy, restarting worker...
[comfy-env] depthanythingv3-nodes: Library/bin has 235 DLLs
[ComfyUI-DepthAnythingV3] python: D:\a\comfy-gpu-ci\comfy-gpu-ci\ComfyUI_windows_portable\ComfyUI\.ce\.pixi\envs\depthanythingv3-nodes\python.exe
[ComfyUI-DepthAnythingV3] sys_path sent to worker: ['D:\\a\\comfy-gpu-ci\\comfy-gpu-ci\\ComfyUI_windows_portable\\ComfyUI', 'D:\\a\\comfy-gpu-ci\\comfy-gpu-ci\\ComfyUI_windows_portable\\ComfyUI\\custom_nodes\\ComfyUI-DepthAnythingV3', 'D:\\a\\comfy-gpu-ci\\comfy-gpu-ci\\ComfyUI_windows_portable\\ComfyUI\\.ce\\.pixi\\envs\\depthanythingv3-nodes\\Lib\\site-packages', 'D:\\a\\comfy-gpu-ci\\comfy-gpu-ci\\ComfyUI_windows_portable\\ComfyUI\\custom_nodes\\ComfyUI-DepthAnythingV3']
[SubprocessWorker] is_pixi=True, python=D:\a\comfy-gpu-ci\comfy-gpu-ci\ComfyUI_windows_portable\ComfyUI\.ce\.pixi\envs\depthanythingv3-nodes\python.exe
[SubprocessWorker] launching cmd=['C:\\Users\\runneradmin\\.pixi\\bin\\pixi.exe', 'run', '--as-is', '--manifest-path', 'D:\\a\\comfy-gpu-ci\\comfy-gpu-ci\\ComfyUI_windows_portable\\ComfyUI\\.ce\\pixi.toml', '-e', 'depthanythingv3-nodes', 'python', 'C:\\Users\\RUNNER~1\\AppData\\Local\\Temp\\comfyui_pvenv_7iyi1ppo\\persistent_worker.py', 'tcp://127.0.0.1:55040']...
D:\a\comfy-gpu-ci\comfy-gpu-ci\ComfyUI_windows_portable\ComfyUI\.ce\.pixi\envs\depthanythingv3-nodes\Lib\site-packages\torch\cuda\__init__.py:180: UserWarning: cudaGetDeviceCount() returned cudaErrorNotSupported, likely using older driver or on CPU machine (Triggered internally at C:\actions-runner\_work\pytorch\pytorch\pytorch\c10\cuda\CUDAFunctions.cpp:88.)
  return torch._C._cuda_getDeviceCount() > 0
[SubprocessWorker] worker started/confirmed
[comfy-env] PRE-SERIALIZE 'images' shape: torch.Size([1, 680, 1208, 3])
[SubprocessWorker] serializing kwargs to shm...
[SubprocessWorker] created 0 shm blocks
[SubprocessWorker] sending request via socket...
[SubprocessWorker] call_id=10 sending call_method
[worker:ComfyUI-DepthAnythingV3] [comfy-env] _from_shm got dict with keys: ['__type__', 'strategy', 'manager_path', 'storage_key', 'storage_size']
[worker:ComfyUI-DepthAnythingV3] [comfy-env] DESERIALIZE TensorRef: tensor_size=[1, 680, 1208, 3]
[worker:ComfyUI-DepthAnythingV3] [comfy-env] DESERIALIZED tensor shape: torch.Size([1, 680, 1208, 3])
[SubprocessWorker] callback 'request_vram_budget' from call_id=10
[comfy-env] VRAM request: 1.64GB, free before eviction: 11.49GB
[comfy-env] VRAM after eviction: 11.49GB
[worker:ComfyUI-DepthAnythingV3] 
=== WATCHDOG TICK 1 ===
[worker:ComfyUI-DepthAnythingV3] Current thread 0x00001204 (most recent call first):
  File "C:\Users\RUNNER~1\AppData\Local\Temp\comfyui_pvenv_7iyi1ppo\persistent_worker.py", line 52 in _watchdog
  File "D:\a\comfy-gpu-ci\comfy-gpu-ci\ComfyUI_windows_portable\ComfyUI\.ce\.pixi\envs\depthanythingv3-nodes\Lib\threading.py", line 995 in run
  File "D:\a\comfy-gpu-ci\comfy-gpu-ci\ComfyUI_windows_portable\ComfyUI\.ce\.pixi\envs\depthanythingv3-nodes\Lib\threading.py", line 1044 in _bootstrap_inner
  File "D:\a\comfy-gpu-ci\comfy-gpu-ci\ComfyUI_windows_portable\ComfyUI\.ce\.pixi\envs\depthanythingv3-nodes\Lib\threading.py", line 1015 in _bootstrap

Thread 0x00000f78 (most recent call first):
  File "D:\a\comfy-gpu-ci\comfy-gpu-ci\ComfyUI_windows_portable\ComfyUI\comfy\ops.py", line 385 in forward_comfy_cast_weights
  File "D:\a\comfy-gpu-ci\comfy-gpu-ci\ComfyUI_windows_portable\ComfyUI\comfy\ops.py", line 392 in forward
  File "D:\a\comfy-gpu-ci\comfy-gpu-ci\ComfyUI_windows_portable\ComfyUI\.ce\.pixi\envs\depthanythingv3-nodes\Lib\site-packages\torch\nn\modules\module.py", line 1790 in _call_impl
  File "D:\a\comfy-gpu-ci\comfy-gpu-ci\ComfyUI_windows_portable\ComfyUI\.ce\.pixi\envs\depthanythingv3-nodes\Lib\site-packages\torch\nn\modules\module.py", line 1779 in _wrapped_call_impl
  File "D:\a\comfy-gpu-ci\comfy-gpu-ci\ComfyUI_windows_portable\ComfyUI\custom_nodes\ComfyUI-DepthAnythingV3\nodes\depth_anything_v3\model.py", line 244 in forward
  File "D:\a\comfy-gpu-ci\comfy-gpu-ci\ComfyUI_windows_portable\ComfyUI\.ce\.pixi\envs\depthanythingv3-nodes\Lib\site-packages\torch\nn\modules\module.py", line 1790 in _call_impl
  File "D:\a\comfy-gpu-ci\comfy-gpu-ci\ComfyUI_windows_portable\ComfyUI\.ce\.pixi\envs\depthanythingv3-nodes\Lib\site-packages\torch\nn\modules\module.py", line 1779 in _wrapped_call_impl
  File "D:\a\comfy-gpu-ci\comfy-gpu-ci\ComfyUI_windows_portable\ComfyUI\custom_nodes\ComfyUI-DepthAnythingV3\nodes\depth_anything_v3\model.py", line 519 in ffn_residual_func
  File "D:\a\comfy-gpu-ci\comfy-gpu-ci\ComfyUI_windows_portable\ComfyUI\custom_nodes\ComfyUI-DepthAnythingV3\nodes\depth_anything_v3\model.py", line 522 in forward
  File "D:\a\comfy-gpu-ci\comfy-gpu-ci\ComfyUI_windows_portable\ComfyUI\.ce\.pixi\envs\depthanythingv3-nodes\Lib\site-packages\torch\nn\modules\module.py", line 1790 in _call_impl
  File "D:\a\comfy-gpu-ci\comfy-gpu-ci\ComfyUI_windows_portable\ComfyUI\.ce\.pixi\envs\depthanythingv3-nodes\Lib\site-packages\torch\nn\modules\module.py", line 1779 in _wrapped_call_impl
  File "D:\a\comfy-gpu-ci\comfy-gpu-ci\ComfyUI_windows_portable\ComfyUI\custom_nodes\ComfyUI-DepthAnythingV3\nodes\depth_anything_v3\model.py", line 791 in process_attention
  File "D:\a\comfy-gpu-ci\comfy-gpu-ci\ComfyUI_windows_portable\ComfyUI\custom_nodes\ComfyUI-DepthAnythingV3\nodes\depth_anything_v3\model.py", line 750 in _get_intermediate_layers_not_chunked
  File "D:\a\comfy-gpu-ci\comfy-gpu-ci\ComfyUI_windows_portable\ComfyUI\custom_nodes\ComfyUI-DepthAnythingV3\nodes\depth_anything_v3\model.py", line 800 in get_intermediate_layers
  File "D:\a\comfy-gpu-ci\comfy-gpu-ci\ComfyUI_windows_portable\ComfyUI\custom_nodes\ComfyUI-DepthAnythingV3\nodes\depth_anything_v3\model.py", line 891 in forward
  File "D:\a\comfy-gpu-ci\comfy-gpu-ci\ComfyUI_windows_portable\ComfyUI\.ce\.pixi\envs\depthanythingv3-nodes\Lib\site-packages\torch\nn\modules\module.py", line 1790 in _call_impl
  File "D:\a\comfy-gpu-ci\comfy-gpu-ci\ComfyUI_windows_portable\ComfyUI\.ce\.pixi\envs\depthanythingv3-nodes\Lib\site-packages\torch\nn\modules\module.py", line 1779 in _wrapped_call_impl
  File "D:\a\comfy-gpu-ci\comfy-gpu-ci\ComfyUI_windows_portable\ComfyUI\custom_nodes\ComfyUI-DepthAnythingV3\nodes\depth_anything_v3\model.py", line 1560 in forward
  File "D:\a\comfy-gpu-ci\comfy-gpu-ci\ComfyUI_windows_portable\ComfyUI\.ce\.pixi\envs\depthanythingv3-nodes\Lib\site-packages\torch\nn\modules\module.py", line 1790 in _call_impl
  File "D:\a\comfy-gpu-ci\comfy-gpu-ci\ComfyUI_windows_portable\ComfyUI\.ce\.pixi\envs\depthanythingv3-nodes\Lib\site-packages\torch\nn\modules\module.py", line 1779 in _wrapped_call_impl
  File "D:\a\comfy-gpu-ci\comfy-gpu-ci\ComfyUI_windows_portable\ComfyUI\custom_nodes\ComfyUI-DepthAnythingV3\nodes\nodes_multiview.py", line 128 in execute
  File "D:\a\comfy-gpu-ci\comfy-gpu-ci\ComfyUI_windows_portable\ComfyUI\comfy_api\latest\_io.py", line 1826 in EXECUTE_NORMALIZED
  File "C:\Users\RUNNER~1\AppData\Local\Temp\comfyui_pvenv_7iyi1ppo\persistent_worker.py", line 1762 in main
  File "C:\Users\RUNNER~1\AppData\Local\Temp\comfyui_pvenv_7iyi1ppo\persistent_worker.py", line 1807 in <module>

[worker:ComfyUI-DepthAnythingV3] === END ===

[SubprocessWorker] got response: ok
[comfy-env] DepthAnythingV3_MultiView done (102.49s): result: NodeOutput
[comfy-env] Running DA3_MultiViewPointCloud: extrinsics: '{\n  "extrinsics": [\n    {\n      "image_0": [\n       ..., intrinsics: '{\n  "intrinsics": [\n    {\n      "image_0": [\n       ..., confidence_threshold: 0.3, downsample: 4, use_icp: False, allow_around_1: False, filter_outliers: True, outlier_percentage: 5.0, depths: torch.float32 [1,680,1208,3] cpu, images: torch.float32 [1,680,1208,3] cpu, confidence: torch.float32 [1,680,1208,3] cpu, sky_mask: torch.float32 [1,680,1208] cpu
[SubprocessWorker] call_method: nodes.nodes_multiview.DA3_MultiViewPointCloud.EXECUTE_NORMALIZED
[SubprocessWorker] acquired lock, ensuring started...
[ComfyUI-DepthAnythingV3] Health check: ping (timeout=5.0s)...
[ComfyUI-DepthAnythingV3] Health check: ok
[SubprocessWorker] worker started/confirmed
[comfy-env] PRE-SERIALIZE 'depths' shape: torch.Size([1, 680, 1208, 3])
[comfy-env] PRE-SERIALIZE 'images' shape: torch.Size([1, 680, 1208, 3])
[comfy-env] PRE-SERIALIZE 'confidence' shape: torch.Size([1, 680, 1208, 3])
[comfy-env] PRE-SERIALIZE 'sky_mask' shape: torch.Size([1, 680, 1208])
[SubprocessWorker] serializing kwargs to shm...
[SubprocessWorker] created 0 shm blocks
[SubprocessWorker] sending request via socket...
[SubprocessWorker] call_id=11 sending call_method
[worker:ComfyUI-DepthAnythingV3] [comfy-env] _from_shm got dict with keys: ['__type__', 'strategy', 'manager_path', 'storage_key', 'storage_size']
[worker:ComfyUI-DepthAnythingV3] [comfy-env] DESERIALIZE TensorRef: tensor_size=[1, 680, 1208, 3]
[worker:ComfyUI-DepthAnythingV3] [comfy-env] DESERIALIZED tensor shape: torch.Size([1, 680, 1208, 3])
[worker:ComfyUI-DepthAnythingV3] [comfy-env] _from_shm got dict with keys: ['__type__', 'strategy', 'manager_path', 'storage_key', 'storage_size']
[worker:ComfyUI-DepthAnythingV3] [comfy-env] DESERIALIZE TensorRef: tensor_size=[1, 680, 1208, 3]
[worker:ComfyUI-DepthAnythingV3] [comfy-env] DESERIALIZED tensor shape: torch.Size([1, 680, 1208, 3])
[worker:ComfyUI-DepthAnythingV3] [comfy-env] _from_shm got dict with keys: ['__type__', 'strategy', 'manager_path', 'storage_key', 'storage_size']
[worker:ComfyUI-DepthAnythingV3] [comfy-env] DESERIALIZE TensorRef: tensor_size=[1, 680, 1208, 3]
[worker:ComfyUI-DepthAnythingV3] [comfy-env] DESERIALIZED tensor shape: torch.Size([1, 680, 1208, 3])
[worker:ComfyUI-DepthAnythingV3] [comfy-env] _from_shm got dict with keys: ['__type__', 'strategy', 'manager_path', 'storage_key', 'storage_size']
[worker:ComfyUI-DepthAnythingV3] [comfy-env] DESERIALIZE TensorRef: tensor_size=[1, 680, 1208]
[worker:ComfyUI-DepthAnythingV3] [comfy-env] DESERIALIZED tensor shape: torch.Size([1, 680, 1208])
[SubprocessWorker] callback 'report_progress' from call_id=11
[SubprocessWorker] got response: ok
[comfy-env] DA3_MultiViewPointCloud done (1.16s): result: NodeOutput
[comfy-env] Running DA3_MultiViewPointCloud: extrinsics: '{\n  "extrinsics": [\n    {\n      "image_0": [\n       ..., intrinsics: '{\n  "intrinsics": [\n    {\n      "image_0": [\n       ..., confidence_threshold: 0.3, downsample: 4, use_icp: False, allow_around_1: False, filter_outliers: True, outlier_percentage: 5.0, depths: torch.float32 [1,680,1208,3] cpu, images: torch.float32 [1,680,1208,3] cpu, confidence: torch.float32 [1,680,1208,3] cpu, sky_mask: torch.float32 [1,680,1208] cpu
[SubprocessWorker] call_method: nodes.nodes_multiview.DA3_MultiViewPointCloud.EXECUTE_NORMALIZED
[SubprocessWorker] acquired lock, ensuring started...
[ComfyUI-DepthAnythingV3] Health check: ping (timeout=5.0s)...
[ComfyUI-DepthAnythingV3] Health check: ok
[SubprocessWorker] worker started/confirmed
[comfy-env] PRE-SERIALIZE 'depths' shape: torch.Size([1, 680, 1208, 3])
[comfy-env] PRE-SERIALIZE 'images' shape: torch.Size([1, 680, 1208, 3])
[comfy-env] PRE-SERIALIZE 'confidence' shape: torch.Size([1, 680, 1208, 3])
[comfy-env] PRE-SERIALIZE 'sky_mask' shape: torch.Size([1, 680, 1208])
[SubprocessWorker] serializing kwargs to shm...
[SubprocessWorker] created 0 shm blocks
[SubprocessWorker] sending request via socket...
[SubprocessWorker] call_id=12 sending call_method
[worker:ComfyUI-DepthAnythingV3] [comfy-env] _from_shm got dict with keys: ['__type__', 'strategy', 'manager_path', 'storage_key', 'storage_size']
[worker:ComfyUI-DepthAnythingV3] [comfy-env] DESERIALIZE TensorRef: tensor_size=[1, 680, 1208, 3]
[worker:ComfyUI-DepthAnythingV3] [comfy-env] DESERIALIZED tensor shape: torch.Size([1, 680, 1208, 3])
[worker:ComfyUI-DepthAnythingV3] [comfy-env] _from_shm got dict with keys: ['__type__', 'strategy', 'manager_path', 'storage_key', 'storage_size']
[worker:ComfyUI-DepthAnythingV3] [comfy-env] DESERIALIZE TensorRef: tensor_size=[1, 680, 1208, 3]
[worker:ComfyUI-DepthAnythingV3] [comfy-env] DESERIALIZED tensor shape: torch.Size([1, 680, 1208, 3])
[worker:ComfyUI-DepthAnythingV3] [comfy-env] _from_shm got dict with keys: ['__type__', 'strategy', 'manager_path', 'storage_key', 'storage_size']
[worker:ComfyUI-DepthAnythingV3] [comfy-env] DESERIALIZE TensorRef: tensor_size=[1, 680, 1208, 3]
[worker:ComfyUI-DepthAnythingV3] [comfy-env] DESERIALIZED tensor shape: torch.Size([1, 680, 1208, 3])
[worker:ComfyUI-DepthAnythingV3] [comfy-env] _from_shm got dict with keys: ['__type__', 'strategy', 'manager_path', 'storage_key', 'storage_size']
[worker:ComfyUI-DepthAnythingV3] [comfy-env] DESERIALIZE TensorRef: tensor_size=[1, 680, 1208]
[worker:ComfyUI-DepthAnythingV3] [comfy-env] DESERIALIZED tensor shape: torch.Size([1, 680, 1208])
[SubprocessWorker] callback 'report_progress' from call_id=12
[SubprocessWorker] got response: ok
[comfy-env] DA3_MultiViewPointCloud done (5.16s): result: NodeOutput
[comfy-env] Running DA3_SavePointCloud: filename_prefix: 'pointcloud', pointcloud: list[1]
[SubprocessWorker] call_method: nodes.nodes_3d.DA3_SavePointCloud.EXECUTE_NORMALIZED
[SubprocessWorker] acquired lock, ensuring started...
[ComfyUI-DepthAnythingV3] Health check: ping (timeout=5.0s)...
[ComfyUI-DepthAnythingV3] Health check: ok
[SubprocessWorker] worker started/confirmed
[SubprocessWorker] serializing kwargs to shm...
[SubprocessWorker] created 0 shm blocks
[SubprocessWorker] sending request via socket...
[SubprocessWorker] call_id=13 sending call_method
[worker:ComfyUI-DepthAnythingV3] [comfy-env] _from_shm got dict with keys: ['__type__', 'strategy', 'manager_path', 'storage_key', 'storage_size']
[worker:ComfyUI-DepthAnythingV3] [comfy-env] DESERIALIZE TensorRef: tensor_size=[18844, 3]
[worker:ComfyUI-DepthAnythingV3] [comfy-env] DESERIALIZED tensor shape: torch.Size([18844, 3])
[worker:ComfyUI-DepthAnythingV3] [comfy-env] _from_shm got dict with keys: ['__type__', 'strategy', 'manager_path', 'storage_key', 'storage_size']
[worker:ComfyUI-DepthAnythingV3] [comfy-env] DESERIALIZE TensorRef: tensor_size=[18844, 3]
[worker:ComfyUI-DepthAnythingV3] [comfy-env] DESERIALIZED tensor shape: torch.Size([18844, 3])
[worker:ComfyUI-DepthAnythingV3] [comfy-env] _from_shm got dict with keys: ['__type__', 'strategy', 'manager_path', 'storage_key', 'storage_size']
[worker:ComfyUI-DepthAnythingV3] [comfy-env] DESERIALIZE TensorRef: tensor_size=[18844]
[worker:ComfyUI-DepthAnythingV3] [comfy-env] DESERIALIZED tensor shape: torch.Size([18844])
[worker:ComfyUI-DepthAnythingV3] [comfy-env] _from_shm got dict with keys: ['__type__', 'strategy', 'manager_path', 'storage_key', 'storage_size']
[worker:ComfyUI-DepthAnythingV3] [comfy-env] DESERIALIZE TensorRef: tensor_size=[18844]
[worker:ComfyUI-DepthAnythingV3] [comfy-env] DESERIALIZED tensor shape: torch.Size([18844])
[SubprocessWorker] got response: ok
[comfy-env] DA3_SavePointCloud done (6.63s): result: NodeOutput
[comfy-env] Running DA3_SavePointCloud: filename_prefix: 'pointcloud', pointcloud: list[1]
[SubprocessWorker] call_method: nodes.nodes_3d.DA3_SavePointCloud.EXECUTE_NORMALIZED
[SubprocessWorker] acquired lock, ensuring started...
[ComfyUI-DepthAnythingV3] Health check: ping (timeout=5.0s)...
[ComfyUI-DepthAnythingV3] Health check: ok
[SubprocessWorker] worker started/confirmed
[SubprocessWorker] serializing kwargs to shm...
[SubprocessWorker] created 0 shm blocks
[SubprocessWorker] sending request via socket...
[SubprocessWorker] call_id=14 sending call_method
[worker:ComfyUI-DepthAnythingV3] [comfy-env] _from_shm got dict with keys: ['__type__', 'strategy', 'manager_path', 'storage_key', 'storage_size']
[worker:ComfyUI-DepthAnythingV3] [comfy-env] DESERIALIZE TensorRef: tensor_size=[20434, 3]
[worker:ComfyUI-DepthAnythingV3] [comfy-env] DESERIALIZED tensor shape: torch.Size([20434, 3])
[worker:ComfyUI-DepthAnythingV3] [comfy-env] _from_shm got dict with keys: ['__type__', 'strategy', 'manager_path', 'storage_key', 'storage_size']
[worker:ComfyUI-DepthAnythingV3] [comfy-env] DESERIALIZE TensorRef: tensor_size=[20434, 3]
[worker:ComfyUI-DepthAnythingV3] [comfy-env] DESERIALIZED tensor shape: torch.Size([20434, 3])
[worker:ComfyUI-DepthAnythingV3] [comfy-env] _from_shm got dict with keys: ['__type__', 'strategy', 'manager_path', 'storage_key', 'storage_size']
[worker:ComfyUI-DepthAnythingV3] [comfy-env] DESERIALIZE TensorRef: tensor_size=[20434]
[worker:ComfyUI-DepthAnythingV3] [comfy-env] DESERIALIZED tensor shape: torch.Size([20434])
[worker:ComfyUI-DepthAnythingV3] [comfy-env] _from_shm got dict with keys: ['__type__', 'strategy', 'manager_path', 'storage_key', 'storage_size']
[worker:ComfyUI-DepthAnythingV3] [comfy-env] DESERIALIZE TensorRef: tensor_size=[20434]
[worker:ComfyUI-DepthAnythingV3] [comfy-env] DESERIALIZED tensor shape: torch.Size([20434])
[SubprocessWorker] got response: ok
[comfy-env] DA3_SavePointCloud done (1.08s): result: NodeOutput
[comfy-env] Running DA3_PreviewPointCloud: file_path: 'D:\\a\\comfy-gpu-ci\\comfy-gpu-ci\\ComfyUI_windows_porta..., color_mode: 'RGB'
[SubprocessWorker] call_method: nodes.preview_nodes.DA3_PreviewPointCloud.EXECUTE_NORMALIZED
[SubprocessWorker] acquired lock, ensuring started...
[ComfyUI-DepthAnythingV3] Health check: ping (timeout=5.0s)...
[ComfyUI-DepthAnythingV3] Health check: ok
[SubprocessWorker] worker started/confirmed
[SubprocessWorker] serializing kwargs to shm...
[SubprocessWorker] created 0 shm blocks
[SubprocessWorker] sending request via socket...
[SubprocessWorker] call_id=15 sending call_method
[SubprocessWorker] got response: ok
[comfy-env] DA3_PreviewPointCloud done (0.31s): result: NodeOutput
[comfy-env] Running DA3_PreviewPointCloud: file_path: 'D:\\a\\comfy-gpu-ci\\comfy-gpu-ci\\ComfyUI_windows_porta..., color_mode: 'RGB'
[SubprocessWorker] call_method: nodes.preview_nodes.DA3_PreviewPointCloud.EXECUTE_NORMALIZED
[SubprocessWorker] acquired lock, ensuring started...
[ComfyUI-DepthAnythingV3] Health check: ping (timeout=5.0s)...
[ComfyUI-DepthAnythingV3] Health check: ok
[SubprocessWorker] worker started/confirmed
[SubprocessWorker] serializing kwargs to shm...
[SubprocessWorker] created 0 shm blocks
[SubprocessWorker] sending request via socket...
[SubprocessWorker] call_id=16 sending call_method
[SubprocessWorker] got response: ok
[comfy-env] DA3_PreviewPointCloud done (0.31s): result: NodeOutput
Prompt executed in 212.03 seconds
=== /validate endpoint called ===
Received JSON with keys: ['prompt']
Prompt has 4 nodes
  Node 2: LoadImage
    Inputs: {"image": "bridge.jpg"}
  Node 3: DownloadAndLoadDepthAnythingV3Model
    Inputs: {"model": "da3_large.safetensors", "precision": "auto", "attention": "auto"}
  Node 4: PreviewImage
    Inputs: {"images": ["14", 0]}
  Node 14: DepthAnything_V3
    Inputs: {"normalization_mode": "V2-Style", "resize_method": "resize", "invert_depth": true, "keep_model_size": false, "da3_model": ["3", 0], "images": ["2", 0]}
Generated prompt_id: e238cdf4-daae-473c-a2a1-b00747d4a3b7
Calling execution.validate_prompt()...
Validation result: valid=True
=== Validation PASSED ===
got prompt
[comfy-env] Running DownloadAndLoadDepthAnythingV3Model: model: 'da3_large.safetensors', precision: 'auto', attention: 'auto'
[SubprocessWorker] call_method: nodes.load_model.DownloadAndLoadDepthAnythingV3Model.EXECUTE_NORMALIZED
[SubprocessWorker] acquired lock, ensuring started...
[ComfyUI-DepthAnythingV3] Health check: ping (timeout=5.0s)...
[ComfyUI-DepthAnythingV3] Health check: failed
[ComfyUI-DepthAnythingV3] Socket unhealthy, restarting worker...
[comfy-env] depthanythingv3-nodes: Library/bin has 235 DLLs
[ComfyUI-DepthAnythingV3] python: D:\a\comfy-gpu-ci\comfy-gpu-ci\ComfyUI_windows_portable\ComfyUI\.ce\.pixi\envs\depthanythingv3-nodes\python.exe
[ComfyUI-DepthAnythingV3] sys_path sent to worker: ['D:\\a\\comfy-gpu-ci\\comfy-gpu-ci\\ComfyUI_windows_portable\\ComfyUI', 'D:\\a\\comfy-gpu-ci\\comfy-gpu-ci\\ComfyUI_windows_portable\\ComfyUI\\custom_nodes\\ComfyUI-DepthAnythingV3', 'D:\\a\\comfy-gpu-ci\\comfy-gpu-ci\\ComfyUI_windows_portable\\ComfyUI\\.ce\\.pixi\\envs\\depthanythingv3-nodes\\Lib\\site-packages', 'D:\\a\\comfy-gpu-ci\\comfy-gpu-ci\\ComfyUI_windows_portable\\ComfyUI\\custom_nodes\\ComfyUI-DepthAnythingV3']
[SubprocessWorker] is_pixi=True, python=D:\a\comfy-gpu-ci\comfy-gpu-ci\ComfyUI_windows_portable\ComfyUI\.ce\.pixi\envs\depthanythingv3-nodes\python.exe
[SubprocessWorker] launching cmd=['C:\\Users\\runneradmin\\.pixi\\bin\\pixi.exe', 'run', '--as-is', '--manifest-path', 'D:\\a\\comfy-gpu-ci\\comfy-gpu-ci\\ComfyUI_windows_portable\\ComfyUI\\.ce\\pixi.toml', '-e', 'depthanythingv3-nodes', 'python', 'C:\\Users\\RUNNER~1\\AppData\\Local\\Temp\\comfyui_pvenv_7iyi1ppo\\persistent_worker.py', 'tcp://127.0.0.1:61769']...
D:\a\comfy-gpu-ci\comfy-gpu-ci\ComfyUI_windows_portable\ComfyUI\.ce\.pixi\envs\depthanythingv3-nodes\Lib\site-packages\torch\cuda\__init__.py:180: UserWarning: cudaGetDeviceCount() returned cudaErrorNotSupported, likely using older driver or on CPU machine (Triggered internally at C:\actions-runner\_work\pytorch\pytorch\pytorch\c10\cuda\CUDAFunctions.cpp:88.)
  return torch._C._cuda_getDeviceCount() > 0
[SubprocessWorker] worker started/confirmed
[SubprocessWorker] serializing kwargs to shm...
[SubprocessWorker] created 0 shm blocks
[SubprocessWorker] sending request via socket...
[SubprocessWorker] call_id=17 sending call_method
[SubprocessWorker] got response: ok
[comfy-env] DownloadAndLoadDepthAnythingV3Model done (6.24s): result: NodeOutput
[comfy-env] Running DepthAnything_V3: normalization_mode: 'V2-Style', resize_method: 'resize', invert_depth: True, keep_model_size: False, da3_model: dict, images: torch.float32 [1,683,1024,3] cpu
[SubprocessWorker] call_method: nodes.nodes_inference.DepthAnything_V3.EXECUTE_NORMALIZED
[SubprocessWorker] acquired lock, ensuring started...
[ComfyUI-DepthAnythingV3] Health check: ping (timeout=5.0s)...
[ComfyUI-DepthAnythingV3] Health check: ok
[SubprocessWorker] worker started/confirmed
[comfy-env] PRE-SERIALIZE 'images' shape: torch.Size([1, 683, 1024, 3])
[SubprocessWorker] serializing kwargs to shm...
[SubprocessWorker] created 0 shm blocks
[SubprocessWorker] sending request via socket...
[SubprocessWorker] call_id=18 sending call_method
[worker:ComfyUI-DepthAnythingV3] [comfy-env] _from_shm got dict with keys: ['__type__', 'strategy', 'manager_path', 'storage_key', 'storage_size']
[worker:ComfyUI-DepthAnythingV3] [comfy-env] DESERIALIZE TensorRef: tensor_size=[1, 683, 1024, 3]
[worker:ComfyUI-DepthAnythingV3] [comfy-env] DESERIALIZED tensor shape: torch.Size([1, 683, 1024, 3])
[SubprocessWorker] callback 'request_vram_budget' from call_id=18
[comfy-env] VRAM request: 1.64GB, free before eviction: 11.63GB
[comfy-env] VRAM after eviction: 11.63GB
[worker:ComfyUI-DepthAnythingV3] WARNING: WARNING: This model does not support sky segmentation. V2-Style normalization will work but without sky masking. Use Mono/Metric/Nested models for best V2-Style results.
[worker:ComfyUI-DepthAnythingV3] 
=== WATCHDOG TICK 1 ===
[worker:ComfyUI-DepthAnythingV3] Current thread 0x00000f58 (most recent call first):
  File "C:\Users\RUNNER~1\AppData\Local\Temp\comfyui_pvenv_7iyi1ppo\persistent_worker.py", line 52 in _watchdog
  File "D:\a\comfy-gpu-ci\comfy-gpu-ci\ComfyUI_windows_portable\ComfyUI\.ce\.pixi\envs\depthanythingv3-nodes\Lib\threading.py", line 995 in run
  File "D:\a\comfy-gpu-ci\comfy-gpu-ci\ComfyUI_windows_portable\ComfyUI\.ce\.pixi\envs\depthanythingv3-nodes\Lib\threading.py", line 1044 in _bootstrap_inner
  File "D:\a\comfy-gpu-ci\comfy-gpu-ci\ComfyUI_windows_portable\ComfyUI\.ce\.pixi\envs\depthanythingv3-nodes\Lib\threading.py", line 1015 in _bootstrap

Thread 0x0000245c (most recent call first):
  File "D:\a\comfy-gpu-ci\comfy-gpu-ci\ComfyUI_windows_portable\ComfyUI\.ce\.pixi\envs\depthanythingv3-nodes\Lib\site-packages\torch\nn\modules\conv.py", line 548 in _conv_forward
  File "D:\a\comfy-gpu-ci\comfy-gpu-ci\ComfyUI_windows_portable\ComfyUI\comfy\ops.py", line 419 in forward_comfy_cast_weights
  File "D:\a\comfy-gpu-ci\comfy-gpu-ci\ComfyUI_windows_portable\ComfyUI\comfy\ops.py", line 426 in forward
  File "D:\a\comfy-gpu-ci\comfy-gpu-ci\ComfyUI_windows_portable\ComfyUI\.ce\.pixi\envs\depthanythingv3-nodes\Lib\site-packages\torch\nn\modules\module.py", line 1790 in _call_impl
  File "D:\a\comfy-gpu-ci\comfy-gpu-ci\ComfyUI_windows_portable\ComfyUI\.ce\.pixi\envs\depthanythingv3-nodes\Lib\site-packages\torch\nn\modules\module.py", line 1779 in _wrapped_call_impl
  File "D:\a\comfy-gpu-ci\comfy-gpu-ci\ComfyUI_windows_portable\ComfyUI\custom_nodes\ComfyUI-DepthAnythingV3\nodes\depth_anything_v3\model.py", line 920 in forward
  File "D:\a\comfy-gpu-ci\comfy-gpu-ci\ComfyUI_windows_portable\ComfyUI\.ce\.pixi\envs\depthanythingv3-nodes\Lib\site-packages\torch\nn\modules\module.py", line 1790 in _call_impl
  File "D:\a\comfy-gpu-ci\comfy-gpu-ci\ComfyUI_windows_portable\ComfyUI\.ce\.pixi\envs\depthanythingv3-nodes\Lib\site-packages\torch\nn\modules\module.py", line 1779 in _wrapped_call_impl
  File "D:\a\comfy-gpu-ci\comfy-gpu-ci\ComfyUI_windows_portable\ComfyUI\custom_nodes\ComfyUI-DepthAnythingV3\nodes\depth_anything_v3\model.py", line 964 in forward
  File "D:\a\comfy-gpu-ci\comfy-gpu-ci\ComfyUI_windows_portable\ComfyUI\.ce\.pixi\envs\depthanythingv3-nodes\Lib\site-packages\torch\nn\modules\module.py", line 1790 in _call_impl
  File "D:\a\comfy-gpu-ci\comfy-gpu-ci\ComfyUI_windows_portable\ComfyUI\.ce\.pixi\envs\depthanythingv3-nodes\Lib\site-packages\torch\nn\modules\module.py", line 1779 in _wrapped_call_impl
  File "D:\a\comfy-gpu-ci\comfy-gpu-ci\ComfyUI_windows_portable\ComfyUI\custom_nodes\ComfyUI-DepthAnythingV3\nodes\depth_anything_v3\model.py", line 1456 in _fuse
  File "D:\a\comfy-gpu-ci\comfy-gpu-ci\ComfyUI_windows_portable\ComfyUI\custom_nodes\ComfyUI-DepthAnythingV3\nodes\depth_anything_v3\model.py", line 1405 in _forward_impl
  File "D:\a\comfy-gpu-ci\comfy-gpu-ci\ComfyUI_windows_portable\ComfyUI\custom_nodes\ComfyUI-DepthAnythingV3\nodes\depth_anything_v3\model.py", line 1366 in forward
  File "D:\a\comfy-gpu-ci\comfy-gpu-ci\ComfyUI_windows_portable\ComfyUI\.ce\.pixi\envs\depthanythingv3-nodes\Lib\site-packages\torch\nn\modules\module.py", line 1790 in _call_impl
  File "D:\a\comfy-gpu-ci\comfy-gpu-ci\ComfyUI_windows_portable\ComfyUI\.ce\.pixi\envs\depthanythingv3-nodes\Lib\site-packages\torch\nn\modules\module.py", line 1779 in _wrapped_call_impl
  File "D:\a\comfy-gpu-ci\comfy-gpu-ci\ComfyUI_windows_portable\ComfyUI\custom_nodes\ComfyUI-DepthAnythingV3\nodes\depth_anything_v3\model.py", line 1591 in _process_depth_head
  File "D:\a\comfy-gpu-ci\comfy-gpu-ci\ComfyUI_windows_portable\ComfyUI\custom_nodes\ComfyUI-DepthAnythingV3\nodes\depth_anything_v3\model.py", line 1577 in forward
  File "D:\a\comfy-gpu-ci\comfy-gpu-ci\ComfyUI_windows_portable\ComfyUI\.ce\.pixi\envs\depthanythingv3-nodes\Lib\site-packages\torch\nn\modules\module.py", line 1790 in _call_impl
  File "D:\a\comfy-gpu-ci\comfy-gpu-ci\ComfyUI_windows_portable\ComfyUI\.ce\.pixi\envs\depthanythingv3-nodes\Lib\site-packages\torch\nn\modules\module.py", line 1779 in _wrapped_call_impl
  File "D:\a\comfy-gpu-ci\comfy-gpu-ci\ComfyUI_windows_portable\ComfyUI\custom_nodes\ComfyUI-DepthAnythingV3\nodes\nodes_inference.py", line 156 in execute
  File "D:\a\comfy-gpu-ci\comfy-gpu-ci\ComfyUI_windows_portable\ComfyUI\comfy_api\latest\_io.py", line 1826 in EXECUTE_NORMALIZED
  File "C:\Users\RUNNER~1\AppData\Local\Temp\comfyui_pvenv_7iyi1ppo\persistent_worker.py", line 1762 in main
  File "C:\Users\RUNNER~1\AppData\Local\Temp\comfyui_pvenv_7iyi1ppo\persistent_worker.py", line 1807 in <module>

[worker:ComfyUI-DepthAnythingV3] === END ===

[SubprocessWorker] callback 'report_progress' from call_id=18
[SubprocessWorker] got response: ok
[comfy-env] DepthAnything_V3 done (74.83s): result: NodeOutput
Prompt executed in 81.14 seconds
