Capturing execution frames: advanced_3d_multiview.json
  Frame 1 saved (frame_000.jpg, t=0.0s)
  Validating workflow...
  [ComfyUI] === /validate endpoint called ===
  [ComfyUI] Received JSON with keys: ['prompt']
  Queuing workflow for execution...
  [ComfyUI] Prompt has 8 nodes
  [ComfyUI]   Node 3: DownloadAndLoadDepthAnythingV3Model
  [ComfyUI]     Inputs: {"model": "da3_large.safetensors", "precision": "auto", "attention": "auto"}
  [ComfyUI]   Node 21: LoadImageDataSetFromFolder
  [ComfyUI]     Inputs: {"folder": "SOH"}
  [ComfyUI]   Node 27: PreviewImage
  [ComfyUI]     Inputs: {"images": ["21", 0]}
  [ComfyUI]   Node 38: DA3_MultiViewPointCloud
  [ComfyUI]     Inputs: {"extrinsics": ["39", 4], "intrinsics": ["39", 5], "confidence_threshold": 0.3, "downsample": 4, "use_icp": false, "allow_around_1": false, "filter_outliers": true, "outlier_percentage": 5, "depths":
  [ComfyUI]   Node 39: DepthAnythingV3_MultiView
  [ComfyUI]     Inputs: {"normalization_mode": "Raw", "resize_method": "resize", "invert_depth": false, "keep_model_size": false, "da3_model": ["3", 0], "images": ["21", 0]}
  [ComfyUI]   Node 44: DA3_SavePointCloud
  [ComfyUI]     Inputs: {"filename_prefix": "pointcloud", "pointcloud": ["38", 0]}
  [ComfyUI]   Node 45: PreviewAny
  [ComfyUI]     Inputs: {"source": ["44", 0]}
  [ComfyUI]   Node 48: DA3_PreviewPointCloud
  [ComfyUI]     Inputs: {"file_path": ["44", 0], "color_mode": "RGB", "preview_vtk": ""}
  [ComfyUI] Generated prompt_id: cd6f02a0-0a58-4016-bd5e-8e5f6b67dcb6
  [ComfyUI] Calling execution.validate_prompt()...
  [ComfyUI] Validation result: valid=True
  [ComfyUI] === Validation PASSED ===
  [ComfyUI] got prompt
  [ComfyUI] [comfy-env] Running DownloadAndLoadDepthAnythingV3Model: model: 'da3_large.safetensors', precision: 'auto', attention: 'auto'
  [ComfyUI] [VRAM] Before DownloadAndLoadDepthAnythingV3Model: 711 / 24124 MB
  [ComfyUI] [ComfyUI-DepthAnythingV3] python: /workspaces/DepthAnythingV3-1418/ComfyUI/.ce/.pixi/envs/depthanythingv3-nodes/bin/python
  [ComfyUI] [SubprocessWorker] call_method: nodes.load_model.DownloadAndLoadDepthAnythingV3Model.EXECUTE_NORMALIZED
  [ComfyUI] [ComfyUI-DepthAnythingV3] sys_path sent to worker: ['/workspaces/DepthAnythingV3-1418/ComfyUI', '/workspaces/DepthAnythingV3-1418/ComfyUI/custom_nodes/ComfyUI-DepthAnythingV3', '/workspaces/DepthAnythingV3-1418/ComfyUI/.ce/.pixi/envs/depthanythingv3-nodes/lib/python3.12/site-packages', '/workspaces/DepthAnythingV3-1418/ComfyUI/custom_nodes/ComfyUI-DepthAnythingV3']
  [ComfyUI] [SubprocessWorker] acquired lock, ensuring started...
  [ComfyUI] [SubprocessWorker] is_pixi=True, python=/workspaces/DepthAnythingV3-1418/ComfyUI/.ce/.pixi/envs/depthanythingv3-nodes/bin/python
  [ComfyUI] [ComfyUI-DepthAnythingV3] Health check: ping (timeout=5.0s)...
  [ComfyUI] [SubprocessWorker] launching cmd=['/root/.pixi/bin/pixi', 'run', '--as-is', '--manifest-path', '/workspaces/DepthAnythingV3-1418/ComfyUI/.ce/pixi.toml', '-e', 'depthanythingv3-nodes', 'python', '/tmp/comfyui_pvenv_67kwy0_o/persistent_worker.py', 'abstract://comfy_worker_78048eaa4483']...
  [ComfyUI] [ComfyUI-DepthAnythingV3] Health check: failed
  [ComfyUI] [SubprocessWorker] socket_addr=abstract://comfy_worker_78048eaa4483 (abstract, no filesystem path)
  [ComfyUI] [ComfyUI-DepthAnythingV3] Socket unhealthy, restarting worker...
  [ComfyUI] [comfy-env] Invalidated 1 stale model patchers (will be cleaned up during next unload)
  Node executed (1 total), capturing...
  Frame 2 saved (frame_001.jpg, t=0.9s)
  [capture-node] freeze=5ms shot=208ms unfreeze=4ms saved=True
  [ComfyUI] [worker:ComfyUI-DepthAnythingV3] WARNING: WARNING: You need pytorch with cu130 or higher to use optimized CUDA operations.
  [ComfyUI] [SubprocessWorker] worker started/confirmed
  [ComfyUI] [SubprocessWorker] serializing kwargs to shm...
  [ComfyUI] [SubprocessWorker] created 0 shm blocks
  [ComfyUI] [SubprocessWorker] sending request via socket...
  [ComfyUI] [SubprocessWorker] call_id=11 sending call_method
  [ComfyUI] [SubprocessWorker] got response: ok
  [ComfyUI] [comfy-env] [VRAM] Before offload 'DepthAnything3Net_1' (783 MB) -> cpu: 563 / 24124 MB
  [ComfyUI] [ComfyUI-DepthAnythingV3] Health check: ping (timeout=5.0s)...
  [ComfyUI] [ComfyUI-DepthAnythingV3] Health check: ok
  [ComfyUI] [SubprocessWorker] call_id=12 sending model_to_device
  [ComfyUI] Model 'DepthAnything3Net_1' gone from worker (restarted?), treating as offloaded
  [ComfyUI] [comfy-env] [VRAM] After offload 'DepthAnything3Net_1' (783 MB): 563 / 24124 MB
  [ComfyUI] [comfy-env] DownloadAndLoadDepthAnythingV3Model done (3.50s): result: NodeOutput
  [ComfyUI] [VRAM] After DownloadAndLoadDepthAnythingV3Model: 563 / 24124 MB
  [ComfyUI] [comfy-env] Running DepthAnythingV3_MultiView: normalization_mode: 'Raw', resize_method: 'resize', invert_depth: False, keep_model_size: False, da3_model: dict, images: torch.float32 [1,680,1208,3] cpu
  [ComfyUI] [VRAM] Before DepthAnythingV3_MultiView: 563 / 24124 MB
  [ComfyUI] [SubprocessWorker] call_method: nodes.nodes_multiview.DepthAnythingV3_MultiView.EXECUTE_NORMALIZED
  [ComfyUI] [SubprocessWorker] acquired lock, ensuring started...
  [ComfyUI] [ComfyUI-DepthAnythingV3] Health check: ping (timeout=5.0s)...
  [ComfyUI] [ComfyUI-DepthAnythingV3] Health check: ok
  [ComfyUI] [SubprocessWorker] worker started/confirmed
  [ComfyUI] [comfy-env] PRE-SERIALIZE 'images' shape: torch.Size([1, 680, 1208, 3])
  [ComfyUI] [SubprocessWorker] serializing kwargs to shm...
  [ComfyUI] [SubprocessWorker] created 0 shm blocks
  [ComfyUI] [SubprocessWorker] sending request via socket...
  [ComfyUI] [SubprocessWorker] call_id=13 sending call_method
  [ComfyUI] [worker:ComfyUI-DepthAnythingV3] [comfy-env] _from_shm got dict with keys: ['__type__', 'strategy', 'parent_pid', 'fd', 'storage_size']
  [ComfyUI] [worker:ComfyUI-DepthAnythingV3] [comfy-env] DESERIALIZE TensorRef: tensor_size=[1, 680, 1208, 3]
  [ComfyUI] [worker:ComfyUI-DepthAnythingV3] [comfy-env] DESERIALIZED tensor shape: torch.Size([1, 680, 1208, 3])
  [ComfyUI] [SubprocessWorker] callback 'request_vram_budget' from call_id=13
  [ComfyUI] [comfy-env] VRAM request: 0.82GB, free before eviction: 24.71GB
  [ComfyUI] [comfy-env] VRAM after eviction: 24.71GB
  Frame 3 saved (frame_002.jpg, t=5.4s)
  [capture-periodic] freeze=3ms shot=189ms unfreeze=8ms saved=True
  [ComfyUI] [worker:ComfyUI-DepthAnythingV3] [VRAM] +626MB (now 626MB) reserved=640MB peak=626MB
  [capture-loop] iter=50 t=6.7s state={'complete': False, 'error': None, 'executedCount': 1, 'wsState': 1} eval_ms=4 ram=4.9/31.2GB (16%) swap=0.0/32.0GB (0%) cpu=6% browser_rss=0.99GB
  [ComfyUI] [worker:ComfyUI-DepthAnythingV3] [VRAM] +237MB (now 863MB) reserved=896MB peak=863MB
  [ComfyUI] [SubprocessWorker] got response: ok
  [ComfyUI] [comfy-env] Created 1 model patchers: ['DepthAnything3Net_1']
  [ComfyUI] [comfy-env] DepthAnythingV3_MultiView done (3.89s): result: NodeOutput
  [ComfyUI] [VRAM] After DepthAnythingV3_MultiView: 4007 / 24124 MB
  [ComfyUI] [VRAM] Loaded: SubprocessModel (783 MB)
  [ComfyUI] [comfy-env] Running DepthAnythingV3_MultiView: normalization_mode: 'Raw', resize_method: 'resize', invert_depth: False, keep_model_size: False, da3_model: dict, images: torch.float32 [1,680,1208,3] cpu
  [ComfyUI] [VRAM] Before DepthAnythingV3_MultiView: 4007 / 24124 MB
  [ComfyUI] [VRAM] Loaded: SubprocessModel (783 MB)
  [ComfyUI] [SubprocessWorker] call_method: nodes.nodes_multiview.DepthAnythingV3_MultiView.EXECUTE_NORMALIZED
  [ComfyUI] [SubprocessWorker] acquired lock, ensuring started...
  [ComfyUI] [ComfyUI-DepthAnythingV3] Health check: ping (timeout=5.0s)...
  [ComfyUI] [ComfyUI-DepthAnythingV3] Health check: ok
  [ComfyUI] [SubprocessWorker] worker started/confirmed
  [ComfyUI] [comfy-env] PRE-SERIALIZE 'images' shape: torch.Size([1, 680, 1208, 3])
  [ComfyUI] [SubprocessWorker] serializing kwargs to shm...
  [ComfyUI] [SubprocessWorker] created 0 shm blocks
  [ComfyUI] [SubprocessWorker] sending request via socket...
  [ComfyUI] [SubprocessWorker] call_id=14 sending call_method
  [ComfyUI] [worker:ComfyUI-DepthAnythingV3] [comfy-env] _from_shm got dict with keys: ['__type__', 'strategy', 'parent_pid', 'fd', 'storage_size']
  [ComfyUI] [worker:ComfyUI-DepthAnythingV3] [comfy-env] DESERIALIZE TensorRef: tensor_size=[1, 680, 1208, 3]
  [ComfyUI] [worker:ComfyUI-DepthAnythingV3] [comfy-env] DESERIALIZED tensor shape: torch.Size([1, 680, 1208, 3])
  [ComfyUI] [SubprocessWorker] callback 'request_vram_budget' from call_id=14
  [ComfyUI] [comfy-env] VRAM request: 0.82GB, free before eviction: 21.09GB
  [ComfyUI] [comfy-env] VRAM after eviction: 21.09GB
  [ComfyUI] [worker:ComfyUI-DepthAnythingV3] [VRAM] +376MB (now 1240MB) reserved=1472MB peak=1628MB
  [ComfyUI] [SubprocessWorker] got response: ok
  [ComfyUI] [comfy-env] DepthAnythingV3_MultiView done (0.69s): result: NodeOutput
  [ComfyUI] [VRAM] After DepthAnythingV3_MultiView: 3527 / 24124 MB
  [ComfyUI] [VRAM] Loaded: SubprocessModel (783 MB)
  [ComfyUI] [comfy-env] Running DA3_MultiViewPointCloud: extrinsics: '{\n  "extrinsics": [\n    {\n      "image_0": [\n       ..., intrinsics: '{\n  "intrinsics": [\n    {\n      "image_0": [\n       ..., confidence_threshold: 0.3, downsample: 4, use_icp: False, allow_around_1: False, filter_outliers: True, outlier_percentage: 5.0, depths: torch.float32 [1,680,1208,3] cpu, images: torch.float32 [1,680,1208,3] cpu, confidence: torch.float32 [1,680,1208,3] cpu, sky_mask: torch.float32 [1,680,1208] cpu
  [ComfyUI] [VRAM] Before DA3_MultiViewPointCloud: 3527 / 24124 MB
  [ComfyUI] [VRAM] Loaded: SubprocessModel (783 MB)
  [ComfyUI] [SubprocessWorker] call_method: nodes.nodes_multiview.DA3_MultiViewPointCloud.EXECUTE_NORMALIZED
  [ComfyUI] [SubprocessWorker] acquired lock, ensuring started...
  [ComfyUI] [ComfyUI-DepthAnythingV3] Health check: ping (timeout=5.0s)...
  [ComfyUI] [ComfyUI-DepthAnythingV3] Health check: ok
  [ComfyUI] [SubprocessWorker] worker started/confirmed
  [ComfyUI] [comfy-env] PRE-SERIALIZE 'depths' shape: torch.Size([1, 680, 1208, 3])
  [ComfyUI] [comfy-env] PRE-SERIALIZE 'images' shape: torch.Size([1, 680, 1208, 3])
  [ComfyUI] [comfy-env] PRE-SERIALIZE 'confidence' shape: torch.Size([1, 680, 1208, 3])
  [ComfyUI] [comfy-env] PRE-SERIALIZE 'sky_mask' shape: torch.Size([1, 680, 1208])
  [ComfyUI] [SubprocessWorker] serializing kwargs to shm...
  [ComfyUI] [SubprocessWorker] created 0 shm blocks
  [ComfyUI] [SubprocessWorker] sending request via socket...
  [ComfyUI] [SubprocessWorker] call_id=15 sending call_method
  [ComfyUI] [worker:ComfyUI-DepthAnythingV3] [comfy-env] _from_shm got dict with keys: ['__type__', 'strategy', 'parent_pid', 'fd', 'storage_size']
  [ComfyUI] [worker:ComfyUI-DepthAnythingV3] [comfy-env] DESERIALIZE TensorRef: tensor_size=[1, 680, 1208, 3]
  [ComfyUI] [worker:ComfyUI-DepthAnythingV3] [comfy-env] DESERIALIZED tensor shape: torch.Size([1, 680, 1208, 3])
  [ComfyUI] [worker:ComfyUI-DepthAnythingV3] [comfy-env] _from_shm got dict with keys: ['__type__', 'strategy', 'parent_pid', 'fd', 'storage_size']
  [ComfyUI] [worker:ComfyUI-DepthAnythingV3] [comfy-env] DESERIALIZE TensorRef: tensor_size=[1, 680, 1208, 3]
  [ComfyUI] [worker:ComfyUI-DepthAnythingV3] [comfy-env] DESERIALIZED tensor shape: torch.Size([1, 680, 1208, 3])
  [ComfyUI] [worker:ComfyUI-DepthAnythingV3] [comfy-env] _from_shm got dict with keys: ['__type__', 'strategy', 'parent_pid', 'fd', 'storage_size']
  [ComfyUI] [worker:ComfyUI-DepthAnythingV3] [comfy-env] DESERIALIZE TensorRef: tensor_size=[1, 680, 1208, 3]
  [ComfyUI] [worker:ComfyUI-DepthAnythingV3] [comfy-env] DESERIALIZED tensor shape: torch.Size([1, 680, 1208, 3])
  [ComfyUI] [worker:ComfyUI-DepthAnythingV3] [comfy-env] _from_shm got dict with keys: ['__type__', 'strategy', 'parent_pid', 'fd', 'storage_size']
  [ComfyUI] [worker:ComfyUI-DepthAnythingV3] [comfy-env] DESERIALIZE TensorRef: tensor_size=[1, 680, 1208]
  [ComfyUI] [worker:ComfyUI-DepthAnythingV3] [comfy-env] DESERIALIZED tensor shape: torch.Size([1, 680, 1208])
  [ComfyUI] [SubprocessWorker] callback 'report_progress' from call_id=15
  [ComfyUI] [SubprocessWorker] got response: ok
  [ComfyUI] [comfy-env] DA3_MultiViewPointCloud done (0.25s): result: NodeOutput
  [ComfyUI] [VRAM] After DA3_MultiViewPointCloud: 3527 / 24124 MB
  [ComfyUI] [VRAM] Loaded: SubprocessModel (783 MB)
  [ComfyUI] [comfy-env] Running DA3_MultiViewPointCloud: extrinsics: '{\n  "extrinsics": [\n    {\n      "image_0": [\n       ..., intrinsics: '{\n  "intrinsics": [\n    {\n      "image_0": [\n       ..., confidence_threshold: 0.3, downsample: 4, use_icp: False, allow_around_1: False, filter_outliers: True, outlier_percentage: 5.0, depths: torch.float32 [1,680,1208,3] cpu, images: torch.float32 [1,680,1208,3] cpu, confidence: torch.float32 [1,680,1208,3] cpu, sky_mask: torch.float32 [1,680,1208] cpu
  [ComfyUI] [VRAM] Before DA3_MultiViewPointCloud: 3527 / 24124 MB
  [ComfyUI] [VRAM] Loaded: SubprocessModel (783 MB)
  [ComfyUI] [SubprocessWorker] call_method: nodes.nodes_multiview.DA3_MultiViewPointCloud.EXECUTE_NORMALIZED
  [ComfyUI] [SubprocessWorker] acquired lock, ensuring started...
  [ComfyUI] [ComfyUI-DepthAnythingV3] Health check: ping (timeout=5.0s)...
  [ComfyUI] [ComfyUI-DepthAnythingV3] Health check: ok
  [ComfyUI] [SubprocessWorker] worker started/confirmed
  [ComfyUI] [comfy-env] PRE-SERIALIZE 'depths' shape: torch.Size([1, 680, 1208, 3])
  [ComfyUI] [comfy-env] PRE-SERIALIZE 'images' shape: torch.Size([1, 680, 1208, 3])
  [ComfyUI] [comfy-env] PRE-SERIALIZE 'confidence' shape: torch.Size([1, 680, 1208, 3])
  [ComfyUI] [comfy-env] PRE-SERIALIZE 'sky_mask' shape: torch.Size([1, 680, 1208])
  [ComfyUI] [SubprocessWorker] serializing kwargs to shm...
  [ComfyUI] [SubprocessWorker] created 0 shm blocks
  [ComfyUI] [SubprocessWorker] sending request via socket...
  [ComfyUI] [SubprocessWorker] call_id=16 sending call_method
  [ComfyUI] [worker:ComfyUI-DepthAnythingV3] [comfy-env] _from_shm got dict with keys: ['__type__', 'strategy', 'parent_pid', 'fd', 'storage_size']
  [ComfyUI] [worker:ComfyUI-DepthAnythingV3] [comfy-env] DESERIALIZE TensorRef: tensor_size=[1, 680, 1208, 3]
  [ComfyUI] [worker:ComfyUI-DepthAnythingV3] [comfy-env] DESERIALIZED tensor shape: torch.Size([1, 680, 1208, 3])
  [ComfyUI] [worker:ComfyUI-DepthAnythingV3] [comfy-env] _from_shm got dict with keys: ['__type__', 'strategy', 'parent_pid', 'fd', 'storage_size']
  [ComfyUI] [worker:ComfyUI-DepthAnythingV3] [comfy-env] DESERIALIZE TensorRef: tensor_size=[1, 680, 1208, 3]
  [ComfyUI] [worker:ComfyUI-DepthAnythingV3] [comfy-env] DESERIALIZED tensor shape: torch.Size([1, 680, 1208, 3])
  [ComfyUI] [worker:ComfyUI-DepthAnythingV3] [comfy-env] _from_shm got dict with keys: ['__type__', 'strategy', 'parent_pid', 'fd', 'storage_size']
  [ComfyUI] [worker:ComfyUI-DepthAnythingV3] [comfy-env] DESERIALIZE TensorRef: tensor_size=[1, 680, 1208, 3]
  [ComfyUI] [worker:ComfyUI-DepthAnythingV3] [comfy-env] DESERIALIZED tensor shape: torch.Size([1, 680, 1208, 3])
  [ComfyUI] [worker:ComfyUI-DepthAnythingV3] [comfy-env] _from_shm got dict with keys: ['__type__', 'strategy', 'parent_pid', 'fd', 'storage_size']
  [ComfyUI] [worker:ComfyUI-DepthAnythingV3] [comfy-env] DESERIALIZE TensorRef: tensor_size=[1, 680, 1208]
  [ComfyUI] [worker:ComfyUI-DepthAnythingV3] [comfy-env] DESERIALIZED tensor shape: torch.Size([1, 680, 1208])
  [ComfyUI] [SubprocessWorker] callback 'report_progress' from call_id=16
  [ComfyUI] [SubprocessWorker] got response: ok
  [ComfyUI] [comfy-env] DA3_MultiViewPointCloud done (0.25s): result: NodeOutput
  [ComfyUI] [VRAM] After DA3_MultiViewPointCloud: 3527 / 24124 MB
  [ComfyUI] [VRAM] Loaded: SubprocessModel (783 MB)
  [ComfyUI] [comfy-env] Running DA3_SavePointCloud: filename_prefix: 'pointcloud', pointcloud: list[1]
  [ComfyUI] [VRAM] Before DA3_SavePointCloud: 3527 / 24124 MB
  [ComfyUI] [VRAM] Loaded: SubprocessModel (783 MB)
  [ComfyUI] [SubprocessWorker] call_method: nodes.nodes_3d.DA3_SavePointCloud.EXECUTE_NORMALIZED
  [ComfyUI] [SubprocessWorker] acquired lock, ensuring started...
  [ComfyUI] [ComfyUI-DepthAnythingV3] Health check: ping (timeout=5.0s)...
  [ComfyUI] [ComfyUI-DepthAnythingV3] Health check: ok
  [ComfyUI] [SubprocessWorker] worker started/confirmed
  [ComfyUI] [SubprocessWorker] serializing kwargs to shm...
  [ComfyUI] [SubprocessWorker] created 0 shm blocks
  [ComfyUI] [SubprocessWorker] sending request via socket...
  [ComfyUI] [SubprocessWorker] call_id=17 sending call_method
  [ComfyUI] [worker:ComfyUI-DepthAnythingV3] [comfy-env] _from_shm got dict with keys: ['__type__', 'strategy', 'parent_pid', 'fd', 'storage_size']
  [ComfyUI] [worker:ComfyUI-DepthAnythingV3] [comfy-env] DESERIALIZE TensorRef: tensor_size=[18824, 3]
  [ComfyUI] [worker:ComfyUI-DepthAnythingV3] [comfy-env] DESERIALIZED tensor shape: torch.Size([18824, 3])
  [ComfyUI] [worker:ComfyUI-DepthAnythingV3] [comfy-env] _from_shm got dict with keys: ['__type__', 'strategy', 'parent_pid', 'fd', 'storage_size']
  [ComfyUI] [worker:ComfyUI-DepthAnythingV3] [comfy-env] DESERIALIZE TensorRef: tensor_size=[18824, 3]
  [ComfyUI] [worker:ComfyUI-DepthAnythingV3] [comfy-env] DESERIALIZED tensor shape: torch.Size([18824, 3])
  [ComfyUI] [worker:ComfyUI-DepthAnythingV3] [comfy-env] _from_shm got dict with keys: ['__type__', 'strategy', 'parent_pid', 'fd', 'storage_size']
  [ComfyUI] [worker:ComfyUI-DepthAnythingV3] [comfy-env] DESERIALIZE TensorRef: tensor_size=[18824]
  [ComfyUI] [worker:ComfyUI-DepthAnythingV3] [comfy-env] DESERIALIZED tensor shape: torch.Size([18824])
  [ComfyUI] [worker:ComfyUI-DepthAnythingV3] [comfy-env] _from_shm got dict with keys: ['__type__', 'strategy', 'parent_pid', 'fd', 'storage_size']
  [ComfyUI] [worker:ComfyUI-DepthAnythingV3] [comfy-env] DESERIALIZE TensorRef: tensor_size=[18824]
  [ComfyUI] [worker:ComfyUI-DepthAnythingV3] [comfy-env] DESERIALIZED tensor shape: torch.Size([18824])
  [ComfyUI] [worker:ComfyUI-DepthAnythingV3] [VRAM] -448MB (now 793MB) reserved=2880MB peak=1628MB
  [ComfyUI] [SubprocessWorker] got response: ok
  [ComfyUI] [comfy-env] DA3_SavePointCloud done (0.46s): result: NodeOutput
  [ComfyUI] [VRAM] After DA3_SavePointCloud: 3527 / 24124 MB
  [ComfyUI] [VRAM] Loaded: SubprocessModel (783 MB)
  [ComfyUI] [comfy-env] Running DA3_SavePointCloud: filename_prefix: 'pointcloud', pointcloud: list[1]
  [ComfyUI] [VRAM] Before DA3_SavePointCloud: 3527 / 24124 MB
  [ComfyUI] [VRAM] Loaded: SubprocessModel (783 MB)
  [ComfyUI] [SubprocessWorker] call_method: nodes.nodes_3d.DA3_SavePointCloud.EXECUTE_NORMALIZED
  [ComfyUI] [SubprocessWorker] acquired lock, ensuring started...
  [ComfyUI] [ComfyUI-DepthAnythingV3] Health check: ping (timeout=5.0s)...
  [ComfyUI] [ComfyUI-DepthAnythingV3] Health check: ok
  [ComfyUI] [SubprocessWorker] worker started/confirmed
  [ComfyUI] [SubprocessWorker] serializing kwargs to shm...
  [ComfyUI] [SubprocessWorker] created 0 shm blocks
  [ComfyUI] [SubprocessWorker] sending request via socket...
  [ComfyUI] [SubprocessWorker] call_id=18 sending call_method
  [ComfyUI] [worker:ComfyUI-DepthAnythingV3] [comfy-env] _from_shm got dict with keys: ['__type__', 'strategy', 'parent_pid', 'fd', 'storage_size']
  [ComfyUI] [worker:ComfyUI-DepthAnythingV3] [comfy-env] DESERIALIZE TensorRef: tensor_size=[20457, 3]
  [ComfyUI] [worker:ComfyUI-DepthAnythingV3] [comfy-env] DESERIALIZED tensor shape: torch.Size([20457, 3])
  [ComfyUI] [worker:ComfyUI-DepthAnythingV3] [comfy-env] _from_shm got dict with keys: ['__type__', 'strategy', 'parent_pid', 'fd', 'storage_size']
  [ComfyUI] [worker:ComfyUI-DepthAnythingV3] [comfy-env] DESERIALIZE TensorRef: tensor_size=[20457, 3]
  [ComfyUI] [worker:ComfyUI-DepthAnythingV3] [comfy-env] DESERIALIZED tensor shape: torch.Size([20457, 3])
  [ComfyUI] [worker:ComfyUI-DepthAnythingV3] [comfy-env] _from_shm got dict with keys: ['__type__', 'strategy', 'parent_pid', 'fd', 'storage_size']
  [ComfyUI] [worker:ComfyUI-DepthAnythingV3] [comfy-env] DESERIALIZE TensorRef: tensor_size=[20457]
  [ComfyUI] [worker:ComfyUI-DepthAnythingV3] [comfy-env] DESERIALIZED tensor shape: torch.Size([20457])
  [ComfyUI] [worker:ComfyUI-DepthAnythingV3] [comfy-env] _from_shm got dict with keys: ['__type__', 'strategy', 'parent_pid', 'fd', 'storage_size']
  [ComfyUI] [worker:ComfyUI-DepthAnythingV3] [comfy-env] DESERIALIZE TensorRef: tensor_size=[20457]
  [ComfyUI] [worker:ComfyUI-DepthAnythingV3] [comfy-env] DESERIALIZED tensor shape: torch.Size([20457])
  [ComfyUI] [SubprocessWorker] got response: ok
  [ComfyUI] [comfy-env] DA3_SavePointCloud done (0.47s): result: NodeOutput
  [ComfyUI] [VRAM] After DA3_SavePointCloud: 3527 / 24124 MB
  [ComfyUI] [VRAM] Loaded: SubprocessModel (783 MB)
  [ComfyUI] [comfy-env] Running DA3_PreviewPointCloud: file_path: '/workspaces/DepthAnythingV3-1418/ComfyUI/output/pointclo..., color_mode: 'RGB'
  [ComfyUI] [VRAM] Before DA3_PreviewPointCloud: 3527 / 24124 MB
  [ComfyUI] [VRAM] Loaded: SubprocessModel (783 MB)
  [ComfyUI] [SubprocessWorker] call_method: nodes.preview_nodes.DA3_PreviewPointCloud.EXECUTE_NORMALIZED
  [ComfyUI] [SubprocessWorker] acquired lock, ensuring started...
  [ComfyUI] [ComfyUI-DepthAnythingV3] Health check: ping (timeout=5.0s)...
  [ComfyUI] [ComfyUI-DepthAnythingV3] Health check: ok
  [ComfyUI] [SubprocessWorker] worker started/confirmed
  [ComfyUI] [SubprocessWorker] serializing kwargs to shm...
  [ComfyUI] [SubprocessWorker] created 0 shm blocks
  [ComfyUI] [SubprocessWorker] sending request via socket...
  [ComfyUI] [SubprocessWorker] call_id=19 sending call_method
  [ComfyUI] [SubprocessWorker] got response: ok
  [ComfyUI] [comfy-env] DA3_PreviewPointCloud done (0.06s): result: NodeOutput
  [ComfyUI] [VRAM] After DA3_PreviewPointCloud: 3527 / 24124 MB
  [ComfyUI] [VRAM] Loaded: SubprocessModel (783 MB)
  [ComfyUI] [comfy-env] Running DA3_PreviewPointCloud: file_path: '/workspaces/DepthAnythingV3-1418/ComfyUI/output/pointclo..., color_mode: 'RGB'
  [ComfyUI] [VRAM] Before DA3_PreviewPointCloud: 3527 / 24124 MB
  [ComfyUI] [VRAM] Loaded: SubprocessModel (783 MB)
  [ComfyUI] [SubprocessWorker] call_method: nodes.preview_nodes.DA3_PreviewPointCloud.EXECUTE_NORMALIZED
  [ComfyUI] [SubprocessWorker] acquired lock, ensuring started...
  [ComfyUI] [ComfyUI-DepthAnythingV3] Health check: ping (timeout=5.0s)...
  [ComfyUI] [ComfyUI-DepthAnythingV3] Health check: ok
  [ComfyUI] [SubprocessWorker] worker started/confirmed
  [ComfyUI] [SubprocessWorker] serializing kwargs to shm...
  [ComfyUI] [SubprocessWorker] created 0 shm blocks
  [ComfyUI] [SubprocessWorker] sending request via socket...
  [ComfyUI] [SubprocessWorker] call_id=20 sending call_method
  [ComfyUI] [SubprocessWorker] got response: ok
  [ComfyUI] [comfy-env] DA3_PreviewPointCloud done (0.07s): result: NodeOutput
  [ComfyUI] [VRAM] After DA3_PreviewPointCloud: 3527 / 24124 MB
  [ComfyUI] [VRAM] Loaded: SubprocessModel (783 MB)
  [ComfyUI] Prompt executed in 9.97 seconds
  Frame 4 saved (frame_003.jpg, t=10.0s)
  [capture-periodic] freeze=3ms shot=208ms unfreeze=5ms saved=True
  Node executed (4 total), capturing...
  Frame 5 saved (frame_004.jpg, t=10.6s)
  [capture-node] freeze=4ms shot=307ms unfreeze=22ms saved=True
  Execution complete (t=11.1s)
  Captured 5 unique frames over 11.14s
  [debug] iframes: 1
  [debug]   iframe[0]: src=http://127.0.0.1:41890/extensions/ComfyUI-DepthAnythingV3/viewer_vtk.html?v=1778, canvas=486x394, rafFrozen=False
  [timing] trigger_3d_previews: 0.0s
  Saved high-quality screenshot: advanced_3d_multiview_executed.png
  [timing] final_screenshot: 0.5s
    Captured 6 video frames