Capturing execution frames: da3_streaming.json
  Frame 1 saved (frame_000.jpg, t=0.0s)
  Validating workflow...
  [ComfyUI] === /validate endpoint called ===
  [ComfyUI] Received JSON with keys: ['prompt']
  [ComfyUI] Prompt has 5 nodes
  [ComfyUI]   Node 2: DownloadAndLoadDepthAnythingV3Model
  [ComfyUI]     Inputs: {"model": "da3_large.safetensors", "precision": "auto", "attention": "auto"}
  [ComfyUI]   Node 3: LoadVideo
  Queuing workflow for execution...
  [ComfyUI]     Inputs: {"file": "robot_unitree.mp4", "video-preview": ""}
  [ComfyUI]   Node 4: SaveVideo
  [ComfyUI]     Inputs: {"filename_prefix": "video/preview_da3", "format": "auto", "codec": "auto", "video": ["6", 0]}
  [ComfyUI]   Node 5: LoadSALADModel
  [ComfyUI]     Inputs: {}
  [ComfyUI]   Node 6: DepthAnythingV3_Streaming
  [ComfyUI]     Inputs: {"normalization_mode": "Standard", "chunk_size": 30, "overlap": 8, "align_lib": "auto", "align_method": "sim3", "resize_method": "resize", "invert_depth": true, "save_pointcloud": false, "sample_ratio
  [ComfyUI] Generated prompt_id: e9d6cf88-e200-439f-ba6a-d03d676c40a7
  [ComfyUI] Calling execution.validate_prompt()...
  [ComfyUI] Validation result: valid=True
  [ComfyUI] === Validation PASSED ===
  [ComfyUI] got prompt
  [ComfyUI] [comfy-env] Running LoadSALADModel:
  [ComfyUI] [VRAM] Before LoadSALADModel: 508 / 7703 MB
  [ComfyUI] [SubprocessWorker] call_method: nodes.load_model.LoadSALADModel.EXECUTE_NORMALIZED
  [ComfyUI] [SubprocessWorker] acquired lock, ensuring started...
  [ComfyUI] [ComfyUI-DepthAnythingV3] Health check: ping (timeout=5.0s)...
  [ComfyUI] [ComfyUI-DepthAnythingV3] Health check: failed
  [ComfyUI] [ComfyUI-DepthAnythingV3] Socket unhealthy, restarting worker...
  [ComfyUI] [comfy-env] Invalidated 1 stale model patchers (will be cleaned up during next unload)
  [ComfyUI] [ComfyUI-DepthAnythingV3] python: /workspaces/DepthAnythingV3-1139/ComfyUI/.ce/.pixi/envs/depthanythingv3-nodes/bin/python
  [ComfyUI] [ComfyUI-DepthAnythingV3] sys_path sent to worker: ['/workspaces/DepthAnythingV3-1139/ComfyUI', '/workspaces/DepthAnythingV3-1139/ComfyUI/custom_nodes/ComfyUI-DepthAnythingV3', '/workspaces/DepthAnythingV3-1139/ComfyUI/.ce/.pixi/envs/depthanythingv3-nodes/lib/python3.10/site-packages', '/workspaces/DepthAnythingV3-1139/ComfyUI/custom_nodes/ComfyUI-DepthAnythingV3']
  [ComfyUI] [SubprocessWorker] is_pixi=True, python=/workspaces/DepthAnythingV3-1139/ComfyUI/.ce/.pixi/envs/depthanythingv3-nodes/bin/python
  [ComfyUI] [SubprocessWorker] launching cmd=['/root/.pixi/bin/pixi', 'run', '--as-is', '--manifest-path', '/workspaces/DepthAnythingV3-1139/ComfyUI/.ce/pixi.toml', '-e', 'depthanythingv3-nodes', 'python', '/tmp/comfyui_pvenv_z859yumd/persistent_worker.py', 'abstract://comfy_worker_140621367b88']...
  [ComfyUI] [SubprocessWorker] socket_addr=abstract://comfy_worker_140621367b88 (abstract, no filesystem path)
  [ComfyUI] [worker:ComfyUI-DepthAnythingV3] WARNING: WARNING: You need pytorch with cu130 or higher to use optimized CUDA operations.
  Frame 2 saved (frame_001.jpg, t=2.3s)
  [capture-periodic] freeze=2ms shot=149ms unfreeze=9ms saved=True
  [ComfyUI] [SubprocessWorker] worker started/confirmed
  [ComfyUI] [SubprocessWorker] sending request via socket...
  [ComfyUI] [SubprocessWorker] call_id=27 sending call_method
  [ComfyUI] 
  Frame 3 saved (frame_002.jpg, t=4.6s)
  [capture-periodic] freeze=2ms shot=157ms unfreeze=11ms saved=True
  [capture-loop] iter=50 t=5.8s state={'complete': False, 'error': None, 'executedCount': 0, 'wsState': 1} eval_ms=3
  Frame 4 saved (frame_003.jpg, t=6.9s)
  [capture-periodic] freeze=2ms shot=159ms unfreeze=8ms saved=True
  [ComfyUI] dino_salad.safetensors:   0%|          | 0.00/352M [00:00<?, ?B/s]
  [ComfyUI] dino_salad.safetensors: 100%|██████████| 352M/352M [00:04<00:00, 82.4MB/s][SubprocessWorker] callback 'report_progress' from call_id=27
  [ComfyUI] 
  [ComfyUI] dino_salad.safetensors: 100%|██████████| 352M/352M [00:04<00:00, 80.6MB/s]
  [ComfyUI] [SubprocessWorker] got response: ok
  [ComfyUI] [comfy-env] [VRAM] Before offload 'DepthAnything3Net_1' (783 MB) -> cpu: 270 / 7703 MB
  [ComfyUI] [ComfyUI-DepthAnythingV3] Health check: ping (timeout=5.0s)...
  [ComfyUI] [ComfyUI-DepthAnythingV3] Health check: ok
  [ComfyUI] [SubprocessWorker] call_id=28 sending model_to_device
  [ComfyUI] Model 'DepthAnything3Net_1' gone from worker (restarted?), treating as offloaded
  [ComfyUI] [comfy-env] [VRAM] After offload 'DepthAnything3Net_1' (783 MB): 270 / 7703 MB
  [ComfyUI] [comfy-env] LoadSALADModel done (7.22s): result: NodeOutput
  [ComfyUI] [VRAM] After LoadSALADModel: 270 / 7703 MB
  [ComfyUI] [comfy-env] Running DownloadAndLoadDepthAnythingV3Model: model: 'da3_large.safetensors', precision: 'auto', attention: 'auto'
  [ComfyUI] [VRAM] Before DownloadAndLoadDepthAnythingV3Model: 270 / 7703 MB
  [ComfyUI] [SubprocessWorker] call_method: nodes.load_model.DownloadAndLoadDepthAnythingV3Model.EXECUTE_NORMALIZED
  [ComfyUI] [SubprocessWorker] acquired lock, ensuring started...
  [ComfyUI] [ComfyUI-DepthAnythingV3] Health check: ping (timeout=5.0s)...
  [ComfyUI] [ComfyUI-DepthAnythingV3] Health check: ok
  [ComfyUI] [SubprocessWorker] worker started/confirmed
  [ComfyUI] [SubprocessWorker] serializing kwargs to shm...
  [ComfyUI] [SubprocessWorker] created 0 shm blocks
  [ComfyUI] [SubprocessWorker] sending request via socket...
  [ComfyUI] [SubprocessWorker] call_id=29 sending call_method
  [ComfyUI] [SubprocessWorker] got response: ok
  [ComfyUI] [comfy-env] DownloadAndLoadDepthAnythingV3Model done (0.02s): result: NodeOutput
  [ComfyUI] [VRAM] After DownloadAndLoadDepthAnythingV3Model: 270 / 7703 MB
  [ComfyUI] [comfy-env] Running DepthAnythingV3_Streaming: normalization_mode: 'Standard', chunk_size: 30, overlap: 8, align_lib: 'auto', align_method: 'sim3', resize_method: 'resize', invert_depth: True, save_pointcloud: False, sample_ratio: 0.015, conf_threshold_coef: 0.75, da3_model: dict, video: VideoFromFile, salad_model: dict
  [ComfyUI] [VRAM] Before DepthAnythingV3_Streaming: 270 / 7703 MB
  [ComfyUI] [SubprocessWorker] call_method: nodes.streaming.node.DepthAnythingV3_Streaming.EXECUTE_NORMALIZED
  [ComfyUI] [SubprocessWorker] acquired lock, ensuring started...
  [ComfyUI] [ComfyUI-DepthAnythingV3] Health check: ping (timeout=5.0s)...
  [ComfyUI] [ComfyUI-DepthAnythingV3] Health check: ok
  [ComfyUI] [SubprocessWorker] worker started/confirmed
  [ComfyUI] [SubprocessWorker] serializing kwargs to shm...
  [ComfyUI] [SubprocessWorker] created 1 shm blocks
  [ComfyUI] [SubprocessWorker] sending request via socket...
  [ComfyUI] [SubprocessWorker] call_id=30 sending call_method
  Frame 5 saved (frame_004.jpg, t=9.2s)
  [capture-periodic] freeze=2ms shot=148ms unfreeze=10ms saved=True
  [ComfyUI] [SubprocessWorker] callback 'request_vram_budget' from call_id=30
  [ComfyUI] [comfy-env] VRAM request: 1.17GB, free before eviction: 7.79GB
  [ComfyUI] [comfy-env] VRAM after eviction: 7.79GB
  [ComfyUI] [worker:ComfyUI-DepthAnythingV3] [VRAM] +276MB (now 276MB) reserved=288MB peak=276MB
  [capture-loop] iter=100 t=11.4s state={'complete': False, 'error': None, 'executedCount': 0, 'wsState': 1} eval_ms=2
  Frame 6 saved (frame_005.jpg, t=11.4s)
  [capture-periodic] freeze=2ms shot=111ms unfreeze=2ms saved=True
  [ComfyUI] [worker:ComfyUI-DepthAnythingV3] [VRAM] +842MB (now 1119MB) reserved=1120MB peak=1119MB
  [ComfyUI] [SubprocessWorker] callback 'report_progress' from call_id=30
  [ComfyUI] [worker:ComfyUI-DepthAnythingV3] [VRAM] +276MB (now 1395MB) reserved=1408MB peak=1395MB
  [ComfyUI] [worker:ComfyUI-DepthAnythingV3] [VRAM] +1240MB (now 2635MB) reserved=4032MB peak=3161MB
  [ComfyUI] [worker:ComfyUI-DepthAnythingV3] [VRAM] +350MB (now 2986MB) reserved=4480MB peak=3161MB
  [capture-loop] iter=150 t=17.1s state={'complete': False, 'error': None, 'executedCount': 0, 'wsState': 1} eval_ms=2
  [ComfyUI] [worker:ComfyUI-DepthAnythingV3] [VRAM] +350MB (now 3337MB) reserved=4928MB peak=3337MB
  [ComfyUI] [worker:ComfyUI-DepthAnythingV3] [VRAM] +350MB (now 3688MB) reserved=5280MB peak=3688MB
  [ComfyUI] [worker:ComfyUI-DepthAnythingV3] [VRAM] +981MB (now 4669MB) reserved=4928MB peak=4669MB
  [ComfyUI] [worker:ComfyUI-DepthAnythingV3] [VRAM] -340MB (now 4329MB) reserved=4832MB peak=4669MB
  [capture-loop] iter=200 t=22.5s state={'complete': False, 'error': None, 'executedCount': 0, 'wsState': 1} eval_ms=2
  [ComfyUI] [worker:ComfyUI-DepthAnythingV3] [VRAM] +206MB (now 4535MB) reserved=5760MB peak=4669MB
  [ComfyUI] [SubprocessWorker] callback 'report_progress' from call_id=30
  Frame 7 saved (frame_006.jpg, t=24.8s)
  [capture-periodic] freeze=8ms shot=157ms unfreeze=7ms saved=True
  [ComfyUI] [worker:ComfyUI-DepthAnythingV3] [VRAM] -2076MB (now 2460MB) reserved=3520MB peak=4669MB
  [ComfyUI] [worker:ComfyUI-DepthAnythingV3] [VRAM] +526MB (now 2986MB) reserved=4160MB peak=4669MB
  [ComfyUI] [worker:ComfyUI-DepthAnythingV3] [VRAM] +350MB (now 3337MB) reserved=4576MB peak=4669MB
  Frame 8 saved (frame_007.jpg, t=27.1s)
  [capture-periodic] freeze=2ms shot=158ms unfreeze=91ms saved=True
  [ComfyUI] [worker:ComfyUI-DepthAnythingV3] [VRAM] +350MB (now 3688MB) reserved=4928MB peak=4669MB
  [capture-loop] iter=250 t=28.4s state={'complete': False, 'error': None, 'executedCount': 0, 'wsState': 1} eval_ms=2
  [ComfyUI] [worker:ComfyUI-DepthAnythingV3] [VRAM] +568MB (now 4257MB) reserved=4544MB peak=4669MB
  [ComfyUI] [worker:ComfyUI-DepthAnythingV3] [VRAM] +206MB (now 4463MB) reserved=5472MB peak=4669MB
  [capture-loop] iter=300 t=33.9s state={'complete': False, 'error': None, 'executedCount': 0, 'wsState': 1} eval_ms=2
  [ComfyUI] [worker:ComfyUI-DepthAnythingV3] [VRAM] -2947MB (now 1517MB) reserved=7264MB peak=4669MB
  [ComfyUI] [SubprocessWorker] callback 'report_progress' from call_id=30
  [ComfyUI] [worker:ComfyUI-DepthAnythingV3] [VRAM] +1118MB (now 2635MB) reserved=4064MB peak=4669MB
  [ComfyUI] [worker:ComfyUI-DepthAnythingV3] [VRAM] +350MB (now 2986MB) reserved=4416MB peak=4669MB
  Frame 9 saved (frame_008.jpg, t=36.2s)
  [capture-periodic] freeze=2ms shot=155ms unfreeze=7ms saved=True
  [ComfyUI] [worker:ComfyUI-DepthAnythingV3] [VRAM] +350MB (now 3337MB) reserved=4832MB peak=4669MB
  [ComfyUI] [worker:ComfyUI-DepthAnythingV3] [VRAM] +350MB (now 3688MB) reserved=5120MB peak=4669MB
  Frame 10 saved (frame_009.jpg, t=38.5s)
  [capture-periodic] freeze=1ms shot=152ms unfreeze=7ms saved=True
  [ComfyUI] [worker:ComfyUI-DepthAnythingV3] [VRAM] +568MB (now 4257MB) reserved=4544MB peak=4669MB
  [capture-loop] iter=350 t=39.7s state={'complete': False, 'error': None, 'executedCount': 0, 'wsState': 1} eval_ms=1
  [ComfyUI] [worker:ComfyUI-DepthAnythingV3] [VRAM] +206MB (now 4463MB) reserved=5440MB peak=4669MB
  [ComfyUI] [worker:ComfyUI-DepthAnythingV3] [VRAM] -2947MB (now 1517MB) reserved=7264MB peak=4669MB
  [ComfyUI] [SubprocessWorker] callback 'report_progress' from call_id=30
  [ComfyUI] [worker:ComfyUI-DepthAnythingV3] [VRAM] +1118MB (now 2635MB) reserved=4064MB peak=4669MB
  [capture-loop] iter=400 t=45.2s state={'complete': False, 'error': None, 'executedCount': 0, 'wsState': 1} eval_ms=1
  Frame 11 saved (frame_010.jpg, t=45.2s)
  [capture-periodic] freeze=2ms shot=163ms unfreeze=7ms saved=True
  [ComfyUI] [worker:ComfyUI-DepthAnythingV3] [VRAM] +350MB (now 2986MB) reserved=4416MB peak=4669MB
  [ComfyUI] [worker:ComfyUI-DepthAnythingV3] [VRAM] +350MB (now 3337MB) reserved=4832MB peak=4669MB
  [ComfyUI] [worker:ComfyUI-DepthAnythingV3] [VRAM] +350MB (now 3688MB) reserved=5120MB peak=4669MB
  [ComfyUI] [worker:ComfyUI-DepthAnythingV3] [VRAM] +568MB (now 4257MB) reserved=4544MB peak=4669MB
  [capture-loop] iter=450 t=50.9s state={'complete': False, 'error': None, 'executedCount': 0, 'wsState': 1} eval_ms=2
  [ComfyUI] [worker:ComfyUI-DepthAnythingV3] [VRAM] +206MB (now 4463MB) reserved=5440MB peak=4669MB
  [ComfyUI] [worker:ComfyUI-DepthAnythingV3] [VRAM] -2947MB (now 1517MB) reserved=7264MB peak=4669MB
  [ComfyUI] [SubprocessWorker] callback 'report_progress' from call_id=30
  Frame 12 saved (frame_011.jpg, t=54.2s)
  [capture-periodic] freeze=9ms shot=149ms unfreeze=7ms saved=True
  [ComfyUI] [worker:ComfyUI-DepthAnythingV3] [VRAM] +943MB (now 2460MB) reserved=3520MB peak=4669MB
  [ComfyUI] [worker:ComfyUI-DepthAnythingV3] [VRAM] +526MB (now 2986MB) reserved=4160MB peak=4669MB
  [capture-loop] iter=500 t=56.5s state={'complete': False, 'error': None, 'executedCount': 0, 'wsState': 1} eval_ms=2
  Frame 13 saved (frame_012.jpg, t=56.5s)
  [capture-periodic] freeze=2ms shot=149ms unfreeze=6ms saved=True
  [ComfyUI] [worker:ComfyUI-DepthAnythingV3] [VRAM] +350MB (now 3337MB) reserved=4576MB peak=4669MB
  [ComfyUI] [worker:ComfyUI-DepthAnythingV3] [VRAM] +350MB (now 3688MB) reserved=4928MB peak=4669MB
  [ComfyUI] [worker:ComfyUI-DepthAnythingV3] [VRAM] +568MB (now 4257MB) reserved=4544MB peak=4669MB
  [ComfyUI] [worker:ComfyUI-DepthAnythingV3]
  [ComfyUI] === WATCHDOG TICK 1 ===
  [ComfyUI] [worker:ComfyUI-DepthAnythingV3] Thread 0x0000734fd50af640 (most recent call first):
  [ComfyUI]   File "/workspaces/DepthAnythingV3-1139/ComfyUI/.ce/.pixi/envs/depthanythingv3-nodes/lib/python3.10/threading.py", line 324 in wait
  [ComfyUI]   File "/workspaces/DepthAnythingV3-1139/ComfyUI/.ce/.pixi/envs/depthanythingv3-nodes/lib/python3.10/threading.py", line 607 in wait
  [ComfyUI]   File "/workspaces/DepthAnythingV3-1139/ComfyUI/.ce/.pixi/envs/depthanythingv3-nodes/lib/python3.10/site-packages/tqdm/_monitor.py", line 60 in run
  [ComfyUI]   File "/workspaces/DepthAnythingV3-1139/ComfyUI/.ce/.pixi/envs/depthanythingv3-nodes/lib/python3.10/threading.py", line 1016 in _bootstrap_inner
  [ComfyUI]   File "/workspaces/DepthAnythingV3-1139/ComfyUI/.ce/.pixi/envs/depthanythingv3-nodes/lib/python3.10/threading.py", line 973 in _bootstrap
  [ComfyUI] 
  [ComfyUI] Thread 0x0000735379aae640 (most recent call first):
  [ComfyUI]   File "/tmp/comfyui_pvenv_z859yumd/persistent_worker.py", line 106 in _vram_poller
  [ComfyUI]   File "/workspaces/DepthAnythingV3-1139/ComfyUI/.ce/.pixi/envs/depthanythingv3-nodes/lib/python3.10/threading.py", line 953 in run
  [ComfyUI]   File "/workspaces/DepthAnythingV3-1139/ComfyUI/.ce/.pixi/envs/depthanythingv3-nodes/lib/python3.10/threading.py", line 1016 in _bootstrap_inner
  [ComfyUI]   File "/workspaces/DepthAnythingV3-1139/ComfyUI/.ce/.pixi/envs/depthanythingv3-nodes/lib/python3.10/threading.py", line 973 in _bootstrap
  [ComfyUI] 
  [ComfyUI] Current thread 0x000073537a2af640 (most recent call first):
  [ComfyUI]   File "/tmp/comfyui_pvenv_z859yumd/persistent_worker.py", line 52 in _watchdog
  [ComfyUI]   File "/workspaces/DepthAnythingV3-1139/ComfyUI/.ce/.pixi/envs/depthanythingv3-nodes/lib/python3.10/threading.py", line 953 in run
  [ComfyUI]   File "/workspaces/DepthAnythingV3-1139/ComfyUI/.ce/.pixi/envs/depthanythingv3-nodes/lib/python3.10/threading.py", line 1016 in _bootstrap_inner
  [ComfyUI]   File "/workspaces/DepthAnythingV3-1139/ComfyUI/.ce/.pixi/envs/depthanythingv3-nodes/lib/python3.10/threading.py", line 973 in _bootstrap
  [ComfyUI] 
  [ComfyUI] Thread 0x000073537a885740 (most recent call first):
  [ComfyUI]   File "/workspaces/DepthAnythingV3-1139/ComfyUI/.ce/.pixi/envs/depthanythingv3-nodes/lib/python3.10/site-packages/torch/nn/functional.py", line 4877 in interpolate
  [ComfyUI]   File "/workspaces/DepthAnythingV3-1139/ComfyUI/custom_nodes/ComfyUI-DepthAnythingV3/nodes/depth_anything_v3/model.py", line 179 in custom_interpolate
  [ComfyUI]   File "/workspaces/DepthAnythingV3-1139/ComfyUI/custom_nodes/ComfyUI-DepthAnythingV3/nodes/depth_anything_v3/model.py", line 1417 in _forward_impl
  [ComfyUI]   File "/workspaces/DepthAnythingV3-1139/ComfyUI/custom_nodes/ComfyUI-DepthAnythingV3/nodes/depth_anything_v3/model.py", line 1379 in forward
  [ComfyUI]   File "/workspaces/DepthAnythingV3-1139/ComfyUI/.ce/.pixi/envs/depthanythingv3-nodes/lib/python3.10/site-packages/torch/nn/modules/module.py", line 1790 in _call_impl
  [ComfyUI]   File "/workspaces/DepthAnythingV3-1139/ComfyUI/.ce/.pixi/envs/depthanythingv3-nodes/lib/python3.10/site-packages/torch/nn/modules/module.py", line 1779 in _wrapped_call_impl
  [ComfyUI]   File "/workspaces/DepthAnythingV3-1139/ComfyUI/custom_nodes/ComfyUI-DepthAnythingV3/nodes/depth_anything_v3/model.py", line 1591 in _process_depth_head
  [ComfyUI]   File "/workspaces/DepthAnythingV3-1139/ComfyUI/custom_nodes/ComfyUI-DepthAnythingV3/nodes/depth_anything_v3/model.py", line 1577 in forward
  [ComfyUI]   File "/workspaces/DepthAnythingV3-1139/ComfyUI/.ce/.pixi/envs/depthanythingv3-nodes/lib/python3.10/site-packages/torch/nn/modules/module.py", line 1790 in _call_impl
  [ComfyUI]   File "/workspaces/DepthAnythingV3-1139/ComfyUI/.ce/.pixi/envs/depthanythingv3-nodes/lib/python3.10/site-packages/torch/nn/modules/module.py", line 1779 in _wrapped_call_impl
  [ComfyUI]   File "/workspaces/DepthAnythingV3-1139/ComfyUI/custom_nodes/ComfyUI-DepthAnythingV3/nodes/streaming/pipeline.py", line 330 in _process_chunk
  [ComfyUI]   File "/workspaces/DepthAnythingV3-1139/ComfyUI/custom_nodes/ComfyUI-DepthAnythingV3/nodes/streaming/pipeline.py", line 277 in run
  [ComfyUI]   File "/workspaces/DepthAnythingV3-1139/ComfyUI/custom_nodes/ComfyUI-DepthAnythingV3/nodes/streaming/node.py", line 249 in execute
  [ComfyUI]   File "/workspaces/DepthAnythingV3-1139/ComfyUI/comfy_api/latest/_io.py", line 1833 in EXECUTE_NORMALIZED
  [ComfyUI]   File "/tmp/comfyui_pvenv_z859yumd/persistent_worker.py", line 1762 in main
  [ComfyUI]   File "/tmp/comfyui_pvenv_z859yumd/persistent_worker.py", line 1807 in <module>
  [ComfyUI] 
  [ComfyUI] [worker:ComfyUI-DepthAnythingV3] === END ===
  [ComfyUI] 
  [capture-loop] iter=550 t=62.2s state={'complete': False, 'error': None, 'executedCount': 0, 'wsState': 1} eval_ms=2
  [ComfyUI] [worker:ComfyUI-DepthAnythingV3] [VRAM] +206MB (now 4463MB) reserved=5440MB peak=4669MB
  [ComfyUI] [worker:ComfyUI-DepthAnythingV3] [VRAM] -2947MB (now 1517MB) reserved=7264MB peak=4669MB
  [ComfyUI] [SubprocessWorker] callback 'report_progress' from call_id=30
  [ComfyUI] [worker:ComfyUI-DepthAnythingV3] [VRAM] +943MB (now 2460MB) reserved=3520MB peak=4669MB
  Frame 14 saved (frame_013.jpg, t=65.5s)
  [capture-periodic] freeze=1ms shot=147ms unfreeze=7ms saved=True
  [ComfyUI] [worker:ComfyUI-DepthAnythingV3] [VRAM] +526MB (now 2986MB) reserved=4160MB peak=4669MB
  [ComfyUI] [worker:ComfyUI-DepthAnythingV3] [VRAM] +350MB (now 3337MB) reserved=4576MB peak=4669MB
  [capture-loop] iter=600 t=67.8s state={'complete': False, 'error': None, 'executedCount': 0, 'wsState': 1} eval_ms=2
  [ComfyUI] [worker:ComfyUI-DepthAnythingV3] [VRAM] +350MB (now 3688MB) reserved=4928MB peak=4669MB
  Frame 15 saved (frame_014.jpg, t=67.8s)
  [capture-periodic] freeze=2ms shot=151ms unfreeze=7ms saved=True
  [ComfyUI] [worker:ComfyUI-DepthAnythingV3] [VRAM] +568MB (now 4257MB) reserved=4544MB peak=4669MB
  [ComfyUI] [worker:ComfyUI-DepthAnythingV3] [VRAM] +206MB (now 4463MB) reserved=5440MB peak=4669MB
  [capture-loop] iter=650 t=73.4s state={'complete': False, 'error': None, 'executedCount': 0, 'wsState': 1} eval_ms=2
  [ComfyUI] [worker:ComfyUI-DepthAnythingV3] [VRAM] -2947MB (now 1517MB) reserved=7264MB peak=4669MB
  [ComfyUI] [SubprocessWorker] callback 'report_progress' from call_id=30
  Frame 16 saved (frame_015.jpg, t=74.5s)
  [capture-periodic] freeze=1ms shot=151ms unfreeze=7ms saved=True
  [ComfyUI] [worker:ComfyUI-DepthAnythingV3] [VRAM] +943MB (now 2460MB) reserved=3520MB peak=4669MB
  [ComfyUI] [worker:ComfyUI-DepthAnythingV3] [VRAM] +526MB (now 2986MB) reserved=4160MB peak=4669MB
  [ComfyUI] [worker:ComfyUI-DepthAnythingV3] [VRAM] +350MB (now 3337MB) reserved=4576MB peak=4669MB
  Frame 17 saved (frame_016.jpg, t=76.7s)
  [capture-periodic] freeze=1ms shot=153ms unfreeze=2ms saved=True
  [ComfyUI] [worker:ComfyUI-DepthAnythingV3] [VRAM] +350MB (now 3688MB) reserved=4928MB peak=4669MB
  [capture-loop] iter=700 t=79.0s state={'complete': False, 'error': None, 'executedCount': 0, 'wsState': 1} eval_ms=2
  [ComfyUI] [worker:ComfyUI-DepthAnythingV3] [VRAM] +568MB (now 4257MB) reserved=4544MB peak=4669MB
  [ComfyUI] [worker:ComfyUI-DepthAnythingV3] [VRAM] +206MB (now 4463MB) reserved=5472MB peak=4669MB
  [ComfyUI] [worker:ComfyUI-DepthAnythingV3] [VRAM] -2947MB (now 1517MB) reserved=6912MB peak=4669MB
  [ComfyUI] [SubprocessWorker] callback 'report_progress' from call_id=30
  [capture-loop] iter=750 t=84.7s state={'complete': False, 'error': None, 'executedCount': 0, 'wsState': 1} eval_ms=2
  [ComfyUI] [worker:ComfyUI-DepthAnythingV3] [VRAM] +616MB (now 2133MB) reserved=3072MB peak=4669MB
  [ComfyUI] [worker:ComfyUI-DepthAnythingV3] [VRAM] +467MB (now 2601MB) reserved=4000MB peak=4669MB
  Frame 18 saved (frame_017.jpg, t=85.7s)
  [capture-periodic] freeze=1ms shot=145ms unfreeze=2ms saved=True
  [ComfyUI] [worker:ComfyUI-DepthAnythingV3] [VRAM] +686MB (now 3287MB) reserved=3552MB peak=4669MB
  Frame 19 saved (frame_018.jpg, t=88.0s)
  [capture-periodic] freeze=2ms shot=170ms unfreeze=10ms saved=True
  [ComfyUI] [worker:ComfyUI-DepthAnythingV3] [VRAM] -1901MB (now 1387MB) reserved=5504MB peak=4669MB
  [capture-loop] iter=800 t=90.3s state={'complete': False, 'error': None, 'executedCount': 0, 'wsState': 1} eval_ms=2
  [ComfyUI] [SubprocessWorker] callback 'report_progress' from call_id=30
  [ComfyUI] [worker:ComfyUI-DepthAnythingV3] [VRAM] -259MB (now 1128MB) reserved=1216MB peak=4669MB
  [ComfyUI] [worker:ComfyUI-DepthAnythingV3] [VRAM] +214MB (now 1343MB) reserved=1408MB peak=4669MB
  Frame 20 saved (frame_019.jpg, t=92.5s)
  [capture-periodic] freeze=1ms shot=143ms unfreeze=7ms saved=True
  [ComfyUI] [worker:ComfyUI-DepthAnythingV3] [VRAM] -215MB (now 1128MB) reserved=1664MB peak=4669MB
  [ComfyUI] [SubprocessWorker] callback 'report_progress' from call_id=30
  [ComfyUI] [worker:ComfyUI-DepthAnythingV3] [VRAM] +238MB (now 1366MB) reserved=1664MB peak=4669MB
  [capture-loop] iter=850 t=96.1s state={'complete': False, 'error': None, 'executedCount': 0, 'wsState': 1} eval_ms=2
  [ComfyUI] [worker:ComfyUI-DepthAnythingV3] [VRAM] -239MB (now 1128MB) reserved=1728MB peak=4669MB
  Frame 21 saved (frame_020.jpg, t=97.1s)
  [capture-periodic] freeze=1ms shot=160ms unfreeze=9ms saved=True
  [ComfyUI] [SubprocessWorker] callback 'report_progress' from call_id=30
  [ComfyUI] [worker:ComfyUI-DepthAnythingV3] [VRAM] +255MB (now 1384MB) reserved=1728MB peak=4669MB
  [ComfyUI] [worker:ComfyUI-DepthAnythingV3] [VRAM] -256MB (now 1128MB) reserved=1728MB peak=4669MB
  [ComfyUI] [SubprocessWorker] callback 'report_progress' from call_id=30
  Frame 22 saved (frame_021.jpg, t=99.5s)
  [capture-periodic] freeze=1ms shot=168ms unfreeze=8ms saved=True
  [ComfyUI] [worker:ComfyUI-DepthAnythingV3] [VRAM] +213MB (now 1342MB) reserved=1728MB peak=4669MB
  [ComfyUI] [SubprocessWorker] callback 'report_progress' from call_id=30
  [ComfyUI] [worker:ComfyUI-DepthAnythingV3] [VRAM] -214MB (now 1128MB) reserved=1728MB peak=4669MB
  [capture-loop] iter=900 t=101.8s state={'complete': False, 'error': None, 'executedCount': 0, 'wsState': 1} eval_ms=2
  Frame 23 saved (frame_022.jpg, t=101.8s)
  [capture-periodic] freeze=2ms shot=160ms unfreeze=15ms saved=True
  [ComfyUI] [SubprocessWorker] callback 'report_progress' from call_id=30
  [ComfyUI] [worker:ComfyUI-DepthAnythingV3] [VRAM] +343MB (now 1471MB) reserved=1728MB peak=4669MB
  [ComfyUI] [SubprocessWorker] callback 'report_progress' from call_id=30
  Frame 24 saved (frame_023.jpg, t=104.0s)
  [capture-periodic] freeze=2ms shot=162ms unfreeze=2ms saved=True
  [ComfyUI] [worker:ComfyUI-DepthAnythingV3] [VRAM] -344MB (now 1128MB) reserved=1728MB peak=4669MB
  [ComfyUI] [SubprocessWorker] callback 'report_progress' from call_id=30
  [ComfyUI] [worker:ComfyUI-DepthAnythingV3] WARNING: faiss not installed, skipping loop closure. pip install faiss-cpu
  Frame 25 saved (frame_024.jpg, t=106.4s)
  [capture-periodic] freeze=2ms shot=158ms unfreeze=8ms saved=True
  [capture-loop] iter=950 t=107.6s state={'complete': False, 'error': None, 'executedCount': 0, 'wsState': 1} eval_ms=2
  Frame 26 saved (frame_025.jpg, t=108.6s)
  [capture-periodic] freeze=2ms shot=161ms unfreeze=6ms saved=True
  [ComfyUI] [SubprocessWorker] callback 'report_progress' from call_id=30
  [capture-loop] iter=1000 t=113.2s state={'complete': False, 'error': None, 'executedCount': 0, 'wsState': 1} eval_ms=2
  Frame 27 saved (frame_026.jpg, t=113.2s)
  [capture-periodic] freeze=2ms shot=147ms unfreeze=8ms saved=True
  Frame 28 saved (frame_027.jpg, t=115.4s)
  [capture-periodic] freeze=2ms shot=158ms unfreeze=7ms saved=True
  [capture-loop] iter=1050 t=118.9s state={'complete': False, 'error': None, 'executedCount': 0, 'wsState': 1} eval_ms=2
  [ComfyUI] [worker:ComfyUI-DepthAnythingV3]
  [ComfyUI] === WATCHDOG TICK 2 ===
  [ComfyUI] [worker:ComfyUI-DepthAnythingV3] Thread 0x0000734fd50af640 (most recent call first):
  [ComfyUI]   File "/workspaces/DepthAnythingV3-1139/ComfyUI/.ce/.pixi/envs/depthanythingv3-nodes/lib/python3.10/threading.py", line 324 in wait
  [ComfyUI]   File "/workspaces/DepthAnythingV3-1139/ComfyUI/.ce/.pixi/envs/depthanythingv3-nodes/lib/python3.10/threading.py", line 607 in wait
  [ComfyUI]   File "/workspaces/DepthAnythingV3-1139/ComfyUI/.ce/.pixi/envs/depthanythingv3-nodes/lib/python3.10/site-packages/tqdm/_monitor.py", line 60 in run
  [ComfyUI]   File "/workspaces/DepthAnythingV3-1139/ComfyUI/.ce/.pixi/envs/depthanythingv3-nodes/lib/python3.10/threading.py", line 1016 in _bootstrap_inner
  [ComfyUI]   File "/workspaces/DepthAnythingV3-1139/ComfyUI/.ce/.pixi/envs/depthanythingv3-nodes/lib/python3.10/threading.py", line 973 in _bootstrap
  [ComfyUI] 
  [ComfyUI] Thread 0x0000735379aae640 (most recent call first):
  [ComfyUI]   File "/tmp/comfyui_pvenv_z859yumd/persistent_worker.py", line 106 in _vram_poller
  [ComfyUI]   File "/workspaces/DepthAnythingV3-1139/ComfyUI/.ce/.pixi/envs/depthanythingv3-nodes/lib/python3.10/threading.py", line 953 in run
  [ComfyUI]   File "/workspaces/DepthAnythingV3-1139/ComfyUI/.ce/.pixi/envs/depthanythingv3-nodes/lib/python3.10/threading.py", line 1016 in _bootstrap_inner
  [ComfyUI]   File "/workspaces/DepthAnythingV3-1139/ComfyUI/.ce/.pixi/envs/depthanythingv3-nodes/lib/python3.10/threading.py", line 973 in _bootstrap
  [ComfyUI] 
  [ComfyUI] Current thread 0x000073537a2af640 (most recent call first):
  [ComfyUI]   File "/tmp/comfyui_pvenv_z859yumd/persistent_worker.py", line 52 in _watchdog
  [ComfyUI]   File "/workspaces/DepthAnythingV3-1139/ComfyUI/.ce/.pixi/envs/depthanythingv3-nodes/lib/python3.10/threading.py", line 953 in run
  [ComfyUI]   File "/workspaces/DepthAnythingV3-1139/ComfyUI/.ce/.pixi/envs/depthanythingv3-nodes/lib/python3.10/threading.py", line 1016 in _bootstrap_inner
  [ComfyUI]   File "/workspaces/DepthAnythingV3-1139/ComfyUI/.ce/.pixi/envs/depthanythingv3-nodes/lib/python3.10/threading.py", line 973 in _bootstrap
  [ComfyUI] 
  [ComfyUI] Thread 0x000073537a885740 (most recent call first):
  [ComfyUI]   File "/workspaces/DepthAnythingV3-1139/ComfyUI/.ce/.pixi/envs/depthanythingv3-nodes/lib/python3.10/zipfile.py", line 1158 in write
  [ComfyUI]   File "/workspaces/DepthAnythingV3-1139/ComfyUI/.ce/.pixi/envs/depthanythingv3-nodes/lib/python3.10/site-packages/numpy/lib/format.py", line 759 in write_array
  [ComfyUI]   File "/workspaces/DepthAnythingV3-1139/ComfyUI/.ce/.pixi/envs/depthanythingv3-nodes/lib/python3.10/site-packages/numpy/lib/_npyio_impl.py", line 796 in _savez
  [ComfyUI]   File "/workspaces/DepthAnythingV3-1139/ComfyUI/.ce/.pixi/envs/depthanythingv3-nodes/lib/python3.10/site-packages/numpy/lib/_npyio_impl.py", line 763 in savez_compressed
  [ComfyUI]   File "/workspaces/DepthAnythingV3-1139/ComfyUI/custom_nodes/ComfyUI-DepthAnythingV3/nodes/streaming/node.py", line 271 in execute
  [ComfyUI]   File "/workspaces/DepthAnythingV3-1139/ComfyUI/comfy_api/latest/_io.py", line 1833 in EXECUTE_NORMALIZED
  [ComfyUI]   File "/tmp/comfyui_pvenv_z859yumd/persistent_worker.py", line 1762 in main
  [ComfyUI]   File "/tmp/comfyui_pvenv_z859yumd/persistent_worker.py", line 1807 in <module>
  [ComfyUI] 
  [ComfyUI] [worker:ComfyUI-DepthAnythingV3] === END ===
  [ComfyUI] 
  [capture-loop] iter=1100 t=124.4s state={'complete': False, 'error': None, 'executedCount': 0, 'wsState': 1} eval_ms=2
  [capture-loop] iter=1150 t=130.1s state={'complete': False, 'error': None, 'executedCount': 0, 'wsState': 1} eval_ms=2
  [capture-loop] iter=1200 t=135.6s state={'complete': False, 'error': None, 'executedCount': 0, 'wsState': 1} eval_ms=2
  [capture-loop] iter=1250 t=141.2s state={'complete': False, 'error': None, 'executedCount': 0, 'wsState': 1} eval_ms=2
  [capture-loop] iter=1300 t=146.7s state={'complete': False, 'error': None, 'executedCount': 0, 'wsState': 1} eval_ms=2
  [ComfyUI] [SubprocessWorker] got response: ok
  [capture-loop] iter=1350 t=152.3s state={'complete': False, 'error': None, 'executedCount': 0, 'wsState': 1} eval_ms=2
  [ComfyUI] [comfy-env] Created 2 model patchers: ['DepthAnything3Net_1', 'VPRModel_2']
  [ComfyUI] [comfy-env] DepthAnythingV3_Streaming done (145.23s): result: NodeOutput
  [ComfyUI] [VRAM] After DepthAnythingV3_Streaming: 2170 / 7703 MB
  [ComfyUI] [VRAM] Loaded: SubprocessModel (335 MB), SubprocessModel (783 MB)
  Frame 29 saved (frame_028.jpg, t=153.3s)
  [capture-periodic] freeze=1ms shot=118ms unfreeze=8ms saved=True
  [ComfyUI] Prompt executed in 154.41 seconds
  Node executed (1 total), capturing...
  Frame 30 saved (frame_029.jpg, t=154.9s)
  [capture-node] freeze=4ms shot=208ms unfreeze=1ms saved=True
  Execution complete (t=155.2s)
  Captured 30 unique frames over 155.24s
  [debug] iframes: 0
  [timing] trigger_3d_previews: 0.0s
  Saved high-quality screenshot: da3_streaming_executed.png
  [timing] final_screenshot: 0.8s
    Captured 31 video frames