[2026-05-10 03:09:14.543] [info]  setup plugin alembic.autogenerate.schemas
setup plugin alembic.autogenerate.tables

[2026-05-10 03:09:14.549] [info]  setup plugin alembic.autogenerate.types
setup plugin alembic.autogenerate.constraints
setup plugin alembic.autogenerate.defaults
setup plugin alembic.autogenerate.comments

[2026-05-10 03:09:14.736] [info]  comfy-aimdo os not supported Darwin
NOTE: comfy-aimdo is currently only support for Windows and Linux

[2026-05-10 03:09:14.923] [info]  Adding extra search path custom_nodes /Users/runner/Documents/ComfyUI/custom_nodes
Adding extra search path download_model_base /Users/runner/Documents/ComfyUI/models

[2026-05-10 03:09:14.924] [info]  Adding extra search path custom_nodes /Users/runner/.comfy-test-cache/desktop/ComfyUI.app/Contents/Resources/ComfyUI/custom_nodes
Setting output directory to: /Users/runner/Documents/ComfyUI/output
Setting input directory to: /Users/runner/Documents/ComfyUI/input
Setting user directory to: /Users/runner/Documents/ComfyUI/user

[2026-05-10 03:09:15.323] [info]  [START] Security scan
[ComfyUI-Manager] Using uv as Python module for pip operations.

[2026-05-10 03:09:15.507] [info]  [DONE] Security scan
** ComfyUI startup time: 2026-05-10 03:09:15.505
** Platform: Darwin
** Python version:
[2026-05-10 03:09:15.508] [info]   3.12.11 (main, Aug 18 2025, 19:02:39) [Clang 20.1.4 ]
** Python executable: /Users/runner/Documents/ComfyUI/.venv/bin/python
** ComfyUI Path: /Users/runner/.comfy-test-cache/desktop/ComfyUI.app/Contents/Resources/ComfyUI
** ComfyUI Base Folder Path: /Users/runner/.comfy-test-cache/desktop/ComfyUI.app/Contents/Resources/ComfyUI
** User directory: /Users/runner/Documents/ComfyUI/user
** ComfyUI-Manager config path: /Users/runner/Documents/ComfyUI/user/__manager/config.ini
** Log path: /Users/runner/Documents/ComfyUI/user/comfyui.log

[2026-05-10 03:09:15.662] [info]  [ComfyUI-Manager] Skipped fixing the 'comfyui-frontend-package' dependency because the ComfyUI is outdated.

[2026-05-10 03:09:15.666] [info]  [PRE] ComfyUI-Manager

[2026-05-10 03:09:16.341] [error] [comfy-env] ComfyUI-DepthAnythingV3: 1 isolation env(s):
[comfy-env]   nodes -> /Users/runner/Documents/ComfyUI/custom_nodes/ComfyUI-DepthAnythingV3/nodes
[2026-05-10 03:09:16.346] [error] 

[2026-05-10 03:09:18.474] [error] [comfy-env] prestartup complete

[2026-05-10 03:09:18.549] [error] [comfy-env] ComfyUI-GeometryPack: 1 isolation env(s):

[2026-05-10 03:09:18.551] [error] [comfy-env]   nodes -> /Users/runner/Documents/ComfyUI/custom_nodes/ComfyUI-GeometryPack/nodes

[2026-05-10 03:09:18.558] [error] [comfy-env] prestartup complete

[2026-05-10 03:09:18.583] [info]  WARNING: Potential Error in code: Torch already imported, torch should never be imported before this point.

[2026-05-10 03:09:20.315] [info]  Found comfy_kitchen backend eager: {'available': True, 'disabled': False, 'unavailable_reason': None, 'capabilities': ['apply_rope', 'apply_rope1', 'dequantize_mxfp8', 'dequantize_nvfp4', 'dequantize_per_tensor_fp8', 'quantize_mxfp8', 'quantize_nvfp4', 'quantize_per_tensor_fp8', 'scaled_mm_mxfp8', 'scaled_mm_nvfp4']}
Found comfy_kitchen backend cuda: {'available': False, 'disabled': True, 'unavailable_reason': 'Extension file not found: /Users/runner/Documents/ComfyUI/.venv/lib/python3.12/site-packages/comfy_kitchen/backends/cuda/_C.abi3.so', 'capabilities': []}
Found comfy_kitchen backend triton: {'available': False, 'disabled': True, 'unavailable_reason': "ImportError: No module named 'triton'", 'capabilities': []}

[2026-05-10 03:09:20.340] [info]  Checkpoint files will always be loaded safely.

[2026-05-10 03:09:20.412] [info]  Total VRAM 7168 MB, total RAM 7168 MB

[2026-05-10 03:09:20.416] [info]  pytorch version: 2.10.0

[2026-05-10 03:09:20.427] [info]  Mac Version (15, 7, 4)

[2026-05-10 03:09:20.430] [info]  Set vram state to: SHARED
Device: mps

[2026-05-10 03:09:21.438] [info]  Using sub quadratic optimization for attention, if you have memory or speed issues try using: --use-split-cross-attention

[2026-05-10 03:09:22.624] [error] objc[15584]: Class AVFFrameReceiver is implemented in both /Users/runner/Documents/ComfyUI/.venv/lib/python3.12/site-packages/av/.dylibs/libavdevice.62.1.100.dylib (0x1115483a8) and /Users/runner/Documents/ComfyUI/.venv/lib/python3.12/site-packages/cv2/.dylibs/libavdevice.61.3.100.dylib (0x1176b43a8). This may cause spurious casting failures and mysterious crashes. One of the duplicates must be removed or renamed.
objc[15584]: Class AVFAudioReceiver is implemented in both /Users/runner/Documents/ComfyUI/.venv/lib/python3.12/site-packages/av/.dylibs/libavdevice.62.1.100.dylib (0x1115483f8) and /Users/runner/Documents/ComfyUI/.venv/lib/python3.12/site-packages/cv2/.dylibs/libavdevice.61.3.100.dylib (0x1176b43f8). This may cause spurious casting failures and mysterious crashes. One of the duplicates must be removed or renamed.

[2026-05-10 03:09:27.222] [info]  Python version: 3.12.11 (main, Aug 18 2025, 19:02:39) [Clang 20.1.4 ]
ComfyUI version: 0.20.1

[2026-05-10 03:09:27.224] [info]  comfy-aimdo version: 0.2.14
comfy-kitchen version: 0.2.8

[2026-05-10 03:09:27.227] [info]  [Prompt Server] web root: /Users/runner/.comfy-test-cache/desktop/ComfyUI.app/Contents/Resources/ComfyUI/web_custom_versions/desktop_app
Asset seeder disabled
[START] ComfyUI-Manager

[2026-05-10 03:09:27.432] [info]  [ComfyUI-Manager] Using GitPython backend

[2026-05-10 03:09:27.483] [info]  [ComfyUI-Manager] network_mode: public

[2026-05-10 03:09:27.492] [info]  [ComfyUI-Manager] The matrix sharing feature has been disabled because the `matrix-nio` dependency is not installed.
	To use this feature, please run the following command:
	/Users/runner/Documents/ComfyUI/.venv/bin/python -m pip install matrix-nio


[2026-05-10 03:09:29.047] [error] [comfy-env] Version: 0.3.78
[2026-05-10 03:09:29.048] [error] 

[2026-05-10 03:09:29.050] [info]  [comfy-env] Removed stale socket: /var/folders/tb/y368xp_x10s3ty1b_mtl5mxr0000gn/T/comfy_worker_96ba57c8de9b.sock

[2026-05-10 03:09:29.127] [info]  [comfy-env] Removed stale temp dir: /var/folders/tb/y368xp_x10s3ty1b_mtl5mxr0000gn/T/comfyui_pvenv_n8wlyyu2

[2026-05-10 03:09:29.274] [error] [comfy-env] register_nodes: ComfyUI-DepthAnythingV3
[comfy-env] ComfyUI source dir: /Users/runner/.comfy-test-cache/desktop/ComfyUI.app/Contents/Resources/ComfyUI

[2026-05-10 03:09:29.340] [error] [comfy-env] Scanning nodes metadata (isolation root)...

[2026-05-10 03:09:29.343] [error] [comfy-env] Cache hit for nodes: 15 nodes
[2026-05-10 03:09:29.343] [error] 
[comfy-env] Scanned nodes root: 15 nodes (0.0s)
[comfy-env] Imported nodes root: 15 nodes (isolation)

[2026-05-10 03:09:29.344] [error] [comfy-env] Registered 15 total nodes

[2026-05-10 03:09:29.483] [info]  loading...

[2026-05-10 03:09:29.484] [info]  calling register_nodes

[2026-05-10 03:09:29.485] [error] [comfy-env] Version: 0.3.78
[2026-05-10 03:09:29.485] [error] 

[2026-05-10 03:09:29.510] [error] [comfy-env] register_nodes: ComfyUI-GeometryPack

[2026-05-10 03:09:29.519] [error] [comfy-env] ComfyUI source dir: /Users/runner/.comfy-test-cache/desktop/ComfyUI.app/Contents/Resources/ComfyUI
[2026-05-10 03:09:29.520] [error] 

[2026-05-10 03:09:29.654] [error] [comfy-env] Scanning nodes metadata (isolation root)...

[2026-05-10 03:09:29.671] [error] [comfy-env] Cache hit for nodes: 125 nodes

[2026-05-10 03:09:29.674] [error] [comfy-env] Scanned nodes root: 125 nodes (0.0s)
[comfy-env] Imported nodes root: 125 nodes (isolation)
[comfy-env] Registered 125 total nodes

[2026-05-10 03:09:29.681] [info]  
Import times for custom nodes:
   0.0 seconds: /Users/runner/.comfy-test-cache/desktop/ComfyUI.app/Contents/Resources/ComfyUI/custom_nodes/websocket_image_save.py

[2026-05-10 03:09:29.683] [info]     0.0 seconds: /Users/runner/Documents/ComfyUI/custom_nodes/ComfyUI-KJNodes
   0.1 seconds: /Users/runner/Documents/ComfyUI/custom_nodes/ComfyUI-VideoHelperSuite
   0.2 seconds: /Users/runner/Documents/ComfyUI/custom_nodes/ComfyUI-GeometryPack
   0.3 seconds: /Users/runner/Documents/ComfyUI/custom_nodes/ComfyUI-DepthAnythingV3


[2026-05-10 03:09:29.699] [info]  Context impl SQLiteImpl.

[2026-05-10 03:09:29.700] [info]  Will assume non-transactional DDL.

[2026-05-10 03:09:29.935] [info]  Starting server


[2026-05-10 03:09:29.936] [info]  To see the GUI go to: http://127.0.0.1:8000

[2026-05-10 03:09:32.132] [info]  [ComfyUI-Manager] The ComfyRegistry cache update is still in progress, so an outdated cache is being used.

[2026-05-10 03:09:32.194] [info]  FETCH DATA from: /Users/runner/Documents/ComfyUI/.venv/lib/python3.12/site-packages/comfyui_manager/custom-node-list.json
[2026-05-10 03:09:32.222] [info]   [DONE]

[2026-05-10 03:09:32.264] [info]  [DEPRECATION WARNING] Detected import of deprecated legacy API: /extensions/core/widgetInputs.js. This is likely caused by a custom node extension using outdated APIs. Please update your extensions or contact the extension author for an updated version.

[2026-05-10 03:09:34.538] [info]  [ComfyUI-Manager] The ComfyRegistry cache update is still in progress, so an outdated cache is being used.

[2026-05-10 03:09:34.608] [info]  FETCH DATA from: /Users/runner/Documents/ComfyUI/.venv/lib/python3.12/site-packages/comfyui_manager/custom-node-list.json
[2026-05-10 03:09:34.626] [info]   [DONE]

[2026-05-10 03:09:57.123] [info]  got prompt

[2026-05-10 03:09:57.576] [info]  [ComfyUI-DepthAnythingV3] python: /Users/runner/Documents/ComfyUI/.ce/.pixi/envs/depthanythingv3-nodes/bin/python
[2026-05-10 03:09:57.578] [info]  
[ComfyUI-DepthAnythingV3] sys_path sent to worker: ['/Users/runner/.comfy-test-cache/desktop/ComfyUI.app/Contents/Resources/ComfyUI', '/Users/runner/Documents/ComfyUI/custom_nodes/ComfyUI-DepthAnythingV3', '/Users/runner/Documents/ComfyUI/.ce/.pixi/envs/depthanythingv3-nodes/lib/python3.1/site-packages', '/Users/runner/Documents/ComfyUI/custom_nodes/ComfyUI-DepthAnythingV3']

[2026-05-10 03:10:05.865] [error] [ComfyUI-DepthAnythingV3] Health check: ping (timeout=5.0s)...
[2026-05-10 03:10:05.888] [error] 
[ComfyUI-DepthAnythingV3] Health check: ok

[2026-05-10 03:10:50.367] [error] [ComfyUI-DepthAnythingV3] Health check: ping (timeout=5.0s)...
[ComfyUI-DepthAnythingV3] Health check: ok

[2026-05-10 03:11:08.855] [info]  FETCH ComfyRegistry Data [DONE]

[2026-05-10 03:11:09.853] [info]  [ComfyUI-Manager] default cache updated: https://api.comfy.org/nodes

[2026-05-10 03:11:10.175] [info]  FETCH DATA from: /Users/runner/Documents/ComfyUI/user/__manager/cache/1514988643_custom-node-list.json
[2026-05-10 03:11:10.196] [info]   [DONE]

[2026-05-10 03:11:10.221] [info]  [ComfyUI-Manager] All startup tasks have been completed.

[2026-05-10 03:11:20.412] [error] [ComfyUI-DepthAnythingV3] Health check: ping (timeout=5.0s)...

[2026-05-10 03:11:20.755] [error] [ComfyUI-DepthAnythingV3] Health check: ok

[2026-05-10 03:11:20.836] [error] [ComfyUI-DepthAnythingV3] Health check: ping (timeout=5.0s)...
[ComfyUI-DepthAnythingV3] Health check: ok

[2026-05-10 03:11:21.142] [error] !!! Exception during processing !!! Depth input appears to be normalized (max=1.0302) instead of raw/metric depth. Multi-view point cloud fusion requires raw metric depth values. Please use DepthAnythingV3_MultiView node with normalization_mode='Raw' and connect the depth output to this node's depths input. If you think this is a mistake, feel free to toggle allow_around_1.

Worker traceback:
Traceback (most recent call last):
  File "/var/folders/tb/y368xp_x10s3ty1b_mtl5mxr0000gn/T/comfyui_pvenv_e9h3b_qk/persistent_worker.py", line 1762, in main
    result = method(**inputs)
             ^^^^^^^^^^^^^^^^
  File "/Users/runner/.comfy-test-cache/desktop/ComfyUI.app/Contents/Resources/ComfyUI/comfy_api/latest/_io.py", line 1826, in EXECUTE_NORMALIZED
    to_return = cls.execute(*args, **kwargs)
                ^^^^^^^^^^^^^^^^^^^^^^^^^^^^
  File "/Users/runner/Documents/ComfyUI/custom_nodes/ComfyUI-DepthAnythingV3/nodes/nodes_multiview.py", line 690, in execute
    raise ValueError(
ValueError: Depth input appears to be normalized (max=1.0302) instead of raw/metric depth. Multi-view point cloud fusion requires raw metric depth values. Please use DepthAnythingV3_MultiView node with normalization_mode='Raw' and connect the depth output to this node's depths input. If you think this is a mistake, feel free to toggle allow_around_1.


[2026-05-10 03:11:21.184] [error] Traceback (most recent call last):
  File "/Users/runner/.comfy-test-cache/desktop/ComfyUI.app/Contents/Resources/ComfyUI/execution.py", line 534, in execute
    output_data, output_ui, has_subgraph, has_pending_tasks = await get_output_data(prompt_id, unique_id, obj, input_data_all, execution_block_cb=execution_block_cb, pre_execute_cb=pre_execute_cb, v3_data=v3_data)
                                                              ^^^^^^^^^^^^^^^^^^^^^^^^^^^^^^^^^^^^^^^^^^^^^^^^^^^^^^^^^^^^^^^^^^^^^^^^^^^^^^^^^^^^^^^^^^^^^^^^^^^^^^^^^^^^^^^^^^^^^^^^^^^^^^^^^^^^^^^^^^^^^^^^^^^^^^^
  File "/Users/runner/.comfy-test-cache/desktop/ComfyUI.app/Contents/Resources/ComfyUI/execution.py", line 334, in get_output_data
    return_values = await _async_map_node_over_list(prompt_id, unique_id, obj, input_data_all, obj.FUNCTION, allow_interrupt=True, execution_block_cb=execution_block_cb, pre_execute_cb=pre_execute_cb, v3_data=v3_data)
                    ^^^^^^^^^^^^^^^^^^^^^^^^^^^^^^^^^^^^^^^^^^^^^^^^^^^^^^^^^^^^^^^^^^^^^^^^^^^^^^^^^^^^^^^^^^^^^^^^^^^^^^^^^^^^^^^^^^^^^^^^^^^^^^^^^^^^^^^^^^^^^^^^^^^^^^^^^^^^^^^^^^^^^^^^^^^^^^^^^^^^^^^^^^^^^^^^^^^^^
  File "/Users/runner/.comfy-test-cache/desktop/ComfyUI.app/Contents/Resources/ComfyUI/execution.py", line 308, in _async_map_node_over_list
    await process_inputs(input_dict, i)
  File "/Users/runner/.comfy-test-cache/desktop/ComfyUI.app/Contents/Resources/ComfyUI/execution.py", line 296, in process_inputs
    result = f(**inputs)
             ^^^^^^^^^^^
  File "/Users/runner/Documents/ComfyUI/.venv/lib/python3.12/site-packages/comfy_env/isolation/metadata.py", line 536, in proxy
    result = worker.call_method(
             ^^^^^^^^^^^^^^^^^^^
  File "/Users/runner/Documents/ComfyUI/.venv/lib/python3.12/site-packages/comfy_env/isolation/workers/subprocess.py", line 674, in call_method
    raise WorkerError(
comfy_env.isolation.workers.base.WorkerError: Depth input appears to be normalized (max=1.0302) instead of raw/metric depth. Multi-view point cloud fusion requires raw metric depth values. Please use DepthAnythingV3_MultiView node with normalization_mode='Raw' and connect the depth output to this node's depths input. If you think this is a mistake, feel free to toggle allow_around_1.

Worker traceback:
Traceback (most recent call last):
  File "/var/folders/tb/y368xp_x10s3ty1b_mtl5mxr0000gn/T/comfyui_pvenv_e9h3b_qk/persistent_worker.py", line 1762, in main
    result = method(**inputs)
             ^^^^^^^^^^^^^^^^
  File "/Users/runner/.comfy-test-cache/desktop/ComfyUI.app/Contents/Resources/ComfyUI/comfy_api/latest/_io.py", line 1826, in EXECUTE_NORMALIZED
    to_return = cls.execute(*args, **kwargs)
                ^^^^^^^^^^^^^^^^^^^^^^^^^^^^
  File "/Users/runner/Documents/ComfyUI/custom_nodes/ComfyUI-DepthAnythingV3/nodes/nodes_multiview.py", line 690, in execute
    raise ValueError(
ValueError: Depth input appears to be normalized (max=1.0302) instead of raw/metric depth. Multi-view point cloud fusion requires raw metric depth values. Please use DepthAnythingV3_MultiView node with normalization_mode='Raw' and connect the depth output to this node's depths input. If you think this is a mistake, feel free to toggle allow_around_1.



[2026-05-10 03:11:21.194] [info]  Prompt executed in 84.05 seconds

