** ComfyUI startup time: 2026-05-10 03:11:43.658
[2026-05-10 03:11:43.659] ** Platform: Darwin
[2026-05-10 03:11:43.659] ** Python version: 3.12.11 (main, Aug 18 2025, 19:02:39) [Clang 20.1.4 ]
[2026-05-10 03:11:43.659] ** Python executable: /Users/runner/Documents/ComfyUI/.venv/bin/python
[2026-05-10 03:11:43.659] ** ComfyUI Path: /Users/runner/.comfy-test-cache/desktop/ComfyUI.app/Contents/Resources/ComfyUI
[2026-05-10 03:11:43.659] ** ComfyUI Base Folder Path: /Users/runner/.comfy-test-cache/desktop/ComfyUI.app/Contents/Resources/ComfyUI
[2026-05-10 03:11:43.659] ** User directory: /Users/runner/Documents/ComfyUI/user
[2026-05-10 03:11:43.659] ** ComfyUI-Manager config path: /Users/runner/Documents/ComfyUI/user/__manager/config.ini
[2026-05-10 03:11:43.659] ** Log path: /Users/runner/Documents/ComfyUI/user/comfyui.log
[ComfyUI-Manager] Skipped fixing the 'comfyui-frontend-package' dependency because the ComfyUI is outdated.
[2026-05-10 03:11:43.811] [PRE] ComfyUI-Manager
[2026-05-10 03:11:44.509] [comfy-env] ComfyUI-DepthAnythingV3: 1 isolation env(s):
[2026-05-10 03:11:44.510] [comfy-env]   nodes -> /Users/runner/Documents/ComfyUI/custom_nodes/ComfyUI-DepthAnythingV3/nodes
[2026-05-10 03:11:46.911] [comfy-env] prestartup complete
[2026-05-10 03:11:46.975] [comfy-env] ComfyUI-GeometryPack: 1 isolation env(s):
[2026-05-10 03:11:46.975] [comfy-env]   nodes -> /Users/runner/Documents/ComfyUI/custom_nodes/ComfyUI-GeometryPack/nodes
[2026-05-10 03:11:46.987] [comfy-env] prestartup complete
[2026-05-10 03:11:47.011] WARNING: Potential Error in code: Torch already imported, torch should never be imported before this point.
[2026-05-10 03:11:49.335] Found comfy_kitchen backend cuda: {'available': False, 'disabled': True, 'unavailable_reason': 'Extension file not found: /Users/runner/Documents/ComfyUI/.venv/lib/python3.12/site-packages/comfy_kitchen/backends/cuda/_C.abi3.so', 'capabilities': []}
[2026-05-10 03:11:49.336] Found comfy_kitchen backend triton: {'available': False, 'disabled': True, 'unavailable_reason': "ImportError: No module named 'triton'", 'capabilities': []}
[2026-05-10 03:11:49.336] Found comfy_kitchen backend eager: {'available': True, 'disabled': False, 'unavailable_reason': None, 'capabilities': ['apply_rope', 'apply_rope1', 'dequantize_mxfp8', 'dequantize_nvfp4', 'dequantize_per_tensor_fp8', 'quantize_mxfp8', 'quantize_nvfp4', 'quantize_per_tensor_fp8', 'scaled_mm_mxfp8', 'scaled_mm_nvfp4']}
[2026-05-10 03:11:49.384] Checkpoint files will always be loaded safely.
[2026-05-10 03:11:49.464] Total VRAM 7168 MB, total RAM 7168 MB
[2026-05-10 03:11:49.465] pytorch version: 2.10.0
[2026-05-10 03:11:49.475] Mac Version (15, 7, 4)
[2026-05-10 03:11:49.475] Set vram state to: SHARED
[2026-05-10 03:11:49.475] Device: mps
[2026-05-10 03:11:50.641] Using sub quadratic optimization for attention, if you have memory or speed issues try using: --use-split-cross-attention
[2026-05-10 03:11:55.980] Python version: 3.12.11 (main, Aug 18 2025, 19:02:39) [Clang 20.1.4 ]
[2026-05-10 03:11:55.981] ComfyUI version: 0.20.1
[2026-05-10 03:11:55.981] comfy-aimdo version: 0.2.14
[2026-05-10 03:11:55.982] comfy-kitchen version: 0.2.8
[2026-05-10 03:11:55.984] [Prompt Server] web root: /Users/runner/.comfy-test-cache/desktop/ComfyUI.app/Contents/Resources/ComfyUI/web_custom_versions/desktop_app
[2026-05-10 03:11:55.985] Asset seeder disabled
[2026-05-10 03:11:55.985] [START] ComfyUI-Manager
[2026-05-10 03:11:56.166] [ComfyUI-Manager] Using GitPython backend
[2026-05-10 03:11:56.239] [ComfyUI-Manager] network_mode: public
[2026-05-10 03:11:56.257] [ComfyUI-Manager] The matrix sharing feature has been disabled because the `matrix-nio` dependency is not installed.
	To use this feature, please run the following command:
	/Users/runner/Documents/ComfyUI/.venv/bin/python -m pip install matrix-nio

[2026-05-10 03:11:58.692] [comfy-env] Version: 0.3.78
[2026-05-10 03:11:58.695] [comfy-env] Removed stale socket: /var/folders/tb/y368xp_x10s3ty1b_mtl5mxr0000gn/T/comfy_worker_10025db0580a.sock
[2026-05-10 03:11:58.785] [comfy-env] Removed stale temp dir: /var/folders/tb/y368xp_x10s3ty1b_mtl5mxr0000gn/T/comfyui_pvenv_e9h3b_qk
[2026-05-10 03:11:58.968] [comfy-env] register_nodes: ComfyUI-DepthAnythingV3
[2026-05-10 03:11:58.970] [comfy-env] ComfyUI source dir: /Users/runner/.comfy-test-cache/desktop/ComfyUI.app/Contents/Resources/ComfyUI
[2026-05-10 03:11:59.128] [comfy-env] Scanning nodes metadata (isolation root)...
[2026-05-10 03:11:59.138] [comfy-env] Cache hit for nodes: 15 nodes
[2026-05-10 03:11:59.139] [comfy-env] Scanned nodes root: 15 nodes (0.0s)
[2026-05-10 03:11:59.141] [comfy-env] Imported nodes root: 15 nodes (isolation)
[2026-05-10 03:11:59.143] [comfy-env] Registered 15 total nodes
[2026-05-10 03:11:59.309] loading...
[2026-05-10 03:11:59.309] calling register_nodes
[2026-05-10 03:11:59.314] [comfy-env] Version: 0.3.78
[2026-05-10 03:11:59.367] [comfy-env] register_nodes: ComfyUI-GeometryPack
[2026-05-10 03:11:59.376] [comfy-env] ComfyUI source dir: /Users/runner/.comfy-test-cache/desktop/ComfyUI.app/Contents/Resources/ComfyUI
[2026-05-10 03:11:59.542] [comfy-env] Scanning nodes metadata (isolation root)...
[2026-05-10 03:11:59.574] [comfy-env] Cache hit for nodes: 125 nodes
[2026-05-10 03:11:59.574] [comfy-env] Scanned nodes root: 125 nodes (0.0s)
[2026-05-10 03:11:59.578] [comfy-env] Imported nodes root: 125 nodes (isolation)
[2026-05-10 03:11:59.579] [comfy-env] Registered 125 total nodes
[2026-05-10 03:11:59.584] 
Import times for custom nodes:
[2026-05-10 03:11:59.584]    0.0 seconds: /Users/runner/.comfy-test-cache/desktop/ComfyUI.app/Contents/Resources/ComfyUI/custom_nodes/websocket_image_save.py
[2026-05-10 03:11:59.584]    0.1 seconds: /Users/runner/Documents/ComfyUI/custom_nodes/ComfyUI-KJNodes
[2026-05-10 03:11:59.584]    0.1 seconds: /Users/runner/Documents/ComfyUI/custom_nodes/ComfyUI-VideoHelperSuite
[2026-05-10 03:11:59.584]    0.3 seconds: /Users/runner/Documents/ComfyUI/custom_nodes/ComfyUI-GeometryPack
[2026-05-10 03:11:59.585]    0.5 seconds: /Users/runner/Documents/ComfyUI/custom_nodes/ComfyUI-DepthAnythingV3
[2026-05-10 03:11:59.585] 
[2026-05-10 03:11:59.608] Context impl SQLiteImpl.
[2026-05-10 03:11:59.609] Will assume non-transactional DDL.
[2026-05-10 03:11:59.917] Starting server

[2026-05-10 03:11:59.918] To see the GUI go to: http://127.0.0.1:8000
[2026-05-10 03:12:02.076] [ComfyUI-Manager] The ComfyRegistry cache update is still in progress, so an outdated cache is being used.
[2026-05-10 03:12:02.211] FETCH DATA from: /Users/runner/Documents/ComfyUI/.venv/lib/python3.12/site-packages/comfyui_manager/custom-node-list.json [DONE]
[2026-05-10 03:12:02.306] [DEPRECATION WARNING] Detected import of deprecated legacy API: /extensions/core/widgetInputs.js. This is likely caused by a custom node extension using outdated APIs. Please update your extensions or contact the extension author for an updated version.
[2026-05-10 03:12:04.820] [ComfyUI-Manager] The ComfyRegistry cache update is still in progress, so an outdated cache is being used.
[2026-05-10 03:12:04.909] FETCH DATA from: /Users/runner/Documents/ComfyUI/.venv/lib/python3.12/site-packages/comfyui_manager/custom-node-list.json [DONE]
[2026-05-10 03:12:27.887] got prompt
[2026-05-10 03:12:28.155] [ComfyUI-DepthAnythingV3] python: /Users/runner/Documents/ComfyUI/.ce/.pixi/envs/depthanythingv3-nodes/bin/python
[2026-05-10 03:12:28.156] [ComfyUI-DepthAnythingV3] sys_path sent to worker: ['/Users/runner/.comfy-test-cache/desktop/ComfyUI.app/Contents/Resources/ComfyUI', '/Users/runner/Documents/ComfyUI/custom_nodes/ComfyUI-DepthAnythingV3', '/Users/runner/Documents/ComfyUI/.ce/.pixi/envs/depthanythingv3-nodes/lib/python3.1/site-packages', '/Users/runner/Documents/ComfyUI/custom_nodes/ComfyUI-DepthAnythingV3']
[2026-05-10 03:12:35.932] [ComfyUI-DepthAnythingV3] Health check: ping (timeout=5.0s)...
[2026-05-10 03:12:35.934] [ComfyUI-DepthAnythingV3] Health check: ok
[2026-05-10 03:12:56.514] [worker:ComfyUI-DepthAnythingV3] WARNING: WARNING: This model does not support sky segmentation. V2-Style normalization will work but without sky masking. Use Mono/Metric/Nested models for best V2-Style results.
[2026-05-10 03:13:12.247] Prompt executed in 44.34 seconds
