[2026-05-10 22:18:35.339] [info]  setup plugin alembic.autogenerate.schemas

[2026-05-10 22:18:35.340] [info]  setup plugin alembic.autogenerate.tables
setup plugin alembic.autogenerate.types
setup plugin alembic.autogenerate.constraints
setup plugin alembic.autogenerate.defaults
setup plugin alembic.autogenerate.comments

[2026-05-10 22:18:35.418] [info]  comfy-aimdo os not supported Darwin
NOTE: comfy-aimdo is currently only support for Windows and Linux

[2026-05-10 22:18:35.558] [info]  Adding extra search path custom_nodes /Users/runner/Documents/ComfyUI/custom_nodes
Adding extra search path download_model_base /Users/runner/Documents/ComfyUI/models
Adding extra search path custom_nodes /Users/runner/.comfy-test-cache/desktop/ComfyUI.app/Contents/Resources/ComfyUI/custom_nodes
Setting output directory to: /Users/runner/Documents/ComfyUI/output
Setting input directory to: /Users/runner/Documents/ComfyUI/input
Setting user directory to: /Users/runner/Documents/ComfyUI/user

[2026-05-10 22:18:35.807] [info]  [START] Security scan
[ComfyUI-Manager] Using uv as Python module for pip operations.

[2026-05-10 22:18:35.925] [info]  [DONE] Security scan
** ComfyUI startup time: 2026-05-10 22:18:35.924
[2026-05-10 22:18:35.927] [info]  
** Platform: Darwin
** Python version: 3.12.11 (main, Aug 18 2025, 19:02:39) [Clang 20.1.4 ]
** Python executable: /Users/runner/Documents/ComfyUI/.venv/bin/python
** ComfyUI Path: /Users/runner/.comfy-test-cache/desktop/ComfyUI.app/Contents/Resources/ComfyUI
** ComfyUI Base Folder Path: /Users/runner/.comfy-test-cache/desktop/ComfyUI.app/Contents/Resources/ComfyUI
** User directory: /Users/runner/Documents/ComfyUI/user
** ComfyUI-Manager config path: /Users/runner/Documents/ComfyUI/user/__manager/config.ini

[2026-05-10 22:18:35.928] [info]  ** Log path: /Users/runner/Documents/ComfyUI/user/comfyui.log

[2026-05-10 22:18:36.005] [info]  [ComfyUI-Manager] Skipped fixing the 'comfyui-frontend-package' dependency because the ComfyUI is outdated.

[2026-05-10 22:18:36.006] [info]  [PRE] ComfyUI-Manager

[2026-05-10 22:18:36.225] [error] [comfy-env] ComfyUI-DepthAnythingV3: 1 isolation env(s):
[2026-05-10 22:18:36.227] [error] 

[2026-05-10 22:18:36.228] [error] [comfy-env]   nodes -> /Users/runner/Documents/ComfyUI/custom_nodes/ComfyUI-DepthAnythingV3/nodes

[2026-05-10 22:18:37.331] [error] [comfy-env] prestartup complete

[2026-05-10 22:18:37.349] [error] [comfy-env] ComfyUI-GeometryPack: 1 isolation env(s):

[2026-05-10 22:18:37.350] [error] [comfy-env]   nodes -> /Users/runner/Documents/ComfyUI/custom_nodes/ComfyUI-GeometryPack/nodes

[2026-05-10 22:18:37.353] [error] [comfy-env] prestartup complete

[2026-05-10 22:18:37.364] [info]  WARNING: Potential Error in code: Torch already imported, torch should never be imported before this point.

[2026-05-10 22:18:38.327] [info]  Found comfy_kitchen backend cuda: {'available': False, 'disabled': True, 'unavailable_reason': 'Extension file not found: /Users/runner/Documents/ComfyUI/.venv/lib/python3.12/site-packages/comfy_kitchen/backends/cuda/_C.abi3.so', 'capabilities': []}
Found comfy_kitchen backend eager: {'available': True, 'disabled': False, 'unavailable_reason': None, 'capabilities': ['apply_rope', 'apply_rope1', 'dequantize_mxfp8', 'dequantize_nvfp4', 'dequantize_per_tensor_fp8', 'quantize_mxfp8', 'quantize_nvfp4', 'quantize_per_tensor_fp8', 'scaled_mm_mxfp8', 'scaled_mm_nvfp4']}

[2026-05-10 22:18:38.328] [info]  Found comfy_kitchen backend triton: {'available': False, 'disabled': True, 'unavailable_reason': "ImportError: No module named 'triton'", 'capabilities': []}

[2026-05-10 22:18:38.338] [info]  Checkpoint files will always be loaded safely.

[2026-05-10 22:18:38.367] [info]  Total VRAM 7168 MB, total RAM 7168 MB
pytorch version: 2.10.0

[2026-05-10 22:18:38.372] [info]  Mac Version (15, 7, 4)

[2026-05-10 22:18:38.373] [info]  Set vram state to: SHARED
Device: mps

[2026-05-10 22:18:38.891] [info]  Using sub quadratic optimization for attention, if you have memory or speed issues try using: --use-split-cross-attention

[2026-05-10 22:18:39.528] [error] objc[14161]: Class AVFFrameReceiver is implemented in both /Users/runner/Documents/ComfyUI/.venv/lib/python3.12/site-packages/av/.dylibs/libavdevice.62.1.100.dylib (0x1112c03a8) and /Users/runner/Documents/ComfyUI/.venv/lib/python3.12/site-packages/cv2/.dylibs/libavdevice.61.3.100.dylib (0x1174383a8). This may cause spurious casting failures and mysterious crashes. One of the duplicates must be removed or renamed.

[2026-05-10 22:18:39.530] [error] objc[14161]: Class AVFAudioReceiver is implemented in both /Users/runner/Documents/ComfyUI/.venv/lib/python3.12/site-packages/av/.dylibs/libavdevice.62.1.100.dylib (0x1112c03f8) and /Users/runner/Documents/ComfyUI/.venv/lib/python3.12/site-packages/cv2/.dylibs/libavdevice.61.3.100.dylib (0x1174383f8). This may cause spurious casting failures and mysterious crashes. One of the duplicates must be removed or renamed.

[2026-05-10 22:18:42.139] [info]  Python version: 3.12.11 (main, Aug 18 2025, 19:02:39) [Clang 20.1.4 ]
ComfyUI version: 0.20.1

[2026-05-10 22:18:42.141] [info]  comfy-aimdo version: 0.2.14

[2026-05-10 22:18:42.142] [info]  comfy-kitchen version: 0.2.8

[2026-05-10 22:18:42.143] [info]  [Prompt Server] web root: /Users/runner/.comfy-test-cache/desktop/ComfyUI.app/Contents/Resources/ComfyUI/web_custom_versions/desktop_app

[2026-05-10 22:18:42.144] [info]  Asset seeder disabled

[2026-05-10 22:18:42.144] [info]  [START] ComfyUI-Manager

[2026-05-10 22:18:42.248] [info]  [ComfyUI-Manager] Using GitPython backend

[2026-05-10 22:18:42.288] [info]  [ComfyUI-Manager] network_mode: public

[2026-05-10 22:18:42.297] [info]  [ComfyUI-Manager] The matrix sharing feature has been disabled because the `matrix-nio` dependency is not installed.
	To use this feature, please run the following command:
	/Users/runner/Documents/ComfyUI/.venv/bin/python -m pip install matrix-nio


[2026-05-10 22:18:43.257] [error] [comfy-env] Version: 0.3.82
[2026-05-10 22:18:43.258] [error] 

[2026-05-10 22:18:43.258] [info]  [comfy-env] Removed stale socket: /var/folders/tb/y368xp_x10s3ty1b_mtl5mxr0000gn/T/comfy_worker_814b71b99733.sock

[2026-05-10 22:18:43.316] [info]  [comfy-env] Removed stale temp dir: /var/folders/tb/y368xp_x10s3ty1b_mtl5mxr0000gn/T/comfyui_pvenv_byfuq00m

[2026-05-10 22:18:43.496] [error] [comfy-env] register_nodes: ComfyUI-DepthAnythingV3
[2026-05-10 22:18:43.500] [error] 

[2026-05-10 22:18:43.503] [error] [comfy-env] ComfyUI source dir: /Users/runner/.comfy-test-cache/desktop/ComfyUI.app/Contents/Resources/ComfyUI
[2026-05-10 22:18:43.504] [error] 

[2026-05-10 22:18:43.563] [error] [comfy-env] Scanning nodes metadata (isolation root)...
[2026-05-10 22:18:43.564] [error] 

[2026-05-10 22:18:43.569] [error] [comfy-env] Cache hit for nodes: 15 nodes
[2026-05-10 22:18:43.570] [error] 
[comfy-env] Scanned nodes root: 15 nodes (0.0s)
[comfy-env] Imported nodes root: 15 nodes (isolation)

[2026-05-10 22:18:43.570] [error] [comfy-env] Registered 15 total nodes

[2026-05-10 22:18:43.651] [info]  loading...

[2026-05-10 22:18:43.653] [info]  calling register_nodes

[2026-05-10 22:18:43.653] [error] [comfy-env] Version: 0.3.82

[2026-05-10 22:18:43.673] [error] [comfy-env] register_nodes: ComfyUI-GeometryPack

[2026-05-10 22:18:43.680] [error] [comfy-env] ComfyUI source dir: /Users/runner/.comfy-test-cache/desktop/ComfyUI.app/Contents/Resources/ComfyUI

[2026-05-10 22:18:43.756] [error] [comfy-env] Scanning nodes metadata (isolation root)...

[2026-05-10 22:18:43.793] [error] [comfy-env] Cache hit for nodes: 125 nodes
[comfy-env] Scanned nodes root: 125 nodes (0.0s)
[comfy-env] Imported nodes root: 125 nodes (isolation)
[comfy-env] Registered 125 total nodes

[2026-05-10 22:18:43.793] [info]  
Import times for custom nodes:
   0.0 seconds: /Users/runner/.comfy-test-cache/desktop/ComfyUI.app/Contents/Resources/ComfyUI/custom_nodes/websocket_image_save.py
   0.0 seconds: /Users/runner/Documents/ComfyUI/custom_nodes/ComfyUI-KJNodes
   0.1 seconds: /Users/runner/Documents/ComfyUI/custom_nodes/ComfyUI-VideoHelperSuite
   0.1 seconds: /Users/runner/Documents/ComfyUI/custom_nodes/ComfyUI-GeometryPack
   0.3 seconds: /Users/runner/Documents/ComfyUI/custom_nodes/ComfyUI-DepthAnythingV3

Context impl SQLiteImpl.
Will assume non-transactional DDL.

[2026-05-10 22:18:43.844] [info]  Starting server


[2026-05-10 22:18:43.845] [info]  To see the GUI go to: http://127.0.0.1:8000

[2026-05-10 22:18:44.718] [info]  [DEPRECATION WARNING] Detected import of deprecated legacy API: /extensions/core/widgetInputs.js. This is likely caused by a custom node extension using outdated APIs. Please update your extensions or contact the extension author for an updated version.

[2026-05-10 22:18:44.979] [info]  [ComfyUI-Manager] The ComfyRegistry cache update is still in progress, so an outdated cache is being used.

[2026-05-10 22:18:45.082] [info]  FETCH DATA from: /Users/runner/Documents/ComfyUI/.venv/lib/python3.12/site-packages/comfyui_manager/custom-node-list.json
[2026-05-10 22:18:45.101] [info]   [DONE]

[2026-05-10 22:18:47.439] [info]  [ComfyUI-Manager] The ComfyRegistry cache update is still in progress, so an outdated cache is being used.

[2026-05-10 22:18:47.500] [info]  FETCH DATA from: /Users/runner/Documents/ComfyUI/.venv/lib/python3.12/site-packages/comfyui_manager/custom-node-list.json
[2026-05-10 22:18:47.513] [info]   [DONE]

[2026-05-10 22:19:09.188] [info]  got prompt

[2026-05-10 22:19:09.597] [info]  [ComfyUI-DepthAnythingV3] python: /Users/runner/.ce/.pixi/envs/depthanythingv3-nodes/bin/python
[ComfyUI-DepthAnythingV3] sys_path sent to worker: ['/Users/runner/.comfy-test-cache/desktop/ComfyUI.app/Contents/Resources/ComfyUI', '/Users/runner/Documents/ComfyUI/custom_nodes/ComfyUI-DepthAnythingV3', '/Users/runner/.ce/.pixi/envs/depthanythingv3-nodes/lib/python3.1/site-packages', '/Users/runner/Documents/ComfyUI/custom_nodes/ComfyUI-DepthAnythingV3']

[2026-05-10 22:19:11.586] [error] [worker:ComfyUI-DepthAnythingV3] ERROR: Failed to import comfy_kitchen, Error: No module named 'comfy_kitchen', fp8 and fp4 support will not be available.

[2026-05-10 22:19:12.281] [error] [ComfyUI-DepthAnythingV3] Health check: ping (timeout=5.0s)...
[2026-05-10 22:19:12.286] [error] 
[ComfyUI-DepthAnythingV3] Health check: ok

[2026-05-10 22:19:12.865] [error] [worker:ComfyUI-DepthAnythingV3] WARNING: No comfy kitchen, using old apply_rope functions.

[2026-05-10 22:19:39.382] [error] [ComfyUI-DepthAnythingV3] Health check: ping (timeout=5.0s)...
[ComfyUI-DepthAnythingV3] Health check: ok

[2026-05-10 22:19:56.288] [error] [ComfyUI-DepthAnythingV3] Health check: ping (timeout=5.0s)...
[ComfyUI-DepthAnythingV3] Health check: ok

[2026-05-10 22:19:56.536] [error] [ComfyUI-DepthAnythingV3] Health check: ping (timeout=5.0s)...
[ComfyUI-DepthAnythingV3] Health check: ok
[worker:ComfyUI-DepthAnythingV3] WARNING: Depth input may be normalized (max=1.0302) instead of raw/metric depth. Multi-view point cloud fusion expects raw metric depth values. If your output looks wrong, use DepthAnythingV3_MultiView with normalization_mode='Raw' or set allow_around_1=True to suppress this warning.

[2026-05-10 22:19:56.541] [error] [ComfyUI-DepthAnythingV3] Health check: ping (timeout=5.0s)...
[2026-05-10 22:19:56.542] [error] 

[2026-05-10 22:19:56.543] [error] [ComfyUI-DepthAnythingV3] Health check: ok

[2026-05-10 22:19:56.790] [error] [ComfyUI-DepthAnythingV3] Health check: ping (timeout=5.0s)...

[2026-05-10 22:19:56.791] [error] [ComfyUI-DepthAnythingV3] Health check: ok

[2026-05-10 22:19:57.104] [error] [ComfyUI-DepthAnythingV3] Health check: ping (timeout=5.0s)...
[2026-05-10 22:19:57.107] [error] 
[ComfyUI-DepthAnythingV3] Health check: ok

[2026-05-10 22:19:57.115] [error] [ComfyUI-DepthAnythingV3] Health check: ping (timeout=5.0s)...
[ComfyUI-DepthAnythingV3] Health check: ok

[2026-05-10 22:19:57.176] [info]  Prompt executed in 47.96 seconds

