[2026-05-11 09:21:02.478] [info]  setup plugin alembic.autogenerate.schemas
setup plugin alembic.autogenerate.tables

[2026-05-11 09:21:02.479] [info]  setup plugin alembic.autogenerate.types
setup plugin alembic.autogenerate.constraints
setup plugin alembic.autogenerate.defaults
setup plugin alembic.autogenerate.comments

[2026-05-11 09:21:02.646] [info]  comfy-aimdo os not supported Darwin
NOTE: comfy-aimdo is currently only support for Windows and Linux

[2026-05-11 09:21:02.935] [info]  Adding extra search path custom_nodes /Users/runner/Documents/ComfyUI/custom_nodes
Adding extra search path download_model_base /Users/runner/Documents/ComfyUI/models
Adding extra search path custom_nodes /Users/runner/.comfy-test-cache/desktop/ComfyUI.app/Contents/Resources/ComfyUI/custom_nodes
Setting output directory to: /Users/runner/Documents/ComfyUI/output
Setting input directory to: /Users/runner/Documents/ComfyUI/input

[2026-05-11 09:21:02.936] [info]  Setting user directory to: /Users/runner/Documents/ComfyUI/user

[2026-05-11 09:21:04.132] [info]  [START] Security scan
[DONE] Security scan
** ComfyUI startup time: 2026-05-11 09:21:04.132
** Platform: Darwin
[2026-05-11 09:21:04.133] [info]  
** Python version: 3.12.11 (main, Aug 18 2025, 19:02:39) [Clang 20.1.4 ]
** Python executable: /Users/runner/Documents/ComfyUI/.venv/bin/python
** ComfyUI Path: /Users/runner/.comfy-test-cache/desktop/ComfyUI.app/Contents/Resources/ComfyUI
** ComfyUI Base Folder Path: /Users/runner/.comfy-test-cache/desktop/ComfyUI.app/Contents/Resources/ComfyUI
** User directory: /Users/runner/Documents/ComfyUI/user
** ComfyUI-Manager config path: /Users/runner/Documents/ComfyUI/user/__manager/config.ini
** Log path: /Users/runner/Documents/ComfyUI/user/comfyui.log

[2026-05-11 09:21:04.533] [info]  [ComfyUI-Manager] Skipped fixing the 'comfyui-frontend-package' dependency because the ComfyUI is outdated.

[2026-05-11 09:21:04.534] [info]  [PRE] ComfyUI-Manager

[2026-05-11 09:21:10.286] [info]  Found comfy_kitchen backend triton: {'available': False, 'disabled': True, 'unavailable_reason': "ImportError: No module named 'triton'", 'capabilities': []}

[2026-05-11 09:21:10.287] [info]  Found comfy_kitchen backend eager: {'available': True, 'disabled': False, 'unavailable_reason': None, 'capabilities': ['apply_rope', 'apply_rope1', 'dequantize_mxfp8', 'dequantize_nvfp4', 'dequantize_per_tensor_fp8', 'quantize_mxfp8', 'quantize_nvfp4', 'quantize_per_tensor_fp8', 'scaled_mm_mxfp8', 'scaled_mm_nvfp4']}
Found comfy_kitchen backend cuda: {'available': False, 'disabled': True, 'unavailable_reason': 'Extension file not found: /Users/runner/Documents/ComfyUI/.venv/lib/python3.12/site-packages/comfy_kitchen/backends/cuda/_C.abi3.so', 'capabilities': []}

[2026-05-11 09:21:10.311] [info]  Checkpoint files will always be loaded safely.

[2026-05-11 09:21:10.393] [info]  Total VRAM 7168 MB, total RAM 7168 MB
pytorch version: 2.10.0

[2026-05-11 09:21:10.396] [info]  Mac Version (15, 7, 4)

[2026-05-11 09:21:10.397] [info]  Set vram state to: SHARED

[2026-05-11 09:21:10.399] [info]  Device: mps

[2026-05-11 09:21:11.277] [info]  Using sub quadratic optimization for attention, if you have memory or speed issues try using: --use-split-cross-attention

[2026-05-11 09:21:15.484] [info]  Python version: 3.12.11 (main, Aug 18 2025, 19:02:39) [Clang 20.1.4 ]
ComfyUI version: 0.20.1

[2026-05-11 09:21:15.485] [info]  comfy-aimdo version: 0.2.14
comfy-kitchen version: 0.2.8

[2026-05-11 09:21:15.486] [info]  [Prompt Server] web root: /Users/runner/.comfy-test-cache/desktop/ComfyUI.app/Contents/Resources/ComfyUI/web_custom_versions/desktop_app
Asset seeder disabled

[2026-05-11 09:21:15.487] [info]  [START] ComfyUI-Manager

[2026-05-11 09:21:15.696] [info]  [ComfyUI-Manager] Using GitPython backend

[2026-05-11 09:21:15.746] [info]  [ComfyUI-Manager] network_mode: public

[2026-05-11 09:21:15.753] [info]  [ComfyUI-Manager] The matrix sharing feature has been disabled because the `matrix-nio` dependency is not installed.
	To use this feature, please run the following command:
	/Users/runner/Documents/ComfyUI/.venv/bin/python -m pip install matrix-nio


[2026-05-11 09:21:17.671] [info]  
Import times for custom nodes:

[2026-05-11 09:21:17.673] [info]     0.0 seconds: /Users/runner/.comfy-test-cache/desktop/ComfyUI.app/Contents/Resources/ComfyUI/custom_nodes/websocket_image_save.py


[2026-05-11 09:21:17.683] [info]  Context impl SQLiteImpl.

[2026-05-11 09:21:17.684] [info]  Will assume non-transactional DDL.

[2026-05-11 09:21:17.693] [info]  Context impl SQLiteImpl.
Will assume non-transactional DDL.

[2026-05-11 09:21:17.695] [info]  Running upgrade  -> 0001_assets, Initial assets schema
Revision ID: 0001_assets
Revises: None
Create Date: 2025-12-10 00:00:00

[2026-05-11 09:21:17.761] [info]  Running upgrade 0001_assets -> 0002_merge_to_asset_references, Merge AssetInfo and AssetCacheState into unified asset_references table.

[2026-05-11 09:21:17.811] [info]  Running upgrade 0002_merge_to_asset_references -> 0003_add_metadata_job_id, Add system_metadata and job_id columns to asset_references.
Change preview_id FK from assets.id to asset_references.id.

[2026-05-11 09:21:17.835] [info]  Database upgraded from None to 0003_add_metadata_job_id

[2026-05-11 09:21:17.880] [info]  Starting server


[2026-05-11 09:21:17.881] [info]  To see the GUI go to: http://127.0.0.1:8000

[2026-05-11 09:22:32.517] [info]  [ComfyUI-Manager] Using uv as Python module for pip operations.

[2026-05-11 09:22:33.495] [error]   0%|          | 0.00/18.0M [00:00<?, ?B/s]
[2026-05-11 09:22:33.597] [error]  14%|█▎        | 2.42M/18.0M [00:00<00:00, 24.2MB/s]
[2026-05-11 09:22:33.697] [error]  69%|██████▉   | 12.4M/18.0M [00:00<00:00, 68.1MB/s]
[2026-05-11 09:22:33.808] [error] 100%|██████████| 18.0M/18.0M [00:00<00:00, 57.4MB/s]
[2026-05-11 09:22:33.809] [error] 

[2026-05-11 09:22:33.883] [info]  Extracted zip file to /Users/runner/Documents/ComfyUI/custom_nodes/ComfyUI-DepthAnythingV3

[2026-05-11 09:22:33.891] [info]  Install: pip packages

[2026-05-11 09:22:33.959] [info]  
## ComfyUI-Manager: EXECUTE => 
['/Users/runner/Documents/ComfyUI/.venv/bin/python', '-m', 'uv', 'pip', 
'install', 'comfy-env==0.3.83']

[2026-05-11 09:22:34.017] [error] [!]
[2026-05-11 09:22:34.018] [error]  Using Python 3.12.11 environment at: /Users/runner/Documents/ComfyUI/.venv

[2026-05-11 09:22:34.368] [error] [!]
[2026-05-11 09:22:34.369] [error]  Resolved 16 packages in 306ms

[2026-05-11 09:22:34.403] [error] [!] Downloading virtualenv (7.2MiB)

[2026-05-11 09:22:34.535] [error] [!]  Downloaded virtualenv
[!] Prepared 12 packages in 160ms

[2026-05-11 09:22:34.543] [error] [!] 
[2026-05-11 09:22:34.545] [error] Uninstalled 1 package in 11ms

[2026-05-11 09:22:34.597] [error] [!] Installed 12 packages in 54ms

[2026-05-11 09:22:34.599] [error] [!]  + cfgv==3.5.0
[!]  + comfy-env==0.3.83
[!]  + distlib==0.4.0
[!]  - filelock==3.20.3
[!] 
[2026-05-11 09:22:34.599] [error]  + filelock==3.29.0
[!]  + identify==2.6.19
[!]  + nodeenv==1.10.0
[!]  + platformdirs==4.9.6

[2026-05-11 09:22:34.600] [error] [!]  + pre-commit==4.6.0
[!]  + python-discovery==1.3.0
[!]  + tomli==2.4.1

[2026-05-11 09:22:34.601] [error] [!]  + tomli-w==1.2.0
[!]  + virtualenv==21.3.1

[2026-05-11 09:22:34.610] [info]  
## ComfyUI-Manager: EXECUTE => 
['/Users/runner/Documents/ComfyUI/.venv/bin/python', '-m', 'uv', 'pip', 
'install', 'comfy-3d-viewers==0.2.44']

[2026-05-11 09:22:34.707] [error] [!] Using Python 3.12.11 environment at: /Users/runner/Documents/ComfyUI/.venv

[2026-05-11 09:22:34.792] [error] [!] 
[2026-05-11 09:22:34.793] [error] Resolved 1 package in 78ms

[2026-05-11 09:22:34.807] [error] [!] 
[2026-05-11 09:22:34.809] [error] Downloading comfy-3d-viewers (1.2MiB)

[2026-05-11 09:22:34.869] [error] [!] 
[2026-05-11 09:22:34.871] [error]  Downloaded comfy-3d-viewers
[!] Prepared 1 package in 76ms

[2026-05-11 09:22:34.892] [error] [!] 
[2026-05-11 09:22:34.893] [error] Installed 1 package in 22ms
[!]  + comfy-3d-viewers==0.2.44

[2026-05-11 09:22:34.935] [info]  [ComfyUI-Manager] Skipped fixing the 'comfyui-frontend-package' dependency because the ComfyUI is outdated.

[2026-05-11 09:22:34.936] [info]  Install: install script

[2026-05-11 09:22:34.936] [info]  
## ComfyUI-Manager: EXECUTE => 
['/Users/runner/Documents/ComfyUI/.venv/bin/python', 'install.py']

[2026-05-11 09:22:35.216] [info]   

[2026-05-11 09:22:35.218] [info]   Installing 3 node dependencies...
   Cloning ComfyUI-VideoHelperSuite...

[2026-05-11 09:22:36.041] [info]     Installing requirements for ComfyUI-VideoHelperSuite...

[2026-05-11 09:22:37.199] [info]   
[2026-05-11 09:22:37.202] [info]    Cloning ComfyUI-KJNodes...

[2026-05-11 09:22:38.713] [info]     Installing requirements for ComfyUI-KJNodes...

[2026-05-11 09:22:40.051] [info]     Cloning ComfyUI-GeometryPack...

[2026-05-11 09:22:42.362] [info]   
[2026-05-11 09:22:42.364] [info]    Installing requirements for ComfyUI-GeometryPack...

[2026-05-11 09:22:43.037] [info]     Running install.py for ComfyUI-GeometryPack...

[2026-05-11 09:22:43.188] [error] [!] 
[2026-05-11 09:22:43.189] [error] [comfy-env] pixi not found, downloading...

[2026-05-11 09:22:43.969] [error] [!] [comfy-env] pixi installed: /Users/runner/.pixi/bin/pixi

[2026-05-11 09:22:43.971] [info]   [comfy-env] _discover: scanning /Users/runner/Documents/ComfyUI/custom_nodes

[2026-05-11 09:22:43.976] [info]   [comfy-env] _discover: ComfyUI-DepthAnythingV3 -> depthanythingv3-nodes (custom_nodes/ComfyUI-DepthAnythingV3/nodes/comfy-env.toml)

[2026-05-11 09:22:43.984] [info]   [comfy-env] _discover: ComfyUI-GeometryPack -> geometrypack-nodes (custom_nodes/ComfyUI-GeometryPack/nodes/comfy-env.toml)

[2026-05-11 09:22:43.985] [info]   [comfy-env] _discover: ComfyUI-KJNodes: no comfy-env.toml found

[2026-05-11 09:22:43.987] [info]   [comfy-env] _discover: ComfyUI-VideoHelperSuite: no comfy-env.toml found

[2026-05-11 09:22:43.989] [info]   [comfy-env] Workspace: /Users/runner/.ce
 [comfy-env] ComfyUI: /Users/runner/Documents/ComfyUI
 [comfy-env] Found 2 node config(s):
   - depthanythingv3-nodes <- custom_nodes/ComfyUI-DepthAnythingV3/nodes/comfy-env.toml (python=host)
   - geometrypack-nodes <- custom_nodes/ComfyUI-GeometryPack/nodes/comfy-env.toml (python=host)

[2026-05-11 09:22:43.991] [info]   [comfy-env] Bootstrap interpreter has python 3.12 + torch 2.10.0 (cpu). Looking for cuda-only wheels matching cpu/torch2.10/cp312.

[2026-05-11 09:22:43.992] [info]   [comfy-env] Desktop app detected: source=/Users/runner/.comfy-test-cache/desktop/ComfyUI.app/Contents/Resources/ComfyUI, data=/Users/runner/Documents/ComfyUI

[2026-05-11 09:22:44.003] [info]   Generated /Users/runner/.ce/pixi.toml
 [comfy-env] Installing 2 environment(s):
   - depthanythingv3-nodes (python=host, 10 pypi deps, 2 cuda wheels)

[2026-05-11 09:22:44.004] [info]     - geometrypack-nodes (python=host, 14 pypi deps, 1 cuda wheels)
 [comfy-env] Running `pixi install -e depthanythingv3-nodes -e geometrypack-nodes`...

[2026-05-11 09:22:47.419] [info]  FETCH ComfyRegistry Data [DONE]

[2026-05-11 09:22:47.748] [info]  [ComfyUI-Manager] default cache updated: https://api.comfy.org/nodes

[2026-05-11 09:22:47.767] [info]  FETCH DATA from: /Users/runner/Documents/ComfyUI/user/__manager/cache/1514988643_custom-node-list.json
[2026-05-11 09:22:47.793] [info]   [DONE]

[2026-05-11 09:22:47.825] [info]  [ComfyUI-Manager] All startup tasks have been completed.

[2026-05-11 09:22:54.127] [info]      WARN Skipped running the post-link scripts because `run-post-link-scripts` = `false`

[2026-05-11 09:22:54.130] [info]     	- bin/.librsvg-pre-unlink.sh
   To enable them, run:
   	pixi config set --local run-post-link-scripts insecure
   More info:
   	https://pixi.sh/latest/reference/pixi_configuration/#run-post-link-scripts

[2026-05-11 09:23:21.607] [info]   
[2026-05-11 09:23:21.615] [info]     WARN Skipped running the post-link scripts because `run-post-link-scripts` = `false`
   	- bin/.librsvg-pre-unlink.sh
   To enable them, run:
   	pixi config set --local run-post-link-scripts insecure
   More info:
   	https://pixi.sh/latest/reference/pixi_configuration/#run-post-link-scripts

[2026-05-11 09:23:26.250] [info]   
[2026-05-11 09:23:26.252] [info]    ✔ The following environments have been installed: depthanythingv3-nodes, geometrypack-nodes.

[2026-05-11 09:23:26.433] [info]   [comfy-env] depthanythingv3-nodes: deduped libomp

[2026-05-11 09:23:26.478] [info]   [comfy-env] geometrypack-nodes: deduped libomp

[2026-05-11 09:23:26.481] [info]   
[2026-05-11 09:23:26.482] [info]  [comfy-env] Recorded install hash 91bec3fd17b3 -> /Users/runner/.ce/install.hash

[2026-05-11 09:23:26.484] [info]   [comfy-env] Install log: /Users/runner/.ce/install.log
 
 Installation complete!

[2026-05-11 09:23:26.528] [info]   
[2026-05-11 09:23:26.532] [info]  
 [requirements] Re-installing main package requirements...
   Installing requirements for ComfyUI-DepthAnythingV3...

[2026-05-11 09:23:26.661] [info]   [comfy-env] _discover: scanning /Users/runner/Documents/ComfyUI/custom_nodes

[2026-05-11 09:23:26.667] [info]   
[2026-05-11 09:23:26.668] [info]  [comfy-env] _discover: ComfyUI-DepthAnythingV3 -> depthanythingv3-nodes (custom_nodes/ComfyUI-DepthAnythingV3/nodes/comfy-env.toml)

[2026-05-11 09:23:26.675] [info]   
[2026-05-11 09:23:26.676] [info]  [comfy-env] _discover: ComfyUI-GeometryPack -> geometrypack-nodes (custom_nodes/ComfyUI-GeometryPack/nodes/comfy-env.toml)

[2026-05-11 09:23:26.680] [info]   [comfy-env] _discover: ComfyUI-KJNodes: no comfy-env.toml found

[2026-05-11 09:23:26.685] [info]   [comfy-env] _discover: ComfyUI-VideoHelperSuite: no comfy-env.toml found

[2026-05-11 09:23:26.686] [info]   
[2026-05-11 09:23:26.687] [info]  [comfy-env] Workspace inputs unchanged (hash 91bec3fd17b3) -- skipping install. Delete /Users/runner/.ce/install.hash to force.
 
 Installation complete!

[2026-05-11 09:23:27.845] [info]  
Restarting... [Legacy Mode]


Command: ['/Users/runner/Documents/ComfyUI/.venv/bin/python', '/Users/runner/.comfy-test-cache/desktop/ComfyUI.app/Contents/Resources/ComfyUI/main.py', '--user-directory', '/Users/runner/Documents/ComfyUI/user', '--input-directory', '/Users/runner/Documents/ComfyUI/input', '--output-directory', '/Users/runner/Documents/ComfyUI/output', '--front-end-root', '/Users/runner/.comfy-test-cache/desktop/ComfyUI.app/Contents/Resources/ComfyUI/web_custom_versions/desktop_app', '--base-directory', '/Users/runner/Documents/ComfyUI', '--database-url', 'sqlite:////Users/runner/Documents/ComfyUI/user/comfyui.db', '--extra-model-paths-config', '/Users/runner/Library/Application Support/ComfyUI/extra_models_config.yaml', '--log-stdout', '--listen', '127.0.0.1', '--port', '8000', '--enable-manager']

[2026-05-11 09:23:27.903] [error] /Users/runner/.local/share/uv/python/cpython-3.12.11-macos-aarch64-none/lib/python3.12/multiprocessing/resource_tracker.py:279: UserWarning: resource_tracker: There appear to be 1 leaked semaphore objects to clean up at shutdown
  warnings.warn('resource_tracker: There appear to be %d '

[2026-05-11 09:23:28.411] [info]  setup plugin alembic.autogenerate.schemas
setup plugin alembic.autogenerate.tables
setup plugin alembic.autogenerate.types

[2026-05-11 09:23:28.412] [info]  setup plugin alembic.autogenerate.constraints
setup plugin alembic.autogenerate.defaults
setup plugin alembic.autogenerate.comments

[2026-05-11 09:23:28.470] [info]  comfy-aimdo os not supported Darwin
NOTE: comfy-aimdo is currently only support for Windows and Linux

[2026-05-11 09:23:28.598] [info]  Adding extra search path custom_nodes /Users/runner/Documents/ComfyUI/custom_nodes
Adding extra search path download_model_base /Users/runner/Documents/ComfyUI/models
Adding extra search path custom_nodes /Users/runner/.comfy-test-cache/desktop/ComfyUI.app/Contents/Resources/ComfyUI/custom_nodes
Setting output directory to: /Users/runner/Documents/ComfyUI/output
Setting input directory to: /Users/runner/Documents/ComfyUI/input
Setting user directory to: /Users/runner/Documents/ComfyUI/user

[2026-05-11 09:23:28.880] [info]  [START] Security scan
[ComfyUI-Manager] Using uv as Python module for pip operations.

[2026-05-11 09:23:28.954] [info]  [DONE] Security scan
** ComfyUI startup time: 2026-05-11 09:23:28.953
** Platform: 
[2026-05-11 09:23:28.955] [info]  Darwin
** Python version: 3.12.11 (main, Aug 18 2025, 19:02:39) [Clang 20.1.4 ]
** Python executable: /Users/runner/Documents/ComfyUI/.venv/bin/python
** ComfyUI Path: /Users/runner/.comfy-test-cache/desktop/ComfyUI.app/Contents/Resources/ComfyUI
** ComfyUI Base Folder Path: /Users/runner/.comfy-test-cache/desktop/ComfyUI.app/Contents/Resources/ComfyUI
** User directory: /Users/runner/Documents/ComfyUI/user
** ComfyUI-Manager config path: /Users/runner/Documents/ComfyUI/user/__manager/config.ini
** Log path: /Users/runner/Documents/ComfyUI/user/comfyui.log

[2026-05-11 09:23:29.026] [info]  [ComfyUI-Manager] Skipped fixing the 'comfyui-frontend-package' dependency because the ComfyUI is outdated.

[2026-05-11 09:23:29.027] [info]  [PRE] ComfyUI-Manager

[2026-05-11 09:23:29.218] [error] [comfy-env] ComfyUI-DepthAnythingV3: 1 isolation env(s):
[2026-05-11 09:23:29.219] [error] 
[comfy-env]   nodes -> /Users/runner/Documents/ComfyUI/custom_nodes/ComfyUI-DepthAnythingV3/nodes

[2026-05-11 09:23:30.191] [error] [comfy-env] prestartup complete

[2026-05-11 09:23:30.299] [error] [comfy-env] ComfyUI-GeometryPack: 1 isolation env(s):

[2026-05-11 09:23:30.300] [error] [comfy-env]   nodes -> /Users/runner/Documents/ComfyUI/custom_nodes/ComfyUI-GeometryPack/nodes

[2026-05-11 09:23:30.306] [error] [comfy-env] prestartup complete

[2026-05-11 09:23:30.593] [info]  WARNING: Potential Error in code: Torch already imported, torch should never be imported before this point.

[2026-05-11 09:23:31.820] [info]  Found comfy_kitchen backend eager: {'available': True, 'disabled': False, 'unavailable_reason': None, 'capabilities': ['apply_rope', 'apply_rope1', 'dequantize_mxfp8', 'dequantize_nvfp4', 'dequantize_per_tensor_fp8', 'quantize_mxfp8', 'quantize_nvfp4', 'quantize_per_tensor_fp8', 'scaled_mm_mxfp8', 'scaled_mm_nvfp4']}

[2026-05-11 09:23:31.821] [info]  Found comfy_kitchen backend triton: {'available': False, 'disabled': True, 'unavailable_reason': "ImportError: No module named 'triton'", 'capabilities': []}
Found comfy_kitchen backend cuda: {'available': False, 'disabled': True, 'unavailable_reason': 'Extension file not found: /Users/runner/Documents/ComfyUI/.venv/lib/python3.12/site-packages/comfy_kitchen/backends/cuda/_C.abi3.so', 'capabilities': []}

[2026-05-11 09:23:31.828] [info]  Checkpoint files will always be loaded safely.

[2026-05-11 09:23:31.867] [info]  Total VRAM 7168 MB, total RAM 7168 MB

[2026-05-11 09:23:31.868] [info]  pytorch version: 2.10.0

[2026-05-11 09:23:31.871] [info]  Mac Version (15, 7, 4)

[2026-05-11 09:23:31.871] [info]  Set vram state to: SHARED
Device: mps

[2026-05-11 09:23:32.235] [info]  Using sub quadratic optimization for attention, if you have memory or speed issues try using: --use-split-cross-attention

[2026-05-11 09:23:32.839] [error] objc[9170]: Class AVFFrameReceiver is implemented in both /Users/runner/Documents/ComfyUI/.venv/lib/python3.12/site-packages/av/.dylibs/libavdevice.62.1.100.dylib (0x11e9b03a8) and /Users/runner/Documents/ComfyUI/.venv/lib/python3.12/site-packages/cv2/.dylibs/libavdevice.61.3.100.dylib (0x12f4243a8). This may cause spurious casting failures and mysterious crashes. One of the duplicates must be removed or renamed.

[2026-05-11 09:23:32.840] [error] objc[9170]: Class AVFAudioReceiver is implemented in both /Users/runner/Documents/ComfyUI/.venv/lib/python3.12/site-packages/av/.dylibs/libavdevice.62.1.100.dylib (0x11e9b03f8) and /Users/runner/Documents/ComfyUI/.venv/lib/python3.12/site-packages/cv2/.dylibs/libavdevice.61.3.100.dylib (0x12f4243f8). This may cause spurious casting failures and mysterious crashes. One of the duplicates must be removed or renamed.

[2026-05-11 09:23:35.317] [info]  Python version: 3.12.11 (main, Aug 18 2025, 19:02:39) [Clang 20.1.4 ]
ComfyUI version: 0.20.1

[2026-05-11 09:23:35.318] [info]  comfy-aimdo version: 0.2.14
comfy-kitchen version: 0.2.8

[2026-05-11 09:23:35.320] [info]  [Prompt Server] web root: /Users/runner/.comfy-test-cache/desktop/ComfyUI.app/Contents/Resources/ComfyUI/web_custom_versions/desktop_app

[2026-05-11 09:23:35.321] [info]  Asset seeder disabled
[START] ComfyUI-Manager

[2026-05-11 09:23:35.428] [info]  [ComfyUI-Manager] Using GitPython backend

[2026-05-11 09:23:35.459] [info]  [ComfyUI-Manager] network_mode: public

[2026-05-11 09:23:35.462] [info]  [ComfyUI-Manager] The matrix sharing feature has been disabled because the `matrix-nio` dependency is not installed.
	To use this feature, please run the following command:
	/Users/runner/Documents/ComfyUI/.venv/bin/python -m pip install matrix-nio


[2026-05-11 09:23:36.364] [error] [comfy-env] Version: 0.3.83
[2026-05-11 09:23:36.365] [error] 

[2026-05-11 09:23:36.493] [error] [comfy-env] register_nodes: ComfyUI-DepthAnythingV3

[2026-05-11 09:23:36.494] [error] [comfy-env] ComfyUI source dir: /Users/runner/.comfy-test-cache/desktop/ComfyUI.app/Contents/Resources/ComfyUI
[2026-05-11 09:23:36.495] [error] 

[2026-05-11 09:23:36.497] [error] [comfy-env] Scanning nodes metadata (isolation root)...
[2026-05-11 09:23:36.498] [error] 

[2026-05-11 09:23:41.139] [error] [comfy-env] Scanned nodes: 15 nodes (4.6s)
[2026-05-11 09:23:41.140] [error] 
[comfy-env] Scanned nodes root: 15 nodes (4.6s)

[2026-05-11 09:23:41.140] [error] [comfy-env] Imported nodes root: 15 nodes (isolation)
[comfy-env] Registered 15 total nodes
[2026-05-11 09:23:41.141] [error] 

[2026-05-11 09:23:41.366] [info]  loading...

[2026-05-11 09:23:41.367] [info]  calling register_nodes

[2026-05-11 09:23:41.367] [error] [comfy-env] Version: 0.3.83

[2026-05-11 09:23:41.396] [error] [comfy-env] register_nodes: ComfyUI-GeometryPack

[2026-05-11 09:23:41.401] [error] [comfy-env] ComfyUI source dir: /Users/runner/.comfy-test-cache/desktop/ComfyUI.app/Contents/Resources/ComfyUI

[2026-05-11 09:23:41.438] [error] [comfy-env] Scanning nodes metadata (isolation root)...

[2026-05-11 09:23:50.036] [error] [comfy-env] Scanned nodes: 125 nodes (8.6s)
[2026-05-11 09:23:50.037] [error] 

[2026-05-11 09:23:50.037] [error] [comfy-env] Scanned nodes root: 125 nodes (8.6s)

[2026-05-11 09:23:50.038] [error] [comfy-env] Imported nodes root: 125 nodes (isolation)
[2026-05-11 09:23:50.039] [error] 
[comfy-env] Registered 125 total nodes

[2026-05-11 09:23:50.041] [info]  
Import times for custom nodes:

[2026-05-11 09:23:50.042] [info]     0.0 seconds: /Users/runner/.comfy-test-cache/desktop/ComfyUI.app/Contents/Resources/ComfyUI/custom_nodes/websocket_image_save.py
   0.1 seconds: /Users/runner/Documents/ComfyUI/custom_nodes/ComfyUI-VideoHelperSuite
   0.1 seconds: /Users/runner/Documents/ComfyUI/custom_nodes/ComfyUI-KJNodes
   4.8 seconds: /Users/runner/Documents/ComfyUI/custom_nodes/ComfyUI-DepthAnythingV3
   8.7 seconds: /Users/runner/Documents/ComfyUI/custom_nodes/ComfyUI-GeometryPack


[2026-05-11 09:23:50.047] [info]  Context impl SQLiteImpl.

[2026-05-11 09:23:50.047] [info]  Will assume non-transactional DDL.

[2026-05-11 09:23:50.139] [info]  Starting server


[2026-05-11 09:23:50.140] [info]  To see the GUI go to: http://127.0.0.1:8000

[2026-05-11 09:23:53.317] [info]  [ComfyUI-Manager] The ComfyRegistry cache update is still in progress, so an outdated cache is being used.

[2026-05-11 09:23:53.369] [info]  FETCH DATA from: /Users/runner/Documents/ComfyUI/.venv/lib/python3.12/site-packages/comfyui_manager/custom-node-list.json
[2026-05-11 09:23:53.383] [info]   [DONE]

[2026-05-11 09:23:56.422] [info]  [ComfyUI-Manager] The ComfyRegistry cache update is still in progress, so an outdated cache is being used.

[2026-05-11 09:23:56.473] [info]  FETCH DATA from: /Users/runner/Documents/ComfyUI/.venv/lib/python3.12/site-packages/comfyui_manager/custom-node-list.json
[2026-05-11 09:23:56.485] [info]   [DONE]

[2026-05-11 09:23:56.499] [info]  [DEPRECATION WARNING] Detected import of deprecated legacy API: /extensions/core/widgetInputs.js. This is likely caused by a custom node extension using outdated APIs. Please update your extensions or contact the extension author for an updated version.

[2026-05-11 09:24:01.629] [info]  [ComfyUI-Manager] The ComfyRegistry cache update is still in progress, so an outdated cache is being used.

[2026-05-11 09:24:01.687] [info]  FETCH DATA from: /Users/runner/Documents/ComfyUI/.venv/lib/python3.12/site-packages/comfyui_manager/custom-node-list.json
[2026-05-11 09:24:01.692] [info]   [DONE]
[2026-05-11 09:24:01.692] [info]  

[2026-05-11 09:24:23.510] [info]  got prompt

[2026-05-11 09:24:23.671] [info]  [ComfyUI-DepthAnythingV3] python: /Users/runner/.ce/.pixi/envs/depthanythingv3-nodes/bin/python
[ComfyUI-DepthAnythingV3] sys_path sent to worker: ['/Users/runner/.comfy-test-cache/desktop/ComfyUI.app/Contents/Resources/ComfyUI', '/Users/runner/Documents/ComfyUI/custom_nodes/ComfyUI-DepthAnythingV3', '/Users/runner/.ce/.pixi/envs/depthanythingv3-nodes/lib/python3.1/site-packages', '/Users/runner/Documents/ComfyUI/custom_nodes/ComfyUI-DepthAnythingV3']

[2026-05-11 09:24:25.548] [error] [worker:ComfyUI-DepthAnythingV3] ERROR: Failed to import comfy_kitchen, Error: No module named 'comfy_kitchen', fp8 and fp4 support will not be available.

[2026-05-11 09:24:27.041] [error] model.safetensors:   0%|          | 0.00/1.64G [00:00<?, ?B/s]
[2026-05-11 09:24:29.063] [error] model.safetensors:   4%|▍         | 67.1M/1.64G [00:02<00:47, 33.3MB/s]
[2026-05-11 09:24:29.322] [error] model.safetensors:   8%|▊         | 134M/1.64G [00:02<00:22, 68.4MB/s] 
[2026-05-11 09:24:29.807] [error] model.safetensors:  16%|█▋        | 268M/1.64G [00:02<00:10, 129MB/s] 
[2026-05-11 09:24:32.320] [error] model.safetensors:  37%|███▋      | 604M/1.64G [00:05<00:07, 132MB/s]
[2026-05-11 09:24:36.062] [error] model.safetensors:  73%|███████▎  | 1.21G/1.64G [00:09<00:02, 149MB/s]
[2026-05-11 09:24:36.414] [error] model.safetensors: 100%|██████████| 1.64G/1.64G [00:09<00:00, 230MB/s]
[2026-05-11 09:24:36.495] [error] model.safetensors: 100%|██████████| 1.64G/1.64G [00:09<00:00, 174MB/s]

[2026-05-11 09:24:36.643] [error] [ComfyUI-DepthAnythingV3] Health check: ping (timeout=5.0s)...
[ComfyUI-DepthAnythingV3] Health check: ok

[2026-05-11 09:24:37.937] [error] [worker:ComfyUI-DepthAnythingV3] WARNING: No comfy kitchen, using old apply_rope functions.

[2026-05-11 09:24:52.806] [error] [worker:ComfyUI-DepthAnythingV3] WARNING: WARNING: This model does not support sky segmentation. V2-Style normalization will work but without sky masking. Use Mono/Metric/Nested models for best V2-Style results.

[2026-05-11 09:25:09.626] [info]  FETCH ComfyRegistry Data [DONE]

[2026-05-11 09:25:10.148] [info]  [ComfyUI-Manager] default cache updated: https://api.comfy.org/nodes

[2026-05-11 09:25:10.228] [info]  FETCH DATA from: /Users/runner/Documents/ComfyUI/user/__manager/cache/1514988643_custom-node-list.json
[2026-05-11 09:25:10.243] [info]   [DONE]

[2026-05-11 09:25:10.262] [info]  [ComfyUI-Manager] All startup tasks have been completed.

[2026-05-11 09:25:14.508] [info]  Prompt executed in 50.97 seconds

