[2026-05-10 22:14:12.753] [info]  setup plugin alembic.autogenerate.schemas
setup plugin alembic.autogenerate.tables
setup plugin alembic.autogenerate.types
setup plugin alembic.autogenerate.constraints

[2026-05-10 22:14:12.755] [info]  setup plugin alembic.autogenerate.defaults
setup plugin alembic.autogenerate.comments

[2026-05-10 22:14:12.969] [info]  comfy-aimdo os not supported Darwin
NOTE: comfy-aimdo is currently only support for Windows and Linux

[2026-05-10 22:14:13.295] [info]  Adding extra search path custom_nodes /Users/runner/Documents/ComfyUI/custom_nodes
Adding extra search path download_model_base /Users/runner/Documents/ComfyUI/models
Adding extra search path custom_nodes /Users/runner/.comfy-test-cache/desktop/ComfyUI.app/Contents/Resources/ComfyUI/custom_nodes
Setting output directory to: /Users/runner/Documents/ComfyUI/output
Setting input directory to: /Users/runner/Documents/ComfyUI/input
Setting user directory to: /Users/runner/Documents/ComfyUI/user

[2026-05-10 22:14:14.473] [info]  [START] Security scan
[DONE] Security scan
** ComfyUI startup time: 2026-05-10 22:14:14.472
** Platform: 
[2026-05-10 22:14:14.474] [info]  Darwin
** Python version: 3.12.11 (main, Aug 18 2025, 19:02:39) [Clang 20.1.4 ]
** Python executable: /Users/runner/Documents/ComfyUI/.venv/bin/python
** ComfyUI Path: /Users/runner/.comfy-test-cache/desktop/ComfyUI.app/Contents/Resources/ComfyUI
** ComfyUI Base Folder Path: /Users/runner/.comfy-test-cache/desktop/ComfyUI.app/Contents/Resources/ComfyUI
** User directory: /Users/runner/Documents/ComfyUI/user
** ComfyUI-Manager config path: /Users/runner/Documents/ComfyUI/user/__manager/config.ini
** Log path: /Users/runner/Documents/ComfyUI/user/comfyui.log

[2026-05-10 22:14:14.926] [info]  [ComfyUI-Manager] Skipped fixing the 'comfyui-frontend-package' dependency because the ComfyUI is outdated.

[2026-05-10 22:14:14.927] [info]  [PRE] ComfyUI-Manager

[2026-05-10 22:14:19.968] [info]  Found comfy_kitchen backend triton: {'available': False, 'disabled': True, 'unavailable_reason': "ImportError: No module named 'triton'", 'capabilities': []}
Found comfy_kitchen backend cuda: {'available': False, 'disabled': True, 'unavailable_reason': 'Extension file not found: /Users/runner/Documents/ComfyUI/.venv/lib/python3.12/site-packages/comfy_kitchen/backends/cuda/_C.abi3.so', 'capabilities': []}

[2026-05-10 22:14:19.969] [info]  Found comfy_kitchen backend eager: {'available': True, 'disabled': False, 'unavailable_reason': None, 'capabilities': ['apply_rope', 'apply_rope1', 'dequantize_mxfp8', 'dequantize_nvfp4', 'dequantize_per_tensor_fp8', 'quantize_mxfp8', 'quantize_nvfp4', 'quantize_per_tensor_fp8', 'scaled_mm_mxfp8', 'scaled_mm_nvfp4']}

[2026-05-10 22:14:19.994] [info]  Checkpoint files will always be loaded safely.

[2026-05-10 22:14:20.056] [info]  Total VRAM 7168 MB, total RAM 7168 MB
pytorch version: 2.10.0

[2026-05-10 22:14:20.058] [info]  Mac Version (15, 7, 4)

[2026-05-10 22:14:20.059] [info]  Set vram state to: SHARED
Device: mps

[2026-05-10 22:14:20.851] [info]  Using sub quadratic optimization for attention, if you have memory or speed issues try using: --use-split-cross-attention

[2026-05-10 22:14:25.297] [info]  Python version: 3.12.11 (main, Aug 18 2025, 19:02:39) [Clang 20.1.4 ]
ComfyUI version: 0.20.1

[2026-05-10 22:14:25.298] [info]  comfy-aimdo version: 0.2.14
comfy-kitchen version: 0.2.8

[2026-05-10 22:14:25.299] [info]  [Prompt Server] web root: /Users/runner/.comfy-test-cache/desktop/ComfyUI.app/Contents/Resources/ComfyUI/web_custom_versions/desktop_app

[2026-05-10 22:14:25.300] [info]  Asset seeder disabled
[START] ComfyUI-Manager

[2026-05-10 22:14:25.516] [info]  [ComfyUI-Manager] Using GitPython backend

[2026-05-10 22:14:25.565] [info]  [ComfyUI-Manager] network_mode: public

[2026-05-10 22:14:25.572] [info]  [ComfyUI-Manager] The matrix sharing feature has been disabled because the `matrix-nio` dependency is not installed.
	To use this feature, please run the following command:
	/Users/runner/Documents/ComfyUI/.venv/bin/python -m pip install matrix-nio


[2026-05-10 22:14:27.475] [info]  
Import times for custom nodes:

[2026-05-10 22:14:27.476] [info]     0.0 seconds: /Users/runner/.comfy-test-cache/desktop/ComfyUI.app/Contents/Resources/ComfyUI/custom_nodes/websocket_image_save.py

[2026-05-10 22:14:27.477] [info]  

[2026-05-10 22:14:27.488] [info]  Context impl SQLiteImpl.
Will assume non-transactional DDL.

[2026-05-10 22:14:27.496] [info]  Context impl SQLiteImpl.
Will assume non-transactional DDL.

[2026-05-10 22:14:27.498] [info]  Running upgrade  -> 0001_assets, Initial assets schema
Revision ID: 0001_assets
Revises: None
Create Date: 2025-12-10 00:00:00

[2026-05-10 22:14:27.519] [info]  Running upgrade 0001_assets -> 0002_merge_to_asset_references, Merge AssetInfo and AssetCacheState into unified asset_references table.

[2026-05-10 22:14:27.536] [info]  Running upgrade 0002_merge_to_asset_references -> 0003_add_metadata_job_id, Add system_metadata and job_id columns to asset_references.
Change preview_id FK from assets.id to asset_references.id.

[2026-05-10 22:14:27.557] [info]  Database upgraded from None to 0003_add_metadata_job_id

[2026-05-10 22:14:27.605] [info]  Starting server


[2026-05-10 22:14:27.606] [info]  To see the GUI go to: http://127.0.0.1:8000

[2026-05-10 22:15:41.329] [info]  [ComfyUI-Manager] Using uv as Python module for pip operations.

[2026-05-10 22:15:42.191] [error]   0%|          | 0.00/17.8M [00:00<?, ?B/s]
[2026-05-10 22:15:42.318] [error]  35%|███▌      | 6.29M/17.8M [00:00<00:00, 49.8MB/s]
[2026-05-10 22:15:42.418] [error]  68%|██████▊   | 12.1M/17.8M [00:00<00:00, 54.2MB/s]
[2026-05-10 22:15:42.495] [error] 100%|██████████| 17.8M/17.8M [00:00<00:00, 58.7MB/s]
[2026-05-10 22:15:42.496] [error] 

[2026-05-10 22:15:42.560] [info]  Extracted zip file to /Users/runner/Documents/ComfyUI/custom_nodes/ComfyUI-DepthAnythingV3

[2026-05-10 22:15:42.564] [info]  Install: pip packages

[2026-05-10 22:15:42.614] [info]  
## ComfyUI-Manager: EXECUTE => 
['/Users/runner/Documents/ComfyUI/.venv/bin/python', '-m', 'uv', 'pip', 
'install', 'comfy-env==0.3.82']

[2026-05-10 22:15:42.696] [error] [!] Using Python 3.12.11 environment at: /Users/runner/Documents/ComfyUI/.venv

[2026-05-10 22:15:42.982] [error] [!]
[2026-05-10 22:15:42.983] [error]  Resolved 16 packages in 279ms

[2026-05-10 22:15:43.018] [error] [!] 
[2026-05-10 22:15:43.019] [error] Downloading virtualenv (7.2MiB)

[2026-05-10 22:15:43.167] [error] [!]  Downloaded virtualenv
[!] Prepared 12 packages in 163ms
[!] Uninstalled 1 package in 6ms

[2026-05-10 22:15:43.215] [error] [!]
[2026-05-10 22:15:43.216] [error]  Installed 12 packages in 59ms
[!]  + cfgv==3.5.0
[!]  + comfy-env==0.3.82
[!] 
[2026-05-10 22:15:43.218] [error]  + distlib==0.4.0
[!]  - filelock==3.20.3

[2026-05-10 22:15:43.219] [error] [!]  + filelock==3.29.0
[!]  + identify==2.6.19
[!]  + nodeenv==1.10.0
[!]  + platformdirs==4.9.6

[2026-05-10 22:15:43.220] [error] [!]  + pre-commit==4.6.0
[!]  + python-discovery==1.3.0
[!]  + tomli==2.4.1
[!]  + tomli-w==1.2.0
[!]  + virtualenv==21.3.1

[2026-05-10 22:15:43.227] [info]  
## ComfyUI-Manager: EXECUTE => 
['/Users/runner/Documents/ComfyUI/.venv/bin/python', '-m', 'uv', 'pip', 
'install', 'comfy-3d-viewers==0.2.44']

[2026-05-10 22:15:43.318] [error] [!]
[2026-05-10 22:15:43.319] [error]  Using Python 3.12.11 environment at: /Users/runner/Documents/ComfyUI/.venv

[2026-05-10 22:15:43.436] [error] [!] 
[2026-05-10 22:15:43.437] [error] Resolved 1 package in 112ms

[2026-05-10 22:15:43.450] [error] [!] 
[2026-05-10 22:15:43.451] [error] Downloading comfy-3d-viewers (1.2MiB)

[2026-05-10 22:15:43.517] [error] [!] 
[2026-05-10 22:15:43.523] [error]  Downloaded comfy-3d-viewers
[!] Prepared 1 package in 80ms

[2026-05-10 22:15:43.544] [error] [!] Installed 1 package in 26ms
[!]  + comfy-3d-viewers==0.2.44

[2026-05-10 22:15:43.604] [info]  [ComfyUI-Manager] Skipped fixing the 'comfyui-frontend-package' dependency because the ComfyUI is outdated.

[2026-05-10 22:15:43.605] [info]  Install: install script

[2026-05-10 22:15:43.606] [info]  
## ComfyUI-Manager: EXECUTE => 
['/Users/runner/Documents/ComfyUI/.venv/bin/python', 'install.py']

[2026-05-10 22:15:43.820] [info]   
[2026-05-10 22:15:43.822] [info]  
 Installing 3 node dependencies...
   Cloning ComfyUI-VideoHelperSuite...

[2026-05-10 22:15:44.618] [info]   
[2026-05-10 22:15:44.620] [info]    Installing requirements for ComfyUI-VideoHelperSuite...

[2026-05-10 22:15:45.565] [info]   
[2026-05-10 22:15:45.566] [info]    Cloning ComfyUI-KJNodes...

[2026-05-10 22:15:46.983] [info]   
[2026-05-10 22:15:46.985] [info]    Installing requirements for ComfyUI-KJNodes...

[2026-05-10 22:15:48.165] [info]   
[2026-05-10 22:15:48.167] [info]    Cloning ComfyUI-GeometryPack...

[2026-05-10 22:15:50.517] [info]     Installing requirements for ComfyUI-GeometryPack...

[2026-05-10 22:15:51.186] [info]   
[2026-05-10 22:15:51.187] [info]    Running install.py for ComfyUI-GeometryPack...

[2026-05-10 22:15:51.376] [error] [!] [comfy-env] pixi not found, downloading...

[2026-05-10 22:15:52.351] [error] [!] 
[2026-05-10 22:15:52.353] [error] [comfy-env] pixi installed: /Users/runner/.pixi/bin/pixi

[2026-05-10 22:15:52.353] [info]   [comfy-env] _discover: scanning /Users/runner/Documents/ComfyUI/custom_nodes

[2026-05-10 22:15:52.355] [info]   [comfy-env] _discover: ComfyUI-DepthAnythingV3 -> depthanythingv3-nodes (custom_nodes/ComfyUI-DepthAnythingV3/nodes/comfy-env.toml)

[2026-05-10 22:15:52.361] [info]   [comfy-env] _discover: ComfyUI-GeometryPack -> geometrypack-nodes (custom_nodes/ComfyUI-GeometryPack/nodes/comfy-env.toml)

[2026-05-10 22:15:52.363] [info]   [comfy-env] _discover: ComfyUI-KJNodes: no comfy-env.toml found

[2026-05-10 22:15:52.364] [info]   [comfy-env] _discover: ComfyUI-VideoHelperSuite: no comfy-env.toml found

[2026-05-10 22:15:52.365] [info]   [comfy-env] Workspace: /Users/runner/.ce
 [comfy-env] ComfyUI: /Users/runner/Documents/ComfyUI
 [comfy-env] Found 2 node config(s):
   - depthanythingv3-nodes <- custom_nodes/ComfyUI-DepthAnythingV3/nodes/comfy-env.toml (python=host)
   - geometrypack-nodes <- custom_nodes/ComfyUI-GeometryPack/nodes/comfy-env.toml (python=host)

[2026-05-10 22:15:52.369] [info]   [comfy-env] Bootstrap interpreter has python 3.12 + torch 2.10.0 (cpu). Looking for cuda-only wheels matching cpu/torch2.10/cp312.

[2026-05-10 22:15:52.370] [info]   [comfy-env] Desktop app detected: source=/Users/runner/.comfy-test-cache/desktop/ComfyUI.app/Contents/Resources/ComfyUI, data=/Users/runner/Documents/ComfyUI

[2026-05-10 22:15:52.378] [info]   Generated /Users/runner/.ce/pixi.toml
 [comfy-env] Installing 2 environment(s):
   - depthanythingv3-nodes (python=host, 10 pypi deps, 2 cuda wheels)
   - geometrypack-nodes (python=host, 14 pypi deps, 1 cuda wheels)
 [comfy-env] Running `pixi install -e depthanythingv3-nodes -e geometrypack-nodes`...

[2026-05-10 22:15:58.093] [info]  FETCH ComfyRegistry Data [DONE]

[2026-05-10 22:15:58.306] [info]  [ComfyUI-Manager] default cache updated: https://api.comfy.org/nodes

[2026-05-10 22:15:58.325] [info]  FETCH DATA from: /Users/runner/Documents/ComfyUI/user/__manager/cache/1514988643_custom-node-list.json
[2026-05-10 22:15:58.339] [info]   [DONE]

[2026-05-10 22:15:58.365] [info]  [ComfyUI-Manager] All startup tasks have been completed.

[2026-05-10 22:16:01.734] [info]   
[2026-05-10 22:16:01.736] [info]     WARN Skipped running the post-link scripts because `run-post-link-scripts` = `false`
   	- bin/.librsvg-pre-unlink.sh
   To enable them, run:
   	pixi config set --local run-post-link-scripts insecure
   More info:

[2026-05-10 22:16:01.737] [info]     	https://pixi.sh/latest/reference/pixi_configuration/#run-post-link-scripts

[2026-05-10 22:16:26.637] [info]      WARN Skipped running the post-link scripts because `run-post-link-scripts` = `false`

[2026-05-10 22:16:26.640] [info]     	- bin/.librsvg-pre-unlink.sh
   To enable them, run:
   	pixi config set --local run-post-link-scripts insecure
   More info:

[2026-05-10 22:16:26.641] [info]     	https://pixi.sh/latest/reference/pixi_configuration/#run-post-link-scripts

[2026-05-10 22:16:33.765] [info]     ✔ The following environments have been installed: depthanythingv3-nodes, geometrypack-nodes.

[2026-05-10 22:16:33.904] [info]   [comfy-env] depthanythingv3-nodes: deduped libomp

[2026-05-10 22:16:33.936] [info]   [comfy-env] geometrypack-nodes: deduped libomp

[2026-05-10 22:16:33.937] [info]   [comfy-env] Install log: /Users/runner/.ce/install.log
 
 Installation complete!

[2026-05-10 22:16:33.988] [info]   
[2026-05-10 22:16:33.990] [info]  
 [requirements] Re-installing main package requirements...
   Installing requirements for ComfyUI-DepthAnythingV3...

[2026-05-10 22:16:34.137] [info]   
[2026-05-10 22:16:34.138] [info]  [comfy-env] _discover: scanning /Users/runner/Documents/ComfyUI/custom_nodes

[2026-05-10 22:16:34.143] [info]   [comfy-env] _discover: ComfyUI-DepthAnythingV3 -> depthanythingv3-nodes (custom_nodes/ComfyUI-DepthAnythingV3/nodes/comfy-env.toml)

[2026-05-10 22:16:34.152] [info]   [comfy-env] _discover: ComfyUI-GeometryPack -> geometrypack-nodes (custom_nodes/ComfyUI-GeometryPack/nodes/comfy-env.toml)

[2026-05-10 22:16:34.156] [info]   
[2026-05-10 22:16:34.158] [info]  [comfy-env] _discover: ComfyUI-KJNodes: no comfy-env.toml found

[2026-05-10 22:16:34.162] [info]   
[2026-05-10 22:16:34.164] [info]  [comfy-env] _discover: ComfyUI-VideoHelperSuite: no comfy-env.toml found
 [comfy-env] Workspace: /Users/runner/.ce
 [comfy-env] ComfyUI: /Users/runner/Documents/ComfyUI
 [comfy-env] Found 2 node config(s):

[2026-05-10 22:16:34.165] [info]     - depthanythingv3-nodes <- custom_nodes/ComfyUI-DepthAnythingV3/nodes/comfy-env.toml (python=host)
   - geometrypack-nodes <- custom_nodes/ComfyUI-GeometryPack/nodes/comfy-env.toml (python=host)

[2026-05-10 22:16:34.171] [info]   [comfy-env] Bootstrap interpreter has python 3.12 + torch 2.10.0 (cpu). Looking for cuda-only wheels matching cpu/torch2.10/cp312.

[2026-05-10 22:16:34.173] [info]   
[2026-05-10 22:16:34.174] [info]  [comfy-env] Desktop app detected: source=/Users/runner/.comfy-test-cache/desktop/ComfyUI.app/Contents/Resources/ComfyUI, data=/Users/runner/Documents/ComfyUI

[2026-05-10 22:16:34.212] [info]   Generated /Users/runner/.ce/pixi.toml
 [comfy-env] Installing 2 environment(s):
   - depthanythingv3-nodes (python=host, 10 pypi deps, 2 cuda wheels)

[2026-05-10 22:16:34.221] [info]     - geometrypack-nodes (python=host, 14 pypi deps, 1 cuda wheels)
 [comfy-env] Running `pixi install -e depthanythingv3-nodes -e geometrypack-nodes`...

[2026-05-10 22:16:34.316] [info]     ✔ The following environments have been installed: depthanythingv3-nodes, geometrypack-nodes.

[2026-05-10 22:16:34.323] [info]   
[2026-05-10 22:16:34.324] [info]  [comfy-env] depthanythingv3-nodes: deduped libomp

[2026-05-10 22:16:34.337] [info]   
[2026-05-10 22:16:34.338] [info]  [comfy-env] geometrypack-nodes: deduped libomp
 [comfy-env] Install log: /Users/runner/.ce/install.log
 
 Installation complete!

[2026-05-10 22:16:35.381] [info]  
Restarting... [Legacy Mode]


Command: ['/Users/runner/Documents/ComfyUI/.venv/bin/python', '/Users/runner/.comfy-test-cache/desktop/ComfyUI.app/Contents/Resources/ComfyUI/main.py', '--user-directory', '/Users/runner/Documents/ComfyUI/user', '--input-directory', '/Users/runner/Documents/ComfyUI/input', '--output-directory', '/Users/runner/Documents/ComfyUI/output', '--front-end-root', '/Users/runner/.comfy-test-cache/desktop/ComfyUI.app/Contents/Resources/ComfyUI/web_custom_versions/desktop_app', '--base-directory', '/Users/runner/Documents/ComfyUI', '--database-url', 'sqlite:////Users/runner/Documents/ComfyUI/user/comfyui.db', '--extra-model-paths-config', '/Users/runner/Library/Application Support/ComfyUI/extra_models_config.yaml', '--log-stdout', '--listen', '127.0.0.1', '--port', '8000', '--enable-manager']

[2026-05-10 22:16:35.428] [error] /Users/runner/.local/share/uv/python/cpython-3.12.11-macos-aarch64-none/lib/python3.12/multiprocessing/resource_tracker.py:279: UserWarning: resource_tracker: There appear to be 1 leaked semaphore objects to clean up at shutdown
  warnings.warn('resource_tracker: There appear to be %d '

[2026-05-10 22:16:35.933] [info]  setup plugin alembic.autogenerate.schemas
setup plugin alembic.autogenerate.tables
setup plugin alembic.autogenerate.types
setup plugin alembic.autogenerate.constraints
setup plugin alembic.autogenerate.defaults
setup plugin alembic.autogenerate.comments

[2026-05-10 22:16:35.985] [info]  comfy-aimdo os not supported Darwin
NOTE: comfy-aimdo is currently only support for Windows and Linux

[2026-05-10 22:16:36.114] [info]  Adding extra search path custom_nodes /Users/runner/Documents/ComfyUI/custom_nodes
Adding extra search path download_model_base /Users/runner/Documents/ComfyUI/models
Adding extra search path custom_nodes /Users/runner/.comfy-test-cache/desktop/ComfyUI.app/Contents/Resources/ComfyUI/custom_nodes
Setting output directory to: /Users/runner/Documents/ComfyUI/output
Setting input directory to: /Users/runner/Documents/ComfyUI/input
Setting user directory to: /Users/runner/Documents/ComfyUI/user

[2026-05-10 22:16:36.372] [info]  [START] Security scan
[ComfyUI-Manager] Using uv as Python module for pip operations.

[2026-05-10 22:16:36.458] [info]  [DONE] Security scan
** ComfyUI startup time: 2026-05-10 22:16:36.457
** Platform: Darwin
[2026-05-10 22:16:36.459] [info]  
** Python version: 3.12.11 (main, Aug 18 2025, 19:02:39) [Clang 20.1.4 ]
** Python executable: /Users/runner/Documents/ComfyUI/.venv/bin/python
** ComfyUI Path: /Users/runner/.comfy-test-cache/desktop/ComfyUI.app/Contents/Resources/ComfyUI
** ComfyUI Base Folder Path: /Users/runner/.comfy-test-cache/desktop/ComfyUI.app/Contents/Resources/ComfyUI
** User directory: /Users/runner/Documents/ComfyUI/user
** ComfyUI-Manager config path: /Users/runner/Documents/ComfyUI/user/__manager/config.ini
** Log path: /Users/runner/Documents/ComfyUI/user/comfyui.log

[2026-05-10 22:16:36.533] [info]  [ComfyUI-Manager] Skipped fixing the 'comfyui-frontend-package' dependency because the ComfyUI is outdated.

[2026-05-10 22:16:36.533] [info]  [PRE] ComfyUI-Manager

[2026-05-10 22:16:36.717] [error] [comfy-env] ComfyUI-DepthAnythingV3: 1 isolation env(s):
[2026-05-10 22:16:36.718] [error] 
[comfy-env]   nodes -> /Users/runner/Documents/ComfyUI/custom_nodes/ComfyUI-DepthAnythingV3/nodes

[2026-05-10 22:16:37.635] [error] [comfy-env] prestartup complete

[2026-05-10 22:16:37.755] [error] [comfy-env] ComfyUI-GeometryPack: 1 isolation env(s):
[2026-05-10 22:16:37.756] [error] 
[comfy-env]   nodes -> /Users/runner/Documents/ComfyUI/custom_nodes/ComfyUI-GeometryPack/nodes

[2026-05-10 22:16:37.759] [error] [comfy-env] prestartup complete

[2026-05-10 22:16:38.005] [info]  WARNING: Potential Error in code: Torch already imported, torch should never be imported before this point.

[2026-05-10 22:16:39.014] [info]  Found comfy_kitchen backend cuda: {'available': False, 'disabled': True, 'unavailable_reason': 'Extension file not found: /Users/runner/Documents/ComfyUI/.venv/lib/python3.12/site-packages/comfy_kitchen/backends/cuda/_C.abi3.so', 'capabilities': []}
Found comfy_kitchen backend triton: {'available': False, 'disabled': True, 'unavailable_reason': "ImportError: No module named 'triton'", 'capabilities': []}

[2026-05-10 22:16:39.014] [info]  Found comfy_kitchen backend eager: {'available': True, 'disabled': False, 'unavailable_reason': None, 'capabilities': ['apply_rope', 'apply_rope1', 'dequantize_mxfp8', 'dequantize_nvfp4', 'dequantize_per_tensor_fp8', 'quantize_mxfp8', 'quantize_nvfp4', 'quantize_per_tensor_fp8', 'scaled_mm_mxfp8', 'scaled_mm_nvfp4']}

[2026-05-10 22:16:39.022] [info]  Checkpoint files will always be loaded safely.

[2026-05-10 22:16:39.055] [info]  Total VRAM 7168 MB, total RAM 7168 MB

[2026-05-10 22:16:39.056] [info]  pytorch version: 2.10.0

[2026-05-10 22:16:39.059] [info]  Mac Version (15, 7, 4)

[2026-05-10 22:16:39.060] [info]  Set vram state to: SHARED
Device: mps

[2026-05-10 22:16:39.401] [info]  Using sub quadratic optimization for attention, if you have memory or speed issues try using: --use-split-cross-attention

[2026-05-10 22:16:39.982] [error] objc[7015]: Class AVFFrameReceiver is implemented in both /Users/runner/Documents/ComfyUI/.venv/lib/python3.12/site-packages/av/.dylibs/libavdevice.62.1.100.dylib (0x10de683a8) and /Users/runner/Documents/ComfyUI/.venv/lib/python3.12/site-packages/cv2/.dylibs/libavdevice.61.3.100.dylib (0x113f783a8). This may cause spurious casting failures and mysterious crashes. One of the duplicates must be removed or renamed.

[2026-05-10 22:16:39.983] [error] objc[7015]: Class AVFAudioReceiver is implemented in both /Users/runner/Documents/ComfyUI/.venv/lib/python3.12/site-packages/av/.dylibs/libavdevice.62.1.100.dylib (0x10de683f8) and /Users/runner/Documents/ComfyUI/.venv/lib/python3.12/site-packages/cv2/.dylibs/libavdevice.61.3.100.dylib (0x113f783f8). This may cause spurious casting failures and mysterious crashes. One of the duplicates must be removed or renamed.

[2026-05-10 22:16:42.878] [info]  Python version: 3.12.11 (main, Aug 18 2025, 19:02:39) [Clang 20.1.4 ]

[2026-05-10 22:16:42.879] [info]  ComfyUI version: 0.20.1
comfy-aimdo version: 0.2.14
comfy-kitchen version: 0.2.8

[2026-05-10 22:16:42.880] [info]  [Prompt Server] web root: /Users/runner/.comfy-test-cache/desktop/ComfyUI.app/Contents/Resources/ComfyUI/web_custom_versions/desktop_app

[2026-05-10 22:16:42.881] [info]  Asset seeder disabled

[2026-05-10 22:16:42.881] [info]  [START] ComfyUI-Manager

[2026-05-10 22:16:42.980] [info]  [ComfyUI-Manager] Using GitPython backend

[2026-05-10 22:16:43.011] [info]  [ComfyUI-Manager] network_mode: public

[2026-05-10 22:16:43.013] [info]  [ComfyUI-Manager] The matrix sharing feature has been disabled because the `matrix-nio` dependency is not installed.
	To use this feature, please run the following command:
	/Users/runner/Documents/ComfyUI/.venv/bin/python -m pip install matrix-nio


[2026-05-10 22:16:43.924] [error] [comfy-env] Version: 0.3.82
[2026-05-10 22:16:43.925] [error] 

[2026-05-10 22:16:44.049] [error] [comfy-env] register_nodes: ComfyUI-DepthAnythingV3

[2026-05-10 22:16:44.050] [error] [comfy-env] ComfyUI source dir: /Users/runner/.comfy-test-cache/desktop/ComfyUI.app/Contents/Resources/ComfyUI

[2026-05-10 22:16:44.053] [error] [comfy-env] Scanning nodes metadata (isolation root)...
[2026-05-10 22:16:44.054] [error] 

[2026-05-10 22:16:48.638] [error] [comfy-env] Scanned nodes: 15 nodes (4.6s)

[2026-05-10 22:16:48.638] [error] [comfy-env] Scanned nodes root: 15 nodes (4.6s)
[comfy-env] Imported nodes root: 15 nodes (isolation)
[2026-05-10 22:16:48.639] [error] 
[comfy-env] Registered 15 total nodes
[2026-05-10 22:16:48.639] [error] 

[2026-05-10 22:16:48.852] [info]  loading...

[2026-05-10 22:16:48.853] [info]  calling register_nodes

[2026-05-10 22:16:48.853] [error] [comfy-env] Version: 0.3.82

[2026-05-10 22:16:48.874] [error] [comfy-env] register_nodes: ComfyUI-GeometryPack

[2026-05-10 22:16:48.879] [error] [comfy-env] ComfyUI source dir: /Users/runner/.comfy-test-cache/desktop/ComfyUI.app/Contents/Resources/ComfyUI

[2026-05-10 22:16:48.888] [error] [comfy-env] Scanning nodes metadata (isolation root)...

[2026-05-10 22:16:57.483] [error] [comfy-env] Scanned nodes: 125 nodes (8.6s)
[2026-05-10 22:16:57.484] [error] 

[2026-05-10 22:16:57.485] [error] [comfy-env] Scanned nodes root: 125 nodes (8.6s)

[2026-05-10 22:16:57.486] [error] [comfy-env] Imported nodes root: 125 nodes (isolation)
[2026-05-10 22:16:57.486] [error] 
[comfy-env] Registered 125 total nodes

[2026-05-10 22:16:57.489] [info]  
Import times for custom nodes:

[2026-05-10 22:16:57.489] [info]     0.0 seconds: /Users/runner/.comfy-test-cache/desktop/ComfyUI.app/Contents/Resources/ComfyUI/custom_nodes/websocket_image_save.py
   0.1 seconds: /Users/runner/Documents/ComfyUI/custom_nodes/ComfyUI-VideoHelperSuite
   0.1 seconds: /Users/runner/Documents/ComfyUI/custom_nodes/ComfyUI-KJNodes
   4.7 seconds: /Users/runner/Documents/ComfyUI/custom_nodes/ComfyUI-DepthAnythingV3
   8.6 seconds: /Users/runner/Documents/ComfyUI/custom_nodes/ComfyUI-GeometryPack


[2026-05-10 22:16:57.493] [info]  Context impl SQLiteImpl.

[2026-05-10 22:16:57.494] [info]  Will assume non-transactional DDL.

[2026-05-10 22:16:57.574] [info]  Starting server


[2026-05-10 22:16:57.574] [info]  To see the GUI go to: http://127.0.0.1:8000

[2026-05-10 22:17:02.608] [info]  [ComfyUI-Manager] The ComfyRegistry cache update is still in progress, so an outdated cache is being used.

[2026-05-10 22:17:02.671] [info]  FETCH DATA from: /Users/runner/Documents/ComfyUI/.venv/lib/python3.12/site-packages/comfyui_manager/custom-node-list.json
[2026-05-10 22:17:02.685] [info]   [DONE]

[2026-05-10 22:17:04.116] [info]  [ComfyUI-Manager] The ComfyRegistry cache update is still in progress, so an outdated cache is being used.

[2026-05-10 22:17:04.166] [info]  FETCH DATA from: /Users/runner/Documents/ComfyUI/.venv/lib/python3.12/site-packages/comfyui_manager/custom-node-list.json
[2026-05-10 22:17:04.179] [info]   [DONE]

[2026-05-10 22:17:04.194] [info]  [DEPRECATION WARNING] Detected import of deprecated legacy API: /extensions/core/widgetInputs.js. This is likely caused by a custom node extension using outdated APIs. Please update your extensions or contact the extension author for an updated version.

[2026-05-10 22:17:10.028] [info]  [ComfyUI-Manager] The ComfyRegistry cache update is still in progress, so an outdated cache is being used.

[2026-05-10 22:17:10.072] [info]  FETCH DATA from: /Users/runner/Documents/ComfyUI/.venv/lib/python3.12/site-packages/comfyui_manager/custom-node-list.json
[2026-05-10 22:17:10.082] [info]   [DONE]

[2026-05-10 22:17:32.492] [info]  got prompt

[2026-05-10 22:17:32.688] [info]  [ComfyUI-DepthAnythingV3] python: /Users/runner/.ce/.pixi/envs/depthanythingv3-nodes/bin/python
[ComfyUI-DepthAnythingV3] sys_path sent to worker: ['/Users/runner/.comfy-test-cache/desktop/ComfyUI.app/Contents/Resources/ComfyUI', '/Users/runner/Documents/ComfyUI/custom_nodes/ComfyUI-DepthAnythingV3', '/Users/runner/.ce/.pixi/envs/depthanythingv3-nodes/lib/python3.1/site-packages', '/Users/runner/Documents/ComfyUI/custom_nodes/ComfyUI-DepthAnythingV3']

[2026-05-10 22:17:34.021] [error] [worker:ComfyUI-DepthAnythingV3] ERROR: Failed to import comfy_kitchen, Error: No module named 'comfy_kitchen', fp8 and fp4 support will not be available.

[2026-05-10 22:17:35.340] [error] model.safetensors:   0%|          | 0.00/1.64G [00:00<?, ?B/s]
[2026-05-10 22:17:37.853] [error] model.safetensors:  16%|█▌        | 256M/1.64G [00:02<00:13, 102MB/s]
[2026-05-10 22:17:43.601] [error] model.safetensors:  78%|███████▊  | 1.27G/1.64G [00:08<00:02, 159MB/s]
[2026-05-10 22:17:44.661] [error] model.safetensors: 100%|██████████| 1.64G/1.64G [00:09<00:00, 191MB/s]
[2026-05-10 22:17:44.770] [error] model.safetensors: 100%|██████████| 1.64G/1.64G [00:09<00:00, 174MB/s]

[2026-05-10 22:17:44.913] [error] [ComfyUI-DepthAnythingV3] Health check: ping (timeout=5.0s)...

[2026-05-10 22:17:44.920] [error] [ComfyUI-DepthAnythingV3] Health check: ok

[2026-05-10 22:17:45.964] [error] [worker:ComfyUI-DepthAnythingV3] WARNING: No comfy kitchen, using old apply_rope functions.

[2026-05-10 22:18:00.509] [error] [worker:ComfyUI-DepthAnythingV3] WARNING: WARNING: This model does not support sky segmentation. V2-Style normalization will work but without sky masking. Use Mono/Metric/Nested models for best V2-Style results.

[2026-05-10 22:18:18.116] [info]  FETCH ComfyRegistry Data [DONE]

[2026-05-10 22:18:18.361] [info]  [ComfyUI-Manager] default cache updated: https://api.comfy.org/nodes

[2026-05-10 22:18:18.412] [info]  FETCH DATA from: /Users/runner/Documents/ComfyUI/user/__manager/cache/1514988643_custom-node-list.json
[2026-05-10 22:18:18.430] [info]   [DONE]

[2026-05-10 22:18:18.453] [info]  [ComfyUI-Manager] All startup tasks have been completed.

[2026-05-10 22:18:21.605] [info]  Prompt executed in 49.11 seconds

