[2026-05-08 04:22:41.310] [info]  setup plugin alembic.autogenerate.schemas
setup plugin alembic.autogenerate.tables

[2026-05-08 04:22:41.312] [info]  setup plugin alembic.autogenerate.types
setup plugin alembic.autogenerate.constraints
setup plugin alembic.autogenerate.defaults
setup plugin alembic.autogenerate.comments

[2026-05-08 04:22:41.500] [info]  comfy-aimdo os not supported Darwin
NOTE: comfy-aimdo is currently only support for Windows and Linux

[2026-05-08 04:22:41.815] [info]  Adding extra search path custom_nodes /Users/runner/Documents/ComfyUI/custom_nodes
Adding extra search path download_model_base /Users/runner/Documents/ComfyUI/models
Adding extra search path custom_nodes /Users/runner/work/comfy-gpu-ci/comfy-gpu-ci/ComfyUI.app/Contents/Resources/ComfyUI/custom_nodes
Setting output directory to: /Users/runner/Documents/ComfyUI/output
Setting input directory to: /Users/runner/Documents/ComfyUI/input
Setting user directory to: /Users/runner/Documents/ComfyUI/user

[2026-05-08 04:22:43.085] [info]  [START] Security scan
[DONE] Security scan
** ComfyUI startup time: 2026-05-08 04:22:43.084

[2026-05-08 04:22:43.086] [info]  ** Platform: Darwin
** Python version: 3.12.11 (main, Aug 18 2025, 19:02:39) [Clang 20.1.4 ]
** Python executable: /Users/runner/Documents/ComfyUI/.venv/bin/python
** ComfyUI Path: /Users/runner/work/comfy-gpu-ci/comfy-gpu-ci/ComfyUI.app/Contents/Resources/ComfyUI
** ComfyUI Base Folder Path: /Users/runner/work/comfy-gpu-ci/comfy-gpu-ci/ComfyUI.app/Contents/Resources/ComfyUI
** User directory: /Users/runner/Documents/ComfyUI/user
** ComfyUI-Manager config path: /Users/runner/Documents/ComfyUI/user/__manager/config.ini
** Log path: /Users/runner/Documents/ComfyUI/user/comfyui.log

[2026-05-08 04:22:43.528] [info]  [ComfyUI-Manager] Skipped fixing the 'comfyui-frontend-package' dependency because the ComfyUI is outdated.

[2026-05-08 04:22:43.529] [info]  [PRE] ComfyUI-Manager

[2026-05-08 04:22:49.114] [info]  Found comfy_kitchen backend cuda: {'available': False, 'disabled': True, 'unavailable_reason': 'Extension file not found: /Users/runner/Documents/ComfyUI/.venv/lib/python3.12/site-packages/comfy_kitchen/backends/cuda/_C.abi3.so', 'capabilities': []}
Found comfy_kitchen backend triton: {'available': False, 'disabled': True, 'unavailable_reason': "ImportError: No module named 'triton'", 'capabilities': []}

[2026-05-08 04:22:49.115] [info]  Found comfy_kitchen backend eager: {'available': True, 'disabled': False, 'unavailable_reason': None, 'capabilities': ['apply_rope', 'apply_rope1', 'dequantize_mxfp8', 'dequantize_nvfp4', 'dequantize_per_tensor_fp8', 'quantize_mxfp8', 'quantize_nvfp4', 'quantize_per_tensor_fp8', 'scaled_mm_mxfp8', 'scaled_mm_nvfp4']}

[2026-05-08 04:22:49.148] [info]  Checkpoint files will always be loaded safely.

[2026-05-08 04:22:49.214] [info]  Total VRAM 7168 MB, total RAM 7168 MB
pytorch version: 2.10.0

[2026-05-08 04:22:49.218] [info]  Mac Version (15, 7, 4)

[2026-05-08 04:22:49.219] [info]  Set vram state to: SHARED
Device: mps

[2026-05-08 04:22:49.990] [info]  Using sub quadratic optimization for attention, if you have memory or speed issues try using: --use-split-cross-attention

[2026-05-08 04:22:54.474] [info]  Python version: 3.12.11 (main, Aug 18 2025, 19:02:39) [Clang 20.1.4 ]
ComfyUI version: 0.20.1

[2026-05-08 04:22:54.475] [info]  comfy-aimdo version: 0.2.14

[2026-05-08 04:22:54.476] [info]  comfy-kitchen version: 0.2.8

[2026-05-08 04:22:54.477] [info]  [Prompt Server] web root: /Users/runner/work/comfy-gpu-ci/comfy-gpu-ci/ComfyUI.app/Contents/Resources/ComfyUI/web_custom_versions/desktop_app

[2026-05-08 04:22:54.478] [info]  Asset seeder disabled

[2026-05-08 04:22:54.479] [info]  [START] ComfyUI-Manager

[2026-05-08 04:22:54.845] [info]  [ComfyUI-Manager] Using GitPython backend

[2026-05-08 04:22:54.949] [info]  [ComfyUI-Manager] network_mode: public

[2026-05-08 04:22:54.958] [info]  [ComfyUI-Manager] The matrix sharing feature has been disabled because the `matrix-nio` dependency is not installed.
	To use this feature, please run the following command:
	/Users/runner/Documents/ComfyUI/.venv/bin/python -m pip install matrix-nio


[2026-05-08 04:22:57.118] [info]  
Import times for custom nodes:

[2026-05-08 04:22:57.119] [info]     0.0 seconds: /Users/runner/work/comfy-gpu-ci/comfy-gpu-ci/ComfyUI.app/Contents/Resources/ComfyUI/custom_nodes/websocket_image_save.py


[2026-05-08 04:22:57.129] [info]  Context impl SQLiteImpl.

[2026-05-08 04:22:57.130] [info]  Will assume non-transactional DDL.

[2026-05-08 04:22:57.138] [info]  Context impl SQLiteImpl.

[2026-05-08 04:22:57.139] [info]  Will assume non-transactional DDL.

[2026-05-08 04:22:57.142] [info]  Running upgrade  -> 0001_assets, Initial assets schema
Revision ID: 0001_assets
Revises: None
Create Date: 2025-12-10 00:00:00

[2026-05-08 04:22:57.165] [info]  Running upgrade 0001_assets -> 0002_merge_to_asset_references, Merge AssetInfo and AssetCacheState into unified asset_references table.

[2026-05-08 04:22:57.186] [info]  Running upgrade 0002_merge_to_asset_references -> 0003_add_metadata_job_id, Add system_metadata and job_id columns to asset_references.
Change preview_id FK from assets.id to asset_references.id.

[2026-05-08 04:22:57.210] [info]  Database upgraded from None to 0003_add_metadata_job_id

[2026-05-08 04:22:57.257] [info]  Starting server


[2026-05-08 04:22:57.258] [info]  To see the GUI go to: http://127.0.0.1:8000

[2026-05-08 04:23:40.795] [info]  [ComfyUI-Manager] Using uv as Python module for pip operations.

[2026-05-08 04:23:41.717] [error]   0%|          | 0.00/17.8M [00:00<?, ?B/s]
[2026-05-08 04:23:41.871] [error]  35%|███▌      | 6.29M/17.8M [00:00<00:00, 55.6MB/s]
[2026-05-08 04:23:41.956] [error]  71%|███████   | 12.6M/17.8M [00:00<00:00, 52.5MB/s]
[2026-05-08 04:23:42.055] [error] 100%|██████████| 17.8M/17.8M [00:00<00:00, 53.0MB/s]

[2026-05-08 04:23:42.123] [info]  Extracted zip file to /Users/runner/Documents/ComfyUI/custom_nodes/ComfyUI-DepthAnythingV3

[2026-05-08 04:23:42.130] [info]  Install: pip packages

[2026-05-08 04:23:42.183] [info]  
## ComfyUI-Manager: EXECUTE => 
['/Users/runner/Documents/ComfyUI/.venv/bin/python', '-m', 'uv', 'pip', 
'install', 'comfy-env==0.3.69']

[2026-05-08 04:23:42.245] [error] [!]
[2026-05-08 04:23:42.245] [error]  Using Python 3.12.11 environment at: /Users/runner/Documents/ComfyUI/.venv

[2026-05-08 04:23:42.466] [error] [!]
[2026-05-08 04:23:42.467] [error]  Resolved 16 packages in 193ms

[2026-05-08 04:23:42.488] [error] [!] 
[2026-05-08 04:23:42.489] [error] Downloading virtualenv (7.2MiB)

[2026-05-08 04:23:42.600] [error] [!] 
[2026-05-08 04:23:42.601] [error]  Downloaded virtualenv
[!] Prepared 12 packages in 130ms

[2026-05-08 04:23:42.609] [error] [!]
[2026-05-08 04:23:42.610] [error]  Uninstalled 1 package in 8ms

[2026-05-08 04:23:42.623] [error] [!] 
[2026-05-08 04:23:42.625] [error] Installed 12 packages in 14ms

[2026-05-08 04:23:42.629] [error] [!]  + cfgv==3.5.0
[!]  + comfy-env==0.3.69
[!]  + distlib==0.4.0
[!]  - filelock==3.20.3
[!]  + filelock==3.29.0
[!]  + identify==2.6.19
[!]  + nodeenv==1.10.0
[!]  + platformdirs==4.9.6
[!]  + pre-commit==4.6.0
[!]  + python-discovery==1.3.0
[!]
[2026-05-08 04:23:42.630] [error]   + tomli==2.4.1
[!]  + tomli-w==1.2.0
[!]  + virtualenv==21.3.1

[2026-05-08 04:23:42.630] [info]  
## ComfyUI-Manager: EXECUTE => 
['/Users/runner/Documents/ComfyUI/.venv/bin/python', '-m', 'uv', 'pip', 
'install', 'comfy-3d-viewers==0.2.44']

[2026-05-08 04:23:42.698] [error] [!] Using Python 3.12.11 environment at: /Users/runner/Documents/ComfyUI/.venv

[2026-05-08 04:23:42.824] [error] [!] Resolved 1 package in 88ms
[!] Downloading comfy-3d-viewers (1.2MiB)

[2026-05-08 04:23:42.843] [error] [!] 
[2026-05-08 04:23:42.845] [error]  Downloaded comfy-3d-viewers
[!] Prepared 1 package in 50ms

[2026-05-08 04:23:42.847] [error] [!] Installed 1 package in 3ms
[!]
[2026-05-08 04:23:42.849] [error]   + comfy-3d-viewers==0.2.44

[2026-05-08 04:23:42.905] [info]  [ComfyUI-Manager] Skipped fixing the 'comfyui-frontend-package' dependency because the ComfyUI is outdated.

[2026-05-08 04:23:42.906] [info]  Install: install script

[2026-05-08 04:23:42.906] [info]  
## ComfyUI-Manager: EXECUTE => 
['/Users/runner/Documents/ComfyUI/.venv/bin/python', 'install.py']

[2026-05-08 04:23:43.114] [info]   

[2026-05-08 04:23:43.117] [info]   Installing 3 node dependencies...
   Cloning ComfyUI-VideoHelperSuite...

[2026-05-08 04:23:43.644] [info]     Installing requirements for ComfyUI-VideoHelperSuite...

[2026-05-08 04:23:44.732] [info]     Cloning ComfyUI-KJNodes...

[2026-05-08 04:23:46.454] [info]     Installing requirements for ComfyUI-KJNodes...

[2026-05-08 04:23:47.497] [info]   
[2026-05-08 04:23:47.499] [info]    Cloning ComfyUI-GeometryPack...

[2026-05-08 04:23:49.353] [info]   
[2026-05-08 04:23:49.355] [info]    Installing requirements for ComfyUI-GeometryPack...

[2026-05-08 04:23:49.806] [info]     Running install.py for ComfyUI-GeometryPack...

[2026-05-08 04:23:49.975] [error] [!] [comfy-env] pixi not found, downloading...

[2026-05-08 04:23:50.469] [error] [!] [comfy-env] pixi installed: /Users/runner/.pixi/bin/pixi

[2026-05-08 04:23:50.482] [info]   
[2026-05-08 04:23:50.487] [info]  [comfy-env] Workspace: /Users/runner/Documents/ComfyUI/.ce
 [comfy-env] ComfyUI: /Users/runner/Documents/ComfyUI

[2026-05-08 04:23:50.488] [info]   [comfy-env] Found 4 node config(s):
   - depthanythingv3-nodes <- custom_nodes/ComfyUI-DepthAnythingV3/nodes/comfy-env.toml (python=host)

[2026-05-08 04:23:50.489] [info]     - geometrypack-blender <- custom_nodes/ComfyUI-GeometryPack/nodes/blender/comfy-env.toml (python=3.11)
   - geometrypack-gpu <- custom_nodes/ComfyUI-GeometryPack/nodes/gpu/comfy-env.toml (python=host)
   - geometrypack-main <- custom_nodes/ComfyUI-GeometryPack/nodes/main/comfy-env.toml (python=host)

[2026-05-08 04:23:50.497] [info]   [comfy-env] Bootstrap interpreter has python 3.12 + torch 2.10.0 (cpu). Looking for cuda-only wheels matching cpu/torch2.10/cp312.

[2026-05-08 04:23:50.498] [info]   [comfy-env] Root conda deps from ComfyUI-DepthAnythingV3: ['av', 'ffmpeg']
 [comfy-env] Root conda deps from ComfyUI-GeometryPack: ['av', 'ffmpeg']

[2026-05-08 04:23:50.509] [info]   [comfy-env] WARNING: /Users/runner/Documents/ComfyUI/requirements.txt not found -- comfyui feature will be empty

[2026-05-08 04:23:50.512] [info]   [comfy-env] Root conda deps injected into comfyui feature: ['av', 'ffmpeg']
 Generated /Users/runner/Documents/ComfyUI/.ce/pixi.toml
 [comfy-env] Installing 4 environment(s):
   - depthanythingv3-nodes (python=host, 9 pypi deps, 2 cuda wheels)
   - geometrypack-blender (python=3.11, 2 pypi deps)

[2026-05-08 04:23:50.513] [info]     - geometrypack-gpu (python=host, 2 pypi deps, 1 cuda wheels)
   - geometrypack-main (python=host, 12 pypi deps)
 [comfy-env] Running `pixi install --all`...

[2026-05-08 04:24:03.388] [info]      WARN Skipped running the post-link scripts because `run-post-link-scripts` = `false`

[2026-05-08 04:24:03.390] [info]     	- bin/.librsvg-pre-unlink.sh
   To enable them, run:
   	pixi config set --local run-post-link-scripts insecure
   More info:
   	https://pixi.sh/latest/reference/pixi_configuration/#run-post-link-scripts

[2026-05-08 04:24:06.309] [info]      WARN Skipped running the post-link scripts because `run-post-link-scripts` = `false`

[2026-05-08 04:24:06.311] [info]   
[2026-05-08 04:24:06.313] [info]    	- bin/.librsvg-pre-unlink.sh
   To enable them, run:
   	pixi config set --local run-post-link-scripts insecure

[2026-05-08 04:24:06.313] [info]     More info:
   	https://pixi.sh/latest/reference/pixi_configuration/#run-post-link-scripts

[2026-05-08 04:24:10.159] [info]      WARN Skipped running the post-link scripts because `run-post-link-scripts` = `false`
   	- bin/.librsvg-pre-unlink.sh
   To enable them, run:

[2026-05-08 04:24:10.161] [info]     	pixi config set --local run-post-link-scripts insecure
   More info:
   	https://pixi.sh/latest/reference/pixi_configuration/#run-post-link-scripts

[2026-05-08 04:24:12.342] [info]      WARN Skipped running the post-link scripts because `run-post-link-scripts` = `false`

[2026-05-08 04:24:12.344] [info]     	- bin/.librsvg-pre-unlink.sh

[2026-05-08 04:24:12.345] [info]     To enable them, run:
   	pixi config set --local run-post-link-scripts insecure
   More info:
 
[2026-05-08 04:24:12.345] [info]    	https://pixi.sh/latest/reference/pixi_configuration/#run-post-link-scripts

[2026-05-08 04:24:15.397] [error] /Users/runner/.local/share/uv/python/cpython-3.12.11-macos-aarch64-none/lib/python3.12/multiprocessing/resource_tracker.py:279: UserWarning: resource_tracker: There appear to be 1 leaked semaphore objects to clean up at shutdown
  warnings.warn('resource_tracker: There appear to be %d '

