[2026-05-10 03:13:29.173] [info]  setup plugin alembic.autogenerate.schemas
setup plugin alembic.autogenerate.tables
setup plugin alembic.autogenerate.types
setup plugin alembic.autogenerate.constraints
setup plugin alembic.autogenerate.defaults
setup plugin alembic.autogenerate.comments

[2026-05-10 03:13:29.298] [info]  comfy-aimdo os not supported Darwin
NOTE: comfy-aimdo is currently only support for Windows and Linux

[2026-05-10 03:13:29.499] [info]  Adding extra search path custom_nodes /Users/runner/Documents/ComfyUI/custom_nodes
Adding extra search path download_model_base /Users/runner/Documents/ComfyUI/models
Adding extra search path custom_nodes /Users/runner/.comfy-test-cache/desktop/ComfyUI.app/Contents/Resources/ComfyUI/custom_nodes
Setting output directory to: /Users/runner/Documents/ComfyUI/output
Setting input directory to: /Users/runner/Documents/ComfyUI/input
Setting user directory to: /Users/runner/Documents/ComfyUI/user

[2026-05-10 03:13:29.843] [info]  [START] Security scan
[ComfyUI-Manager] Using uv as Python module for pip operations.

[2026-05-10 03:13:29.976] [info]  [DONE] Security scan
** ComfyUI startup time: 2026-05-10 03:13:29.976
** Platform:
[2026-05-10 03:13:29.977] [info]   Darwin
** Python version: 3.12.11 (main, Aug 18 2025, 19:02:39) [Clang 20.1.4 ]
** Python executable: /Users/runner/Documents/ComfyUI/.venv/bin/python
** ComfyUI Path: /Users/runner/.comfy-test-cache/desktop/ComfyUI.app/Contents/Resources/ComfyUI
** ComfyUI Base Folder Path: /Users/runner/.comfy-test-cache/desktop/ComfyUI.app/Contents/Resources/ComfyUI
** User directory: /Users/runner/Documents/ComfyUI/user
** ComfyUI-Manager config path: /Users/runner/Documents/ComfyUI/user/__manager/config.ini
** Log path: /Users/runner/Documents/ComfyUI/user/comfyui.log

[2026-05-10 03:13:30.066] [info]  [ComfyUI-Manager] Skipped fixing the 'comfyui-frontend-package' dependency because the ComfyUI is outdated.

[2026-05-10 03:13:30.067] [info]  [PRE] ComfyUI-Manager

[2026-05-10 03:13:30.344] [error] [comfy-env] ComfyUI-DepthAnythingV3: 1 isolation env(s):

[2026-05-10 03:13:30.349] [error] [comfy-env]   nodes -> /Users/runner/Documents/ComfyUI/custom_nodes/ComfyUI-DepthAnythingV3/nodes

[2026-05-10 03:13:32.067] [error] [comfy-env] prestartup complete
[2026-05-10 03:13:32.068] [error] 

[2026-05-10 03:13:32.169] [error] [comfy-env] ComfyUI-GeometryPack: 1 isolation env(s):

[2026-05-10 03:13:32.171] [error] [comfy-env]   nodes -> /Users/runner/Documents/ComfyUI/custom_nodes/ComfyUI-GeometryPack/nodes

[2026-05-10 03:13:32.179] [error] [comfy-env] prestartup complete

[2026-05-10 03:13:32.254] [info]  WARNING: Potential Error in code: Torch already imported, torch should never be imported before this point.

[2026-05-10 03:13:34.467] [info]  Found comfy_kitchen backend triton: {'available': False, 'disabled': True, 'unavailable_reason': "ImportError: No module named 'triton'", 'capabilities': []}
Found comfy_kitchen backend eager: {'available': True, 'disabled': False, 'unavailable_reason': None, 'capabilities': ['apply_rope', 'apply_rope1', 'dequantize_mxfp8', 'dequantize_nvfp4', 'dequantize_per_tensor_fp8', 'quantize_mxfp8', 'quantize_nvfp4', 'quantize_per_tensor_fp8', 'scaled_mm_mxfp8', 'scaled_mm_nvfp4']}

[2026-05-10 03:13:34.471] [info]  Found comfy_kitchen backend cuda: {'available': False, 'disabled': True, 'unavailable_reason': 'Extension file not found: /Users/runner/Documents/ComfyUI/.venv/lib/python3.12/site-packages/comfy_kitchen/backends/cuda/_C.abi3.so', 'capabilities': []}

[2026-05-10 03:13:34.498] [info]  Checkpoint files will always be loaded safely.

[2026-05-10 03:13:34.565] [info]  Total VRAM 7168 MB, total RAM 7168 MB
pytorch version: 2.10.0

[2026-05-10 03:13:34.577] [info]  Mac Version (15, 7, 4)

[2026-05-10 03:13:34.581] [info]  Set vram state to: SHARED
Device: mps

[2026-05-10 03:13:35.783] [info]  Using sub quadratic optimization for attention, if you have memory or speed issues try using: --use-split-cross-attention

[2026-05-10 03:13:36.951] [error] objc[20980]: Class AVFFrameReceiver is implemented in both /Users/runner/Documents/ComfyUI/.venv/lib/python3.12/site-packages/av/.dylibs/libavdevice.62.1.100.dylib (0x10fbc03a8) and /Users/runner/Documents/ComfyUI/.venv/lib/python3.12/site-packages/cv2/.dylibs/libavdevice.61.3.100.dylib (0x115ec03a8). This may cause spurious casting failures and mysterious crashes. One of the duplicates must be removed or renamed.

[2026-05-10 03:13:36.953] [error] objc[20980]: Class AVFAudioReceiver is implemented in both /Users/runner/Documents/ComfyUI/.venv/lib/python3.12/site-packages/av/.dylibs/libavdevice.62.1.100.dylib (0x10fbc03f8) and /Users/runner/Documents/ComfyUI/.venv/lib/python3.12/site-packages/cv2/.dylibs/libavdevice.61.3.100.dylib (0x115ec03f8). This may cause spurious casting failures and mysterious crashes. One of the duplicates must be removed or renamed.

[2026-05-10 03:13:41.839] [info]  Python version: 3.12.11 (main, Aug 18 2025, 19:02:39) [Clang 20.1.4 ]

[2026-05-10 03:13:41.842] [info]  ComfyUI version: 0.20.1
comfy-aimdo version: 0.2.14
comfy-kitchen version: 0.2.8

[2026-05-10 03:13:41.850] [info]  [Prompt Server] web root: /Users/runner/.comfy-test-cache/desktop/ComfyUI.app/Contents/Resources/ComfyUI/web_custom_versions/desktop_app
Asset seeder disabled
[START] ComfyUI-Manager

[2026-05-10 03:13:42.067] [info]  [ComfyUI-Manager] Using GitPython backend

[2026-05-10 03:13:42.156] [info]  [ComfyUI-Manager] network_mode: public

[2026-05-10 03:13:42.170] [info]  [ComfyUI-Manager] The matrix sharing feature has been disabled because the `matrix-nio` dependency is not installed.
	To use this feature, please run the following command:
	/Users/runner/Documents/ComfyUI/.venv/bin/python -m pip install matrix-nio


[2026-05-10 03:13:44.439] [error] [comfy-env] Version: 0.3.78
[2026-05-10 03:13:44.440] [error] 

[2026-05-10 03:13:44.441] [info]  [comfy-env] Removed stale socket: /var/folders/tb/y368xp_x10s3ty1b_mtl5mxr0000gn/T/comfy_worker_52b2d9f62e2f.sock

[2026-05-10 03:13:44.523] [info]  [comfy-env] Removed stale temp dir: /var/folders/tb/y368xp_x10s3ty1b_mtl5mxr0000gn/T/comfyui_pvenv_p5x2uzl4

[2026-05-10 03:13:44.688] [error] [comfy-env] register_nodes: ComfyUI-DepthAnythingV3

[2026-05-10 03:13:44.691] [error] [comfy-env] ComfyUI source dir: /Users/runner/.comfy-test-cache/desktop/ComfyUI.app/Contents/Resources/ComfyUI
[2026-05-10 03:13:44.692] [error] 

[2026-05-10 03:13:44.812] [error] [comfy-env] Scanning nodes metadata (isolation root)...

[2026-05-10 03:13:44.818] [error] [comfy-env] Cache hit for nodes: 15 nodes
[2026-05-10 03:13:44.820] [error] 
[comfy-env] Scanned nodes root: 15 nodes (0.0s)
[comfy-env] Imported nodes root: 15 nodes (isolation)
[comfy-env] Registered 15 total nodes

[2026-05-10 03:13:44.950] [info]  loading...

[2026-05-10 03:13:44.953] [info]  calling register_nodes

[2026-05-10 03:13:44.954] [error] [comfy-env] Version: 0.3.78
[2026-05-10 03:13:44.957] [error] 

[2026-05-10 03:13:45.035] [error] [comfy-env] register_nodes: ComfyUI-GeometryPack

[2026-05-10 03:13:45.048] [error] [comfy-env] ComfyUI source dir: /Users/runner/.comfy-test-cache/desktop/ComfyUI.app/Contents/Resources/ComfyUI
[2026-05-10 03:13:45.050] [error] 

[2026-05-10 03:13:45.181] [error] [comfy-env] Scanning nodes metadata (isolation root)...
[2026-05-10 03:13:45.182] [error] 

[2026-05-10 03:13:45.201] [error] [comfy-env] Cache hit for nodes: 125 nodes

[2026-05-10 03:13:45.203] [error] [comfy-env] Scanned nodes root: 125 nodes (0.0s)

[2026-05-10 03:13:45.205] [error] [comfy-env] Imported nodes root: 125 nodes (isolation)
[comfy-env] Registered 125 total nodes
[2026-05-10 03:13:45.207] [error] 

[2026-05-10 03:13:45.210] [info]  
Import times for custom nodes:
   0.0 seconds: /Users/runner/.comfy-test-cache/desktop/ComfyUI.app/Contents/Resources/ComfyUI/custom_nodes/websocket_image_save.py

[2026-05-10 03:13:45.211] [info]     0.0 seconds: /Users/runner/Documents/ComfyUI/custom_nodes/ComfyUI-KJNodes
   0.1 seconds: /Users/runner/Documents/ComfyUI/custom_nodes/ComfyUI-VideoHelperSuite
   0.3 seconds: /Users/runner/Documents/ComfyUI/custom_nodes/ComfyUI-GeometryPack
   0.4 seconds: /Users/runner/Documents/ComfyUI/custom_nodes/ComfyUI-DepthAnythingV3


[2026-05-10 03:13:45.228] [info]  Context impl SQLiteImpl.
Will assume non-transactional DDL.

[2026-05-10 03:13:45.318] [info]  Starting server


[2026-05-10 03:13:45.319] [info]  To see the GUI go to: http://127.0.0.1:8000

[2026-05-10 03:13:47.074] [info]  [ComfyUI-Manager] The ComfyRegistry cache update is still in progress, so an outdated cache is being used.

[2026-05-10 03:13:47.179] [info]  FETCH DATA from: /Users/runner/Documents/ComfyUI/.venv/lib/python3.12/site-packages/comfyui_manager/custom-node-list.json
[2026-05-10 03:13:47.209] [info]   [DONE]

[2026-05-10 03:13:48.010] [info]  [DEPRECATION WARNING] Detected import of deprecated legacy API: /extensions/core/widgetInputs.js. This is likely caused by a custom node extension using outdated APIs. Please update your extensions or contact the extension author for an updated version.

[2026-05-10 03:13:51.496] [info]  [ComfyUI-Manager] The ComfyRegistry cache update is still in progress, so an outdated cache is being used.

[2026-05-10 03:13:51.608] [info]  FETCH DATA from: /Users/runner/Documents/ComfyUI/.venv/lib/python3.12/site-packages/comfyui_manager/custom-node-list.json
[2026-05-10 03:13:51.646] [info]   [DONE]

[2026-05-10 03:14:15.768] [info]  got prompt

[2026-05-10 03:14:16.125] [info]  [ComfyUI-DepthAnythingV3] python: /Users/runner/Documents/ComfyUI/.ce/.pixi/envs/depthanythingv3-nodes/bin/python
[ComfyUI-DepthAnythingV3] sys_path sent to worker: ['/Users/runner/.comfy-test-cache/desktop/ComfyUI.app/Contents/Resources/ComfyUI', '/Users/runner/Documents/ComfyUI/custom_nodes/ComfyUI-DepthAnythingV3', '/Users/runner/Documents/ComfyUI/.ce/.pixi/envs/depthanythingv3-nodes/lib/python3.1/site-packages', '/Users/runner/Documents/ComfyUI/custom_nodes/ComfyUI-DepthAnythingV3']

[2026-05-10 03:14:24.002] [error] [ComfyUI-DepthAnythingV3] Health check: ping (timeout=5.0s)...

[2026-05-10 03:14:24.035] [error] [ComfyUI-DepthAnythingV3] Health check: ok

[2026-05-10 03:14:50.913] [error] [ComfyUI-DepthAnythingV3] Health check: ping (timeout=5.0s)...

[2026-05-10 03:14:50.922] [error] [ComfyUI-DepthAnythingV3] Health check: ok

[2026-05-10 03:14:51.018] [error] [ComfyUI-DepthAnythingV3] Health check: ping (timeout=5.0s)...

[2026-05-10 03:14:51.025] [error] [ComfyUI-DepthAnythingV3] Health check: ok

[2026-05-10 03:14:53.580] [error] [ComfyUI-DepthAnythingV3] Health check: ping (timeout=5.0s)...

[2026-05-10 03:14:53.583] [error] [ComfyUI-DepthAnythingV3] Health check: ok

[2026-05-10 03:14:53.598] [info]  Prompt executed in 37.82 seconds

