** ComfyUI startup time: 2026-05-11 09:25:28.372
[2026-05-11 09:25:28.373] ** Platform: Darwin
[2026-05-11 09:25:28.373] ** Python version: 3.12.11 (main, Aug 18 2025, 19:02:39) [Clang 20.1.4 ]
[2026-05-11 09:25:28.373] ** Python executable: /Users/runner/Documents/ComfyUI/.venv/bin/python
[2026-05-11 09:25:28.373] ** ComfyUI Path: /Users/runner/.comfy-test-cache/desktop/ComfyUI.app/Contents/Resources/ComfyUI
[2026-05-11 09:25:28.373] ** ComfyUI Base Folder Path: /Users/runner/.comfy-test-cache/desktop/ComfyUI.app/Contents/Resources/ComfyUI
[2026-05-11 09:25:28.373] ** User directory: /Users/runner/Documents/ComfyUI/user
[2026-05-11 09:25:28.373] ** ComfyUI-Manager config path: /Users/runner/Documents/ComfyUI/user/__manager/config.ini
[2026-05-11 09:25:28.373] ** Log path: /Users/runner/Documents/ComfyUI/user/comfyui.log
[ComfyUI-Manager] Skipped fixing the 'comfyui-frontend-package' dependency because the ComfyUI is outdated.
[2026-05-11 09:25:28.448] [PRE] ComfyUI-Manager
[2026-05-11 09:25:28.657] [comfy-env] ComfyUI-DepthAnythingV3: 1 isolation env(s):
[2026-05-11 09:25:28.658] [comfy-env]   nodes -> /Users/runner/Documents/ComfyUI/custom_nodes/ComfyUI-DepthAnythingV3/nodes
[2026-05-11 09:25:29.705] [comfy-env] prestartup complete
[2026-05-11 09:25:29.734] [comfy-env] ComfyUI-GeometryPack: 1 isolation env(s):
[2026-05-11 09:25:29.734] [comfy-env]   nodes -> /Users/runner/Documents/ComfyUI/custom_nodes/ComfyUI-GeometryPack/nodes
[2026-05-11 09:25:29.737] [comfy-env] prestartup complete
[2026-05-11 09:25:29.752] WARNING: Potential Error in code: Torch already imported, torch should never be imported before this point.
[2026-05-11 09:25:30.635] Found comfy_kitchen backend eager: {'available': True, 'disabled': False, 'unavailable_reason': None, 'capabilities': ['apply_rope', 'apply_rope1', 'dequantize_mxfp8', 'dequantize_nvfp4', 'dequantize_per_tensor_fp8', 'quantize_mxfp8', 'quantize_nvfp4', 'quantize_per_tensor_fp8', 'scaled_mm_mxfp8', 'scaled_mm_nvfp4']}
[2026-05-11 09:25:30.635] Found comfy_kitchen backend cuda: {'available': False, 'disabled': True, 'unavailable_reason': 'Extension file not found: /Users/runner/Documents/ComfyUI/.venv/lib/python3.12/site-packages/comfy_kitchen/backends/cuda/_C.abi3.so', 'capabilities': []}
[2026-05-11 09:25:30.635] Found comfy_kitchen backend triton: {'available': False, 'disabled': True, 'unavailable_reason': "ImportError: No module named 'triton'", 'capabilities': []}
[2026-05-11 09:25:30.646] Checkpoint files will always be loaded safely.
[2026-05-11 09:25:30.675] Total VRAM 7168 MB, total RAM 7168 MB
[2026-05-11 09:25:30.675] pytorch version: 2.10.0
[2026-05-11 09:25:30.681] Mac Version (15, 7, 4)
[2026-05-11 09:25:30.681] Set vram state to: SHARED
[2026-05-11 09:25:30.682] Device: mps
[2026-05-11 09:25:31.167] Using sub quadratic optimization for attention, if you have memory or speed issues try using: --use-split-cross-attention
[2026-05-11 09:25:34.314] Python version: 3.12.11 (main, Aug 18 2025, 19:02:39) [Clang 20.1.4 ]
[2026-05-11 09:25:34.314] ComfyUI version: 0.20.1
[2026-05-11 09:25:34.315] comfy-aimdo version: 0.2.14
[2026-05-11 09:25:34.316] comfy-kitchen version: 0.2.8
[2026-05-11 09:25:34.317] [Prompt Server] web root: /Users/runner/.comfy-test-cache/desktop/ComfyUI.app/Contents/Resources/ComfyUI/web_custom_versions/desktop_app
[2026-05-11 09:25:34.318] Asset seeder disabled
[2026-05-11 09:25:34.318] [START] ComfyUI-Manager
[2026-05-11 09:25:34.413] [ComfyUI-Manager] Using GitPython backend
[2026-05-11 09:25:34.449] [ComfyUI-Manager] network_mode: public
[2026-05-11 09:25:34.456] [ComfyUI-Manager] The matrix sharing feature has been disabled because the `matrix-nio` dependency is not installed.
	To use this feature, please run the following command:
	/Users/runner/Documents/ComfyUI/.venv/bin/python -m pip install matrix-nio

[2026-05-11 09:25:35.435] [comfy-env] Version: 0.3.83
[2026-05-11 09:25:35.436] [comfy-env] Removed stale socket: /var/folders/tb/y368xp_x10s3ty1b_mtl5mxr0000gn/T/comfy_worker_01504cf23766.sock
[2026-05-11 09:25:35.477] [comfy-env] Removed stale temp dir: /var/folders/tb/y368xp_x10s3ty1b_mtl5mxr0000gn/T/comfyui_pvenv_w11sh3vu
[2026-05-11 09:25:35.581] [comfy-env] register_nodes: ComfyUI-DepthAnythingV3
[2026-05-11 09:25:35.582] [comfy-env] ComfyUI source dir: /Users/runner/.comfy-test-cache/desktop/ComfyUI.app/Contents/Resources/ComfyUI
[2026-05-11 09:25:35.633] [comfy-env] Scanning nodes metadata (isolation root)...
[2026-05-11 09:25:35.636] [comfy-env] Cache hit for nodes: 15 nodes
[2026-05-11 09:25:35.636] [comfy-env] Scanned nodes root: 15 nodes (0.0s)
[2026-05-11 09:25:35.637] [comfy-env] Imported nodes root: 15 nodes (isolation)
[2026-05-11 09:25:35.637] [comfy-env] Registered 15 total nodes
[2026-05-11 09:25:35.717] loading...
[2026-05-11 09:25:35.717] calling register_nodes
[2026-05-11 09:25:35.720] [comfy-env] Version: 0.3.83
[2026-05-11 09:25:35.743] [comfy-env] register_nodes: ComfyUI-GeometryPack
[2026-05-11 09:25:35.759] [comfy-env] ComfyUI source dir: /Users/runner/.comfy-test-cache/desktop/ComfyUI.app/Contents/Resources/ComfyUI
[2026-05-11 09:25:35.835] [comfy-env] Scanning nodes metadata (isolation root)...
[2026-05-11 09:25:35.845] [comfy-env] Cache hit for nodes: 125 nodes
[2026-05-11 09:25:35.846] [comfy-env] Scanned nodes root: 125 nodes (0.0s)
[2026-05-11 09:25:35.850] [comfy-env] Imported nodes root: 125 nodes (isolation)
[2026-05-11 09:25:35.850] [comfy-env] Registered 125 total nodes
[2026-05-11 09:25:35.852] 
Import times for custom nodes:
[2026-05-11 09:25:35.852]    0.0 seconds: /Users/runner/.comfy-test-cache/desktop/ComfyUI.app/Contents/Resources/ComfyUI/custom_nodes/websocket_image_save.py
[2026-05-11 09:25:35.852]    0.0 seconds: /Users/runner/Documents/ComfyUI/custom_nodes/ComfyUI-KJNodes
[2026-05-11 09:25:35.852]    0.1 seconds: /Users/runner/Documents/ComfyUI/custom_nodes/ComfyUI-VideoHelperSuite
[2026-05-11 09:25:35.852]    0.1 seconds: /Users/runner/Documents/ComfyUI/custom_nodes/ComfyUI-GeometryPack
[2026-05-11 09:25:35.852]    0.2 seconds: /Users/runner/Documents/ComfyUI/custom_nodes/ComfyUI-DepthAnythingV3
[2026-05-11 09:25:35.852] 
[2026-05-11 09:25:35.861] Context impl SQLiteImpl.
[2026-05-11 09:25:35.861] Will assume non-transactional DDL.
[2026-05-11 09:25:35.906] Starting server

[2026-05-11 09:25:35.906] To see the GUI go to: http://127.0.0.1:8000
[2026-05-11 09:25:37.271] [DEPRECATION WARNING] Detected import of deprecated legacy API: /extensions/core/widgetInputs.js. This is likely caused by a custom node extension using outdated APIs. Please update your extensions or contact the extension author for an updated version.
[2026-05-11 09:25:37.307] [ComfyUI-Manager] The ComfyRegistry cache update is still in progress, so an outdated cache is being used.
[2026-05-11 09:25:37.359] FETCH DATA from: /Users/runner/Documents/ComfyUI/.venv/lib/python3.12/site-packages/comfyui_manager/custom-node-list.json [DONE]
[2026-05-11 09:25:39.080] [ComfyUI-Manager] The ComfyRegistry cache update is still in progress, so an outdated cache is being used.
[2026-05-11 09:25:39.137] FETCH DATA from: /Users/runner/Documents/ComfyUI/.venv/lib/python3.12/site-packages/comfyui_manager/custom-node-list.json [DONE]
[2026-05-11 09:26:01.037] got prompt
[2026-05-11 09:26:01.260] [ComfyUI-DepthAnythingV3] python: /Users/runner/.ce/.pixi/envs/depthanythingv3-nodes/bin/python
[2026-05-11 09:26:01.260] [ComfyUI-DepthAnythingV3] sys_path sent to worker: ['/Users/runner/.comfy-test-cache/desktop/ComfyUI.app/Contents/Resources/ComfyUI', '/Users/runner/Documents/ComfyUI/custom_nodes/ComfyUI-DepthAnythingV3', '/Users/runner/.ce/.pixi/envs/depthanythingv3-nodes/lib/python3.1/site-packages', '/Users/runner/Documents/ComfyUI/custom_nodes/ComfyUI-DepthAnythingV3']
[2026-05-11 09:26:03.020] [worker:ComfyUI-DepthAnythingV3] ERROR: Failed to import comfy_kitchen, Error: No module named 'comfy_kitchen', fp8 and fp4 support will not be available.
[2026-05-11 09:26:03.698] [ComfyUI-DepthAnythingV3] Health check: ping (timeout=5.0s)...
[2026-05-11 09:26:03.701] [ComfyUI-DepthAnythingV3] Health check: ok
[2026-05-11 09:26:04.261] [worker:ComfyUI-DepthAnythingV3] WARNING: No comfy kitchen, using old apply_rope functions.
[2026-05-11 09:26:29.946] [ComfyUI-DepthAnythingV3] Health check: ping (timeout=5.0s)...
[2026-05-11 09:26:29.959] [ComfyUI-DepthAnythingV3] Health check: ok
[2026-05-11 09:26:46.233] [ComfyUI-DepthAnythingV3] Health check: ping (timeout=5.0s)...
[2026-05-11 09:26:46.242] [ComfyUI-DepthAnythingV3] Health check: ok
[2026-05-11 09:26:46.557] [ComfyUI-DepthAnythingV3] Health check: ping (timeout=5.0s)...
[2026-05-11 09:26:46.559] [ComfyUI-DepthAnythingV3] Health check: ok
[2026-05-11 09:26:46.605] [worker:ComfyUI-DepthAnythingV3] WARNING: Depth input may be normalized (max=1.0302) instead of raw/metric depth. Multi-view point cloud fusion expects raw metric depth values. If your output looks wrong, use DepthAnythingV3_MultiView with normalization_mode='Raw' or set allow_around_1=True to suppress this warning.
[2026-05-11 09:26:46.695] [ComfyUI-DepthAnythingV3] Health check: ping (timeout=5.0s)...
[2026-05-11 09:26:46.697] [ComfyUI-DepthAnythingV3] Health check: ok
[2026-05-11 09:26:46.948] [ComfyUI-DepthAnythingV3] Health check: ping (timeout=5.0s)...
[2026-05-11 09:26:46.949] [ComfyUI-DepthAnythingV3] Health check: ok
[2026-05-11 09:26:47.251] [ComfyUI-DepthAnythingV3] Health check: ping (timeout=5.0s)...
[2026-05-11 09:26:47.252] [ComfyUI-DepthAnythingV3] Health check: ok
[2026-05-11 09:26:47.262] [ComfyUI-DepthAnythingV3] Health check: ping (timeout=5.0s)...
[2026-05-11 09:26:47.262] [ComfyUI-DepthAnythingV3] Health check: ok
[2026-05-11 09:26:47.331] Prompt executed in 46.26 seconds
