** ComfyUI startup time: 2026-05-11 09:28:15.057
[2026-05-11 09:28:15.058] ** Platform: Darwin
[2026-05-11 09:28:15.058] ** Python version: 3.12.11 (main, Aug 18 2025, 19:02:39) [Clang 20.1.4 ]
[2026-05-11 09:28:15.058] ** Python executable: /Users/runner/Documents/ComfyUI/.venv/bin/python
[2026-05-11 09:28:15.058] ** ComfyUI Path: /Users/runner/.comfy-test-cache/desktop/ComfyUI.app/Contents/Resources/ComfyUI
[2026-05-11 09:28:15.058] ** ComfyUI Base Folder Path: /Users/runner/.comfy-test-cache/desktop/ComfyUI.app/Contents/Resources/ComfyUI
[2026-05-11 09:28:15.058] ** User directory: /Users/runner/Documents/ComfyUI/user
[2026-05-11 09:28:15.058] ** ComfyUI-Manager config path: /Users/runner/Documents/ComfyUI/user/__manager/config.ini
[2026-05-11 09:28:15.058] ** Log path: /Users/runner/Documents/ComfyUI/user/comfyui.log
[ComfyUI-Manager] Skipped fixing the 'comfyui-frontend-package' dependency because the ComfyUI is outdated.
[2026-05-11 09:28:15.129] [PRE] ComfyUI-Manager
[2026-05-11 09:28:15.353] [comfy-env] ComfyUI-DepthAnythingV3: 1 isolation env(s):
[2026-05-11 09:28:15.354] [comfy-env]   nodes -> /Users/runner/Documents/ComfyUI/custom_nodes/ComfyUI-DepthAnythingV3/nodes
[2026-05-11 09:28:16.536] [comfy-env] prestartup complete
[2026-05-11 09:28:16.565] [comfy-env] ComfyUI-GeometryPack: 1 isolation env(s):
[2026-05-11 09:28:16.565] [comfy-env]   nodes -> /Users/runner/Documents/ComfyUI/custom_nodes/ComfyUI-GeometryPack/nodes
[2026-05-11 09:28:16.570] [comfy-env] prestartup complete
[2026-05-11 09:28:16.580] WARNING: Potential Error in code: Torch already imported, torch should never be imported before this point.
[2026-05-11 09:28:17.538] Found comfy_kitchen backend cuda: {'available': False, 'disabled': True, 'unavailable_reason': 'Extension file not found: /Users/runner/Documents/ComfyUI/.venv/lib/python3.12/site-packages/comfy_kitchen/backends/cuda/_C.abi3.so', 'capabilities': []}
[2026-05-11 09:28:17.538] Found comfy_kitchen backend triton: {'available': False, 'disabled': True, 'unavailable_reason': "ImportError: No module named 'triton'", 'capabilities': []}
[2026-05-11 09:28:17.538] Found comfy_kitchen backend eager: {'available': True, 'disabled': False, 'unavailable_reason': None, 'capabilities': ['apply_rope', 'apply_rope1', 'dequantize_mxfp8', 'dequantize_nvfp4', 'dequantize_per_tensor_fp8', 'quantize_mxfp8', 'quantize_nvfp4', 'quantize_per_tensor_fp8', 'scaled_mm_mxfp8', 'scaled_mm_nvfp4']}
[2026-05-11 09:28:17.552] Checkpoint files will always be loaded safely.
[2026-05-11 09:28:17.577] Total VRAM 7168 MB, total RAM 7168 MB
[2026-05-11 09:28:17.577] pytorch version: 2.10.0
[2026-05-11 09:28:17.582] Mac Version (15, 7, 4)
[2026-05-11 09:28:17.583] Set vram state to: SHARED
[2026-05-11 09:28:17.584] Device: mps
[2026-05-11 09:28:18.072] Using sub quadratic optimization for attention, if you have memory or speed issues try using: --use-split-cross-attention
[2026-05-11 09:28:21.209] Python version: 3.12.11 (main, Aug 18 2025, 19:02:39) [Clang 20.1.4 ]
[2026-05-11 09:28:21.209] ComfyUI version: 0.20.1
[2026-05-11 09:28:21.209] comfy-aimdo version: 0.2.14
[2026-05-11 09:28:21.210] comfy-kitchen version: 0.2.8
[2026-05-11 09:28:21.213] [Prompt Server] web root: /Users/runner/.comfy-test-cache/desktop/ComfyUI.app/Contents/Resources/ComfyUI/web_custom_versions/desktop_app
[2026-05-11 09:28:21.214] Asset seeder disabled
[2026-05-11 09:28:21.214] [START] ComfyUI-Manager
[2026-05-11 09:28:21.308] [ComfyUI-Manager] Using GitPython backend
[2026-05-11 09:28:21.352] [ComfyUI-Manager] network_mode: public
[2026-05-11 09:28:21.362] [ComfyUI-Manager] The matrix sharing feature has been disabled because the `matrix-nio` dependency is not installed.
	To use this feature, please run the following command:
	/Users/runner/Documents/ComfyUI/.venv/bin/python -m pip install matrix-nio

[2026-05-11 09:28:22.397] [comfy-env] Version: 0.3.83
[2026-05-11 09:28:22.397] [comfy-env] Removed stale socket: /var/folders/tb/y368xp_x10s3ty1b_mtl5mxr0000gn/T/comfy_worker_1d60a744b9cb.sock
[2026-05-11 09:28:22.439] [comfy-env] Removed stale temp dir: /var/folders/tb/y368xp_x10s3ty1b_mtl5mxr0000gn/T/comfyui_pvenv_e59trpqc
[2026-05-11 09:28:22.544] [comfy-env] register_nodes: ComfyUI-DepthAnythingV3
[2026-05-11 09:28:22.547] [comfy-env] ComfyUI source dir: /Users/runner/.comfy-test-cache/desktop/ComfyUI.app/Contents/Resources/ComfyUI
[2026-05-11 09:28:22.602] [comfy-env] Scanning nodes metadata (isolation root)...
[2026-05-11 09:28:22.606] [comfy-env] Cache hit for nodes: 15 nodes
[2026-05-11 09:28:22.606] [comfy-env] Scanned nodes root: 15 nodes (0.0s)
[2026-05-11 09:28:22.607] [comfy-env] Imported nodes root: 15 nodes (isolation)
[2026-05-11 09:28:22.607] [comfy-env] Registered 15 total nodes
[2026-05-11 09:28:22.688] loading...
[2026-05-11 09:28:22.688] calling register_nodes
[2026-05-11 09:28:22.689] [comfy-env] Version: 0.3.83
[2026-05-11 09:28:22.712] [comfy-env] register_nodes: ComfyUI-GeometryPack
[2026-05-11 09:28:22.721] [comfy-env] ComfyUI source dir: /Users/runner/.comfy-test-cache/desktop/ComfyUI.app/Contents/Resources/ComfyUI
[2026-05-11 09:28:22.810] [comfy-env] Scanning nodes metadata (isolation root)...
[2026-05-11 09:28:22.823] [comfy-env] Cache hit for nodes: 125 nodes
[2026-05-11 09:28:22.823] [comfy-env] Scanned nodes root: 125 nodes (0.0s)
[2026-05-11 09:28:22.825] [comfy-env] Imported nodes root: 125 nodes (isolation)
[2026-05-11 09:28:22.825] [comfy-env] Registered 125 total nodes
[2026-05-11 09:28:22.828] 
Import times for custom nodes:
[2026-05-11 09:28:22.828]    0.0 seconds: /Users/runner/.comfy-test-cache/desktop/ComfyUI.app/Contents/Resources/ComfyUI/custom_nodes/websocket_image_save.py
[2026-05-11 09:28:22.828]    0.0 seconds: /Users/runner/Documents/ComfyUI/custom_nodes/ComfyUI-KJNodes
[2026-05-11 09:28:22.828]    0.1 seconds: /Users/runner/Documents/ComfyUI/custom_nodes/ComfyUI-VideoHelperSuite
[2026-05-11 09:28:22.828]    0.1 seconds: /Users/runner/Documents/ComfyUI/custom_nodes/ComfyUI-GeometryPack
[2026-05-11 09:28:22.828]    0.2 seconds: /Users/runner/Documents/ComfyUI/custom_nodes/ComfyUI-DepthAnythingV3
[2026-05-11 09:28:22.828] 
[2026-05-11 09:28:22.836] Context impl SQLiteImpl.
[2026-05-11 09:28:22.836] Will assume non-transactional DDL.
[2026-05-11 09:28:22.885] Starting server

[2026-05-11 09:28:22.885] To see the GUI go to: http://127.0.0.1:8000
[2026-05-11 09:28:23.952] [DEPRECATION WARNING] Detected import of deprecated legacy API: /extensions/core/widgetInputs.js. This is likely caused by a custom node extension using outdated APIs. Please update your extensions or contact the extension author for an updated version.
[2026-05-11 09:28:24.299] [ComfyUI-Manager] The ComfyRegistry cache update is still in progress, so an outdated cache is being used.
[2026-05-11 09:28:24.411] FETCH DATA from: /Users/runner/Documents/ComfyUI/.venv/lib/python3.12/site-packages/comfyui_manager/custom-node-list.json [DONE]
[2026-05-11 09:28:26.990] [ComfyUI-Manager] The ComfyRegistry cache update is still in progress, so an outdated cache is being used.
[2026-05-11 09:28:27.034] FETCH DATA from: /Users/runner/Documents/ComfyUI/.venv/lib/python3.12/site-packages/comfyui_manager/custom-node-list.json [DONE]
[2026-05-11 09:28:48.840] got prompt
[2026-05-11 09:28:48.999] [ComfyUI-DepthAnythingV3] python: /Users/runner/.ce/.pixi/envs/depthanythingv3-nodes/bin/python
[2026-05-11 09:28:49.000] [ComfyUI-DepthAnythingV3] sys_path sent to worker: ['/Users/runner/.comfy-test-cache/desktop/ComfyUI.app/Contents/Resources/ComfyUI', '/Users/runner/Documents/ComfyUI/custom_nodes/ComfyUI-DepthAnythingV3', '/Users/runner/.ce/.pixi/envs/depthanythingv3-nodes/lib/python3.1/site-packages', '/Users/runner/Documents/ComfyUI/custom_nodes/ComfyUI-DepthAnythingV3']
[2026-05-11 09:28:51.061] [worker:ComfyUI-DepthAnythingV3] ERROR: Failed to import comfy_kitchen, Error: No module named 'comfy_kitchen', fp8 and fp4 support will not be available.
[2026-05-11 09:28:51.716] [ComfyUI-DepthAnythingV3] Health check: ping (timeout=5.0s)...
[2026-05-11 09:28:51.717] [ComfyUI-DepthAnythingV3] Health check: ok
[2026-05-11 09:28:52.217] [worker:ComfyUI-DepthAnythingV3] WARNING: No comfy kitchen, using old apply_rope functions.
[2026-05-11 09:29:08.694] [ComfyUI-DepthAnythingV3] Health check: ping (timeout=5.0s)...
[2026-05-11 09:29:08.710] [ComfyUI-DepthAnythingV3] Health check: ok
[2026-05-11 09:29:08.829] [ComfyUI-DepthAnythingV3] Health check: ping (timeout=5.0s)...
[2026-05-11 09:29:08.832] [ComfyUI-DepthAnythingV3] Health check: ok
[2026-05-11 09:29:10.906] [ComfyUI-DepthAnythingV3] Health check: ping (timeout=5.0s)...
[2026-05-11 09:29:10.907] [ComfyUI-DepthAnythingV3] Health check: ok
[2026-05-11 09:29:10.920] Prompt executed in 22.06 seconds
