[2026-05-10 22:21:26.635] [SRV] [2026-05-10 22:21:26.635] [info]  setup plugin alembic.autogenerate.schemas
[2026-05-10 22:21:26.635] [SRV] setup plugin alembic.autogenerate.tables
[2026-05-10 22:21:26.635] [SRV] setup plugin alembic.autogenerate.types
[2026-05-10 22:21:26.635] [SRV] setup plugin alembic.autogenerate.constraints
[2026-05-10 22:21:26.635] [SRV] 
[2026-05-10 22:21:26.636] [SRV] [2026-05-10 22:21:26.636] [info]  setup plugin alembic.autogenerate.defaults
[2026-05-10 22:21:26.636] [SRV] setup plugin alembic.autogenerate.comments
[2026-05-10 22:21:26.636] [SRV] 
[2026-05-10 22:21:26.698] [SRV] [2026-05-10 22:21:26.698] [info]  comfy-aimdo os not supported Darwin
[2026-05-10 22:21:26.698] [SRV] NOTE: comfy-aimdo is currently only support for Windows and Linux
[2026-05-10 22:21:26.698] [SRV] 
[2026-05-10 22:21:26.820] [SRV] [2026-05-10 22:21:26.820] [info]  Adding extra search path custom_nodes /Users/runner/Documents/ComfyUI/custom_nodes
[2026-05-10 22:21:26.820] [SRV] Adding extra search path download_model_base /Users/runner/Documents/ComfyUI/models
[2026-05-10 22:21:26.820] [SRV] Adding extra search path custom_nodes /Users/runner/.comfy-test-cache/desktop/ComfyUI.app/Contents/Resources/ComfyUI/custom_nodes
[2026-05-10 22:21:26.820] [SRV] Setting output directory to: /Users/runner/Documents/ComfyUI/output
[2026-05-10 22:21:26.820] [SRV] Setting input directory to: /Users/runner/Documents/ComfyUI/input
[2026-05-10 22:21:26.820] [SRV] Setting user directory to: /Users/runner/Documents/ComfyUI/user
[2026-05-10 22:21:26.820] [SRV] 
[2026-05-10 22:21:27.057] [SRV] [2026-05-10 22:21:27.057] [info]  [START] Security scan
[2026-05-10 22:21:27.057] [SRV] [ComfyUI-Manager] Using uv as Python module for pip operations.
[2026-05-10 22:21:27.057] [SRV] 
[2026-05-10 22:21:27.166] [SRV] [2026-05-10 22:21:27.166] [info]  [DONE] Security scan
[2026-05-10 22:21:27.166] [SRV] ** ComfyUI startup time: 2026-05-10 22:21:27.166
[2026-05-10 22:21:27.166] [SRV] 
[2026-05-10 22:21:27.166] [UI ] [2026-05-10 22:21:27.166] ** Platform: Darwin
[2026-05-10 22:21:27.166] [UI ] [2026-05-10 22:21:27.166] ** Python version: 3.12.11 (main, Aug 18 2025, 19:02:39) [Clang 20.1.4 ]
[2026-05-10 22:21:27.166] [UI ] [2026-05-10 22:21:27.166] ** Python executable: /Users/runner/Documents/ComfyUI/.venv/bin/python
[2026-05-10 22:21:27.166] [UI ] [2026-05-10 22:21:27.166] ** ComfyUI Path: /Users/runner/.comfy-test-cache/desktop/ComfyUI.app/Contents/Resources/ComfyUI
[2026-05-10 22:21:27.166] [UI ] [2026-05-10 22:21:27.166] ** ComfyUI Base Folder Path: /Users/runner/.comfy-test-cache/desktop/ComfyUI.app/Contents/Resources/ComfyUI
[2026-05-10 22:21:27.166] [UI ] [2026-05-10 22:21:27.166] ** User directory: /Users/runner/Documents/ComfyUI/user
[2026-05-10 22:21:27.166] [UI ] [2026-05-10 22:21:27.166] ** ComfyUI-Manager config path: /Users/runner/Documents/ComfyUI/user/__manager/config.ini
[2026-05-10 22:21:27.166] [UI ] [2026-05-10 22:21:27.166] ** Log path: /Users/runner/Documents/ComfyUI/user/comfyui.log
[2026-05-10 22:21:27.166] [UI ] [ComfyUI-Manager] Skipped fixing the 'comfyui-frontend-package' dependency because the ComfyUI is outdated.
[2026-05-10 22:21:27.167] [SRV] [2026-05-10 22:21:27.167] [info]  ** Platform: Darwin
[2026-05-10 22:21:27.167] [SRV] ** Python version: 3.12.11 (main, Aug 18 2025, 19:02:39) [Clang 20.1.4 ]
[2026-05-10 22:21:27.167] [SRV] ** Python executable: /Users/runner/Documents/ComfyUI/.venv/bin/python
[2026-05-10 22:21:27.167] [SRV] ** ComfyUI Path: /Users/runner/.comfy-test-cache/desktop/ComfyUI.app/Contents/Resources/ComfyUI
[2026-05-10 22:21:27.167] [SRV] ** ComfyUI Base Folder Path: /Users/runner/.comfy-test-cache/desktop/ComfyUI.app/Contents/Resources/ComfyUI
[2026-05-10 22:21:27.167] [SRV] ** User directory: /Users/runner/Documents/ComfyUI/user
[2026-05-10 22:21:27.167] [SRV] ** ComfyUI-Manager config path: /Users/runner/Documents/ComfyUI/user/__manager/config.ini
[2026-05-10 22:21:27.167] [SRV] ** Log path: /Users/runner/Documents/ComfyUI/user/comfyui.log
[2026-05-10 22:21:27.167] [SRV] 
[2026-05-10 22:21:27.234] [SRV] [2026-05-10 22:21:27.234] [info]  [ComfyUI-Manager] Skipped fixing the 'comfyui-frontend-package' dependency because the ComfyUI is outdated.
[2026-05-10 22:21:27.234] [SRV] 
[2026-05-10 22:21:27.234] [UI ] [2026-05-10 22:21:27.234] [PRE] ComfyUI-Manager
[2026-05-10 22:21:27.235] [SRV] [2026-05-10 22:21:27.235] [info]  [PRE] ComfyUI-Manager
[2026-05-10 22:21:27.235] [SRV] 
[2026-05-10 22:21:27.434] [SRV] [2026-05-10 22:21:27.434] [error] [comfy-env] ComfyUI-DepthAnythingV3: 1 isolation env(s):
[2026-05-10 22:21:27.434] [UI ] [2026-05-10 22:21:27.434] [comfy-env] ComfyUI-DepthAnythingV3: 1 isolation env(s):
[2026-05-10 22:21:27.434] [UI ] [2026-05-10 22:21:27.434] [comfy-env]   nodes -> /Users/runner/Documents/ComfyUI/custom_nodes/ComfyUI-DepthAnythingV3/nodes
[2026-05-10 22:21:27.435] [SRV] [2026-05-10 22:21:27.435] [error] 
[2026-05-10 22:21:27.435] [SRV] [comfy-env]   nodes -> /Users/runner/Documents/ComfyUI/custom_nodes/ComfyUI-DepthAnythingV3/nodes
[2026-05-10 22:21:27.435] [SRV] 
[2026-05-10 22:21:28.378] [UI ] [2026-05-10 22:21:28.378] [comfy-env] prestartup complete
[2026-05-10 22:21:28.379] [SRV] [2026-05-10 22:21:28.379] [error] [comfy-env] prestartup complete
[2026-05-10 22:21:28.379] [SRV] 
[2026-05-10 22:21:28.410] [SRV] [2026-05-10 22:21:28.410] [error] [comfy-env] ComfyUI-GeometryPack: 1 isolation env(s):
[2026-05-10 22:21:28.410] [UI ] [2026-05-10 22:21:28.410] [comfy-env] ComfyUI-GeometryPack: 1 isolation env(s):
[2026-05-10 22:21:28.410] [UI ] [2026-05-10 22:21:28.410] [comfy-env]   nodes -> /Users/runner/Documents/ComfyUI/custom_nodes/ComfyUI-GeometryPack/nodes
[2026-05-10 22:21:28.411] [SRV] [2026-05-10 22:21:28.411] [error] 
[2026-05-10 22:21:28.411] [SRV] [comfy-env]   nodes -> /Users/runner/Documents/ComfyUI/custom_nodes/ComfyUI-GeometryPack/nodes
[2026-05-10 22:21:28.411] [SRV] 
[2026-05-10 22:21:28.414] [SRV] [2026-05-10 22:21:28.414] [error] [comfy-env] prestartup complete
[2026-05-10 22:21:28.414] [UI ] [2026-05-10 22:21:28.414] [comfy-env] prestartup complete
[2026-05-10 22:21:28.415] [SRV] [2026-05-10 22:21:28.415] [error] 
[2026-05-10 22:21:28.415] [SRV] 
[2026-05-10 22:21:28.426] [UI ] [2026-05-10 22:21:28.426] WARNING: Potential Error in code: Torch already imported, torch should never be imported before this point.
[2026-05-10 22:21:28.427] [SRV] [2026-05-10 22:21:28.427] [info]  WARNING: Potential Error in code: Torch already imported, torch should never be imported before this point.
[2026-05-10 22:21:28.427] [SRV] 
[2026-05-10 22:21:29.274] [SRV] [2026-05-10 22:21:29.274] [info]  Found comfy_kitchen backend eager: {'available': True, 'disabled': False, 'unavailable_reason': None, 'capabilities': ['apply_rope', 'apply_rope1', 'dequantize_mxfp8', 'dequantize_nvfp4', 'dequantize_per_tensor_fp8', 'quantize_mxfp8', 'quantize_nvfp4', 'quantize_per_tensor_fp8', 'scaled_mm_mxfp8', 'scaled_mm_nvfp4']}
[2026-05-10 22:21:29.274] [SRV] Found comfy_kitchen backend triton: {'available': False, 'disabled': True, 'unavailable_reason': "ImportError: No module named 'triton'", 'capabilities': []}
[2026-05-10 22:21:29.274] [SRV] Found comfy_kitchen backend cuda: {'available': False, 'disabled': True, 'unavailable_reason': 'Extension file not found: /Users/runner/Documents/ComfyUI/.venv/lib/python3.12/site-packages/comfy_kitchen/backends/cuda/_C.abi3.so', 'capabilities': []}
[2026-05-10 22:21:29.274] [SRV] 
[2026-05-10 22:21:29.274] [UI ] [2026-05-10 22:21:29.274] Found comfy_kitchen backend eager: {'available': True, 'disabled': False, 'unavailable_reason': None, 'capabilities': ['apply_rope', 'apply_rope1', 'dequantize_mxfp8', 'dequantize_nvfp4', 'dequantize_per_tensor_fp8', 'quantize_mxfp8', 'quantize_nvfp4', 'quantize_per_tensor_fp8', 'scaled_mm_mxfp8', 'scaled_mm_nvfp4']}
[2026-05-10 22:21:29.274] [UI ] [2026-05-10 22:21:29.274] Found comfy_kitchen backend triton: {'available': False, 'disabled': True, 'unavailable_reason': "ImportError: No module named 'triton'", 'capabilities': []}
[2026-05-10 22:21:29.274] [UI ] [2026-05-10 22:21:29.274] Found comfy_kitchen backend cuda: {'available': False, 'disabled': True, 'unavailable_reason': 'Extension file not found: /Users/runner/Documents/ComfyUI/.venv/lib/python3.12/site-packages/comfy_kitchen/backends/cuda/_C.abi3.so', 'capabilities': []}
[2026-05-10 22:21:29.287] [SRV] [2026-05-10 22:21:29.287] [info]  Checkpoint files will always be loaded safely.
[2026-05-10 22:21:29.287] [SRV] 
[2026-05-10 22:21:29.287] [UI ] [2026-05-10 22:21:29.287] Checkpoint files will always be loaded safely.
[2026-05-10 22:21:29.305] [UI ] [2026-05-10 22:21:29.305] Total VRAM 7168 MB, total RAM 7168 MB
[2026-05-10 22:21:29.305] [UI ] [2026-05-10 22:21:29.305] pytorch version: 2.10.0
[2026-05-10 22:21:29.306] [SRV] [2026-05-10 22:21:29.306] [info]  Total VRAM 7168 MB, total RAM 7168 MB
[2026-05-10 22:21:29.306] [SRV] pytorch version: 2.10.0
[2026-05-10 22:21:29.306] [SRV] 
[2026-05-10 22:21:29.311] [SRV] [2026-05-10 22:21:29.311] [info]  Mac Version (15, 7, 4)
[2026-05-10 22:21:29.311] [SRV] 
[2026-05-10 22:21:29.311] [UI ] [2026-05-10 22:21:29.311] Mac Version (15, 7, 4)
[2026-05-10 22:21:29.311] [UI ] [2026-05-10 22:21:29.311] Set vram state to: SHARED
[2026-05-10 22:21:29.311] [UI ] [2026-05-10 22:21:29.311] Device: mps
[2026-05-10 22:21:29.312] [SRV] [2026-05-10 22:21:29.312] [info]  Set vram state to: SHARED
[2026-05-10 22:21:29.312] [SRV] Device: mps
[2026-05-10 22:21:29.312] [SRV] 
[2026-05-10 22:21:29.706] [SRV] [2026-05-10 22:21:29.706] [info]  Using sub quadratic optimization for attention, if you have memory or speed issues try using: --use-split-cross-attention
[2026-05-10 22:21:29.706] [SRV] 
[2026-05-10 22:21:29.706] [UI ] [2026-05-10 22:21:29.706] Using sub quadratic optimization for attention, if you have memory or speed issues try using: --use-split-cross-attention
[2026-05-10 22:21:30.204] [SRV] [2026-05-10 22:21:30.204] [error] objc[18536]: Class AVFFrameReceiver is implemented in both /Users/runner/Documents/ComfyUI/.venv/lib/python3.12/site-packages/av/.dylibs/libavdevice.62.1.100.dylib (0x10f35c3a8) and /Users/runner/Documents/ComfyUI/.venv/lib/python3.12/site-packages/cv2/.dylibs/libavdevice.61.3.100.dylib (0x1154d43a8). This may cause spurious casting failures and mysterious crashes. One of the duplicates must be removed or renamed.
[2026-05-10 22:21:30.204] [SRV] 
[2026-05-10 22:21:30.205] [SRV] [2026-05-10 22:21:30.205] [error] objc[18536]: Class AVFAudioReceiver is implemented in both /Users/runner/Documents/ComfyUI/.venv/lib/python3.12/site-packages/av/.dylibs/libavdevice.62.1.100.dylib (0x10f35c3f8) and /Users/runner/Documents/ComfyUI/.venv/lib/python3.12/site-packages/cv2/.dylibs/libavdevice.61.3.100.dylib (0x1154d43f8). This may cause spurious casting failures and mysterious crashes. One of the duplicates must be removed or renamed.
[2026-05-10 22:21:30.205] [SRV] 
[2026-05-10 22:21:32.485] [UI ] [2026-05-10 22:21:32.485] Python version: 3.12.11 (main, Aug 18 2025, 19:02:39) [Clang 20.1.4 ]
[2026-05-10 22:21:32.485] [UI ] [2026-05-10 22:21:32.485] ComfyUI version: 0.20.1
[2026-05-10 22:21:32.486] [SRV] [2026-05-10 22:21:32.486] [info]  Python version: 3.12.11 (main, Aug 18 2025, 19:02:39) [Clang 20.1.4 ]
[2026-05-10 22:21:32.486] [SRV] ComfyUI version: 0.20.1
[2026-05-10 22:21:32.486] [SRV] 
[2026-05-10 22:21:32.486] [SRV] [2026-05-10 22:21:32.486] [info]  comfy-aimdo version: 0.2.14
[2026-05-10 22:21:32.486] [SRV] comfy-kitchen version: 0.2.8
[2026-05-10 22:21:32.486] [SRV] 
[2026-05-10 22:21:32.486] [UI ] [2026-05-10 22:21:32.486] comfy-aimdo version: 0.2.14
[2026-05-10 22:21:32.486] [UI ] [2026-05-10 22:21:32.486] comfy-kitchen version: 0.2.8
[2026-05-10 22:21:32.488] [SRV] [2026-05-10 22:21:32.488] [info]  [Prompt Server] web root: /Users/runner/.comfy-test-cache/desktop/ComfyUI.app/Contents/Resources/ComfyUI/web_custom_versions/desktop_app
[2026-05-10 22:21:32.488] [SRV] 
[2026-05-10 22:21:32.488] [SRV] [2026-05-10 22:21:32.488] [info]  Asset seeder disabled
[2026-05-10 22:21:32.488] [SRV] 
[2026-05-10 22:21:32.488] [UI ] [2026-05-10 22:21:32.488] [Prompt Server] web root: /Users/runner/.comfy-test-cache/desktop/ComfyUI.app/Contents/Resources/ComfyUI/web_custom_versions/desktop_app
[2026-05-10 22:21:32.488] [UI ] [2026-05-10 22:21:32.488] Asset seeder disabled
[2026-05-10 22:21:32.488] [UI ] [2026-05-10 22:21:32.488] [START] ComfyUI-Manager
[2026-05-10 22:21:32.489] [SRV] [2026-05-10 22:21:32.489] [info]  [START] ComfyUI-Manager
[2026-05-10 22:21:32.489] [SRV] 
[2026-05-10 22:21:32.578] [SRV] [2026-05-10 22:21:32.578] [info]  [ComfyUI-Manager] Using GitPython backend
[2026-05-10 22:21:32.578] [SRV] 
[2026-05-10 22:21:32.578] [UI ] [2026-05-10 22:21:32.578] [ComfyUI-Manager] Using GitPython backend
[2026-05-10 22:21:32.608] [SRV] [2026-05-10 22:21:32.608] [info]  [ComfyUI-Manager] network_mode: public
[2026-05-10 22:21:32.608] [SRV] 
[2026-05-10 22:21:32.608] [UI ] [2026-05-10 22:21:32.608] [ComfyUI-Manager] network_mode: public
[2026-05-10 22:21:32.623] [SRV] [2026-05-10 22:21:32.623] [info]  [ComfyUI-Manager] The matrix sharing feature has been disabled because the `matrix-nio` dependency is not installed.
[2026-05-10 22:21:32.623] [SRV] 	To use this feature, please run the following command:
[2026-05-10 22:21:32.623] [SRV] 	/Users/runner/Documents/ComfyUI/.venv/bin/python -m pip install matrix-nio
[2026-05-10 22:21:32.623] [SRV] 
[2026-05-10 22:21:32.623] [SRV] 
[2026-05-10 22:21:32.623] [UI ] [2026-05-10 22:21:32.623] [ComfyUI-Manager] The matrix sharing feature has been disabled because the `matrix-nio` dependency is not installed.
[2026-05-10 22:21:32.623] [UI ] 	To use this feature, please run the following command:
[2026-05-10 22:21:32.623] [UI ] 	/Users/runner/Documents/ComfyUI/.venv/bin/python -m pip install matrix-nio
[2026-05-10 22:21:32.623] [UI ] 
[2026-05-10 22:21:33.480] [UI ] [2026-05-10 22:21:33.480] [comfy-env] Version: 0.3.82
[2026-05-10 22:21:33.481] [SRV] [2026-05-10 22:21:33.481] [error] [comfy-env] Version: 0.3.82
[2026-05-10 22:21:33.481] [SRV] [2026-05-10 22:21:33.481] [error] 
[2026-05-10 22:21:33.481] [SRV] 
[2026-05-10 22:21:33.481] [UI ] [2026-05-10 22:21:33.481] [comfy-env] Removed stale socket: /var/folders/tb/y368xp_x10s3ty1b_mtl5mxr0000gn/T/comfy_worker_a64be06a5ce0.sock
[2026-05-10 22:21:33.482] [SRV] [2026-05-10 22:21:33.482] [info]  [comfy-env] Removed stale socket: /var/folders/tb/y368xp_x10s3ty1b_mtl5mxr0000gn/T/comfy_worker_a64be06a5ce0.sock
[2026-05-10 22:21:33.482] [SRV] 
[2026-05-10 22:21:33.512] [SRV] [2026-05-10 22:21:33.512] [info]  [comfy-env] Removed stale temp dir: /var/folders/tb/y368xp_x10s3ty1b_mtl5mxr0000gn/T/comfyui_pvenv_inttvkjo
[2026-05-10 22:21:33.512] [SRV] 
[2026-05-10 22:21:33.512] [UI ] [2026-05-10 22:21:33.512] [comfy-env] Removed stale temp dir: /var/folders/tb/y368xp_x10s3ty1b_mtl5mxr0000gn/T/comfyui_pvenv_inttvkjo
[2026-05-10 22:21:33.603] [UI ] [2026-05-10 22:21:33.603] [comfy-env] register_nodes: ComfyUI-DepthAnythingV3
[2026-05-10 22:21:33.604] [SRV] [2026-05-10 22:21:33.604] [error] [comfy-env] register_nodes: ComfyUI-DepthAnythingV3
[2026-05-10 22:21:33.604] [SRV] 
[2026-05-10 22:21:33.605] [SRV] [2026-05-10 22:21:33.605] [error] [comfy-env] ComfyUI source dir: /Users/runner/.comfy-test-cache/desktop/ComfyUI.app/Contents/Resources/ComfyUI
[2026-05-10 22:21:33.605] [SRV] [2026-05-10 22:21:33.605] [error] 
[2026-05-10 22:21:33.605] [SRV] 
[2026-05-10 22:21:33.605] [UI ] [2026-05-10 22:21:33.605] [comfy-env] ComfyUI source dir: /Users/runner/.comfy-test-cache/desktop/ComfyUI.app/Contents/Resources/ComfyUI
[2026-05-10 22:21:33.653] [UI ] [2026-05-10 22:21:33.653] [comfy-env] Scanning nodes metadata (isolation root)...
[2026-05-10 22:21:33.656] [UI ] [2026-05-10 22:21:33.656] [comfy-env] Cache hit for nodes: 15 nodes
[2026-05-10 22:21:33.656] [UI ] [2026-05-10 22:21:33.656] [comfy-env] Scanned nodes root: 15 nodes (0.0s)
[2026-05-10 22:21:33.656] [UI ] [2026-05-10 22:21:33.656] [comfy-env] Imported nodes root: 15 nodes (isolation)
[2026-05-10 22:21:33.657] [UI ] [2026-05-10 22:21:33.657] [comfy-env] Registered 15 total nodes
[2026-05-10 22:21:33.674] [SRV] [2026-05-10 22:21:33.674] [error] [comfy-env] Scanning nodes metadata (isolation root)...
[2026-05-10 22:21:33.674] [SRV] [comfy-env] Cache hit for nodes: 15 nodes
[2026-05-10 22:21:33.674] [SRV] [comfy-env] Scanned nodes root: 15 nodes (0.0s)
[2026-05-10 22:21:33.674] [SRV] [comfy-env] Imported nodes root: 15 nodes (isolation)
[2026-05-10 22:21:33.674] [SRV] [comfy-env] Registered 15 total nodes
[2026-05-10 22:21:33.674] [SRV] 
[2026-05-10 22:21:33.728] [SRV] [2026-05-10 22:21:33.728] [info]  loading...
[2026-05-10 22:21:33.728] [SRV] 
[2026-05-10 22:21:33.728] [UI ] [2026-05-10 22:21:33.728] loading...
[2026-05-10 22:21:33.728] [UI ] [2026-05-10 22:21:33.728] calling register_nodes
[2026-05-10 22:21:33.729] [SRV] [2026-05-10 22:21:33.729] [info]  calling register_nodes
[2026-05-10 22:21:33.729] [SRV] 
[2026-05-10 22:21:33.729] [SRV] [2026-05-10 22:21:33.729] [error] [comfy-env] Version: 0.3.82
[2026-05-10 22:21:33.729] [UI ] [2026-05-10 22:21:33.729] [comfy-env] Version: 0.3.82
[2026-05-10 22:21:33.730] [SRV] [2026-05-10 22:21:33.730] [error] 
[2026-05-10 22:21:33.730] [SRV] 
[2026-05-10 22:21:33.746] [UI ] [2026-05-10 22:21:33.746] [comfy-env] register_nodes: ComfyUI-GeometryPack
[2026-05-10 22:21:33.747] [SRV] [2026-05-10 22:21:33.747] [error] [comfy-env] register_nodes: ComfyUI-GeometryPack
[2026-05-10 22:21:33.747] [SRV] 
[2026-05-10 22:21:33.751] [SRV] [2026-05-10 22:21:33.751] [error] [comfy-env] ComfyUI source dir: /Users/runner/.comfy-test-cache/desktop/ComfyUI.app/Contents/Resources/ComfyUI
[2026-05-10 22:21:33.751] [SRV] 
[2026-05-10 22:21:33.751] [UI ] [2026-05-10 22:21:33.751] [comfy-env] ComfyUI source dir: /Users/runner/.comfy-test-cache/desktop/ComfyUI.app/Contents/Resources/ComfyUI
[2026-05-10 22:21:33.829] [UI ] [2026-05-10 22:21:33.829] [comfy-env] Scanning nodes metadata (isolation root)...
[2026-05-10 22:21:33.830] [SRV] [2026-05-10 22:21:33.830] [error] [comfy-env] Scanning nodes metadata (isolation root)...
[2026-05-10 22:21:33.830] [SRV] [2026-05-10 22:21:33.830] [error] 
[2026-05-10 22:21:33.830] [SRV] 
[2026-05-10 22:21:33.839] [UI ] [2026-05-10 22:21:33.839] [comfy-env] Cache hit for nodes: 125 nodes
[2026-05-10 22:21:33.840] [SRV] [2026-05-10 22:21:33.840] [error] [comfy-env] Cache hit for nodes: 125 nodes
[2026-05-10 22:21:33.840] [SRV] [2026-05-10 22:21:33.840] [error] 
[2026-05-10 22:21:33.840] [SRV] [comfy-env] Scanned nodes root: 125 nodes (0.0s)
[2026-05-10 22:21:33.840] [SRV] 
[2026-05-10 22:21:33.840] [UI ] [2026-05-10 22:21:33.840] [comfy-env] Scanned nodes root: 125 nodes (0.0s)
[2026-05-10 22:21:33.841] [UI ] [2026-05-10 22:21:33.841] [comfy-env] Imported nodes root: 125 nodes (isolation)
[2026-05-10 22:21:33.842] [SRV] [2026-05-10 22:21:33.842] [error] [comfy-env] Imported nodes root: 125 nodes (isolation)
[2026-05-10 22:21:33.842] [SRV] [comfy-env] Registered 125 total nodes
[2026-05-10 22:21:33.842] [UI ] [2026-05-10 22:21:33.842] [comfy-env] Registered 125 total nodes
[2026-05-10 22:21:33.843] [SRV] [2026-05-10 22:21:33.843] [error] 
[2026-05-10 22:21:33.843] [SRV] 
[2026-05-10 22:21:33.846] [SRV] [2026-05-10 22:21:33.846] [info]  
[2026-05-10 22:21:33.846] [SRV] Import times for custom nodes:
[2026-05-10 22:21:33.846] [SRV] 
[2026-05-10 22:21:33.846] [SRV] [2026-05-10 22:21:33.846] [info]     0.0 seconds: /Users/runner/.comfy-test-cache/desktop/ComfyUI.app/Contents/Resources/ComfyUI/custom_nodes/websocket_image_save.py
[2026-05-10 22:21:33.846] [SRV]    0.0 seconds: /Users/runner/Documents/ComfyUI/custom_nodes/ComfyUI-KJNodes
[2026-05-10 22:21:33.846] [SRV]    0.0 seconds: /Users/runner/Documents/ComfyUI/custom_nodes/ComfyUI-VideoHelperSuite
[2026-05-10 22:21:33.846] [SRV]    0.1 seconds: /Users/runner/Documents/ComfyUI/custom_nodes/ComfyUI-GeometryPack
[2026-05-10 22:21:33.846] [SRV]    0.2 seconds: /Users/runner/Documents/ComfyUI/custom_nodes/ComfyUI-DepthAnythingV3
[2026-05-10 22:21:33.846] [SRV] 
[2026-05-10 22:21:33.846] [SRV] 
[2026-05-10 22:21:33.846] [UI ] [2026-05-10 22:21:33.846] 
[2026-05-10 22:21:33.846] [UI ] Import times for custom nodes:
[2026-05-10 22:21:33.846] [UI ] [2026-05-10 22:21:33.846]    0.0 seconds: /Users/runner/.comfy-test-cache/desktop/ComfyUI.app/Contents/Resources/ComfyUI/custom_nodes/websocket_image_save.py
[2026-05-10 22:21:33.846] [UI ] [2026-05-10 22:21:33.846]    0.0 seconds: /Users/runner/Documents/ComfyUI/custom_nodes/ComfyUI-KJNodes
[2026-05-10 22:21:33.846] [UI ] [2026-05-10 22:21:33.846]    0.0 seconds: /Users/runner/Documents/ComfyUI/custom_nodes/ComfyUI-VideoHelperSuite
[2026-05-10 22:21:33.846] [UI ] [2026-05-10 22:21:33.846]    0.1 seconds: /Users/runner/Documents/ComfyUI/custom_nodes/ComfyUI-GeometryPack
[2026-05-10 22:21:33.846] [UI ] [2026-05-10 22:21:33.846]    0.2 seconds: /Users/runner/Documents/ComfyUI/custom_nodes/ComfyUI-DepthAnythingV3
[2026-05-10 22:21:33.846] [UI ] [2026-05-10 22:21:33.846] 
[2026-05-10 22:21:33.853] [SRV] [2026-05-10 22:21:33.853] [info]  Context impl SQLiteImpl.
[2026-05-10 22:21:33.853] [SRV] Will assume non-transactional DDL.
[2026-05-10 22:21:33.853] [SRV] 
[2026-05-10 22:21:33.853] [UI ] [2026-05-10 22:21:33.853] Context impl SQLiteImpl.
[2026-05-10 22:21:33.853] [UI ] [2026-05-10 22:21:33.853] Will assume non-transactional DDL.
[2026-05-10 22:21:33.895] [UI ] [2026-05-10 22:21:33.895] Starting server
[2026-05-10 22:21:33.895] [UI ] 
[2026-05-10 22:21:33.896] [SRV] [2026-05-10 22:21:33.896] [info]  Starting server
[2026-05-10 22:21:33.896] [SRV] 
[2026-05-10 22:21:33.896] [SRV] 
[2026-05-10 22:21:33.896] [SRV] [2026-05-10 22:21:33.896] [info]  To see the GUI go to: http://127.0.0.1:8000
[2026-05-10 22:21:33.896] [SRV] 
[2026-05-10 22:21:33.896] [UI ] [2026-05-10 22:21:33.896] To see the GUI go to: http://127.0.0.1:8000
[2026-05-10 22:21:34.961] [SRV] [2026-05-10 22:21:34.961] [info]  [DEPRECATION WARNING] Detected import of deprecated legacy API: /extensions/core/widgetInputs.js. This is likely caused by a custom node extension using outdated APIs. Please update your extensions or contact the extension author for an updated version.
[2026-05-10 22:21:34.961] [SRV] 
[2026-05-10 22:21:34.961] [UI ] [2026-05-10 22:21:34.961] [DEPRECATION WARNING] Detected import of deprecated legacy API: /extensions/core/widgetInputs.js. This is likely caused by a custom node extension using outdated APIs. Please update your extensions or contact the extension author for an updated version.
[2026-05-10 22:21:34.997] [SRV] [2026-05-10 22:21:34.997] [info]  [ComfyUI-Manager] The ComfyRegistry cache update is still in progress, so an outdated cache is being used.
[2026-05-10 22:21:34.997] [SRV] 
[2026-05-10 22:21:34.997] [UI ] [2026-05-10 22:21:34.997] [ComfyUI-Manager] The ComfyRegistry cache update is still in progress, so an outdated cache is being used.
[2026-05-10 22:21:35.051] [UI ] [2026-05-10 22:21:35.051] FETCH DATA from: /Users/runner/Documents/ComfyUI/.venv/lib/python3.12/site-packages/comfyui_manager/custom-node-list.json [DONE]
[2026-05-10 22:21:35.052] [SRV] [2026-05-10 22:21:35.052] [info]  FETCH DATA from: /Users/runner/Documents/ComfyUI/.venv/lib/python3.12/site-packages/comfyui_manager/custom-node-list.json
[2026-05-10 22:21:35.067] [SRV] [2026-05-10 22:21:35.067] [info]   [DONE]
[2026-05-10 22:21:35.067] [SRV] 
[2026-05-10 22:21:37.604] [SRV] [2026-05-10 22:21:37.604] [info]  [ComfyUI-Manager] The ComfyRegistry cache update is still in progress, so an outdated cache is being used.
[2026-05-10 22:21:37.604] [SRV] 
[2026-05-10 22:21:37.604] [UI ] [2026-05-10 22:21:37.604] [ComfyUI-Manager] The ComfyRegistry cache update is still in progress, so an outdated cache is being used.
[2026-05-10 22:21:37.644] [SRV] [2026-05-10 22:21:37.644] [info]  FETCH DATA from: /Users/runner/Documents/ComfyUI/.venv/lib/python3.12/site-packages/comfyui_manager/custom-node-list.json
[2026-05-10 22:21:37.644] [UI ] [2026-05-10 22:21:37.644] FETCH DATA from: /Users/runner/Documents/ComfyUI/.venv/lib/python3.12/site-packages/comfyui_manager/custom-node-list.json [DONE]
[2026-05-10 22:21:37.654] [SRV] [2026-05-10 22:21:37.654] [info]   [DONE]
[2026-05-10 22:21:37.654] [SRV] 
[2026-05-10 22:21:58.672] [UI ] [2026-05-10 22:21:58.672] got prompt
[2026-05-10 22:21:58.673] [SRV] [2026-05-10 22:21:58.673] [info]  got prompt
[2026-05-10 22:21:58.673] [SRV] 
[2026-05-10 22:21:58.920] [SRV] [2026-05-10 22:21:58.920] [info]  [ComfyUI-DepthAnythingV3] python: /Users/runner/.ce/.pixi/envs/depthanythingv3-nodes/bin/python
[2026-05-10 22:21:58.920] [SRV] 
[2026-05-10 22:21:58.920] [UI ] [2026-05-10 22:21:58.920] [ComfyUI-DepthAnythingV3] python: /Users/runner/.ce/.pixi/envs/depthanythingv3-nodes/bin/python
[2026-05-10 22:21:58.920] [UI ] [2026-05-10 22:21:58.920] [ComfyUI-DepthAnythingV3] sys_path sent to worker: ['/Users/runner/.comfy-test-cache/desktop/ComfyUI.app/Contents/Resources/ComfyUI', '/Users/runner/Documents/ComfyUI/custom_nodes/ComfyUI-DepthAnythingV3', '/Users/runner/.ce/.pixi/envs/depthanythingv3-nodes/lib/python3.1/site-packages', '/Users/runner/Documents/ComfyUI/custom_nodes/ComfyUI-DepthAnythingV3']
[2026-05-10 22:21:58.921] [SRV] [2026-05-10 22:21:58.921] [info]  [ComfyUI-DepthAnythingV3] sys_path sent to worker: ['/Users/runner/.comfy-test-cache/desktop/ComfyUI.app/Contents/Resources/ComfyUI', '/Users/runner/Documents/ComfyUI/custom_nodes/ComfyUI-DepthAnythingV3', '/Users/runner/.ce/.pixi/envs/depthanythingv3-nodes/lib/python3.1/site-packages', '/Users/runner/Documents/ComfyUI/custom_nodes/ComfyUI-DepthAnythingV3']
[2026-05-10 22:21:58.921] [SRV] 
[2026-05-10 22:22:00.780] [UI ] [2026-05-10 22:22:00.780] [worker:ComfyUI-DepthAnythingV3] ERROR: Failed to import comfy_kitchen, Error: No module named 'comfy_kitchen', fp8 and fp4 support will not be available.
[2026-05-10 22:22:00.781] [SRV] [2026-05-10 22:22:00.781] [error] [worker:ComfyUI-DepthAnythingV3] ERROR: Failed to import comfy_kitchen, Error: No module named 'comfy_kitchen', fp8 and fp4 support will not be available.
[2026-05-10 22:22:00.781] [SRV] 
[2026-05-10 22:22:01.425] [UI ] [2026-05-10 22:22:01.425] [ComfyUI-DepthAnythingV3] Health check: ping (timeout=5.0s)...
[2026-05-10 22:22:01.426] [SRV] [2026-05-10 22:22:01.426] [error] [ComfyUI-DepthAnythingV3] Health check: ping (timeout=5.0s)...
[2026-05-10 22:22:01.427] [SRV] [2026-05-10 22:22:01.427] [error] 
[2026-05-10 22:22:01.427] [SRV] 
[2026-05-10 22:22:01.429] [UI ] [2026-05-10 22:22:01.429] [ComfyUI-DepthAnythingV3] Health check: ok
[2026-05-10 22:22:01.431] [SRV] [2026-05-10 22:22:01.431] [error] [ComfyUI-DepthAnythingV3] Health check: ok
[2026-05-10 22:22:01.431] [SRV] 
[2026-05-10 22:22:02.014] [UI ] [2026-05-10 22:22:02.014] [worker:ComfyUI-DepthAnythingV3] WARNING: No comfy kitchen, using old apply_rope functions.
[2026-05-10 22:22:02.018] [SRV] [2026-05-10 22:22:02.018] [error] [worker:ComfyUI-DepthAnythingV3] WARNING: No comfy kitchen, using old apply_rope functions.
[2026-05-10 22:22:02.018] [SRV] 
[2026-05-10 22:22:17.229] [UI ] [2026-05-10 22:22:17.229] [ComfyUI-DepthAnythingV3] Health check: ping (timeout=5.0s)...
[2026-05-10 22:22:17.242] [SRV] [2026-05-10 22:22:17.242] [error] [ComfyUI-DepthAnythingV3] Health check: ping (timeout=5.0s)...
[2026-05-10 22:22:17.242] [SRV] 
[2026-05-10 22:22:17.250] [UI ] [2026-05-10 22:22:17.250] [ComfyUI-DepthAnythingV3] Health check: ok
[2026-05-10 22:22:17.256] [SRV] [2026-05-10 22:22:17.256] [error] [ComfyUI-DepthAnythingV3] Health check: ok
[2026-05-10 22:22:17.256] [SRV] 
[2026-05-10 22:22:17.352] [UI ] [2026-05-10 22:22:17.352] [ComfyUI-DepthAnythingV3] Health check: ping (timeout=5.0s)...
[2026-05-10 22:22:17.353] [SRV] [2026-05-10 22:22:17.353] [error] [ComfyUI-DepthAnythingV3] Health check: ping (timeout=5.0s)...
[2026-05-10 22:22:17.353] [SRV] 
[2026-05-10 22:22:17.354] [UI ] [2026-05-10 22:22:17.354] [ComfyUI-DepthAnythingV3] Health check: ok
[2026-05-10 22:22:17.363] [SRV] [2026-05-10 22:22:17.363] [error] [ComfyUI-DepthAnythingV3] Health check: ok
[2026-05-10 22:22:17.363] [SRV] 
[2026-05-10 22:22:19.170] [SRV] [2026-05-10 22:22:19.170] [error] [ComfyUI-DepthAnythingV3] Health check: ping (timeout=5.0s)...
[2026-05-10 22:22:19.170] [SRV] 
[2026-05-10 22:22:19.170] [UI ] [2026-05-10 22:22:19.170] [ComfyUI-DepthAnythingV3] Health check: ping (timeout=5.0s)...
[2026-05-10 22:22:19.171] [SRV] [2026-05-10 22:22:19.171] [error] [ComfyUI-DepthAnythingV3] Health check: ok
[2026-05-10 22:22:19.171] [SRV] 
[2026-05-10 22:22:19.171] [UI ] [2026-05-10 22:22:19.171] [ComfyUI-DepthAnythingV3] Health check: ok
[2026-05-10 22:22:19.214] [SRV] [2026-05-10 22:22:19.214] [info]  Prompt executed in 20.54 seconds
[2026-05-10 22:22:19.214] [SRV] 
[2026-05-10 22:22:19.214] [UI ] ** ComfyUI startup time: 2026-05-10 22:21:27.166
[2026-05-10 22:22:19.217] [UI ] [2026-05-10 22:22:19.217] Prompt executed in 20.54 seconds