[00:00] Crash dump logging enabled: D:\a\comfy-gpu-ci\comfy-gpu-ci\comfy-test-logs\DepthAnythingV3-1125\windows-cpu\crash_dump.log
[00:00] 
[00:00] [1/3] REGISTRATION
[00:00] ----------------------------------------
[00:00] 
[DEBUG] server=None, server_url=http://127.0.0.1:8188, api=None
[00:00] 
Connecting to existing server at http://127.0.0.1:8188...
[00:00] Connecting to existing server at http://127.0.0.1:8188...
[00:00] Connected to server! (attempt 1, 0.0s)
[00:00] Checking for import errors in server logs...
[00:00] No import errors detected
[00:00] Found 1116 registered nodes
[00:00] [REGISTRATION] PASSED
[00:00] 
[00:00] [2/3] INSTANTIATION
[00:00] ----------------------------------------
[00:00] 
[DEBUG] server=<comfy_test.comfyui.server.ExternalComfyUIServer object at 0x000002464962FE30>, server_url=http://127.0.0.1:8188, api=<comfy_test.comfyui.api.ComfyUIAPI object at 0x0000024648BC3B30>
[00:00] Testing node constructors...
[00:03] All 15 node(s) instantiated successfully!
[00:03] [INSTANTIATION] PASSED
[00:03] 
[00:03] [3/3] EXECUTION
[00:03] ----------------------------------------
[00:03] 
[DEBUG] server=<comfy_test.comfyui.server.ExternalComfyUIServer object at 0x000002464962FE30>, server_url=http://127.0.0.1:8188, api=<comfy_test.comfyui.api.ComfyUIAPI object at 0x0000024648BC3B30>
[00:03] CPU runner - will execute 4 workflow(s)
[00:03] Running 7 workflow(s) (all with videos)...
[00:03] Starting headless browser...
[00:03]   Downloading Mesa llvmpipe for Windows...
[00:09]   Copied opengl32.dll to Chromium dir
[00:09]   Copied libgallium_wgl.dll to Chromium dir
[00:09]   Using Mesa llvmpipe (desktop GL) — multithreaded CPU rendering
[00:10] Capturing execution frames: advanced.json
[00:19]   Frame 1 saved (frame_000.jpg, t=0.0s)
[00:19]   Validating workflow...
[00:19]   Queuing workflow for execution...
[00:21]   Frame 2 saved (frame_001.jpg, t=2.2s)
[00:21]   [capture-periodic] freeze=2ms shot=98ms unfreeze=3ms saved=True
[00:23]   Frame 3 saved (frame_002.jpg, t=4.4s)
[00:23]   [capture-periodic] freeze=3ms shot=92ms unfreeze=5ms saved=True
[00:24]   [capture-loop] iter=50 t=5.7s state={'complete': False, 'error': None, 'executedCount': 0, 'wsState': 1} eval_ms=5 ram=5.6/16.0GB (35%) swap=0.3/2.9GB (10%) cpu=34% browser_rss=0.70GB
[00:30]   [capture-loop] iter=100 t=11.9s state={'complete': False, 'error': None, 'executedCount': 0, 'wsState': 1} eval_ms=4 ram=6.5/16.0GB (41%) swap=0.3/2.9GB (10%) cpu=43% browser_rss=0.70GB
[00:36]   Frame 4 saved (frame_003.jpg, t=17.3s)
[00:36]   [capture-periodic] freeze=2ms shot=72ms unfreeze=3ms saved=True
[00:36]   [capture-loop] iter=150 t=17.5s state={'complete': False, 'error': None, 'executedCount': 0, 'wsState': 1} eval_ms=3 ram=6.1/16.0GB (38%) swap=0.3/2.9GB (10%) cpu=18% browser_rss=0.70GB
[00:41]   [capture-loop] iter=200 t=23.0s state={'complete': False, 'error': None, 'executedCount': 0, 'wsState': 1} eval_ms=3 ram=5.9/16.0GB (37%) swap=0.3/2.9GB (10%) cpu=11% browser_rss=0.63GB
[00:47]   [capture-loop] iter=250 t=28.6s state={'complete': False, 'error': None, 'executedCount': 0, 'wsState': 1} eval_ms=4 ram=6.6/16.0GB (41%) swap=0.3/2.9GB (10%) cpu=47% browser_rss=0.64GB
[00:53]   [capture-loop] iter=300 t=34.2s state={'complete': False, 'error': None, 'executedCount': 0, 'wsState': 1} eval_ms=4 ram=6.9/16.0GB (43%) swap=0.3/2.9GB (10%) cpu=68% browser_rss=0.63GB
[00:58]   [capture-loop] iter=350 t=39.9s state={'complete': False, 'error': None, 'executedCount': 0, 'wsState': 1} eval_ms=6 ram=6.8/16.0GB (42%) swap=0.3/2.9GB (10%) cpu=65% browser_rss=0.63GB
[01:04]   [capture-loop] iter=400 t=45.6s state={'complete': False, 'error': None, 'executedCount': 0, 'wsState': 1} eval_ms=3 ram=6.2/16.0GB (39%) swap=0.3/2.9GB (10%) cpu=64% browser_rss=0.63GB
[01:10]   [capture-loop] iter=450 t=51.2s state={'complete': False, 'error': None, 'executedCount': 0, 'wsState': 1} eval_ms=5 ram=6.4/16.0GB (40%) swap=0.3/2.9GB (10%) cpu=63% browser_rss=0.63GB
[01:15]   [capture-loop] iter=500 t=56.8s state={'complete': False, 'error': None, 'executedCount': 0, 'wsState': 1} eval_ms=3 ram=6.5/16.0GB (41%) swap=0.3/2.9GB (10%) cpu=65% browser_rss=0.60GB
[01:21]   [capture-loop] iter=550 t=62.5s state={'complete': False, 'error': None, 'executedCount': 0, 'wsState': 1} eval_ms=4 ram=6.7/16.0GB (42%) swap=0.3/2.9GB (10%) cpu=63% browser_rss=0.60GB
[01:27]   [capture-loop] iter=600 t=68.1s state={'complete': False, 'error': None, 'executedCount': 0, 'wsState': 1} eval_ms=4 ram=6.8/16.0GB (43%) swap=0.3/2.9GB (10%) cpu=64% browser_rss=0.60GB
[01:32]   [capture-loop] iter=650 t=73.7s state={'complete': False, 'error': None, 'executedCount': 0, 'wsState': 1} eval_ms=8 ram=7.5/16.0GB (47%) swap=0.3/2.9GB (10%) cpu=64% browser_rss=0.60GB
[01:38]   [capture-loop] iter=700 t=79.3s state={'complete': False, 'error': None, 'executedCount': 0, 'wsState': 1} eval_ms=5 ram=7.7/16.0GB (48%) swap=0.3/2.9GB (10%) cpu=68% browser_rss=0.59GB
[01:43]   [capture-loop] iter=750 t=85.0s state={'complete': False, 'error': None, 'executedCount': 0, 'wsState': 1} eval_ms=3 ram=7.9/16.0GB (49%) swap=0.3/2.9GB (10%) cpu=62% browser_rss=0.58GB
[01:46]   Node executed (2 total), capturing...
[01:47]   Frame 5 saved (frame_004.jpg, t=88.1s)
[01:47]   [capture-node] freeze=69ms shot=151ms unfreeze=3ms saved=True
[01:47]   Node executed (8 total), capturing...
[01:47]   Frame 6 saved (frame_005.jpg, t=88.6s)
[01:47]   [capture-node] freeze=4ms shot=111ms unfreeze=0ms saved=True
[01:47]   Execution complete (t=88.6s)
[01:47]   Captured 6 unique frames over 88.73s
[01:47]   [debug] iframes: 0
[01:47]   [timing] trigger_3d_previews: 0.0s
[01:49]   Saved high-quality screenshot: advanced_executed.png
[01:49]   [timing] final_screenshot: 0.2s
[01:50] Capturing execution frames: advanced_3d.json
[01:56]   Frame 1 saved (frame_000.jpg, t=0.0s)
[01:56]   Validating workflow...
[01:56]   Queuing workflow for execution...
[01:58]   Frame 2 saved (frame_001.jpg, t=2.2s)
[01:58]   [capture-periodic] freeze=2ms shot=107ms unfreeze=4ms saved=True
[02:01]   Frame 3 saved (frame_002.jpg, t=4.4s)
[02:01]   [capture-periodic] freeze=2ms shot=98ms unfreeze=4ms saved=True
[02:02]   [capture-loop] iter=50 t=5.7s state={'complete': False, 'error': None, 'executedCount': 0, 'wsState': 1} eval_ms=5 ram=7.5/16.0GB (47%) swap=0.3/2.9GB (10%) cpu=43% browser_rss=0.77GB
[02:07]   [capture-loop] iter=100 t=11.3s state={'complete': False, 'error': None, 'executedCount': 0, 'wsState': 1} eval_ms=4 ram=7.2/16.0GB (45%) swap=0.3/2.9GB (10%) cpu=60% browser_rss=0.75GB
[02:13]   [capture-loop] iter=150 t=16.9s state={'complete': False, 'error': None, 'executedCount': 0, 'wsState': 1} eval_ms=3 ram=7.4/16.0GB (46%) swap=0.3/2.9GB (10%) cpu=61% browser_rss=0.72GB
[02:19]   [capture-loop] iter=200 t=22.6s state={'complete': False, 'error': None, 'executedCount': 0, 'wsState': 1} eval_ms=4 ram=7.5/16.0GB (47%) swap=0.3/2.9GB (10%) cpu=65% browser_rss=0.72GB
[02:24]   [capture-loop] iter=250 t=28.3s state={'complete': False, 'error': None, 'executedCount': 0, 'wsState': 1} eval_ms=4 ram=7.7/16.0GB (48%) swap=0.3/2.9GB (10%) cpu=64% browser_rss=0.64GB
[02:28]   Frame 4 saved (frame_003.jpg, t=32.2s)
[02:28]   [capture-periodic] freeze=2ms shot=70ms unfreeze=3ms saved=True
[02:30]   [capture-loop] iter=300 t=33.8s state={'complete': False, 'error': None, 'executedCount': 0, 'wsState': 1} eval_ms=2 ram=7.0/16.0GB (44%) swap=0.3/2.9GB (10%) cpu=35% browser_rss=0.64GB
[02:33]   Frame 5 saved (frame_004.jpg, t=36.4s)
[02:33]   [capture-periodic] freeze=2ms shot=78ms unfreeze=3ms saved=True
[02:35]   [capture-loop] iter=350 t=39.4s state={'complete': False, 'error': None, 'executedCount': 0, 'wsState': 1} eval_ms=3 ram=7.0/16.0GB (44%) swap=0.3/2.9GB (10%) cpu=24% browser_rss=0.64GB
[02:36]   Node executed (1 total), capturing...
[02:36]   Frame 6 saved (frame_005.jpg, t=39.9s)
[02:36]   [capture-node] freeze=3ms shot=69ms unfreeze=3ms saved=True
[02:36]   Node executed (2 total), capturing...
[02:36]   Frame 7 saved (frame_006.jpg, t=40.3s)
[02:36]   [capture-node] freeze=4ms shot=82ms unfreeze=0ms saved=True
[02:36]   Execution complete (t=40.3s)
[02:36]   Captured 7 unique frames over 40.42s
[02:36]   [debug] iframes: 1
[02:36]   [debug]   iframe[0]: src=http://127.0.0.1:8188/extensions/ComfyUI-GeometryPack/viewer_vtk.html?v=17782396, canvas=486x430, rafFrozen=True
[02:36]   [timing] trigger_3d_previews: 0.0s
[02:39]   Saved high-quality screenshot: advanced_3d_executed.png
[02:39]   [timing] final_screenshot: 0.1s
[02:39] Capturing execution frames: advanced_3d_multiview.json
[02:45]   Frame 1 saved (frame_000.jpg, t=0.0s)
[02:45]   Validating workflow...
[02:45]   Queuing workflow for execution...
[02:45]   Node executed (1 total), capturing...
[02:46]   Frame 2 saved (frame_001.jpg, t=0.4s)
[02:46]   [capture-node] freeze=3ms shot=75ms unfreeze=3ms saved=True
[02:48]   Frame 3 saved (frame_002.jpg, t=2.6s)
[02:48]   [capture-periodic] freeze=18ms shot=169ms unfreeze=7ms saved=True
[02:50]   Frame 4 saved (frame_003.jpg, t=4.8s)
[02:50]   [capture-periodic] freeze=3ms shot=111ms unfreeze=4ms saved=True
[02:51]   [capture-loop] iter=50 t=6.1s state={'complete': False, 'error': None, 'executedCount': 1, 'wsState': 1} eval_ms=5 ram=7.2/16.0GB (45%) swap=0.4/2.9GB (16%) cpu=44% browser_rss=0.84GB
[02:57]   [capture-loop] iter=100 t=11.8s state={'complete': False, 'error': None, 'executedCount': 1, 'wsState': 1} eval_ms=4 ram=7.0/16.0GB (44%) swap=0.4/2.9GB (15%) cpu=72% browser_rss=0.69GB
[03:03]   [capture-loop] iter=150 t=17.6s state={'complete': False, 'error': None, 'executedCount': 1, 'wsState': 1} eval_ms=3 ram=7.6/16.0GB (48%) swap=0.4/2.9GB (15%) cpu=73% browser_rss=0.68GB
[03:08]   [capture-loop] iter=200 t=23.3s state={'complete': False, 'error': None, 'executedCount': 1, 'wsState': 1} eval_ms=4 ram=7.1/16.0GB (44%) swap=0.4/2.9GB (15%) cpu=65% browser_rss=0.67GB
[03:14]   [capture-loop] iter=250 t=28.9s state={'complete': False, 'error': None, 'executedCount': 1, 'wsState': 1} eval_ms=5 ram=7.0/16.0GB (44%) swap=0.4/2.9GB (15%) cpu=64% browser_rss=0.67GB
[03:20]   [capture-loop] iter=300 t=34.5s state={'complete': False, 'error': None, 'executedCount': 1, 'wsState': 1} eval_ms=4 ram=8.1/16.0GB (51%) swap=0.4/2.9GB (15%) cpu=64% browser_rss=0.67GB
[03:25]   [capture-loop] iter=350 t=40.2s state={'complete': False, 'error': None, 'executedCount': 1, 'wsState': 1} eval_ms=4 ram=7.3/16.0GB (46%) swap=0.6/2.9GB (20%) cpu=67% browser_rss=0.67GB
[03:31]   [capture-loop] iter=400 t=45.8s state={'complete': False, 'error': None, 'executedCount': 1, 'wsState': 1} eval_ms=4 ram=6.9/16.0GB (43%) swap=0.6/2.9GB (20%) cpu=65% browser_rss=0.67GB
[03:37]   [capture-loop] iter=450 t=51.5s state={'complete': False, 'error': None, 'executedCount': 1, 'wsState': 1} eval_ms=4 ram=7.7/16.0GB (48%) swap=0.6/2.9GB (20%) cpu=64% browser_rss=0.67GB
[03:42]   [capture-loop] iter=500 t=57.2s state={'complete': False, 'error': None, 'executedCount': 1, 'wsState': 1} eval_ms=5 ram=7.9/16.0GB (50%) swap=0.6/2.9GB (20%) cpu=65% browser_rss=0.66GB
[03:48]   [capture-loop] iter=550 t=62.8s state={'complete': False, 'error': None, 'executedCount': 1, 'wsState': 1} eval_ms=3 ram=7.2/16.0GB (45%) swap=0.6/2.9GB (20%) cpu=62% browser_rss=0.66GB
[03:54]   [capture-loop] iter=600 t=68.5s state={'complete': False, 'error': None, 'executedCount': 1, 'wsState': 1} eval_ms=4 ram=7.7/16.0GB (48%) swap=0.6/2.9GB (20%) cpu=65% browser_rss=0.65GB
[03:59]   [capture-loop] iter=650 t=74.2s state={'complete': False, 'error': None, 'executedCount': 1, 'wsState': 1} eval_ms=5 ram=8.2/16.0GB (51%) swap=0.6/2.9GB (20%) cpu=60% browser_rss=0.64GB
[04:05]   [capture-loop] iter=700 t=79.8s state={'complete': False, 'error': None, 'executedCount': 1, 'wsState': 1} eval_ms=3 ram=6.6/16.0GB (41%) swap=0.6/2.9GB (20%) cpu=61% browser_rss=0.63GB
[04:11]   [capture-loop] iter=750 t=85.4s state={'complete': False, 'error': None, 'executedCount': 1, 'wsState': 1} eval_ms=4 ram=6.8/16.0GB (42%) swap=0.6/2.9GB (20%) cpu=58% browser_rss=0.62GB
[04:16]   [capture-loop] iter=800 t=91.0s state={'complete': False, 'error': None, 'executedCount': 1, 'wsState': 1} eval_ms=5 ram=7.7/16.0GB (48%) swap=0.6/2.9GB (20%) cpu=59% browser_rss=0.61GB
[04:22]   [capture-loop] iter=850 t=96.7s state={'complete': False, 'error': None, 'executedCount': 1, 'wsState': 1} eval_ms=4 ram=6.9/16.0GB (43%) swap=0.7/2.9GB (26%) cpu=62% browser_rss=0.60GB
[04:27]   [capture-loop] iter=900 t=102.4s state={'complete': False, 'error': None, 'executedCount': 1, 'wsState': 1} eval_ms=6 ram=8.5/16.0GB (53%) swap=0.7/2.9GB (26%) cpu=72% browser_rss=0.61GB
[04:33]   [capture-loop] iter=950 t=108.1s state={'complete': False, 'error': None, 'executedCount': 1, 'wsState': 1} eval_ms=4 ram=6.6/16.0GB (41%) swap=0.7/2.9GB (26%) cpu=71% browser_rss=0.61GB
[04:39]   [capture-loop] iter=1000 t=113.8s state={'complete': False, 'error': None, 'executedCount': 1, 'wsState': 1} eval_ms=4 ram=6.8/16.0GB (43%) swap=0.7/2.9GB (26%) cpu=71% browser_rss=0.61GB
[04:45]   [capture-loop] iter=1050 t=119.5s state={'complete': False, 'error': None, 'executedCount': 1, 'wsState': 1} eval_ms=4 ram=8.1/16.0GB (51%) swap=0.7/2.9GB (26%) cpu=67% browser_rss=0.61GB
[04:50]   [capture-loop] iter=1100 t=125.1s state={'complete': False, 'error': None, 'executedCount': 1, 'wsState': 1} eval_ms=4 ram=6.8/16.0GB (42%) swap=0.7/2.9GB (26%) cpu=63% browser_rss=0.60GB
[04:56]   [capture-loop] iter=1150 t=130.9s state={'complete': False, 'error': None, 'executedCount': 1, 'wsState': 1} eval_ms=4 ram=6.7/16.0GB (42%) swap=0.7/2.9GB (26%) cpu=67% browser_rss=0.58GB
[05:02]   [capture-loop] iter=1200 t=136.6s state={'complete': False, 'error': None, 'executedCount': 1, 'wsState': 1} eval_ms=5 ram=8.1/16.0GB (50%) swap=0.7/2.9GB (26%) cpu=64% browser_rss=0.58GB
[05:07]   [capture-loop] iter=1250 t=142.2s state={'complete': False, 'error': None, 'executedCount': 1, 'wsState': 1} eval_ms=4 ram=7.2/16.0GB (45%) swap=0.7/2.9GB (26%) cpu=61% browser_rss=0.57GB
[05:13]   [capture-loop] iter=1300 t=148.0s state={'complete': False, 'error': None, 'executedCount': 1, 'wsState': 1} eval_ms=4 ram=7.3/16.0GB (46%) swap=0.9/2.9GB (31%) cpu=65% browser_rss=0.55GB
[05:19]   [capture-loop] iter=1350 t=153.6s state={'complete': False, 'error': None, 'executedCount': 1, 'wsState': 1} eval_ms=3 ram=7.9/16.0GB (49%) swap=0.9/2.9GB (31%) cpu=59% browser_rss=0.54GB
[05:23]   Frame 5 saved (frame_004.jpg, t=158.0s)
[05:23]   [capture-periodic] freeze=7ms shot=82ms unfreeze=3ms saved=True
[05:24]   Node executed (2 total), capturing...
[05:24]   Frame 6 saved (frame_005.jpg, t=159.0s)
[05:24]   [capture-node] freeze=4ms shot=74ms unfreeze=3ms saved=True
[05:24]   Node executed (4 total), capturing...
[05:25]   Frame 7 saved (frame_006.jpg, t=159.5s)
[05:25]   [capture-node] freeze=4ms shot=74ms unfreeze=0ms saved=True
[05:25]   Execution complete (t=159.5s)
[05:25]   Captured 7 unique frames over 159.61s
[05:25]   [debug] iframes: 1
[05:25]   [debug]   iframe[0]: src=http://127.0.0.1:8188/extensions/ComfyUI-GeometryPack/viewer_vtk.html?v=17782396, canvas=486x430, rafFrozen=True
[05:25]   [timing] trigger_3d_previews: 0.0s
[05:27]   Saved high-quality screenshot: advanced_3d_multiview_executed.png
[05:27]   [timing] final_screenshot: 0.1s
[05:27]   [4/7] SKIPPED (not in cpu list) bas_relief.json
[05:27]   [5/7] SKIPPED (not in cpu list) da3_streaming.json
[05:28] Capturing execution frames: simple.json
[05:33]   Frame 1 saved (frame_000.jpg, t=0.0s)
[05:33]   Validating workflow...
[05:33]   Queuing workflow for execution...
[05:35]   Frame 2 saved (frame_001.jpg, t=2.2s)
[05:35]   [capture-periodic] freeze=2ms shot=78ms unfreeze=3ms saved=True
[05:38]   Frame 3 saved (frame_002.jpg, t=4.3s)
[05:38]   [capture-periodic] freeze=3ms shot=85ms unfreeze=3ms saved=True
[05:39]   [capture-loop] iter=50 t=5.6s state={'complete': False, 'error': None, 'executedCount': 0, 'wsState': 1} eval_ms=4 ram=7.1/16.0GB (44%) swap=0.9/2.9GB (31%) cpu=30% browser_rss=0.71GB
[05:45]   [capture-loop] iter=100 t=11.3s state={'complete': False, 'error': None, 'executedCount': 0, 'wsState': 1} eval_ms=5 ram=7.3/16.0GB (46%) swap=0.9/2.9GB (31%) cpu=66% browser_rss=0.70GB
[05:50]   [capture-loop] iter=150 t=16.9s state={'complete': False, 'error': None, 'executedCount': 0, 'wsState': 1} eval_ms=4 ram=6.5/16.0GB (41%) swap=0.9/2.9GB (31%) cpu=59% browser_rss=0.70GB
[05:56]   [capture-loop] iter=200 t=22.6s state={'complete': False, 'error': None, 'executedCount': 0, 'wsState': 1} eval_ms=4 ram=7.8/16.0GB (49%) swap=0.9/2.9GB (31%) cpu=60% browser_rss=0.70GB
[06:02]   [capture-loop] iter=250 t=28.4s state={'complete': False, 'error': None, 'executedCount': 0, 'wsState': 1} eval_ms=4 ram=6.4/16.0GB (40%) swap=0.9/2.9GB (31%) cpu=60% browser_rss=0.61GB
[06:07]   [capture-loop] iter=300 t=34.0s state={'complete': False, 'error': None, 'executedCount': 0, 'wsState': 1} eval_ms=10 ram=6.7/16.0GB (42%) swap=0.9/2.9GB (31%) cpu=59% browser_rss=0.55GB
[06:13]   [capture-loop] iter=350 t=39.7s state={'complete': False, 'error': None, 'executedCount': 0, 'wsState': 1} eval_ms=4 ram=7.2/16.0GB (45%) swap=0.9/2.9GB (31%) cpu=59% browser_rss=0.55GB
[06:18]   [capture-loop] iter=400 t=45.2s state={'complete': False, 'error': None, 'executedCount': 0, 'wsState': 1} eval_ms=4 ram=6.4/16.0GB (40%) swap=0.9/2.9GB (31%) cpu=59% browser_rss=0.54GB
[06:24]   [capture-loop] iter=450 t=51.0s state={'complete': False, 'error': None, 'executedCount': 0, 'wsState': 1} eval_ms=4 ram=7.0/16.0GB (44%) swap=0.9/2.9GB (31%) cpu=60% browser_rss=0.54GB
[06:30]   [capture-loop] iter=500 t=56.7s state={'complete': False, 'error': None, 'executedCount': 0, 'wsState': 1} eval_ms=4 ram=7.5/16.0GB (47%) swap=0.9/2.9GB (31%) cpu=60% browser_rss=0.54GB
[06:35]   Node executed (1 total), capturing...
[06:35]   Frame 4 saved (frame_003.jpg, t=61.8s)
[06:35]   [capture-node] freeze=3ms shot=86ms unfreeze=0ms saved=True
[06:35]   Execution complete (t=61.8s)
[06:35]   Captured 4 unique frames over 61.89s
[06:35]   [debug] iframes: 0
[06:35]   [timing] trigger_3d_previews: 0.0s
[06:37]   Saved high-quality screenshot: simple_executed.png
[06:37]   [timing] final_screenshot: 0.2s
[06:38]   [7/7] SKIPPED (not in cpu list) video_multiview_depth.json
[06:38] Results saved to D:\a\comfy-gpu-ci\comfy-gpu-ci\comfy-test-logs\DepthAnythingV3-1125\windows-cpu\results.json
[06:38] Model report: 4 files, 1.5 GB -> D:\a\comfy-gpu-ci\comfy-gpu-ci\comfy-test-logs\DepthAnythingV3-1125\windows-cpu\models.json
[06:38] Saved: D:\a\comfy-gpu-ci\comfy-gpu-ci\comfy-test-logs\DepthAnythingV3-1125\windows-cpu\index.html
[06:38] [EXECUTION] PASSED
[06:38] 
windows: PASSED
