Capturing execution frames: advanced_3d_multiview.json
  Frame 1 saved (frame_000.jpg, t=0.0s)
  Validating workflow...
  Queuing workflow for execution...
  Node executed (1 total), capturing...
  Frame 2 saved (frame_001.jpg, t=0.6s)
  [capture-node] freeze=4ms shot=119ms unfreeze=6ms saved=True
  Frame 3 saved (frame_002.jpg, t=5.1s)
  [capture-periodic] freeze=6ms shot=143ms unfreeze=5ms saved=True
  [capture-loop] iter=50 t=6.4s state={'complete': False, 'error': None, 'executedCount': 1, 'wsState': 1} eval_ms=11 ram=6.7/16.0GB (42%) swap=0.8/2.9GB (29%) cpu=47% browser_rss=0.67GB
  [capture-loop] iter=100 t=12.4s state={'complete': False, 'error': None, 'executedCount': 1, 'wsState': 1} eval_ms=4 ram=6.6/16.0GB (41%) swap=0.8/2.9GB (29%) cpu=83% browser_rss=0.64GB
  [capture-loop] iter=150 t=18.4s state={'complete': False, 'error': None, 'executedCount': 1, 'wsState': 1} eval_ms=5 ram=6.6/16.0GB (41%) swap=0.8/2.9GB (29%) cpu=79% browser_rss=0.64GB
  [capture-loop] iter=200 t=24.4s state={'complete': False, 'error': None, 'executedCount': 1, 'wsState': 1} eval_ms=5 ram=7.0/16.0GB (44%) swap=1.0/2.9GB (34%) cpu=78% browser_rss=0.64GB
  [capture-loop] iter=250 t=30.3s state={'complete': False, 'error': None, 'executedCount': 1, 'wsState': 1} eval_ms=5 ram=8.4/16.0GB (53%) swap=1.0/2.9GB (34%) cpu=74% browser_rss=0.64GB
  [capture-loop] iter=300 t=36.3s state={'complete': False, 'error': None, 'executedCount': 1, 'wsState': 1} eval_ms=6 ram=6.6/16.0GB (41%) swap=1.0/2.9GB (34%) cpu=75% browser_rss=0.63GB
  [capture-loop] iter=350 t=42.1s state={'complete': False, 'error': None, 'executedCount': 1, 'wsState': 1} eval_ms=5 ram=6.5/16.0GB (41%) swap=1.0/2.9GB (34%) cpu=72% browser_rss=0.63GB
  [capture-loop] iter=400 t=48.1s state={'complete': False, 'error': None, 'executedCount': 1, 'wsState': 1} eval_ms=5 ram=6.8/16.0GB (42%) swap=1.0/2.9GB (34%) cpu=73% browser_rss=0.61GB
  [capture-loop] iter=450 t=53.9s state={'complete': False, 'error': None, 'executedCount': 1, 'wsState': 1} eval_ms=5 ram=8.0/16.0GB (50%) swap=1.0/2.9GB (34%) cpu=70% browser_rss=0.61GB
  [capture-loop] iter=500 t=59.7s state={'complete': False, 'error': None, 'executedCount': 1, 'wsState': 1} eval_ms=5 ram=6.6/16.0GB (41%) swap=1.1/2.9GB (38%) cpu=74% browser_rss=0.60GB
  [capture-loop] iter=550 t=65.7s state={'complete': False, 'error': None, 'executedCount': 1, 'wsState': 1} eval_ms=5 ram=6.2/16.0GB (39%) swap=1.1/2.9GB (38%) cpu=72% browser_rss=0.59GB
  [capture-loop] iter=600 t=71.6s state={'complete': False, 'error': None, 'executedCount': 1, 'wsState': 1} eval_ms=5 ram=6.7/16.0GB (42%) swap=1.2/2.9GB (43%) cpu=72% browser_rss=0.58GB
  [capture-loop] iter=650 t=77.4s state={'complete': False, 'error': None, 'executedCount': 1, 'wsState': 1} eval_ms=5 ram=7.2/16.0GB (45%) swap=1.2/2.9GB (43%) cpu=69% browser_rss=0.57GB
  [capture-loop] iter=700 t=83.3s state={'complete': False, 'error': None, 'executedCount': 1, 'wsState': 1} eval_ms=4 ram=7.4/16.0GB (46%) swap=1.2/2.9GB (43%) cpu=67% browser_rss=0.58GB
  [capture-loop] iter=750 t=89.3s state={'complete': False, 'error': None, 'executedCount': 1, 'wsState': 1} eval_ms=5 ram=7.0/16.0GB (44%) swap=1.4/2.9GB (48%) cpu=74% browser_rss=0.58GB
  [capture-loop] iter=800 t=95.2s state={'complete': False, 'error': None, 'executedCount': 1, 'wsState': 1} eval_ms=4 ram=5.8/16.0GB (37%) swap=1.4/2.9GB (48%) cpu=72% browser_rss=0.57GB
  [capture-loop] iter=850 t=101.1s state={'complete': False, 'error': None, 'executedCount': 1, 'wsState': 1} eval_ms=4 ram=6.1/16.0GB (38%) swap=1.4/2.9GB (48%) cpu=72% browser_rss=0.58GB
  [capture-loop] iter=900 t=107.1s state={'complete': False, 'error': None, 'executedCount': 1, 'wsState': 1} eval_ms=4 ram=7.7/16.0GB (48%) swap=1.4/2.9GB (48%) cpu=71% browser_rss=0.58GB
  [capture-loop] iter=950 t=112.9s state={'complete': False, 'error': None, 'executedCount': 1, 'wsState': 1} eval_ms=5 ram=5.9/16.0GB (37%) swap=1.4/2.9GB (48%) cpu=74% browser_rss=0.57GB
  [capture-loop] iter=1000 t=118.9s state={'complete': False, 'error': None, 'executedCount': 1, 'wsState': 1} eval_ms=5 ram=5.8/16.0GB (36%) swap=1.4/2.9GB (48%) cpu=74% browser_rss=0.57GB
  [capture-loop] iter=1050 t=124.7s state={'complete': False, 'error': None, 'executedCount': 1, 'wsState': 1} eval_ms=5 ram=6.8/16.0GB (43%) swap=1.4/2.9GB (48%) cpu=70% browser_rss=0.56GB
  [capture-loop] iter=1100 t=130.5s state={'complete': False, 'error': None, 'executedCount': 1, 'wsState': 1} eval_ms=6 ram=6.9/16.0GB (43%) swap=1.4/2.9GB (48%) cpu=72% browser_rss=0.54GB
  [capture-loop] iter=1150 t=136.5s state={'complete': False, 'error': None, 'executedCount': 1, 'wsState': 1} eval_ms=5 ram=5.9/16.0GB (37%) swap=1.4/2.9GB (48%) cpu=73% browser_rss=0.52GB
  [capture-loop] iter=1200 t=142.4s state={'complete': False, 'error': None, 'executedCount': 1, 'wsState': 1} eval_ms=5 ram=6.0/16.0GB (38%) swap=1.5/2.9GB (53%) cpu=74% browser_rss=0.52GB
  [capture-loop] iter=1250 t=148.2s state={'complete': False, 'error': None, 'executedCount': 1, 'wsState': 1} eval_ms=5 ram=7.1/16.0GB (44%) swap=1.5/2.9GB (53%) cpu=71% browser_rss=0.50GB
  [capture-loop] iter=1300 t=154.2s state={'complete': False, 'error': None, 'executedCount': 1, 'wsState': 1} eval_ms=6 ram=6.1/16.0GB (38%) swap=1.5/2.9GB (52%) cpu=72% browser_rss=0.48GB
  [capture-loop] iter=1350 t=160.0s state={'complete': False, 'error': None, 'executedCount': 1, 'wsState': 1} eval_ms=4 ram=6.9/16.0GB (43%) swap=1.5/2.9GB (52%) cpu=70% browser_rss=0.48GB
  [capture-loop] iter=1400 t=165.9s state={'complete': False, 'error': None, 'executedCount': 1, 'wsState': 1} eval_ms=5 ram=6.6/16.0GB (41%) swap=1.5/2.9GB (52%) cpu=66% browser_rss=0.46GB
  [capture-loop] iter=1450 t=171.8s state={'complete': False, 'error': None, 'executedCount': 1, 'wsState': 1} eval_ms=4 ram=7.0/16.0GB (44%) swap=1.7/2.9GB (57%) cpu=64% browser_rss=0.46GB
  Node executed (3 total), capturing...
  Frame 4 saved (frame_003.jpg, t=177.5s)
  [capture-node] freeze=38ms shot=120ms unfreeze=4ms saved=True
  Node executed (4 total), capturing...
  Frame 5 saved (frame_004.jpg, t=178.0s)
  [capture-node] freeze=100ms shot=153ms unfreeze=0ms saved=True
  Execution complete (t=178.0s)
  Captured 5 unique frames over 178.25s
  [debug] iframes: 1
  [debug]   iframe[0]: src=http://127.0.0.1:8188/extensions/ComfyUI-GeometryPack/viewer_vtk.html?v=17783273, canvas=486x394, rafFrozen=True
  [timing] trigger_3d_previews: 0.0s
  Saved high-quality screenshot: advanced_3d_multiview_executed.png
  [timing] final_screenshot: 0.2s
    Captured 6 video frames