Capturing execution frames: advanced_3d.json
  Frame 1 saved (frame_000.jpg, t=0.0s)
  Validating workflow...
  Queuing workflow for execution...
  Frame 2 saved (frame_001.jpg, t=2.2s)
  [capture-periodic] freeze=4ms shot=130ms unfreeze=6ms saved=True
  Frame 3 saved (frame_002.jpg, t=4.5s)
  [capture-periodic] freeze=4ms shot=124ms unfreeze=7ms saved=True
  [capture-loop] iter=50 t=6.0s state={'complete': False, 'error': None, 'executedCount': 0, 'wsState': 1} eval_ms=7 ram=7.2/16.0GB (45%) swap=0.7/2.9GB (23%) cpu=44% browser_rss=0.70GB
  [capture-loop] iter=100 t=11.9s state={'complete': False, 'error': None, 'executedCount': 0, 'wsState': 1} eval_ms=5 ram=7.3/16.0GB (45%) swap=0.7/2.9GB (23%) cpu=59% browser_rss=0.70GB
  [capture-loop] iter=150 t=17.7s state={'complete': False, 'error': None, 'executedCount': 0, 'wsState': 1} eval_ms=6 ram=7.1/16.0GB (45%) swap=0.7/2.9GB (23%) cpu=57% browser_rss=0.69GB
  [capture-loop] iter=200 t=23.6s state={'complete': False, 'error': None, 'executedCount': 0, 'wsState': 1} eval_ms=6 ram=7.2/16.0GB (45%) swap=0.8/2.9GB (28%) cpu=68% browser_rss=0.69GB
  [capture-loop] iter=250 t=29.7s state={'complete': False, 'error': None, 'executedCount': 0, 'wsState': 1} eval_ms=5 ram=7.4/16.0GB (46%) swap=0.8/2.9GB (28%) cpu=70% browser_rss=0.62GB
  [capture-loop] iter=300 t=35.5s state={'complete': False, 'error': None, 'executedCount': 0, 'wsState': 1} eval_ms=7 ram=6.7/16.0GB (42%) swap=0.8/2.9GB (28%) cpu=60% browser_rss=0.62GB
  Frame 4 saved (frame_003.jpg, t=35.5s)
  [capture-periodic] freeze=5ms shot=110ms unfreeze=5ms saved=True
  Node executed (1 total), capturing...
  Frame 5 saved (frame_004.jpg, t=40.0s)
  [capture-node] freeze=4ms shot=93ms unfreeze=4ms saved=True
  [capture-loop] iter=350 t=42.1s state={'complete': True, 'error': None, 'executedCount': 2, 'wsState': 1} eval_ms=563 ram=6.5/16.0GB (41%) swap=1.0/2.9GB (33%) cpu=34% browser_rss=0.62GB
  Node executed (2 total), capturing...
  Frame 6 saved (frame_005.jpg, t=42.2s)
  [capture-node] freeze=2022ms shot=110ms unfreeze=0ms saved=True
  Execution complete (t=42.2s)
  Captured 6 unique frames over 44.37s
  [debug] iframes: 1
  [debug]   iframe[0]: src=http://127.0.0.1:41891/extensions/ComfyUI-DepthAnythingV3/viewer_vtk.html?v=1778, canvas=486x394, rafFrozen=True
  [timing] trigger_3d_previews: 0.0s
  Saved high-quality screenshot: advanced_3d_executed.png
  [timing] final_screenshot: 0.2s
    Captured 7 video frames