Capturing execution frames: advanced.json
  Frame 1 saved (frame_000.jpg, t=0.0s)
  Validating workflow...
  [ComfyUI] === /validate endpoint called ===
  [ComfyUI] Received JSON with keys: ['prompt']
  [ComfyUI] Prompt has 11 nodes
  [ComfyUI]   Node 2: LoadImage
  [ComfyUI]     Inputs: {"image": "bridge.jpg"}
  [ComfyUI]   Node 3: DownloadAndLoadDepthAnythingV3Model
  [ComfyUI]     Inputs: {"model": "da3_large.safetensors", "precision": "auto", "attention": "auto"}
  [ComfyUI]   Node 4: PreviewImage
  Queuing workflow for execution...
  [ComfyUI]     Inputs: {"images": ["12", 0]}
  [ComfyUI]   Node 6: PreviewImage
  [ComfyUI]     Inputs: {"images": ["12", 1]}
  [ComfyUI]   Node 7: PreviewImage
  [ComfyUI]     Inputs: {"images": ["12", 2]}
  [ComfyUI]   Node 8: PreviewImage
  [ComfyUI]     Inputs: {"images": ["12", 3]}
  [ComfyUI]   Node 9: PreviewAny
  [ComfyUI]     Inputs: {"preview_markdown": "", "preview_text": "", "previewMode": false, "source": ["12", 6]}
  [ComfyUI]   Node 10: PreviewAny
  [ComfyUI]     Inputs: {"preview_markdown": "", "preview_text": "", "previewMode": false, "source": ["12", 5]}
  [ComfyUI]   Node 11: MaskPreview
  [ComfyUI]     Inputs: {"mask": ["12", 7]}
  [ComfyUI]   Node 12: DepthAnything_V3
  [ComfyUI]     Inputs: {"normalization_mode": "V2-Style", "resize_method": "resize", "invert_depth": false, "keep_model_size": false, "da3_model": ["3", 0], "images": ["2", 0]}
  [ComfyUI]   Node 13: PreviewImage
  [ComfyUI]     Inputs: {"images": ["12", 4]}
  [ComfyUI] Generated prompt_id: 2d08740d-0485-4fd2-a430-4b24b5a71c52
  [ComfyUI] Calling execution.validate_prompt()...
  [ComfyUI] Validation result: valid=True
  [ComfyUI] === Validation PASSED ===
  [ComfyUI] got prompt
  [ComfyUI] [comfy-env] Running DownloadAndLoadDepthAnythingV3Model: model: 'da3_large.safetensors', precision: 'auto', attention: 'auto'
  [ComfyUI] [comfy-env] SubprocessWorker: C:\ce\.pixi\envs\depthanythingv3-nodes\python.exe
  [ComfyUI] [comfy-env] env_vars: {'COMFYUI_BASE': 'D:\\a\\comfy-gpu-ci\\comfy-gpu-ci\\test_workspaces\\DepthAnythingV3-0030\\portable-comfyui\\ComfyUI_windows_portable\\ComfyUI'}
  [ComfyUI] [SubprocessWorker] call_method: nodes.load_model.DownloadAndLoadDepthAnythingV3Model.EXECUTE_NORMALIZED
  [ComfyUI] [SubprocessWorker] acquired lock, ensuring started...
  [ComfyUI] [comfy-env] depthanythingv3-nodes: Library/bin has 235 DLLs
  [ComfyUI] [ComfyUI-DepthAnythingV3] python: C:\ce\.pixi\envs\depthanythingv3-nodes\python.exe
  [ComfyUI] [ComfyUI-DepthAnythingV3] sys_path sent to worker: ['D:\\a\\comfy-gpu-ci\\comfy-gpu-ci\\test_workspaces\\DepthAnythingV3-0030\\portable-comfyui\\ComfyUI_windows_portable\\ComfyUI', 'D:\\a\\comfy-gpu-ci\\comfy-gpu-ci\\test_workspaces\\DepthAnythingV3-0030\\portable-comfyui\\ComfyUI_windows_portable\\ComfyUI\\custom_nodes\\ComfyUI-DepthAnythingV3', 'C:\\ce\\.pixi\\envs\\depthanythingv3-nodes\\Lib\\site-packages', 'D:\\a\\comfy-gpu-ci\\comfy-gpu-ci\\test_workspaces\\DepthAnythingV3-0030\\portable-comfyui\\ComfyUI_windows_portable\\ComfyUI\\custom_nodes\\ComfyUI-DepthAnythingV3']
  [ComfyUI] [SubprocessWorker] is_pixi=True, python=C:\ce\.pixi\envs\depthanythingv3-nodes\python.exe
  [ComfyUI] [SubprocessWorker] launching cmd=['C:\\Users\\runneradmin\\.pixi\\bin\\pixi.exe', 'run', '--as-is', '--manifest-path', 'C:\\ce\\pixi.toml', '-e', 'depthanythingv3-nodes', 'python', 'C:\\Users\\RUNNER~1\\AppData\\Local\\Temp\\comfyui_pvenv_ugfnh6gk\\persistent_worker.py', 'tcp://127.0.0.1:58859']...
  Frame 2 saved (frame_001.jpg, t=2.4s)
  [capture-periodic] freeze=6ms shot=118ms unfreeze=6ms saved=True
  [ComfyUI] C:\ce\.pixi\envs\depthanythingv3-nodes\Lib\site-packages\torch\cuda\__init__.py:180: UserWarning: cudaGetDeviceCount() returned cudaErrorNotSupported, likely using older driver or on CPU machine (Triggered internally at C:\actions-runner\_work\pytorch\pytorch\pytorch\c10\cuda\CUDAFunctions.cpp:88.)
  [ComfyUI]   return torch._C._cuda_getDeviceCount() > 0
  Frame 3 saved (frame_002.jpg, t=4.5s)
  [capture-periodic] freeze=5ms shot=123ms unfreeze=6ms saved=True
  [ComfyUI] [worker:ComfyUI-DepthAnythingV3] ERROR: Failed to import comfy_kitchen, Error: No module named 'comfy_kitchen', fp8 and fp4 support will not be available.
  [ComfyUI] [SubprocessWorker] worker started/confirmed
  [ComfyUI] [SubprocessWorker] serializing kwargs to shm...
  [ComfyUI] [SubprocessWorker] created 0 shm blocks
  [ComfyUI] [SubprocessWorker] sending request via socket...
  [ComfyUI] [SubprocessWorker] call_id=1 sending call_method
  [capture-loop] iter=50 t=6.1s state={'complete': False, 'error': None, 'executedCount': 0, 'wsState': 1} eval_ms=4 ram=5.7/16.0GB (36%) swap=0.4/2.9GB (13%) cpu=40% browser_rss=0.69GB
  [ComfyUI] Warning: You are sending unauthenticated requests to the HF Hub. Please set a HF_TOKEN to enable higher rate limits and faster downloads.
  [ComfyUI] [worker:ComfyUI-DepthAnythingV3] WARNING: Warning: You are sending unauthenticated requests to the HF Hub. Please set a HF_TOKEN to enable higher rate limits and faster downloads.
  [ComfyUI] 
  [ComfyUI] model.safetensors:   0%|          | 0.00/1.64G [00:00<?, ?B/s]
  [ComfyUI] model.safetensors:   8%|▊         | 134M/1.64G [00:01<00:18, 83.7MB/s][SubprocessWorker] callback 'report_progress' from call_id=1
  [ComfyUI] 
  [ComfyUI] model.safetensors:  12%|█▏        | 201M/1.64G [00:01<00:12, 119MB/s] [SubprocessWorker] callback 'report_progress' from call_id=1
  [ComfyUI] 
  [ComfyUI] model.safetensors:  16%|█▋        | 268M/1.64G [00:02<00:09, 151MB/s][SubprocessWorker] callback 'report_progress' from call_id=1
  [ComfyUI] 
  [ComfyUI] model.safetensors:  24%|██▍       | 402M/1.64G [00:02<00:04, 250MB/s][SubprocessWorker] callback 'report_progress' from call_id=1
  Frame 4 saved (frame_003.jpg, t=9.0s)
  [capture-periodic] freeze=33ms shot=201ms unfreeze=6ms saved=True
  [ComfyUI] 
  [ComfyUI] model.safetensors:  29%|██▊       | 470M/1.64G [00:02<00:04, 246MB/s][SubprocessWorker] callback 'report_progress' from call_id=1
  [ComfyUI] 
  [ComfyUI] model.safetensors:  37%|███▋      | 604M/1.64G [00:02<00:03, 332MB/s][SubprocessWorker] callback 'report_progress' from call_id=1
  [ComfyUI] 
  [ComfyUI] model.safetensors:  41%|████      | 671M/1.64G [00:03<00:03, 301MB/s][SubprocessWorker] callback 'report_progress' from call_id=1
  [ComfyUI] 
  [ComfyUI] model.safetensors:  45%|████▍     | 738M/1.64G [00:03<00:03, 286MB/s][SubprocessWorker] callback 'report_progress' from call_id=1
  [ComfyUI] 
  [ComfyUI] model.safetensors:  53%|█████▎    | 872M/1.64G [00:03<00:02, 369MB/s][SubprocessWorker] callback 'report_progress' from call_id=1
  [ComfyUI] 
  [ComfyUI] model.safetensors:  57%|█████▋    | 939M/1.64G [00:03<00:02, 339MB/s][SubprocessWorker] callback 'report_progress' from call_id=1
  [ComfyUI] 
  [ComfyUI] model.safetensors:  65%|██████▌   | 1.07G/1.64G [00:04<00:01, 411MB/s][SubprocessWorker] callback 'report_progress' from call_id=1
  [ComfyUI] 
  [ComfyUI] model.safetensors:  78%|███████▊  | 1.27G/1.64G [00:04<00:00, 530MB/s][SubprocessWorker] callback 'report_progress' from call_id=1
  [ComfyUI] 
  [ComfyUI] model.safetensors:  90%|████████▉ | 1.48G/1.64G [00:04<00:00, 613MB/s][SubprocessWorker] callback 'report_progress' from call_id=1
  Frame 5 saved (frame_004.jpg, t=11.4s)
  [capture-periodic] freeze=4ms shot=128ms unfreeze=5ms saved=True
  [ComfyUI] 
  [ComfyUI] model.safetensors: 100%|██████████| 1.64G/1.64G [00:04<00:00, 636MB/s][SubprocessWorker] callback 'report_progress' from call_id=1
  [ComfyUI] 
  [ComfyUI] model.safetensors: 100%|██████████| 1.64G/1.64G [00:04<00:00, 343MB/s]
  [ComfyUI] [SubprocessWorker] got response: ok
  [ComfyUI] [comfy-env] DownloadAndLoadDepthAnythingV3Model done (11.39s): result: NodeOutput
  [ComfyUI] [comfy-env] Running DepthAnything_V3: normalization_mode: 'V2-Style', resize_method: 'resize', invert_depth: False, keep_model_size: False, da3_model: dict, images: torch.float32 [1,683,1024,3] cpu
  [ComfyUI] [SubprocessWorker] call_method: nodes.nodes_inference.DepthAnything_V3.EXECUTE_NORMALIZED
  [ComfyUI] [SubprocessWorker] acquired lock, ensuring started...
  [ComfyUI] [ComfyUI-DepthAnythingV3] Health check: ping (timeout=5.0s)...
  [ComfyUI] [ComfyUI-DepthAnythingV3] Health check: ok
  [ComfyUI] [SubprocessWorker] worker started/confirmed
  [ComfyUI] [comfy-env] PRE-SERIALIZE 'images' shape: torch.Size([1, 683, 1024, 3])
  [ComfyUI] [SubprocessWorker] serializing kwargs to shm...
  [ComfyUI] [SubprocessWorker] created 0 shm blocks
  [ComfyUI] [SubprocessWorker] sending request via socket...
  [ComfyUI] [SubprocessWorker] call_id=2 sending call_method
  [ComfyUI] [worker:ComfyUI-DepthAnythingV3] [comfy-env] _from_shm got dict with keys: ['__type__', 'strategy', 'manager_path', 'storage_key', 'storage_size']
  [ComfyUI] [worker:ComfyUI-DepthAnythingV3] [comfy-env] DESERIALIZE TensorRef: tensor_size=[1, 683, 1024, 3]
  [ComfyUI] [worker:ComfyUI-DepthAnythingV3] [comfy-env] DESERIALIZED tensor shape: torch.Size([1, 683, 1024, 3])
  [ComfyUI] [worker:ComfyUI-DepthAnythingV3] WARNING: No comfy kitchen, using old apply_rope functions.
  [capture-loop] iter=100 t=13.2s state={'complete': False, 'error': None, 'executedCount': 0, 'wsState': 1} eval_ms=6 ram=6.2/16.0GB (38%) swap=0.4/2.9GB (13%) cpu=63% browser_rss=0.70GB
  Frame 6 saved (frame_005.jpg, t=13.6s)
  [capture-periodic] freeze=4ms shot=112ms unfreeze=6ms saved=True
  [capture-loop] iter=150 t=19.1s state={'complete': False, 'error': None, 'executedCount': 0, 'wsState': 1} eval_ms=5 ram=6.1/16.0GB (38%) swap=0.4/2.9GB (13%) cpu=30% browser_rss=0.69GB
  [capture-loop] iter=200 t=25.0s state={'complete': False, 'error': None, 'executedCount': 0, 'wsState': 1} eval_ms=5 ram=6.0/16.0GB (38%) swap=0.4/2.9GB (13%) cpu=29% browser_rss=0.62GB
  [capture-loop] iter=250 t=30.7s state={'complete': False, 'error': None, 'executedCount': 0, 'wsState': 1} eval_ms=5 ram=6.0/16.0GB (38%) swap=0.4/2.9GB (13%) cpu=46% browser_rss=0.62GB
  [ComfyUI] [SubprocessWorker] callback 'request_vram_budget' from call_id=2
  [ComfyUI] [comfy-env] VRAM request: 1.64GB, free before eviction: 10.90GB
  [ComfyUI] [comfy-env] VRAM after eviction: 10.90GB
  [ComfyUI] [worker:ComfyUI-DepthAnythingV3] WARNING: WARNING: This model does not support sky segmentation. V2-Style normalization will work but without sky masking. Use Mono/Metric/Nested models for best V2-Style results.
  [capture-loop] iter=300 t=36.7s state={'complete': False, 'error': None, 'executedCount': 0, 'wsState': 1} eval_ms=6 ram=6.0/16.0GB (38%) swap=0.4/2.9GB (13%) cpu=67% browser_rss=0.62GB
  [capture-loop] iter=350 t=42.8s state={'complete': False, 'error': None, 'executedCount': 0, 'wsState': 1} eval_ms=7 ram=6.1/16.0GB (38%) swap=0.4/2.9GB (13%) cpu=90% browser_rss=0.62GB
  [capture-loop] iter=400 t=48.8s state={'complete': False, 'error': None, 'executedCount': 0, 'wsState': 1} eval_ms=8 ram=6.3/16.0GB (39%) swap=0.4/2.9GB (13%) cpu=90% browser_rss=0.61GB
  [capture-loop] iter=450 t=54.9s state={'complete': False, 'error': None, 'executedCount': 0, 'wsState': 1} eval_ms=6 ram=7.6/16.0GB (47%) swap=0.4/2.9GB (13%) cpu=91% browser_rss=0.59GB
  [capture-loop] iter=500 t=61.1s state={'complete': False, 'error': None, 'executedCount': 0, 'wsState': 1} eval_ms=7 ram=6.8/16.0GB (42%) swap=0.4/2.9GB (13%) cpu=91% browser_rss=0.58GB
  [ComfyUI] [worker:ComfyUI-DepthAnythingV3]
  [ComfyUI] === WATCHDOG TICK 1 ===
  [ComfyUI] [worker:ComfyUI-DepthAnythingV3] Thread 0x00002114 (most recent call first):
  [ComfyUI]   File "C:\ce\.pixi\envs\depthanythingv3-nodes\Lib\threading.py", line 363 in wait
  [ComfyUI]   File "C:\ce\.pixi\envs\depthanythingv3-nodes\Lib\threading.py", line 660 in wait
  [ComfyUI]   File "C:\ce\.pixi\envs\depthanythingv3-nodes\Lib\site-packages\tqdm\_monitor.py", line 60 in run
  [ComfyUI]   File "C:\ce\.pixi\envs\depthanythingv3-nodes\Lib\threading.py", line 1044 in _bootstrap_inner
  [ComfyUI]   File "C:\ce\.pixi\envs\depthanythingv3-nodes\Lib\threading.py", line 1015 in _bootstrap
  [ComfyUI] 
  [ComfyUI] Current thread 0x0000236c (most recent call first):
  [ComfyUI]   File "C:\Users\RUNNER~1\AppData\Local\Temp\comfyui_pvenv_ugfnh6gk\persistent_worker.py", line 52 in _watchdog
  [ComfyUI]   File "C:\ce\.pixi\envs\depthanythingv3-nodes\Lib\threading.py", line 995 in run
  [ComfyUI]   File "C:\ce\.pixi\envs\depthanythingv3-nodes\Lib\threading.py", line 1044 in _bootstrap_inner
  [ComfyUI]   File "C:\ce\.pixi\envs\depthanythingv3-nodes\Lib\threading.py", line 1015 in _bootstrap
  [ComfyUI] 
  [ComfyUI] Thread 0x000014e8 (most recent call first):
  [ComfyUI]   File "D:\a\comfy-gpu-ci\comfy-gpu-ci\test_workspaces\DepthAnythingV3-0030\portable-comfyui\ComfyUI_windows_portable\ComfyUI\comfy\ldm\modules\sub_quadratic_attention.py", line 181 in _get_attention_scores_no_kv_chunking
  [ComfyUI]   File "D:\a\comfy-gpu-ci\comfy-gpu-ci\test_workspaces\DepthAnythingV3-0030\portable-comfyui\ComfyUI_windows_portable\ComfyUI\comfy\ldm\modules\sub_quadratic_attention.py", line 259 in efficient_dot_product_attention
  [ComfyUI]   File "D:\a\comfy-gpu-ci\comfy-gpu-ci\test_workspaces\DepthAnythingV3-0030\portable-comfyui\ComfyUI_windows_portable\ComfyUI\comfy\ldm\modules\attention.py", line 264 in attention_sub_quad
  [ComfyUI]   File "D:\a\comfy-gpu-ci\comfy-gpu-ci\test_workspaces\DepthAnythingV3-0030\portable-comfyui\ComfyUI_windows_portable\ComfyUI\comfy\ldm\modules\attention.py", line 137 in wrapper
  [ComfyUI]   File "D:\a\comfy-gpu-ci\comfy-gpu-ci\test_workspaces\DepthAnythingV3-0030\portable-comfyui\ComfyUI_windows_portable\ComfyUI\custom_nodes\ComfyUI-DepthAnythingV3\nodes\depth_anything_v3\model.py", line 453 in forward
  [ComfyUI]   File "C:\ce\.pixi\envs\depthanythingv3-nodes\Lib\site-packages\torch\nn\modules\module.py", line 1790 in _call_impl
  [ComfyUI]   File "C:\ce\.pixi\envs\depthanythingv3-nodes\Lib\site-packages\torch\nn\modules\module.py", line 1779 in _wrapped_call_impl
  [ComfyUI]   File "D:\a\comfy-gpu-ci\comfy-gpu-ci\test_workspaces\DepthAnythingV3-0030\portable-comfyui\ComfyUI_windows_portable\ComfyUI\custom_nodes\ComfyUI-DepthAnythingV3\nodes\depth_anything_v3\model.py", line 516 in attn_residual_func
  [ComfyUI]   File "D:\a\comfy-gpu-ci\comfy-gpu-ci\test_workspaces\DepthAnythingV3-0030\portable-comfyui\ComfyUI_windows_portable\ComfyUI\custom_nodes\ComfyUI-DepthAnythingV3\nodes\depth_anything_v3\model.py", line 521 in forward
  [ComfyUI]   File "C:\ce\.pixi\envs\depthanythingv3-nodes\Lib\site-packages\torch\nn\modules\module.py", line 1790 in _call_impl
  [ComfyUI]   File "C:\ce\.pixi\envs\depthanythingv3-nodes\Lib\site-packages\torch\nn\modules\module.py", line 1779 in _wrapped_call_impl
  [ComfyUI]   File "D:\a\comfy-gpu-ci\comfy-gpu-ci\test_workspaces\DepthAnythingV3-0030\portable-comfyui\ComfyUI_windows_portable\ComfyUI\custom_nodes\ComfyUI-DepthAnythingV3\nodes\depth_anything_v3\model.py", line 791 in process_attention
  [ComfyUI]   File "D:\a\comfy-gpu-ci\comfy-gpu-ci\test_workspaces\DepthAnythingV3-0030\portable-comfyui\ComfyUI_windows_portable\ComfyUI\custom_nodes\ComfyUI-DepthAnythingV3\nodes\depth_anything_v3\model.py", line 750 in _get_intermediate_layers_not_chunked
  [ComfyUI]   File "D:\a\comfy-gpu-ci\comfy-gpu-ci\test_workspaces\DepthAnythingV3-0030\portable-comfyui\ComfyUI_windows_portable\ComfyUI\custom_nodes\ComfyUI-DepthAnythingV3\nodes\depth_anything_v3\model.py", line 800 in get_intermediate_layers
  [ComfyUI]   File "D:\a\comfy-gpu-ci\comfy-gpu-ci\test_workspaces\DepthAnythingV3-0030\portable-comfyui\ComfyUI_windows_portable\ComfyUI\custom_nodes\ComfyUI-DepthAnythingV3\nodes\depth_anything_v3\model.py", line 891 in forward
  [ComfyUI]   File "C:\ce\.pixi\envs\depthanythingv3-nodes\Lib\site-packages\torch\nn\modules\module.py", line 1790 in _call_impl
  [ComfyUI]   File "C:\ce\.pixi\envs\depthanythingv3-nodes\Lib\site-packages\torch\nn\modules\module.py", line 1779 in _wrapped_call_impl
  [ComfyUI]   File "D:\a\comfy-gpu-ci\comfy-gpu-ci\test_workspaces\DepthAnythingV3-0030\portable-comfyui\ComfyUI_windows_portable\ComfyUI\custom_nodes\ComfyUI-DepthAnythingV3\nodes\depth_anything_v3\model.py", line 1560 in forward
  [ComfyUI]   File "C:\ce\.pixi\envs\depthanythingv3-nodes\Lib\site-packages\torch\nn\modules\module.py", line 1790 in _call_impl
  [ComfyUI]   File "C:\ce\.pixi\envs\depthanythingv3-nodes\Lib\site-packages\torch\nn\modules\module.py", line 1779 in _wrapped_call_impl
  [ComfyUI]   File "D:\a\comfy-gpu-ci\comfy-gpu-ci\test_workspaces\DepthAnythingV3-0030\portable-comfyui\ComfyUI_windows_portable\ComfyUI\custom_nodes\ComfyUI-DepthAnythingV3\nodes\nodes_inference.py", line 156 in execute
  [ComfyUI]   File "D:\a\comfy-gpu-ci\comfy-gpu-ci\test_workspaces\DepthAnythingV3-0030\portable-comfyui\ComfyUI_windows_portable\ComfyUI\comfy_api\latest\_io.py", line 1826 in EXECUTE_NORMALIZED
  [ComfyUI]   File "C:\Users\RUNNER~1\AppData\Local\Temp\comfyui_pvenv_ugfnh6gk\persistent_worker.py", line 1762 in main
  [ComfyUI]   File "C:\Users\RUNNER~1\AppData\Local\Temp\comfyui_pvenv_ugfnh6gk\persistent_worker.py", line 1807 in <module>
  [ComfyUI] 
  [ComfyUI] [worker:ComfyUI-DepthAnythingV3] === END ===
  [ComfyUI] 
  [capture-loop] iter=550 t=67.2s state={'complete': False, 'error': None, 'executedCount': 0, 'wsState': 1} eval_ms=7 ram=6.7/16.0GB (42%) swap=0.4/2.9GB (13%) cpu=89% browser_rss=0.58GB
  [capture-loop] iter=600 t=73.8s state={'complete': False, 'error': None, 'executedCount': 0, 'wsState': 1} eval_ms=7 ram=8.1/16.0GB (50%) swap=0.4/2.9GB (13%) cpu=93% browser_rss=0.58GB
  [capture-loop] iter=650 t=79.7s state={'complete': False, 'error': None, 'executedCount': 0, 'wsState': 1} eval_ms=6 ram=7.5/16.0GB (47%) swap=0.4/2.9GB (13%) cpu=78% browser_rss=0.57GB
  [capture-loop] iter=700 t=85.7s state={'complete': False, 'error': None, 'executedCount': 0, 'wsState': 1} eval_ms=6 ram=7.7/16.0GB (48%) swap=0.5/2.9GB (17%) cpu=64% browser_rss=0.56GB
  [capture-loop] iter=750 t=91.7s state={'complete': False, 'error': None, 'executedCount': 0, 'wsState': 1} eval_ms=6 ram=7.7/16.0GB (48%) swap=0.5/2.9GB (17%) cpu=60% browser_rss=0.56GB
  [capture-loop] iter=800 t=97.6s state={'complete': False, 'error': None, 'executedCount': 0, 'wsState': 1} eval_ms=7 ram=7.8/16.0GB (49%) swap=0.5/2.9GB (17%) cpu=60% browser_rss=0.56GB
  [capture-loop] iter=850 t=103.3s state={'complete': False, 'error': None, 'executedCount': 0, 'wsState': 1} eval_ms=6 ram=8.2/16.0GB (51%) swap=0.6/2.9GB (22%) cpu=58% browser_rss=0.55GB
  [ComfyUI] [SubprocessWorker] callback 'report_progress' from call_id=2
  [ComfyUI] [SubprocessWorker] got response: ok
  [ComfyUI] [comfy-env] DepthAnything_V3 done (95.31s): result: NodeOutput
  Node executed (1 total), capturing...
  [ComfyUI] Prompt executed in 107.04 seconds
  Frame 7 saved (frame_006.jpg, t=107.2s)
  [capture-node] freeze=11ms shot=200ms unfreeze=10ms saved=True
  Node executed (8 total), capturing...
  Frame 8 saved (frame_007.jpg, t=107.7s)
  [capture-node] freeze=5ms shot=132ms unfreeze=0ms saved=True
  Execution complete (t=107.7s)
  Captured 8 unique frames over 107.85s
  [debug] iframes: 0
  [timing] trigger_3d_previews: 0.0s
  Saved high-quality screenshot: advanced_executed.png
  [timing] final_screenshot: 0.2s
    Captured 9 video frames