Capturing execution frames: simple.json
  Frame 1 saved (frame_000.jpg, t=0.0s)
  Validating workflow...
  [ComfyUI] === /validate endpoint called ===
  [ComfyUI] === /validate endpoint called ===
  [ComfyUI] === /validate endpoint called ===
  [ComfyUI] Received JSON with keys: ['prompt']
  [ComfyUI] Received JSON with keys: ['prompt']
  [ComfyUI] Received JSON with keys: ['prompt']
  [ComfyUI] Prompt has 4 nodes
  [ComfyUI] Prompt has 4 nodes
  [ComfyUI] Prompt has 4 nodes
  [ComfyUI]   Node 2: LoadImage
  [ComfyUI]   Node 2: LoadImage
  [ComfyUI]   Node 2: LoadImage
  [ComfyUI]     Inputs: {"image": "bridge.jpg"}
  [ComfyUI]     Inputs: {"image": "bridge.jpg"}
  [ComfyUI]     Inputs: {"image": "bridge.jpg"}
  [ComfyUI]   Node 3: DownloadAndLoadDepthAnythingV3Model
  [ComfyUI]   Node 3: DownloadAndLoadDepthAnythingV3Model
  [ComfyUI]   Node 3: DownloadAndLoadDepthAnythingV3Model
  [ComfyUI]     Inputs: {"model": "da3_large.safetensors", "precision": "auto", "attention": "auto"}
  [ComfyUI]     Inputs: {"model": "da3_large.safetensors", "precision": "auto", "attention": "auto"}
  [ComfyUI]     Inputs: {"model": "da3_large.safetensors", "precision": "auto", "attention": "auto"}
  Queuing workflow for execution...
  [ComfyUI]   Node 4: PreviewImage
  [ComfyUI]   Node 4: PreviewImage
  [ComfyUI]   Node 4: PreviewImage
  [ComfyUI]     Inputs: {"images": ["14", 0]}
  [ComfyUI]     Inputs: {"images": ["14", 0]}
  [ComfyUI]     Inputs: {"images": ["14", 0]}
  [ComfyUI]   Node 14: DepthAnything_V3
  [ComfyUI]   Node 14: DepthAnything_V3
  [ComfyUI]   Node 14: DepthAnything_V3
  [ComfyUI]     Inputs: {"normalization_mode": "V2-Style", "resize_method": "resize", "invert_depth": true, "keep_model_size": false, "da3_model": ["3", 0], "images": ["2", 0]}
  [ComfyUI]     Inputs: {"normalization_mode": "V2-Style", "resize_method": "resize", "invert_depth": true, "keep_model_size": false, "da3_model": ["3", 0], "images": ["2", 0]}
  [ComfyUI]     Inputs: {"normalization_mode": "V2-Style", "resize_method": "resize", "invert_depth": true, "keep_model_size": false, "da3_model": ["3", 0], "images": ["2", 0]}
  [ComfyUI] Generated prompt_id: 9300f6d9-bf97-4c60-8f57-e0e80d7bf68c
  [ComfyUI] Generated prompt_id: 9300f6d9-bf97-4c60-8f57-e0e80d7bf68c
  [ComfyUI] Generated prompt_id: 9300f6d9-bf97-4c60-8f57-e0e80d7bf68c
  [ComfyUI] Calling execution.validate_prompt()...
  [ComfyUI] Calling execution.validate_prompt()...
  [ComfyUI] Calling execution.validate_prompt()...
  [ComfyUI] Validation result: valid=True
  [ComfyUI] Validation result: valid=True
  [ComfyUI] Validation result: valid=True
  [ComfyUI] === Validation PASSED ===
  [ComfyUI] === Validation PASSED ===
  [ComfyUI] === Validation PASSED ===
  [ComfyUI] got prompt
  [ComfyUI] got prompt
  [ComfyUI] got prompt
  [ComfyUI] [comfy-env] Running DownloadAndLoadDepthAnythingV3Model: model: 'da3_large.safetensors', precision: 'auto', attention: 'auto'
  [ComfyUI] [comfy-env] Running DownloadAndLoadDepthAnythingV3Model: model: 'da3_large.safetensors', precision: 'auto', attention: 'auto'
  [ComfyUI] [comfy-env] Running DownloadAndLoadDepthAnythingV3Model: model: 'da3_large.safetensors', precision: 'auto', attention: 'auto'
  [ComfyUI] [SubprocessWorker] call_method: nodes.load_model.DownloadAndLoadDepthAnythingV3Model.EXECUTE_NORMALIZED
  [ComfyUI] [SubprocessWorker] call_method: nodes.load_model.DownloadAndLoadDepthAnythingV3Model.EXECUTE_NORMALIZED
  [ComfyUI] [SubprocessWorker] call_method: nodes.load_model.DownloadAndLoadDepthAnythingV3Model.EXECUTE_NORMALIZED
  [ComfyUI] [SubprocessWorker] acquired lock, ensuring started...
  [ComfyUI] [SubprocessWorker] acquired lock, ensuring started...
  [ComfyUI] [SubprocessWorker] acquired lock, ensuring started...
  [ComfyUI] [ComfyUI-DepthAnythingV3] Health check: ping (timeout=5.0s)...
  [ComfyUI] [ComfyUI-DepthAnythingV3] Health check: ping (timeout=5.0s)...
  [ComfyUI] [ComfyUI-DepthAnythingV3] Health check: ping (timeout=5.0s)...
  [ComfyUI] [ComfyUI-DepthAnythingV3] Health check: ok
  [ComfyUI] [ComfyUI-DepthAnythingV3] Health check: ok
  [ComfyUI] [ComfyUI-DepthAnythingV3] Health check: ok
  [ComfyUI] [SubprocessWorker] worker started/confirmed
  [ComfyUI] [SubprocessWorker] worker started/confirmed
  [ComfyUI] [SubprocessWorker] worker started/confirmed
  [ComfyUI] [SubprocessWorker] serializing kwargs to shm...
  [ComfyUI] [SubprocessWorker] serializing kwargs to shm...
  [ComfyUI] [SubprocessWorker] serializing kwargs to shm...
  [ComfyUI] [SubprocessWorker] created 0 shm blocks
  [ComfyUI] [SubprocessWorker] created 0 shm blocks
  [ComfyUI] [SubprocessWorker] created 0 shm blocks
  [ComfyUI] [SubprocessWorker] sending request via socket...
  [ComfyUI] [SubprocessWorker] sending request via socket...
  [ComfyUI] [SubprocessWorker] sending request via socket...
  [ComfyUI] [SubprocessWorker] call_id=4 sending call_method
  [ComfyUI] [SubprocessWorker] call_id=4 sending call_method
  [ComfyUI] [SubprocessWorker] call_id=4 sending call_method
  [ComfyUI] [SubprocessWorker] got response: error
  [ComfyUI] [SubprocessWorker] got response: error
  [ComfyUI] [SubprocessWorker] got response: error
  [ComfyUI] !!! Exception during processing !!! No module named 'comfy_aimdo'
  [ComfyUI] !!! Exception during processing !!! No module named 'comfy_aimdo'
  [ComfyUI] !!! Exception during processing !!! No module named 'comfy_aimdo'
  [ComfyUI] 
  [ComfyUI] 
  [ComfyUI] 
  [ComfyUI] Worker traceback:
  [ComfyUI] Worker traceback:
  [ComfyUI] Worker traceback:
  [ComfyUI] Traceback (most recent call last):
  [ComfyUI] Traceback (most recent call last):
  [ComfyUI] Traceback (most recent call last):
  [ComfyUI]   File "C:\Users\RUNNER~1\AppData\Local\Temp\comfyui_pvenv_fnbljep7\persistent_worker.py", line 1762, in main
  [ComfyUI]   File "C:\Users\RUNNER~1\AppData\Local\Temp\comfyui_pvenv_fnbljep7\persistent_worker.py", line 1762, in main
  [ComfyUI]   File "C:\Users\RUNNER~1\AppData\Local\Temp\comfyui_pvenv_fnbljep7\persistent_worker.py", line 1762, in main
  [ComfyUI]     result = method(**inputs)
  [ComfyUI]     result = method(**inputs)
  [ComfyUI]     result = method(**inputs)
  [ComfyUI]   File "D:\a\comfy-gpu-ci\comfy-gpu-ci\test_workspaces\DepthAnythingV3-2037\portable-comfyui\ComfyUI_windows_portable\ComfyUI\comfy_api\latest\_io.py", line 1826, in EXECUTE_NORMALIZED
  [ComfyUI]   File "D:\a\comfy-gpu-ci\comfy-gpu-ci\test_workspaces\DepthAnythingV3-2037\portable-comfyui\ComfyUI_windows_portable\ComfyUI\comfy_api\latest\_io.py", line 1826, in EXECUTE_NORMALIZED
  [ComfyUI]   File "D:\a\comfy-gpu-ci\comfy-gpu-ci\test_workspaces\DepthAnythingV3-2037\portable-comfyui\ComfyUI_windows_portable\ComfyUI\comfy_api\latest\_io.py", line 1826, in EXECUTE_NORMALIZED
  [ComfyUI]     to_return = cls.execute(*args, **kwargs)
  [ComfyUI]     to_return = cls.execute(*args, **kwargs)
  [ComfyUI]     to_return = cls.execute(*args, **kwargs)
  [ComfyUI]   File "D:\a\comfy-gpu-ci\comfy-gpu-ci\test_workspaces\DepthAnythingV3-2037\portable-comfyui\ComfyUI_windows_portable\ComfyUI\custom_nodes\ComfyUI-DepthAnythingV3\nodes\load_model.py", line 602, in execute
  [ComfyUI]   File "D:\a\comfy-gpu-ci\comfy-gpu-ci\test_workspaces\DepthAnythingV3-2037\portable-comfyui\ComfyUI_windows_portable\ComfyUI\custom_nodes\ComfyUI-DepthAnythingV3\nodes\load_model.py", line 602, in execute
  [ComfyUI]   File "D:\a\comfy-gpu-ci\comfy-gpu-ci\test_workspaces\DepthAnythingV3-2037\portable-comfyui\ComfyUI_windows_portable\ComfyUI\custom_nodes\ComfyUI-DepthAnythingV3\nodes\load_model.py", line 602, in execute
  [ComfyUI]     device = _mm().get_torch_device()
  [ComfyUI]     device = _mm().get_torch_device()
  [ComfyUI]     device = _mm().get_torch_device()
  [ComfyUI]              ~~~^^
  [ComfyUI]              ~~~^^
  [ComfyUI]              ~~~^^
  [ComfyUI]   File "D:\a\comfy-gpu-ci\comfy-gpu-ci\test_workspaces\DepthAnythingV3-2037\portable-comfyui\ComfyUI_windows_portable\ComfyUI\custom_nodes\ComfyUI-DepthAnythingV3\nodes\load_model.py", line 19, in _mm
  [ComfyUI]   File "D:\a\comfy-gpu-ci\comfy-gpu-ci\test_workspaces\DepthAnythingV3-2037\portable-comfyui\ComfyUI_windows_portable\ComfyUI\custom_nodes\ComfyUI-DepthAnythingV3\nodes\load_model.py", line 19, in _mm
  [ComfyUI]   File "D:\a\comfy-gpu-ci\comfy-gpu-ci\test_workspaces\DepthAnythingV3-2037\portable-comfyui\ComfyUI_windows_portable\ComfyUI\custom_nodes\ComfyUI-DepthAnythingV3\nodes\load_model.py", line 19, in _mm
  [ComfyUI]     import comfy.model_management
  [ComfyUI]     import comfy.model_management
  [ComfyUI]     import comfy.model_management
  [ComfyUI]   File "D:\a\comfy-gpu-ci\comfy-gpu-ci\test_workspaces\DepthAnythingV3-2037\portable-comfyui\ComfyUI_windows_portable\ComfyUI\comfy\model_management.py", line 644, in <module>
  [ComfyUI]   File "D:\a\comfy-gpu-ci\comfy-gpu-ci\test_workspaces\DepthAnythingV3-2037\portable-comfyui\ComfyUI_windows_portable\ComfyUI\comfy\model_management.py", line 644, in <module>
  [ComfyUI]   File "D:\a\comfy-gpu-ci\comfy-gpu-ci\test_workspaces\DepthAnythingV3-2037\portable-comfyui\ComfyUI_windows_portable\ComfyUI\comfy\model_management.py", line 644, in <module>
  [ComfyUI]     import comfy.windows
  [ComfyUI]     import comfy.windows
  [ComfyUI]     import comfy.windows
  [ComfyUI]   File "D:\a\comfy-gpu-ci\comfy-gpu-ci\test_workspaces\DepthAnythingV3-2037\portable-comfyui\ComfyUI_windows_portable\ComfyUI\comfy\windows.py", line 6, in <module>
  [ComfyUI]   File "D:\a\comfy-gpu-ci\comfy-gpu-ci\test_workspaces\DepthAnythingV3-2037\portable-comfyui\ComfyUI_windows_portable\ComfyUI\comfy\windows.py", line 6, in <module>
  [ComfyUI]   File "D:\a\comfy-gpu-ci\comfy-gpu-ci\test_workspaces\DepthAnythingV3-2037\portable-comfyui\ComfyUI_windows_portable\ComfyUI\comfy\windows.py", line 6, in <module>
  [ComfyUI]     import comfy_aimdo.control
  [ComfyUI]     import comfy_aimdo.control
  [ComfyUI]     import comfy_aimdo.control
  [ComfyUI] ModuleNotFoundError: No module named 'comfy_aimdo'
  [ComfyUI] ModuleNotFoundError: No module named 'comfy_aimdo'
  [ComfyUI] ModuleNotFoundError: No module named 'comfy_aimdo'
  [ComfyUI] 
  [ComfyUI] 
  [ComfyUI] 
  [ComfyUI] Traceback (most recent call last):
  [ComfyUI] Traceback (most recent call last):
  [ComfyUI] Traceback (most recent call last):
  [ComfyUI]   File "D:\a\comfy-gpu-ci\comfy-gpu-ci\test_workspaces\DepthAnythingV3-2037\portable-comfyui\ComfyUI_windows_portable\ComfyUI\execution.py", line 534, in execute
  [ComfyUI]   File "D:\a\comfy-gpu-ci\comfy-gpu-ci\test_workspaces\DepthAnythingV3-2037\portable-comfyui\ComfyUI_windows_portable\ComfyUI\execution.py", line 534, in execute
  [ComfyUI]   File "D:\a\comfy-gpu-ci\comfy-gpu-ci\test_workspaces\DepthAnythingV3-2037\portable-comfyui\ComfyUI_windows_portable\ComfyUI\execution.py", line 534, in execute
  [ComfyUI]     output_data, output_ui, has_subgraph, has_pending_tasks = await get_output_data(prompt_id, unique_id, obj, input_data_all, execution_block_cb=execution_block_cb, pre_execute_cb=pre_execute_cb, v3_data=v3_data)
  [ComfyUI]     output_data, output_ui, has_subgraph, has_pending_tasks = await get_output_data(prompt_id, unique_id, obj, input_data_all, execution_block_cb=execution_block_cb, pre_execute_cb=pre_execute_cb, v3_data=v3_data)
  [ComfyUI]     output_data, output_ui, has_subgraph, has_pending_tasks = await get_output_data(prompt_id, unique_id, obj, input_data_all, execution_block_cb=execution_block_cb, pre_execute_cb=pre_execute_cb, v3_data=v3_data)
  [ComfyUI]                                                               ^^^^^^^^^^^^^^^^^^^^^^^^^^^^^^^^^^^^^^^^^^^^^^^^^^^^^^^^^^^^^^^^^^^^^^^^^^^^^^^^^^^^^^^^^^^^^^^^^^^^^^^^^^^^^^^^^^^^^^^^^^^^^^^^^^^^^^^^^^^^^^^^^^^^^^^
  [ComfyUI]                                                               ^^^^^^^^^^^^^^^^^^^^^^^^^^^^^^^^^^^^^^^^^^^^^^^^^^^^^^^^^^^^^^^^^^^^^^^^^^^^^^^^^^^^^^^^^^^^^^^^^^^^^^^^^^^^^^^^^^^^^^^^^^^^^^^^^^^^^^^^^^^^^^^^^^^^^^^
  [ComfyUI]                                                               ^^^^^^^^^^^^^^^^^^^^^^^^^^^^^^^^^^^^^^^^^^^^^^^^^^^^^^^^^^^^^^^^^^^^^^^^^^^^^^^^^^^^^^^^^^^^^^^^^^^^^^^^^^^^^^^^^^^^^^^^^^^^^^^^^^^^^^^^^^^^^^^^^^^^^^^
  [ComfyUI]   File "D:\a\comfy-gpu-ci\comfy-gpu-ci\test_workspaces\DepthAnythingV3-2037\portable-comfyui\ComfyUI_windows_portable\ComfyUI\execution.py", line 334, in get_output_data
  [ComfyUI]   File "D:\a\comfy-gpu-ci\comfy-gpu-ci\test_workspaces\DepthAnythingV3-2037\portable-comfyui\ComfyUI_windows_portable\ComfyUI\execution.py", line 334, in get_output_data
  [ComfyUI]   File "D:\a\comfy-gpu-ci\comfy-gpu-ci\test_workspaces\DepthAnythingV3-2037\portable-comfyui\ComfyUI_windows_portable\ComfyUI\execution.py", line 334, in get_output_data
  [ComfyUI]     return_values = await _async_map_node_over_list(prompt_id, unique_id, obj, input_data_all, obj.FUNCTION, allow_interrupt=True, execution_block_cb=execution_block_cb, pre_execute_cb=pre_execute_cb, v3_data=v3_data)
  [ComfyUI]     return_values = await _async_map_node_over_list(prompt_id, unique_id, obj, input_data_all, obj.FUNCTION, allow_interrupt=True, execution_block_cb=execution_block_cb, pre_execute_cb=pre_execute_cb, v3_data=v3_data)
  [ComfyUI]     return_values = await _async_map_node_over_list(prompt_id, unique_id, obj, input_data_all, obj.FUNCTION, allow_interrupt=True, execution_block_cb=execution_block_cb, pre_execute_cb=pre_execute_cb, v3_data=v3_data)
  [ComfyUI]                     ^^^^^^^^^^^^^^^^^^^^^^^^^^^^^^^^^^^^^^^^^^^^^^^^^^^^^^^^^^^^^^^^^^^^^^^^^^^^^^^^^^^^^^^^^^^^^^^^^^^^^^^^^^^^^^^^^^^^^^^^^^^^^^^^^^^^^^^^^^^^^^^^^^^^^^^^^^^^^^^^^^^^^^^^^^^^^^^^^^^^^^^^^^^^^^^^^^^^^
  [ComfyUI]                     ^^^^^^^^^^^^^^^^^^^^^^^^^^^^^^^^^^^^^^^^^^^^^^^^^^^^^^^^^^^^^^^^^^^^^^^^^^^^^^^^^^^^^^^^^^^^^^^^^^^^^^^^^^^^^^^^^^^^^^^^^^^^^^^^^^^^^^^^^^^^^^^^^^^^^^^^^^^^^^^^^^^^^^^^^^^^^^^^^^^^^^^^^^^^^^^^^^^^^
  [ComfyUI]                     ^^^^^^^^^^^^^^^^^^^^^^^^^^^^^^^^^^^^^^^^^^^^^^^^^^^^^^^^^^^^^^^^^^^^^^^^^^^^^^^^^^^^^^^^^^^^^^^^^^^^^^^^^^^^^^^^^^^^^^^^^^^^^^^^^^^^^^^^^^^^^^^^^^^^^^^^^^^^^^^^^^^^^^^^^^^^^^^^^^^^^^^^^^^^^^^^^^^^^
  [ComfyUI]   File "D:\a\comfy-gpu-ci\comfy-gpu-ci\test_workspaces\DepthAnythingV3-2037\portable-comfyui\ComfyUI_windows_portable\ComfyUI\execution.py", line 308, in _async_map_node_over_list
  [ComfyUI]   File "D:\a\comfy-gpu-ci\comfy-gpu-ci\test_workspaces\DepthAnythingV3-2037\portable-comfyui\ComfyUI_windows_portable\ComfyUI\execution.py", line 308, in _async_map_node_over_list
  [ComfyUI]   File "D:\a\comfy-gpu-ci\comfy-gpu-ci\test_workspaces\DepthAnythingV3-2037\portable-comfyui\ComfyUI_windows_portable\ComfyUI\execution.py", line 308, in _async_map_node_over_list
  [ComfyUI]     await process_inputs(input_dict, i)
  [ComfyUI]     await process_inputs(input_dict, i)
  [ComfyUI]     await process_inputs(input_dict, i)
  [ComfyUI]   File "D:\a\comfy-gpu-ci\comfy-gpu-ci\test_workspaces\DepthAnythingV3-2037\portable-comfyui\ComfyUI_windows_portable\ComfyUI\execution.py", line 296, in process_inputs
  [ComfyUI]   File "D:\a\comfy-gpu-ci\comfy-gpu-ci\test_workspaces\DepthAnythingV3-2037\portable-comfyui\ComfyUI_windows_portable\ComfyUI\execution.py", line 296, in process_inputs
  [ComfyUI]   File "D:\a\comfy-gpu-ci\comfy-gpu-ci\test_workspaces\DepthAnythingV3-2037\portable-comfyui\ComfyUI_windows_portable\ComfyUI\execution.py", line 296, in process_inputs
  [ComfyUI]     result = f(**inputs)
  [ComfyUI]     result = f(**inputs)
  [ComfyUI]     result = f(**inputs)
  [ComfyUI]   File "D:\a\comfy-gpu-ci\comfy-gpu-ci\test_workspaces\DepthAnythingV3-2037\portable-comfyui\ComfyUI_windows_portable\python_embeded\Lib\site-packages\comfy_env\isolation\metadata.py", line 536, in proxy
  [ComfyUI]   File "D:\a\comfy-gpu-ci\comfy-gpu-ci\test_workspaces\DepthAnythingV3-2037\portable-comfyui\ComfyUI_windows_portable\python_embeded\Lib\site-packages\comfy_env\isolation\metadata.py", line 536, in proxy
  [ComfyUI]   File "D:\a\comfy-gpu-ci\comfy-gpu-ci\test_workspaces\DepthAnythingV3-2037\portable-comfyui\ComfyUI_windows_portable\python_embeded\Lib\site-packages\comfy_env\isolation\metadata.py", line 536, in proxy
  [ComfyUI]     result = worker.call_method(
  [ComfyUI]     result = worker.call_method(
  [ComfyUI]     result = worker.call_method(
  [ComfyUI]         module_name=mod,
  [ComfyUI]         module_name=mod,
  [ComfyUI]         module_name=mod,
  [ComfyUI]     ...<4 lines>...
  [ComfyUI]     ...<4 lines>...
  [ComfyUI]     ...<4 lines>...
  [ComfyUI]         timeout=600.0,
  [ComfyUI]         timeout=600.0,
  [ComfyUI]         timeout=600.0,
  [ComfyUI]     )
  [ComfyUI]     )
  [ComfyUI]     )
  [ComfyUI]   File "D:\a\comfy-gpu-ci\comfy-gpu-ci\test_workspaces\DepthAnythingV3-2037\portable-comfyui\ComfyUI_windows_portable\python_embeded\Lib\site-packages\comfy_env\isolation\workers\subprocess.py", line 674, in call_method
  [ComfyUI]   File "D:\a\comfy-gpu-ci\comfy-gpu-ci\test_workspaces\DepthAnythingV3-2037\portable-comfyui\ComfyUI_windows_portable\python_embeded\Lib\site-packages\comfy_env\isolation\workers\subprocess.py", line 674, in call_method
  [ComfyUI]   File "D:\a\comfy-gpu-ci\comfy-gpu-ci\test_workspaces\DepthAnythingV3-2037\portable-comfyui\ComfyUI_windows_portable\python_embeded\Lib\site-packages\comfy_env\isolation\workers\subprocess.py", line 674, in call_method
  [ComfyUI]     raise WorkerError(
  [ComfyUI]     raise WorkerError(
  [ComfyUI]     raise WorkerError(
  [ComfyUI]     ...<2 lines>...
  [ComfyUI]     ...<2 lines>...
  [ComfyUI]     ...<2 lines>...
  [ComfyUI]     )
  [ComfyUI]     )
  [ComfyUI]     )
  [ComfyUI] comfy_env.isolation.workers.base.WorkerError: No module named 'comfy_aimdo'
  [ComfyUI] comfy_env.isolation.workers.base.WorkerError: No module named 'comfy_aimdo'
  [ComfyUI] comfy_env.isolation.workers.base.WorkerError: No module named 'comfy_aimdo'
  [ComfyUI] 
  [ComfyUI] 
  [ComfyUI] 
  [ComfyUI] Worker traceback:
  [ComfyUI] Worker traceback:
  [ComfyUI] Worker traceback:
  [ComfyUI] Traceback (most recent call last):
  [ComfyUI] Traceback (most recent call last):
  [ComfyUI] Traceback (most recent call last):
  [ComfyUI]   File "C:\Users\RUNNER~1\AppData\Local\Temp\comfyui_pvenv_fnbljep7\persistent_worker.py", line 1762, in main
  [ComfyUI]   File "C:\Users\RUNNER~1\AppData\Local\Temp\comfyui_pvenv_fnbljep7\persistent_worker.py", line 1762, in main
  [ComfyUI]   File "C:\Users\RUNNER~1\AppData\Local\Temp\comfyui_pvenv_fnbljep7\persistent_worker.py", line 1762, in main
  [ComfyUI]     result = method(**inputs)
  [ComfyUI]     result = method(**inputs)
  [ComfyUI]     result = method(**inputs)
  [ComfyUI]   File "D:\a\comfy-gpu-ci\comfy-gpu-ci\test_workspaces\DepthAnythingV3-2037\portable-comfyui\ComfyUI_windows_portable\ComfyUI\comfy_api\latest\_io.py", line 1826, in EXECUTE_NORMALIZED
  [ComfyUI]   File "D:\a\comfy-gpu-ci\comfy-gpu-ci\test_workspaces\DepthAnythingV3-2037\portable-comfyui\ComfyUI_windows_portable\ComfyUI\comfy_api\latest\_io.py", line 1826, in EXECUTE_NORMALIZED
  [ComfyUI]   File "D:\a\comfy-gpu-ci\comfy-gpu-ci\test_workspaces\DepthAnythingV3-2037\portable-comfyui\ComfyUI_windows_portable\ComfyUI\comfy_api\latest\_io.py", line 1826, in EXECUTE_NORMALIZED
  [ComfyUI]     to_return = cls.execute(*args, **kwargs)
  [ComfyUI]     to_return = cls.execute(*args, **kwargs)
  [ComfyUI]     to_return = cls.execute(*args, **kwargs)
  [ComfyUI]   File "D:\a\comfy-gpu-ci\comfy-gpu-ci\test_workspaces\DepthAnythingV3-2037\portable-comfyui\ComfyUI_windows_portable\ComfyUI\custom_nodes\ComfyUI-DepthAnythingV3\nodes\load_model.py", line 602, in execute
  [ComfyUI]   File "D:\a\comfy-gpu-ci\comfy-gpu-ci\test_workspaces\DepthAnythingV3-2037\portable-comfyui\ComfyUI_windows_portable\ComfyUI\custom_nodes\ComfyUI-DepthAnythingV3\nodes\load_model.py", line 602, in execute
  [ComfyUI]   File "D:\a\comfy-gpu-ci\comfy-gpu-ci\test_workspaces\DepthAnythingV3-2037\portable-comfyui\ComfyUI_windows_portable\ComfyUI\custom_nodes\ComfyUI-DepthAnythingV3\nodes\load_model.py", line 602, in execute
  [ComfyUI]     device = _mm().get_torch_device()
  [ComfyUI]     device = _mm().get_torch_device()
  [ComfyUI]     device = _mm().get_torch_device()
  [ComfyUI]              ~~~^^
  [ComfyUI]              ~~~^^
  [ComfyUI]              ~~~^^
  [ComfyUI]   File "D:\a\comfy-gpu-ci\comfy-gpu-ci\test_workspaces\DepthAnythingV3-2037\portable-comfyui\ComfyUI_windows_portable\ComfyUI\custom_nodes\ComfyUI-DepthAnythingV3\nodes\load_model.py", line 19, in _mm
  [ComfyUI]   File "D:\a\comfy-gpu-ci\comfy-gpu-ci\test_workspaces\DepthAnythingV3-2037\portable-comfyui\ComfyUI_windows_portable\ComfyUI\custom_nodes\ComfyUI-DepthAnythingV3\nodes\load_model.py", line 19, in _mm
  [ComfyUI]   File "D:\a\comfy-gpu-ci\comfy-gpu-ci\test_workspaces\DepthAnythingV3-2037\portable-comfyui\ComfyUI_windows_portable\ComfyUI\custom_nodes\ComfyUI-DepthAnythingV3\nodes\load_model.py", line 19, in _mm
  [ComfyUI]     import comfy.model_management
  [ComfyUI]     import comfy.model_management
  [ComfyUI]     import comfy.model_management
  [ComfyUI]   File "D:\a\comfy-gpu-ci\comfy-gpu-ci\test_workspaces\DepthAnythingV3-2037\portable-comfyui\ComfyUI_windows_portable\ComfyUI\comfy\model_management.py", line 644, in <module>
  [ComfyUI]   File "D:\a\comfy-gpu-ci\comfy-gpu-ci\test_workspaces\DepthAnythingV3-2037\portable-comfyui\ComfyUI_windows_portable\ComfyUI\comfy\model_management.py", line 644, in <module>
  [ComfyUI]   File "D:\a\comfy-gpu-ci\comfy-gpu-ci\test_workspaces\DepthAnythingV3-2037\portable-comfyui\ComfyUI_windows_portable\ComfyUI\comfy\model_management.py", line 644, in <module>
  [ComfyUI]     import comfy.windows
  [ComfyUI]     import comfy.windows
  [ComfyUI]     import comfy.windows
  [ComfyUI]   File "D:\a\comfy-gpu-ci\comfy-gpu-ci\test_workspaces\DepthAnythingV3-2037\portable-comfyui\ComfyUI_windows_portable\ComfyUI\comfy\windows.py", line 6, in <module>
  [ComfyUI]   File "D:\a\comfy-gpu-ci\comfy-gpu-ci\test_workspaces\DepthAnythingV3-2037\portable-comfyui\ComfyUI_windows_portable\ComfyUI\comfy\windows.py", line 6, in <module>
  [ComfyUI]   File "D:\a\comfy-gpu-ci\comfy-gpu-ci\test_workspaces\DepthAnythingV3-2037\portable-comfyui\ComfyUI_windows_portable\ComfyUI\comfy\windows.py", line 6, in <module>
  [ComfyUI]     import comfy_aimdo.control
  [ComfyUI]     import comfy_aimdo.control
  [ComfyUI]     import comfy_aimdo.control
  [ComfyUI] ModuleNotFoundError: No module named 'comfy_aimdo'
  [ComfyUI] ModuleNotFoundError: No module named 'comfy_aimdo'
  [ComfyUI] ModuleNotFoundError: No module named 'comfy_aimdo'
  [ComfyUI] 
  [ComfyUI] 
  [ComfyUI] 
  [ComfyUI] 
  [ComfyUI] 
  [ComfyUI] 
  [ComfyUI] Prompt executed in 0.23 seconds
  [ComfyUI] Prompt executed in 0.23 seconds
  [ComfyUI] Prompt executed in 0.23 seconds
  Execution complete (t=0.5s)
  Execution error: {'prompt_id': '65c0f0db-ab09-4168-b778-35a457c4b1ef', 'node_id': '3', 'node_type': 'DownloadAndLoadDepthAnythingV3Model', 'executed': ['2'], 'exception_message': 'No module named \'comfy_aimdo\'\n\nWorker traceback:\nTraceback (most recent call last):\n  File "C:\\Users\\RUNNER~1\\AppData\\Local\\Temp\\comfyui_pvenv_fnbljep7\\persistent_worker.py", line 1762, in main\n    result = method(**inputs)\n  File "D:\\a\\comfy-gpu-ci\\comfy-gpu-ci\\test_workspaces\\DepthAnythingV3-2037\\portable-comfyui\\ComfyUI_windows_portable\\ComfyUI\\comfy_api\\latest\\_io.py", line 1826, in EXECUTE_NORMALIZED\n    to_return = cls.execute(*args, **kwargs)\n  File "D:\\a\\comfy-gpu-ci\\comfy-gpu-ci\\test_workspaces\\DepthAnythingV3-2037\\portable-comfyui\\ComfyUI_windows_portable\\ComfyUI\\custom_nodes\\ComfyUI-DepthAnythingV3\\nodes\\load_model.py", line 602, in execute\n    device = _mm().get_torch_device()\n             ~~~^^\n  File "D:\\a\\comfy-gpu-ci\\comfy-gpu-ci\\test_workspaces\\DepthAnythingV3-2037\\portable-comfyui\\ComfyUI_windows_portable\\ComfyUI\\custom_nodes\\ComfyUI-DepthAnythingV3\\nodes\\load_model.py", line 19, in _mm\n    import comfy.model_management\n  File "D:\\a\\comfy-gpu-ci\\comfy-gpu-ci\\test_workspaces\\DepthAnythingV3-2037\\portable-comfyui\\ComfyUI_windows_portable\\ComfyUI\\comfy\\model_management.py", line 644, in <module>\n    import comfy.windows\n  File "D:\\a\\comfy-gpu-ci\\comfy-gpu-ci\\test_workspaces\\DepthAnythingV3-2037\\portable-comfyui\\ComfyUI_windows_portable\\ComfyUI\\comfy\\windows.py", line 6, in <module>\n    import comfy_aimdo.control\nModuleNotFoundError: No module named \'comfy_aimdo\'\n\n', 'exception_type': 'comfy_env.isolation.workers.base.WorkerError', 'traceback': ['  File "D:\\a\\comfy-gpu-ci\\comfy-gpu-ci\\test_workspaces\\DepthAnythingV3-2037\\portable-comfyui\\ComfyUI_windows_portable\\ComfyUI\\execution.py", line 534, in execute\n    output_data, output_ui, has_subgraph, has_pending_tasks = await get_output_data(prompt_id, unique_id, obj, input_data_all, execution_block_cb=execution_block_cb, pre_execute_cb=pre_execute_cb, v3_data=v3_data)\n                                                              ^^^^^^^^^^^^^^^^^^^^^^^^^^^^^^^^^^^^^^^^^^^^^^^^^^^^^^^^^^^^^^^^^^^^^^^^^^^^^^^^^^^^^^^^^^^^^^^^^^^^^^^^^^^^^^^^^^^^^^^^^^^^^^^^^^^^^^^^^^^^^^^^^^^^^^^\n', '  File "D:\\a\\comfy-gpu-ci\\comfy-gpu-ci\\test_workspaces\\DepthAnythingV3-2037\\portable-comfyui\\ComfyUI_windows_portable\\ComfyUI\\execution.py", line 334, in get_output_data\n    return_values = await _async_map_node_over_list(prompt_id, unique_id, obj, input_data_all, obj.FUNCTION, allow_interrupt=True, execution_block_cb=execution_block_cb, pre_execute_cb=pre_execute_cb, v3_data=v3_data)\n                    ^^^^^^^^^^^^^^^^^^^^^^^^^^^^^^^^^^^^^^^^^^^^^^^^^^^^^^^^^^^^^^^^^^^^^^^^^^^^^^^^^^^^^^^^^^^^^^^^^^^^^^^^^^^^^^^^^^^^^^^^^^^^^^^^^^^^^^^^^^^^^^^^^^^^^^^^^^^^^^^^^^^^^^^^^^^^^^^^^^^^^^^^^^^^^^^^^^^^^\n', '  File "D:\\a\\comfy-gpu-ci\\comfy-gpu-ci\\test_workspaces\\DepthAnythingV3-2037\\portable-comfyui\\ComfyUI_windows_portable\\ComfyUI\\execution.py", line 308, in _async_map_node_over_list\n    await process_inputs(input_dict, i)\n', '  File "D:\\a\\comfy-gpu-ci\\comfy-gpu-ci\\test_workspaces\\DepthAnythingV3-2037\\portable-comfyui\\ComfyUI_windows_portable\\ComfyUI\\execution.py", line 296, in process_inputs\n    result = f(**inputs)\n', '  File "D:\\a\\comfy-gpu-ci\\comfy-gpu-ci\\test_workspaces\\DepthAnythingV3-2037\\portable-comfyui\\ComfyUI_windows_portable\\python_embeded\\Lib\\site-packages\\comfy_env\\isolation\\metadata.py", line 536, in proxy\n    result = worker.call_method(\n        module_name=mod,\n    ...<4 lines>...\n        timeout=600.0,\n    )\n', '  File "D:\\a\\comfy-gpu-ci\\comfy-gpu-ci\\test_workspaces\\DepthAnythingV3-2037\\portable-comfyui\\ComfyUI_windows_portable\\python_embeded\\Lib\\site-packages\\comfy_env\\isolation\\workers\\subprocess.py", line 674, in call_method\n    raise WorkerError(\n    ...<2 lines>...\n    )\n'], 'current_inputs': {'model': ['da3_large.safetensors'], 'precision': ['auto'], 'attention': ['auto']}, 'current_outputs': ['14', '4', '3', '2'], 'timestamp': 1778445999299}
    Status: FAILED
    Error: Workflow execution failed: {'prompt_id': '65c0f0db-ab09-4168-b778-35a457c4b1ef', 'node_id': '3', 'node_type': 'DownloadAndLoadDepthAnythingV3Model', 'executed': ['2'], 'exception_message': 'No module named \'comfy_aimdo\'\n\nWorker traceback:\nTraceback (most recent call last):\n  File "C:\\Users\\RUNNER~1\\AppData\\Local\\Temp\\comfyui_pvenv_fnbljep7\\persistent_worker.py", line 1762, in main\n    result = method(**inputs)\n  File "D:\\a\\comfy-gpu-ci\\comfy-gpu-ci\\test_workspaces\\DepthAnythingV3-2037\\portable-comfyui\\ComfyUI_windows_portable\\ComfyUI\\comfy_api\\latest\\_io.py", line 1826, in EXECUTE_NORMALIZED\n    to_return = cls.execute(*args, **kwargs)\n  File "D:\\a\\comfy-gpu-ci\\comfy-gpu-ci\\test_workspaces\\DepthAnythingV3-2037\\portable-comfyui\\ComfyUI_windows_portable\\ComfyUI\\custom_nodes\\ComfyUI-DepthAnythingV3\\nodes\\load_model.py", line 602, in execute\n    device = _mm().get_torch_device()\n             ~~~^^\n  File "D:\\a\\comfy-gpu-ci\\comfy-gpu-ci\\test_workspaces\\DepthAnythingV3-2037\\portable-comfyui\\ComfyUI_windows_portable\\ComfyUI\\custom_nodes\\ComfyUI-DepthAnythingV3\\nodes\\load_model.py", line 19, in _mm\n    import comfy.model_management\n  File "D:\\a\\comfy-gpu-ci\\comfy-gpu-ci\\test_workspaces\\DepthAnythingV3-2037\\portable-comfyui\\ComfyUI_windows_portable\\ComfyUI\\comfy\\model_management.py", line 644, in <module>\n    import comfy.windows\n  File "D:\\a\\comfy-gpu-ci\\comfy-gpu-ci\\test_workspaces\\DepthAnythingV3-2037\\portable-comfyui\\ComfyUI_windows_portable\\ComfyUI\\comfy\\windows.py", line 6, in <module>\n    import comfy_aimdo.control\nModuleNotFoundError: No module named \'comfy_aimdo\'\n\n', 'exception_type': 'comfy_env.isolation.workers.base.WorkerError', 'traceback': ['  File "D:\\a\\comfy-gpu-ci\\comfy-gpu-ci\\test_workspaces\\DepthAnythingV3-2037\\portable-comfyui\\ComfyUI_windows_portable\\ComfyUI\\execution.py", line 534, in execute\n    output_data, output_ui, has_subgraph, has_pending_tasks = await get_output_data(prompt_id, unique_id, obj, input_data_all, execution_block_cb=execution_block_cb, pre_execute_cb=pre_execute_cb, v3_data=v3_data)\n                                                              ^^^^^^^^^^^^^^^^^^^^^^^^^^^^^^^^^^^^^^^^^^^^^^^^^^^^^^^^^^^^^^^^^^^^^^^^^^^^^^^^^^^^^^^^^^^^^^^^^^^^^^^^^^^^^^^^^^^^^^^^^^^^^^^^^^^^^^^^^^^^^^^^^^^^^^^\n', '  File "D:\\a\\comfy-gpu-ci\\comfy-gpu-ci\\test_workspaces\\DepthAnythingV3-2037\\portable-comfyui\\ComfyUI_windows_portable\\ComfyUI\\execution.py", line 334, in get_output_data\n    return_values = await _async_map_node_over_list(prompt_id, unique_id, obj, input_data_all, obj.FUNCTION, allow_interrupt=True, execution_block_cb=execution_block_cb, pre_execute_cb=pre_execute_cb, v3_data=v3_data)\n                    ^^^^^^^^^^^^^^^^^^^^^^^^^^^^^^^^^^^^^^^^^^^^^^^^^^^^^^^^^^^^^^^^^^^^^^^^^^^^^^^^^^^^^^^^^^^^^^^^^^^^^^^^^^^^^^^^^^^^^^^^^^^^^^^^^^^^^^^^^^^^^^^^^^^^^^^^^^^^^^^^^^^^^^^^^^^^^^^^^^^^^^^^^^^^^^^^^^^^^\n', '  File "D:\\a\\comfy-gpu-ci\\comfy-gpu-ci\\test_workspaces\\DepthAnythingV3-2037\\portable-comfyui\\ComfyUI_windows_portable\\ComfyUI\\execution.py", line 308, in _async_map_node_over_list\n    await process_inputs(input_dict, i)\n', '  File "D:\\a\\comfy-gpu-ci\\comfy-gpu-ci\\test_workspaces\\DepthAnythingV3-2037\\portable-comfyui\\ComfyUI_windows_portable\\ComfyUI\\execution.py", line 296, in process_inputs\n    result = f(**inputs)\n', '  File "D:\\a\\comfy-gpu-ci\\comfy-gpu-ci\\test_workspaces\\DepthAnythingV3-2037\\portable-comfyui\\ComfyUI_windows_portable\\python_embeded\\Lib\\site-packages\\comfy_env\\isolation\\metadata.py", line 536, in proxy\n    result = worker.call_method(\n        module_name=mod,\n    ...<4 lines>...\n        timeout=600.0,\n    )\n', '  File "D:\\a\\comfy-gpu-ci\\comfy-gpu-ci\\test_workspaces\\DepthAnythingV3-2037\\portable-comfyui\\ComfyUI_windows_portable\\python_embeded\\Lib\\site-packages\\comfy_env\\isolation\\workers\\subprocess.py", line 674, in call_method\n    raise WorkerError(\n    ...<2 lines>...\n    )\n'], 'current_inputs': {'model': ['da3_large.safetensors'], 'precision': ['auto'], 'attention': ['auto']}, 'current_outputs': ['14', '4', '3', '2'], 'timestamp': 1778445999299}
    Details: Workflow: C:\Users\RUNNER~1\AppData\Local\Temp\comfy-test-run-7a0ufemo\ComfyUI-DepthAnythingV3\workflows\simple.json
Node error: DownloadAndLoadDepthAnythingV3Model