[00:00] Crash dump logging enabled: /home/runner/work/comfy-gpu-ci/comfy-gpu-ci/comfy-test-logs/DepthAnythingV3-1117/linux-cpu/crash_dump.log
[00:00] 
[00:00] [1/3] REGISTRATION
[00:00] ----------------------------------------
[00:00] 
[DEBUG] server=None, server_url=http://127.0.0.1:8188, api=None
[00:00] 
Connecting to existing server at http://127.0.0.1:8188...
[00:00] Connecting to existing server at http://127.0.0.1:8188...
[00:00] Connected to server! (attempt 1, 0.0s)
[00:00] Checking for import errors in server logs...
[00:00] No import errors detected
[00:00] Found 1114 registered nodes
[00:00] [REGISTRATION] PASSED
[00:00] 
[00:00] [2/3] INSTANTIATION
[00:00] ----------------------------------------
[00:00] 
[DEBUG] server=<comfy_test.comfyui.server.ExternalComfyUIServer object at 0x7f551f3f1c90>, server_url=http://127.0.0.1:8188, api=<comfy_test.comfyui.api.ComfyUIAPI object at 0x7f551f3f2200>
[00:00] Testing node constructors...
[00:01] All 15 node(s) instantiated successfully!
[00:01] [INSTANTIATION] PASSED
[00:01] 
[00:01] [3/3] EXECUTION
[00:01] ----------------------------------------
[00:01] 
[DEBUG] server=<comfy_test.comfyui.server.ExternalComfyUIServer object at 0x7f551f3f1c90>, server_url=http://127.0.0.1:8188, api=<comfy_test.comfyui.api.ComfyUIAPI object at 0x7f551f3f2200>
[00:01] CPU runner - will execute 4 workflow(s)
[00:01] Running 7 workflow(s) (all with videos)...
[00:02] Starting headless browser...
[00:02]   Installing Mesa llvmpipe (apt)...
[00:12]   Mesa install failed: E: Unable to locate package libegl1-mesa

[00:12]   No GPU, no Mesa — using SwiftShader software rendering
[00:12] Capturing execution frames: advanced.json
[00:19]   Frame 1 saved (frame_000.jpg, t=0.0s)
[00:19]   Validating workflow...
[00:19]   Queuing workflow for execution...
[00:21]   Frame 2 saved (frame_001.jpg, t=2.2s)
[00:21]   [capture-periodic] freeze=2ms shot=112ms unfreeze=2ms saved=True
[00:24]   Frame 3 saved (frame_002.jpg, t=4.5s)
[00:24]   [capture-periodic] freeze=7ms shot=219ms unfreeze=10ms saved=True
[00:25]   [capture-loop] iter=50 t=5.9s state={'complete': False, 'error': None, 'executedCount': 0, 'wsState': 1} eval_ms=4 ram=2.5/15.6GB (16%) swap=0.0/3.0GB (0%) cpu=36% browser_rss=0.85GB
[00:30]   Frame 4 saved (frame_003.jpg, t=11.5s)
[00:30]   [capture-periodic] freeze=2ms shot=101ms unfreeze=2ms saved=True
[00:31]   [capture-loop] iter=100 t=11.8s state={'complete': False, 'error': None, 'executedCount': 0, 'wsState': 1} eval_ms=2 ram=2.3/15.6GB (14%) swap=0.0/3.0GB (0%) cpu=39% browser_rss=0.86GB
[00:36]   [capture-loop] iter=150 t=17.3s state={'complete': False, 'error': None, 'executedCount': 0, 'wsState': 1} eval_ms=2 ram=2.4/15.6GB (16%) swap=0.0/3.0GB (0%) cpu=36% browser_rss=0.86GB
[00:42]   [capture-loop] iter=200 t=22.7s state={'complete': False, 'error': None, 'executedCount': 0, 'wsState': 1} eval_ms=2 ram=2.4/15.6GB (15%) swap=0.0/3.0GB (0%) cpu=34% browser_rss=0.86GB
[00:47]   [capture-loop] iter=250 t=28.2s state={'complete': False, 'error': None, 'executedCount': 0, 'wsState': 1} eval_ms=2 ram=3.1/15.6GB (20%) swap=0.0/3.0GB (0%) cpu=35% browser_rss=0.79GB
[00:52]   [capture-loop] iter=300 t=33.6s state={'complete': False, 'error': None, 'executedCount': 0, 'wsState': 1} eval_ms=2 ram=2.4/15.6GB (15%) swap=0.0/3.0GB (0%) cpu=33% browser_rss=0.79GB
[00:58]   [capture-loop] iter=350 t=39.0s state={'complete': False, 'error': None, 'executedCount': 0, 'wsState': 1} eval_ms=2 ram=2.4/15.6GB (15%) swap=0.0/3.0GB (0%) cpu=33% browser_rss=0.79GB
[01:03]   [capture-loop] iter=400 t=44.5s state={'complete': False, 'error': None, 'executedCount': 0, 'wsState': 1} eval_ms=2 ram=3.8/15.6GB (24%) swap=0.0/3.0GB (0%) cpu=34% browser_rss=0.79GB
[01:09]   [capture-loop] iter=450 t=49.9s state={'complete': False, 'error': None, 'executedCount': 0, 'wsState': 1} eval_ms=2 ram=2.4/15.6GB (16%) swap=0.0/3.0GB (0%) cpu=34% browser_rss=0.79GB
[01:14]   [capture-loop] iter=500 t=55.4s state={'complete': False, 'error': None, 'executedCount': 0, 'wsState': 1} eval_ms=2 ram=2.6/15.6GB (17%) swap=0.0/3.0GB (0%) cpu=33% browser_rss=0.79GB
[01:20]   [capture-loop] iter=550 t=60.8s state={'complete': False, 'error': None, 'executedCount': 0, 'wsState': 1} eval_ms=2 ram=3.3/15.6GB (21%) swap=0.0/3.0GB (0%) cpu=34% browser_rss=0.78GB
[01:25]   [capture-loop] iter=600 t=66.3s state={'complete': False, 'error': None, 'executedCount': 0, 'wsState': 1} eval_ms=2 ram=2.5/15.6GB (16%) swap=0.0/3.0GB (0%) cpu=34% browser_rss=0.79GB
[01:30]   [capture-loop] iter=650 t=71.6s state={'complete': False, 'error': None, 'executedCount': 0, 'wsState': 1} eval_ms=2 ram=2.8/15.6GB (18%) swap=0.0/3.0GB (0%) cpu=34% browser_rss=0.79GB
[01:36]   [capture-loop] iter=700 t=77.1s state={'complete': False, 'error': None, 'executedCount': 0, 'wsState': 1} eval_ms=2 ram=3.3/15.6GB (21%) swap=0.0/3.0GB (0%) cpu=33% browser_rss=0.79GB
[01:41]   [capture-loop] iter=750 t=82.5s state={'complete': False, 'error': None, 'executedCount': 0, 'wsState': 1} eval_ms=2 ram=3.2/15.6GB (20%) swap=0.0/3.0GB (0%) cpu=32% browser_rss=0.78GB
[01:47]   [capture-loop] iter=800 t=88.0s state={'complete': False, 'error': None, 'executedCount': 0, 'wsState': 1} eval_ms=2 ram=3.6/15.6GB (23%) swap=0.0/3.0GB (0%) cpu=32% browser_rss=0.78GB
[01:52]   [capture-loop] iter=850 t=93.4s state={'complete': False, 'error': None, 'executedCount': 0, 'wsState': 1} eval_ms=2 ram=3.6/15.6GB (23%) swap=0.0/3.0GB (0%) cpu=33% browser_rss=0.79GB
[01:53]   Node executed (2 total), capturing...
[01:54]   Frame 5 saved (frame_004.jpg, t=94.7s)
[01:54]   [capture-node] freeze=5ms shot=148ms unfreeze=3ms saved=True
[01:54]   Node executed (8 total), capturing...
[01:54]   Frame 6 saved (frame_005.jpg, t=95.2s)
[01:54]   [capture-node] freeze=2ms shot=114ms unfreeze=0ms saved=True
[01:54]   Execution complete (t=95.1s)
[01:54]   Captured 6 unique frames over 95.3s
[01:54]   [debug] iframes: 0
[01:54]   [timing] trigger_3d_previews: 0.0s
[01:56]   Saved high-quality screenshot: advanced_executed.png
[01:56]   [timing] final_screenshot: 0.3s
[01:57] Capturing execution frames: advanced_3d.json
[02:03]   Frame 1 saved (frame_000.jpg, t=0.0s)
[02:03]   Validating workflow...
[02:03]   Queuing workflow for execution...
[02:05]   Frame 2 saved (frame_001.jpg, t=2.3s)
[02:05]   [capture-periodic] freeze=2ms shot=102ms unfreeze=2ms saved=True
[02:07]   Frame 3 saved (frame_002.jpg, t=4.5s)
[02:07]   [capture-periodic] freeze=2ms shot=105ms unfreeze=2ms saved=True
[02:08]   [capture-loop] iter=50 t=5.6s state={'complete': False, 'error': None, 'executedCount': 0, 'wsState': 1} eval_ms=2 ram=2.9/15.6GB (19%) swap=0.0/3.0GB (0%) cpu=27% browser_rss=0.97GB
[02:14]   [capture-loop] iter=100 t=11.0s state={'complete': False, 'error': None, 'executedCount': 0, 'wsState': 1} eval_ms=2 ram=2.9/15.6GB (19%) swap=0.0/3.0GB (0%) cpu=32% browser_rss=0.97GB
[02:19]   [capture-loop] iter=150 t=16.5s state={'complete': False, 'error': None, 'executedCount': 0, 'wsState': 1} eval_ms=3 ram=3.0/15.6GB (19%) swap=0.0/3.0GB (0%) cpu=33% browser_rss=0.95GB
[02:25]   [capture-loop] iter=200 t=21.9s state={'complete': False, 'error': None, 'executedCount': 0, 'wsState': 1} eval_ms=2 ram=3.3/15.6GB (21%) swap=0.0/3.0GB (0%) cpu=33% browser_rss=0.95GB
[02:30]   [capture-loop] iter=250 t=27.4s state={'complete': False, 'error': None, 'executedCount': 0, 'wsState': 1} eval_ms=2 ram=2.9/15.6GB (18%) swap=0.0/3.0GB (0%) cpu=36% browser_rss=0.86GB
[02:36]   [capture-loop] iter=300 t=32.8s state={'complete': False, 'error': None, 'executedCount': 0, 'wsState': 1} eval_ms=2 ram=3.0/15.6GB (19%) swap=0.0/3.0GB (0%) cpu=33% browser_rss=0.86GB
[02:41]   [capture-loop] iter=350 t=38.3s state={'complete': False, 'error': None, 'executedCount': 0, 'wsState': 1} eval_ms=2 ram=3.3/15.6GB (21%) swap=0.0/3.0GB (0%) cpu=33% browser_rss=0.86GB
[02:45]   Frame 4 saved (frame_003.jpg, t=41.7s)
[02:45]   [capture-periodic] freeze=2ms shot=103ms unfreeze=2ms saved=True
[02:45]   Node executed (2 total), capturing...
[02:45]   Frame 5 saved (frame_004.jpg, t=42.3s)
[02:45]   [capture-node] freeze=2ms shot=143ms unfreeze=0ms saved=True
[02:45]   Execution complete (t=42.3s)
[02:47]   Captured 5 unique frames over 43.9s
[02:47]   [debug] iframes: 1
[02:47]   [debug]   iframe[0]: src=http://127.0.0.1:8188/extensions/ComfyUI-GeometryPack/viewer_vtk.html?v=17782391, canvas=486x394, rafFrozen=True
[02:47]   [timing] trigger_3d_previews: 0.0s
[02:49]   Saved high-quality screenshot: advanced_3d_executed.png
[02:49]   [timing] final_screenshot: 0.2s
[02:49] Capturing execution frames: advanced_3d_multiview.json
[02:56]   Frame 1 saved (frame_000.jpg, t=0.0s)
[02:56]   Validating workflow...
[02:56]   Queuing workflow for execution...
[02:56]   Node executed (1 total), capturing...
[02:56]   Frame 2 saved (frame_001.jpg, t=0.5s)
[02:56]   [capture-node] freeze=2ms shot=94ms unfreeze=3ms saved=True
[03:01]   Frame 3 saved (frame_002.jpg, t=4.9s)
[03:01]   [capture-periodic] freeze=1ms shot=91ms unfreeze=3ms saved=True
[03:02]   [capture-loop] iter=50 t=5.9s state={'complete': False, 'error': None, 'executedCount': 1, 'wsState': 1} eval_ms=2 ram=4.6/15.6GB (29%) swap=0.0/3.0GB (0%) cpu=31% browser_rss=1.01GB
[03:07]   [capture-loop] iter=100 t=11.3s state={'complete': False, 'error': None, 'executedCount': 1, 'wsState': 1} eval_ms=2 ram=3.4/15.6GB (22%) swap=0.0/3.0GB (0%) cpu=36% browser_rss=0.92GB
[03:12]   [capture-loop] iter=150 t=16.8s state={'complete': False, 'error': None, 'executedCount': 1, 'wsState': 1} eval_ms=2 ram=3.1/15.6GB (20%) swap=0.0/3.0GB (0%) cpu=34% browser_rss=0.91GB
[03:18]   [capture-loop] iter=200 t=22.2s state={'complete': False, 'error': None, 'executedCount': 1, 'wsState': 1} eval_ms=2 ram=4.5/15.6GB (29%) swap=0.0/3.0GB (0%) cpu=33% browser_rss=0.92GB
[03:23]   [capture-loop] iter=250 t=27.7s state={'complete': False, 'error': None, 'executedCount': 1, 'wsState': 1} eval_ms=2 ram=3.1/15.6GB (20%) swap=0.0/3.0GB (0%) cpu=34% browser_rss=0.92GB
[03:29]   [capture-loop] iter=300 t=33.1s state={'complete': False, 'error': None, 'executedCount': 1, 'wsState': 1} eval_ms=2 ram=3.8/15.6GB (24%) swap=0.0/3.0GB (0%) cpu=34% browser_rss=0.92GB
[03:34]   [capture-loop] iter=350 t=38.6s state={'complete': False, 'error': None, 'executedCount': 1, 'wsState': 1} eval_ms=2 ram=3.8/15.6GB (25%) swap=0.0/3.0GB (0%) cpu=34% browser_rss=0.92GB
[03:40]   [capture-loop] iter=400 t=44.0s state={'complete': False, 'error': None, 'executedCount': 1, 'wsState': 1} eval_ms=2 ram=2.8/15.6GB (18%) swap=0.0/3.0GB (0%) cpu=33% browser_rss=0.92GB
[03:45]   [capture-loop] iter=450 t=49.5s state={'complete': False, 'error': None, 'executedCount': 1, 'wsState': 1} eval_ms=2 ram=3.9/15.6GB (25%) swap=0.0/3.0GB (0%) cpu=34% browser_rss=0.92GB
[03:51]   [capture-loop] iter=500 t=54.9s state={'complete': False, 'error': None, 'executedCount': 1, 'wsState': 1} eval_ms=2 ram=3.4/15.6GB (22%) swap=0.0/3.0GB (0%) cpu=33% browser_rss=0.92GB
[03:56]   [capture-loop] iter=550 t=60.4s state={'complete': False, 'error': None, 'executedCount': 1, 'wsState': 1} eval_ms=2 ram=3.1/15.6GB (20%) swap=0.0/3.0GB (0%) cpu=34% browser_rss=0.92GB
[04:01]   [capture-loop] iter=600 t=65.8s state={'complete': False, 'error': None, 'executedCount': 1, 'wsState': 1} eval_ms=2 ram=4.6/15.6GB (30%) swap=0.0/3.0GB (0%) cpu=34% browser_rss=0.92GB
[04:07]   [capture-loop] iter=650 t=71.3s state={'complete': False, 'error': None, 'executedCount': 1, 'wsState': 1} eval_ms=2 ram=3.1/15.6GB (20%) swap=0.0/3.0GB (0%) cpu=34% browser_rss=0.92GB
[04:12]   [capture-loop] iter=700 t=76.7s state={'complete': False, 'error': None, 'executedCount': 1, 'wsState': 1} eval_ms=2 ram=4.2/15.6GB (27%) swap=0.0/3.0GB (0%) cpu=34% browser_rss=0.92GB
[04:18]   [capture-loop] iter=750 t=82.2s state={'complete': False, 'error': None, 'executedCount': 1, 'wsState': 1} eval_ms=3 ram=3.4/15.6GB (22%) swap=0.0/3.0GB (0%) cpu=33% browser_rss=0.92GB
[04:23]   [capture-loop] iter=800 t=87.6s state={'complete': False, 'error': None, 'executedCount': 1, 'wsState': 1} eval_ms=2 ram=3.7/15.6GB (24%) swap=0.0/3.0GB (0%) cpu=32% browser_rss=0.91GB
[04:29]   [capture-loop] iter=850 t=93.1s state={'complete': False, 'error': None, 'executedCount': 1, 'wsState': 1} eval_ms=2 ram=4.0/15.6GB (26%) swap=0.0/3.0GB (0%) cpu=33% browser_rss=0.92GB
[04:34]   [capture-loop] iter=900 t=98.4s state={'complete': False, 'error': None, 'executedCount': 1, 'wsState': 1} eval_ms=2 ram=4.0/15.6GB (26%) swap=0.0/3.0GB (0%) cpu=33% browser_rss=0.92GB
[04:40]   [capture-loop] iter=950 t=103.9s state={'complete': False, 'error': None, 'executedCount': 1, 'wsState': 1} eval_ms=2 ram=4.5/15.6GB (29%) swap=0.0/3.0GB (0%) cpu=34% browser_rss=0.92GB
[04:45]   [capture-loop] iter=1000 t=109.3s state={'complete': False, 'error': None, 'executedCount': 1, 'wsState': 1} eval_ms=2 ram=3.9/15.6GB (25%) swap=0.0/3.0GB (0%) cpu=33% browser_rss=0.92GB
[04:50]   [capture-loop] iter=1050 t=114.8s state={'complete': False, 'error': None, 'executedCount': 1, 'wsState': 1} eval_ms=2 ram=3.2/15.6GB (21%) swap=0.0/3.0GB (0%) cpu=34% browser_rss=0.92GB
[04:56]   [capture-loop] iter=1100 t=120.2s state={'complete': False, 'error': None, 'executedCount': 1, 'wsState': 1} eval_ms=2 ram=5.0/15.6GB (32%) swap=0.0/3.0GB (0%) cpu=34% browser_rss=0.92GB
[05:01]   [capture-loop] iter=1150 t=125.7s state={'complete': False, 'error': None, 'executedCount': 1, 'wsState': 1} eval_ms=2 ram=3.4/15.6GB (22%) swap=0.0/3.0GB (0%) cpu=33% browser_rss=0.92GB
[05:07]   [capture-loop] iter=1200 t=131.1s state={'complete': False, 'error': None, 'executedCount': 1, 'wsState': 1} eval_ms=2 ram=3.1/15.6GB (20%) swap=0.0/3.0GB (0%) cpu=33% browser_rss=0.92GB
[05:12]   [capture-loop] iter=1250 t=136.6s state={'complete': False, 'error': None, 'executedCount': 1, 'wsState': 1} eval_ms=2 ram=4.9/15.6GB (31%) swap=0.0/3.0GB (0%) cpu=34% browser_rss=0.91GB
[05:18]   [capture-loop] iter=1300 t=142.0s state={'complete': False, 'error': None, 'executedCount': 1, 'wsState': 1} eval_ms=2 ram=3.0/15.6GB (19%) swap=0.0/3.0GB (0%) cpu=34% browser_rss=0.92GB
[05:23]   [capture-loop] iter=1350 t=147.5s state={'complete': False, 'error': None, 'executedCount': 1, 'wsState': 1} eval_ms=2 ram=4.1/15.6GB (26%) swap=0.0/3.0GB (0%) cpu=34% browser_rss=0.92GB
[05:29]   [capture-loop] iter=1400 t=152.9s state={'complete': False, 'error': None, 'executedCount': 1, 'wsState': 1} eval_ms=2 ram=4.0/15.6GB (25%) swap=0.0/3.0GB (0%) cpu=33% browser_rss=0.92GB
[05:34]   [capture-loop] iter=1450 t=158.4s state={'complete': False, 'error': None, 'executedCount': 1, 'wsState': 1} eval_ms=2 ram=3.1/15.6GB (20%) swap=0.0/3.0GB (0%) cpu=34% browser_rss=0.92GB
[05:39]   [capture-loop] iter=1500 t=163.7s state={'complete': False, 'error': None, 'executedCount': 1, 'wsState': 1} eval_ms=2 ram=4.1/15.6GB (27%) swap=0.0/3.0GB (0%) cpu=33% browser_rss=0.92GB
[05:45]   [capture-loop] iter=1550 t=169.2s state={'complete': False, 'error': None, 'executedCount': 1, 'wsState': 1} eval_ms=2 ram=3.7/15.6GB (24%) swap=0.0/3.0GB (0%) cpu=33% browser_rss=0.92GB
[05:50]   [capture-loop] iter=1600 t=174.6s state={'complete': False, 'error': None, 'executedCount': 1, 'wsState': 1} eval_ms=2 ram=3.2/15.6GB (20%) swap=0.0/3.0GB (0%) cpu=33% browser_rss=0.92GB
[05:56]   [capture-loop] iter=1650 t=180.1s state={'complete': False, 'error': None, 'executedCount': 1, 'wsState': 1} eval_ms=2 ram=5.2/15.6GB (33%) swap=0.0/3.0GB (0%) cpu=34% browser_rss=0.92GB
[06:01]   [capture-loop] iter=1700 t=185.5s state={'complete': False, 'error': None, 'executedCount': 1, 'wsState': 1} eval_ms=2 ram=3.1/15.6GB (20%) swap=0.0/3.0GB (0%) cpu=33% browser_rss=0.92GB
[06:07]   [capture-loop] iter=1750 t=190.9s state={'complete': False, 'error': None, 'executedCount': 1, 'wsState': 1} eval_ms=2 ram=2.9/15.6GB (18%) swap=0.0/3.0GB (0%) cpu=34% browser_rss=0.92GB
[06:12]   [capture-loop] iter=1800 t=196.3s state={'complete': False, 'error': None, 'executedCount': 1, 'wsState': 1} eval_ms=2 ram=3.2/15.6GB (20%) swap=0.0/3.0GB (0%) cpu=33% browser_rss=0.92GB
[06:18]   [capture-loop] iter=1850 t=201.9s state={'complete': False, 'error': None, 'executedCount': 1, 'wsState': 1} eval_ms=2 ram=3.6/15.6GB (23%) swap=0.0/3.0GB (0%) cpu=33% browser_rss=0.92GB
[06:23]   [capture-loop] iter=1900 t=207.2s state={'complete': False, 'error': None, 'executedCount': 1, 'wsState': 1} eval_ms=2 ram=4.1/15.6GB (26%) swap=0.0/3.0GB (0%) cpu=32% browser_rss=0.92GB
[06:28]   [capture-loop] iter=1950 t=212.7s state={'complete': False, 'error': None, 'executedCount': 1, 'wsState': 1} eval_ms=2 ram=4.0/15.6GB (26%) swap=0.0/3.0GB (0%) cpu=33% browser_rss=0.92GB
[06:34]   [capture-loop] iter=2000 t=218.1s state={'complete': False, 'error': None, 'executedCount': 1, 'wsState': 1} eval_ms=2 ram=4.2/15.6GB (27%) swap=0.0/3.0GB (0%) cpu=32% browser_rss=0.92GB
[06:38]   Node executed (3 total), capturing...
[06:39]   Frame 4 saved (frame_003.jpg, t=222.7s)
[06:39]   [capture-node] freeze=2ms shot=138ms unfreeze=14ms saved=True
[06:39]   Node executed (4 total), capturing...
[06:39]   Frame 5 saved (frame_004.jpg, t=223.2s)
[06:39]   [capture-node] freeze=2ms shot=91ms unfreeze=0ms saved=True
[06:39]   Execution complete (t=223.2s)
[06:39]   Captured 5 unique frames over 223.35s
[06:39]   [debug] iframes: 1
[06:39]   [debug]   iframe[0]: src=http://127.0.0.1:8188/extensions/ComfyUI-GeometryPack/viewer_vtk.html?v=17782392, canvas=486x394, rafFrozen=True
[06:39]   [timing] trigger_3d_previews: 0.0s
[06:41]   Saved high-quality screenshot: advanced_3d_multiview_executed.png
[06:41]   [timing] final_screenshot: 0.2s
[06:42]   [4/7] SKIPPED (not in cpu list) bas_relief.json
[06:42]   [5/7] SKIPPED (not in cpu list) da3_streaming.json
[06:42] Capturing execution frames: simple.json
[06:48]   Frame 1 saved (frame_000.jpg, t=0.0s)
[06:48]   Validating workflow...
[06:48]   Queuing workflow for execution...
[06:50]   Frame 2 saved (frame_001.jpg, t=2.3s)
[06:50]   [capture-periodic] freeze=2ms shot=117ms unfreeze=2ms saved=True
[06:53]   Frame 3 saved (frame_002.jpg, t=4.5s)
[06:53]   [capture-periodic] freeze=2ms shot=111ms unfreeze=2ms saved=True
[06:54]   [capture-loop] iter=50 t=5.6s state={'complete': False, 'error': None, 'executedCount': 0, 'wsState': 1} eval_ms=3 ram=3.7/15.6GB (24%) swap=0.0/3.0GB (0%) cpu=29% browser_rss=1.00GB
[06:59]   [capture-loop] iter=100 t=11.0s state={'complete': False, 'error': None, 'executedCount': 0, 'wsState': 1} eval_ms=2 ram=3.1/15.6GB (20%) swap=0.0/3.0GB (0%) cpu=33% browser_rss=1.00GB
[07:05]   [capture-loop] iter=150 t=16.6s state={'complete': False, 'error': None, 'executedCount': 0, 'wsState': 1} eval_ms=2 ram=3.3/15.6GB (21%) swap=0.0/3.0GB (0%) cpu=33% browser_rss=1.00GB
[07:10]   [capture-loop] iter=200 t=22.0s state={'complete': False, 'error': None, 'executedCount': 0, 'wsState': 1} eval_ms=2 ram=3.8/15.6GB (24%) swap=0.0/3.0GB (0%) cpu=33% browser_rss=1.00GB
[07:16]   [capture-loop] iter=250 t=27.5s state={'complete': False, 'error': None, 'executedCount': 0, 'wsState': 1} eval_ms=2 ram=3.0/15.6GB (20%) swap=0.0/3.0GB (0%) cpu=35% browser_rss=0.90GB
[07:21]   [capture-loop] iter=300 t=33.0s state={'complete': False, 'error': None, 'executedCount': 0, 'wsState': 1} eval_ms=2 ram=4.0/15.6GB (26%) swap=0.0/3.0GB (0%) cpu=34% browser_rss=0.89GB
[07:27]   [capture-loop] iter=350 t=38.6s state={'complete': False, 'error': None, 'executedCount': 0, 'wsState': 1} eval_ms=2 ram=2.9/15.6GB (19%) swap=0.0/3.0GB (0%) cpu=34% browser_rss=0.89GB
[07:32]   [capture-loop] iter=400 t=44.0s state={'complete': False, 'error': None, 'executedCount': 0, 'wsState': 1} eval_ms=2 ram=3.0/15.6GB (19%) swap=0.0/3.0GB (0%) cpu=33% browser_rss=0.89GB
[07:38]   [capture-loop] iter=450 t=49.5s state={'complete': False, 'error': None, 'executedCount': 0, 'wsState': 1} eval_ms=2 ram=3.0/15.6GB (19%) swap=0.0/3.0GB (0%) cpu=33% browser_rss=0.89GB
[07:43]   [capture-loop] iter=500 t=54.9s state={'complete': False, 'error': None, 'executedCount': 0, 'wsState': 1} eval_ms=2 ram=3.0/15.6GB (19%) swap=0.0/3.0GB (0%) cpu=33% browser_rss=0.89GB
[07:48]   [capture-loop] iter=550 t=60.5s state={'complete': False, 'error': None, 'executedCount': 0, 'wsState': 1} eval_ms=2 ram=3.4/15.6GB (22%) swap=0.0/3.0GB (0%) cpu=33% browser_rss=0.89GB
[07:54]   [capture-loop] iter=600 t=65.9s state={'complete': False, 'error': None, 'executedCount': 0, 'wsState': 1} eval_ms=3 ram=3.6/15.6GB (23%) swap=0.0/3.0GB (0%) cpu=32% browser_rss=0.89GB
[07:59]   [capture-loop] iter=650 t=71.4s state={'complete': False, 'error': None, 'executedCount': 0, 'wsState': 1} eval_ms=2 ram=3.9/15.6GB (25%) swap=0.0/3.0GB (0%) cpu=33% browser_rss=0.89GB
[08:05]   [capture-loop] iter=700 t=76.8s state={'complete': False, 'error': None, 'executedCount': 0, 'wsState': 1} eval_ms=2 ram=4.0/15.6GB (26%) swap=0.0/3.0GB (0%) cpu=32% browser_rss=0.89GB
[08:08]   Node executed (1 total), capturing...
[08:09]   Frame 4 saved (frame_003.jpg, t=80.6s)
[08:09]   [capture-node] freeze=2ms shot=120ms unfreeze=9ms saved=True
[08:09]   Execution complete (t=80.9s)
[08:09]   Captured 4 unique frames over 80.89s
[08:09]   [debug] iframes: 0
[08:09]   [timing] trigger_3d_previews: 0.0s
[08:11]   Saved high-quality screenshot: simple_executed.png
[08:11]   [timing] final_screenshot: 0.3s
[08:11]   [7/7] SKIPPED (not in cpu list) video_multiview_depth.json
[08:12] Results saved to /home/runner/work/comfy-gpu-ci/comfy-gpu-ci/comfy-test-logs/DepthAnythingV3-1117/linux-cpu/results.json
[08:12] Model report: 4 files, 1.5 GB -> /home/runner/work/comfy-gpu-ci/comfy-gpu-ci/comfy-test-logs/DepthAnythingV3-1117/linux-cpu/models.json
[08:12] Saved: /home/runner/work/comfy-gpu-ci/comfy-gpu-ci/comfy-test-logs/DepthAnythingV3-1117/linux-cpu/index.html
[08:12] [EXECUTION] PASSED
[08:12] 
linux: PASSED
