[   0s] CDP targets: 1
[   0s]   page: file:///Users/runner/.comfy-test-cache/desktop/ComfyUI.app/Contents/Resources/desktop-ui/index.html#/welcome | ComfyUI
[   1s] Main page: file:///Users/runner/.comfy-test-cache/desktop/ComfyUI.app/Contents/Resources/desktop-ui/index.html#/welcome | ComfyUI
[   1s] Buttons: ['Get Started']
[   1s]   wizard: COMFY_TEST_GPU=0 platform=darwin preferred=['Apple Silicon', 'MPS', 'M4', 'M3', 'M2', 'M1']
[   2s]   clicked [BTN|Get Started]
[   3s]   url: file:///Users/runner/.comfy-test-cache/desktop/ComfyUI.app/Contents/Resources/desktop-ui/index.html#/welcome -> file:///Users/runner/.comfy-test-cache/desktop/ComfyUI.app/Contents/Resources/desktop-ui/index.html#/install
[   3s]   clicked [BTN|Next]
[  10s]   clicked [BTN|Next]
[  12s]   clicked [BTN|Install]
[  14s]   url: file:///Users/runner/.comfy-test-cache/desktop/ComfyUI.app/Contents/Resources/desktop-ui/index.html#/install -> file:///Users/runner/.comfy-test-cache/desktop/ComfyUI.app/Contents/Resources/desktop-ui/index.html#/server-start
[  98s]   /system_stats up after 97s
[  98s]   app: waiting for backend stability (continuous /system_stats up for 30s)
[  98s]   app: /system_stats up; awaiting 30s of stability
[ 129s]   app: backend stable for 30s; proceeding
[ 129s]   capturing canvas load...
[ 137s]   post: waiting for Cloud upsell
[ 137s]   post: clicked Cloud upsell via [button:has-text("Continue Locally"):visible]
[ 140s]   post: waiting for Close Templates
[ 148s]   post: Close Templates not found, skipping
[ 148s]   post: pressed Escape (Close Templates fallback)
[ 150s]   post: waiting for Extensions
[ 151s]   post: clicked Extensions via [button[aria-label="Extensions"]:visible]
[ 153s]   ext: node meta = display='Depth Anything V3' publisher='pznodes' version='0.1.13'
[ 156s]   ext: searching "Depth Anything V3"
[ 161s]   ext: clicking Depth Anything V3 by pznodes tile
[ 164s]   ext: scrolling to + opening version selector
[ 168s]   ext: selected 0.1.13
[ 169s]   ext: clicking right-panel Install
[ 171s]   ext: clicked Install (last of 4 visible)
[ 179s]   ext: waiting for "Apply Changes" toast
[ 225s]   ext: clicked Apply Changes
[ 230s]   app: Apply Changes already triggered in-app restart, skipping pkill
[ 236s]   app: relaunching with CDP
[ 236s]   app: waiting for CDP
[ 236s]   app: CDP up after 1s
[ 236s]   app: reconnecting Playwright
[ 236s]   app: attached to http://127.0.0.1:8000/
[ 248s]   app: server ready after 6s
[ 248s]   app: waiting for main canvas (window.app.graph)
[ 248s]   app: canvas ready after 1s (http://127.0.0.1:8000/)
[ 253s]   app: forcing renderer reload to refresh node-pack manifest
[ 255s]   app: canvas re-ready after reload in 2s
[ 259s]   ext: closing Nodes Manager dialog
[ 259s]   ext: dismissing What's New popup
[ 259s]   ext: closed What's New popup
[ 262s]   ext: dismissing Node Pack Issues modal (if present)
[ 262s]   ext: closed Node Pack Issues modal
[ 265s]   ext: opening Templates sidebar
[ 265s]   ext: clicked Templates
[ 270s]   ext: locating "comfyui-depthanythingv3" section in Templates panel
[ 272s]   ext: clicked comfyui-depthanythingv3 section
[ 274s]   ext: fetching comfy-test.toml from https://raw.githubusercontent.com/PozzettiAndrea/ComfyUI-DepthAnythingV3/main/comfy-test.toml
[ 274s]   ext: cpu spec = include ['advanced_3d_multiview', 'advanced', 'advanced_3d', 'simple']
[ 274s]   ext: picking first matching comfyui-depthanythingv3 template
[ 274s]   ext: 7 visible cards
[ 276s]   ext: clicked template simple
[ 281s]   ext: installing WS execution listener
[ 281s]   ext: clicking Run
[ 282s]   ext: clicked Run
[ 282s]   ext: waiting for execution_success / execution_error
[ 332s]   ext: WS events=26 elapsed=49s
[ 332s]     ws: {'type': 'progress_state', 'ts': 1778451463608}
[ 332s]     ws: {'type': 'progress', 'ts': 1778451463608}
[ 332s]     ws: {'type': 'progress_state', 'ts': 1778451464664}
[ 332s]     ws: {'type': 'progress', 'ts': 1778451464664}
[ 332s]     ws: {'type': 'progress_state', 'ts': 1778451464915}
[ 332s]     ws: {'type': 'progress_state', 'ts': 1778451464917}
[ 332s]     ws: {'type': 'executing', 'ts': 1778451464917}
[ 332s]     ws: {'type': 'progress_state', 'ts': 1778451501289}
[ 332s]     ws: {'type': 'progress', 'ts': 1778451501395}
[ 332s]     ws: {'type': 'progress_state', 'ts': 1778451501493}
[ 332s]     ws: {'type': 'progress_state', 'ts': 1778451501511}
[ 332s]     ws: {'type': 'executing', 'ts': 1778451501511}
[ 332s]     ws: {'type': 'executed', 'ts': 1778451501645}
[ 332s]     ws: {'type': 'progress_state', 'ts': 1778451501660}
[ 332s]     ws: {'type': 'execution_success', 'ts': 1778451501674}
[ 332s]   ext: execution_success after 49s
[ 337s]   ext: fetching comfy-test.toml from https://raw.githubusercontent.com/PozzettiAndrea/ComfyUI-DepthAnythingV3/main/comfy-test.toml
[ 337s]   ext: cpu spec = include ['advanced_3d_multiview', 'advanced', 'advanced_3d', 'simple']
[ 337s]   loop: spec=include items=['advanced_3d_multiview', 'advanced', 'advanced_3d', 'simple'] -> 4 workflow(s) ['advanced_3d_multiview', 'advanced', 'advanced_3d', 'simple']
[ 337s]   loop: matching=4 first_ran='simple' remaining=3 -> ['advanced_3d_multiview', 'advanced', 'advanced_3d']
[ 337s]   loop: full restart for workflow 2/4 (advanced_3d_multiview)
[ 337s]   loop: closing current browser
[ 337s]   loop: killing ComfyUI process
[ 342s]   loop: launching ComfyUI with --remote-debugging-port=0
[ 342s]   loop: waiting for DevToolsActivePort at /Users/runner/Library/Application Support/ComfyUI/DevToolsActivePort
[ 344s]   loop: DevToolsActivePort -> 49943 after 3s
[ 344s]   loop: reconnecting Playwright on port 49943
[ 345s]   loop: attached to file:///Users/runner/.comfy-test-cache/desktop/ComfyUI.app/Contents/Resources/desktop-ui/index.html#/server-start
[ 355s]   loop: server ready after 9s
[ 356s]   loop: canvas ready after 2s
[ 356s]   loop: forcing renderer reload
[ 359s]   loop: canvas ready after 2s
[ 362s]   ext: closing Nodes Manager dialog
[ 362s]   ext: dismissing What's New popup
[ 362s]   ext: What's New popup not present
[ 362s]   ext: dismissing Node Pack Issues modal (if present)
[ 362s]   ext: Node Pack Issues modal not present
[ 362s]   ext: opening Templates sidebar
[ 363s]   ext: clicked Templates
[ 367s]   ext: locating "comfyui-depthanythingv3" section in Templates panel
[ 369s]   ext: clicked comfyui-depthanythingv3 section
[ 371s]   ext: clicking template advanced_3d_multiview
[ 373s]   ext: clicked template advanced_3d_multiview
[ 378s]   ext: installing WS execution listener
[ 378s]   ext: clicking Run
[ 379s]   ext: clicked Run
[ 379s]   ext: waiting for execution_success / execution_error
[ 432s]   ext: WS events=39 elapsed=53s
[ 432s]     ws: {'type': 'progress_state', 'ts': 1778451596625}
[ 432s]     ws: {'type': 'executing', 'ts': 1778451596625}
[ 432s]     ws: {'type': 'executed', 'ts': 1778451597113}
[ 432s]     ws: {'type': 'progress_state', 'ts': 1778451597135}
[ 432s]     ws: {'type': 'progress_state', 'ts': 1778451597139}
[ 432s]     ws: {'type': 'executing', 'ts': 1778451597140}
[ 432s]     ws: {'type': 'executed', 'ts': 1778451597251}
[ 432s]     ws: {'type': 'progress_state', 'ts': 1778451597279}
[ 432s]     ws: {'type': 'progress_state', 'ts': 1778451597283}
[ 432s]     ws: {'type': 'executing', 'ts': 1778451597283}
[ 432s]     ws: {'type': 'executed', 'ts': 1778451597296}
[ 432s]     ws: {'type': 'progress_state', 'ts': 1778451597301}
[ 432s]     ws: {'type': 'execution_success', 'ts': 1778451597406}
[ 432s]     ws: {'type': 'status', 'ts': 1778451600525}
[ 432s]     ws: {'type': 'executing', 'ts': 1778451600525}
[ 432s]   ext: execution_success after 53s
[ 437s]   loop: full restart for workflow 3/4 (advanced)
[ 437s]   loop: closing current browser
[ 438s]   loop: killing ComfyUI process
[ 443s]   loop: launching ComfyUI with --remote-debugging-port=0
[ 443s]   loop: waiting for DevToolsActivePort at /Users/runner/Library/Application Support/ComfyUI/DevToolsActivePort
[ 445s]   loop: DevToolsActivePort -> 50111 after 3s
[ 445s]   loop: reconnecting Playwright on port 50111
[ 446s]   loop: attached to file:///Users/runner/.comfy-test-cache/desktop/ComfyUI.app/Contents/Resources/desktop-ui/index.html#/server-start
[ 454s]   loop: server ready after 7s
[ 457s]   loop: canvas ready after 3s
[ 457s]   loop: forcing renderer reload
[ 460s]   loop: canvas ready after 2s
[ 463s]   ext: closing Nodes Manager dialog
[ 463s]   ext: dismissing What's New popup
[ 463s]   ext: What's New popup not present
[ 463s]   ext: dismissing Node Pack Issues modal (if present)
[ 463s]   ext: Node Pack Issues modal not present
[ 463s]   ext: opening Templates sidebar
[ 464s]   ext: clicked Templates
[ 468s]   ext: locating "comfyui-depthanythingv3" section in Templates panel
[ 470s]   ext: clicked comfyui-depthanythingv3 section
[ 472s]   ext: clicking template advanced
[ 475s]   ext: clicked template advanced
[ 480s]   ext: installing WS execution listener
[ 480s]   ext: clicking Run
[ 481s]   ext: clicked Run
[ 481s]   ext: waiting for execution_success / execution_error
[ 503s]   ext: WS events=48 elapsed=22s
[ 503s]     ws: {'type': 'executed', 'ts': 1778451673094}
[ 503s]     ws: {'type': 'progress_state', 'ts': 1778451673107}
[ 503s]     ws: {'type': 'progress_state', 'ts': 1778451673109}
[ 503s]     ws: {'type': 'executing', 'ts': 1778451673110}
[ 503s]     ws: {'type': 'executed', 'ts': 1778451673118}
[ 503s]     ws: {'type': 'progress_state', 'ts': 1778451673122}
[ 503s]     ws: {'type': 'progress_state', 'ts': 1778451673126}
[ 503s]     ws: {'type': 'executing', 'ts': 1778451673126}
[ 503s]     ws: {'type': 'executed', 'ts': 1778451673130}
[ 503s]     ws: {'type': 'progress_state', 'ts': 1778451673138}
[ 503s]     ws: {'type': 'progress_state', 'ts': 1778451673151}
[ 503s]     ws: {'type': 'executing', 'ts': 1778451673152}
[ 503s]     ws: {'type': 'executed', 'ts': 1778451673259}
[ 503s]     ws: {'type': 'progress_state', 'ts': 1778451673272}
[ 503s]     ws: {'type': 'execution_success', 'ts': 1778451673281}
[ 503s]   ext: execution_success after 22s
[ 508s]   loop: full restart for workflow 4/4 (advanced_3d)
[ 508s]   loop: closing current browser
[ 508s]   loop: killing ComfyUI process
[ 514s]   loop: launching ComfyUI with --remote-debugging-port=0
[ 514s]   loop: waiting for DevToolsActivePort at /Users/runner/Library/Application Support/ComfyUI/DevToolsActivePort
[ 515s]   loop: DevToolsActivePort -> 50240 after 2s
[ 515s]   loop: reconnecting Playwright on port 50240
[ 516s]   loop: attached to file:///Users/runner/.comfy-test-cache/desktop/ComfyUI.app/Contents/Resources/desktop-ui/index.html#/server-start
[ 524s]   loop: server ready after 8s
[ 527s]   loop: canvas ready after 2s
[ 527s]   loop: forcing renderer reload
[ 529s]   loop: canvas ready after 2s
[ 532s]   ext: closing Nodes Manager dialog
[ 532s]   ext: dismissing What's New popup
[ 532s]   ext: What's New popup not present
[ 532s]   ext: dismissing Node Pack Issues modal (if present)
[ 532s]   ext: Node Pack Issues modal not present
[ 532s]   ext: opening Templates sidebar
[ 533s]   ext: clicked Templates
[ 537s]   ext: locating "comfyui-depthanythingv3" section in Templates panel
[ 539s]   ext: clicked comfyui-depthanythingv3 section
[ 541s]   ext: clicking template advanced_3d
[ 543s]   ext: clicked template advanced_3d
[ 548s]   ext: installing WS execution listener
[ 548s]   ext: clicking Run
[ 548s]   ext: clicked Run
[ 548s]   ext: waiting for execution_success / execution_error
[ 572s]   ext: WS events=29 elapsed=23s
[ 572s]     ws: {'type': 'progress_state', 'ts': 1778451737242}
[ 572s]     ws: {'type': 'progress_state', 'ts': 1778451737248}
[ 572s]     ws: {'type': 'executing', 'ts': 1778451737249}
[ 572s]     ws: {'type': 'progress_state', 'ts': 1778451737356}
[ 572s]     ws: {'type': 'progress_state', 'ts': 1778451737360}
[ 572s]     ws: {'type': 'executing', 'ts': 1778451737360}
[ 572s]     ws: {'type': 'executed', 'ts': 1778451739174}
[ 572s]     ws: {'type': 'progress_state', 'ts': 1778451739175}
[ 572s]     ws: {'type': 'progress_state', 'ts': 1778451739178}
[ 572s]     ws: {'type': 'executing', 'ts': 1778451739179}
[ 572s]     ws: {'type': 'executed', 'ts': 1778451739187}
[ 572s]     ws: {'type': 'progress_state', 'ts': 1778451739190}
[ 572s]     ws: {'type': 'execution_success', 'ts': 1778451739195}
[ 572s]     ws: {'type': 'status', 'ts': 1778451739222}
[ 572s]     ws: {'type': 'executing', 'ts': 1778451739227}
[ 572s]   ext: execution_success after 23s
[ 577s] Captured 694 frames
[ 577s] Wrote /Users/runner/work/comfy-gpu-ci/comfy-gpu-ci/comfy-test-logs/DepthAnythingV3-2212/dev/macos-desktop/results.json (4 workflow(s), sha=60df8ca23b4d)
ffmpeg version 7.1 Copyright (c) 2000-2024 the FFmpeg developers
  built with Apple clang version 13.1.6 (clang-1316.0.21.2.5)
  configuration: --prefix=/Volumes/tempdisk/sw --extra-cflags=-fno-stack-check --arch=arm64 --cc=/usr/bin/clang --enable-gpl --enable-libvmaf --enable-libopenjpeg --enable-libopus --enable-libmp3lame --enable-libx264 --enable-libx265 --enable-libvpx --enable-libwebp --enable-libass --enable-libfreetype --enable-fontconfig --enable-libtheora --enable-libvorbis --enable-libsnappy --enable-libaom --enable-libvidstab --enable-libzimg --enable-libsvtav1 --enable-libharfbuzz --enable-libkvazaar --pkg-config-flags=--static --enable-ffplay --enable-postproc --enable-neon --enable-runtime-cpudetect --disable-indev=qtkit --disable-indev=x11grab_xcb
  libavutil      59. 39.100 / 59. 39.100
  libavcodec     61. 19.100 / 61. 19.100
  libavformat    61.  7.100 / 61.  7.100
  libavdevice    61.  3.100 / 61.  3.100
  libavfilter    10.  4.100 / 10.  4.100
  libswscale      8.  3.100 /  8.  3.100
  libswresample   5.  3.100 /  5.  3.100
  libpostproc    58.  3.100 / 58.  3.100
Input #0, image2, from '/Users/runner/work/comfy-gpu-ci/comfy-gpu-ci/comfy-test-logs/DepthAnythingV3-2212/dev/macos-desktop/debug/electron_inspect/frames/frame_%06d.png':
  Duration: 00:02:18.80, start: 0.000000, bitrate: N/A
  Stream #0:0: Video: png, rgb24(pc, gbr/bt709/iec61966-2-1), 1024x653, 5 fps, 5 tbr, 5 tbn
Stream mapping:
  Stream #0:0 -> #0:0 (png (native) -> h264 (libx264))
Press [q] to stop, [?] for help
[libx264 @ 0x159607b90] using cpu capabilities: ARMv8 NEON
[libx264 @ 0x159607b90] profile High, level 3.1, 4:2:0, 8-bit
[libx264 @ 0x159607b90] 264 - core 164 r3190 7ed753b - H.264/MPEG-4 AVC codec - Copyleft 2003-2024 - http://www.videolan.org/x264.html - options: cabac=1 ref=3 deblock=1:0:0 analyse=0x3:0x113 me=hex subme=7 psy=1 psy_rd=1.00:0.00 mixed_ref=1 me_range=16 chroma_me=1 trellis=1 8x8dct=1 cqm=0 deadzone=21,11 fast_pskip=1 chroma_qp_offset=-2 threads=4 lookahead_threads=1 sliced_threads=0 nr=0 decimate=1 interlaced=0 bluray_compat=0 constrained_intra=0 bframes=3 b_pyramid=2 b_adapt=1 b_bias=0 direct=1 weightb=1 open_gop=0 weightp=2 keyint=250 keyint_min=5 scenecut=40 intra_refresh=0 rc_lookahead=40 rc=crf mbtree=1 crf=23.0 qcomp=0.60 qpmin=0 qpmax=69 qpstep=4 ip_ratio=1.40 aq=1:1.00
Output #0, mp4, to '/Users/runner/work/comfy-gpu-ci/comfy-gpu-ci/comfy-test-logs/DepthAnythingV3-2212/dev/macos-desktop/debug/electron_inspect/driver.mp4':
  Metadata:
    encoder         : Lavf61.7.100
  Stream #0:0: Video: h264 (avc1 / 0x31637661), yuv420p(tv, unknown/bt709/iec61966-2-1, progressive), 1024x654, q=2-31, 5 fps, 10240 tbn
      Metadata:
        encoder         : Lavc61.19.100 libx264
      Side data:
        cpb: bitrate max/min/avg: 0/0/0 buffer size: 0 vbv_delay: N/A
frame=   73 fps=0.0 q=23.0 size=     256KiB time=00:00:14.20 bitrate= 147.7kbits/s speed=24.6x    
frame=  204 fps=175 q=23.0 size=     512KiB time=00:00:40.40 bitrate= 103.8kbits/s speed=34.7x    
frame=  320 fps=192 q=23.0 size=     768KiB time=00:01:03.60 bitrate=  98.9kbits/s speed=38.1x    
frame=  422 fps=193 q=23.0 size=    1024KiB time=00:01:24.00 bitrate=  99.9kbits/s speed=38.5x    
frame=  517 fps=188 q=23.0 size=    1536KiB time=00:01:43.00 bitrate= 122.2kbits/s speed=37.5x    
frame=  612 fps=180 q=23.0 size=    2304KiB time=00:02:02.00 bitrate= 154.7kbits/s speed=35.9x    
[out#0/mp4 @ 0x600002d780c0] video:2589KiB audio:0KiB subtitle:0KiB other streams:0KiB global headers:0KiB muxing overhead: 0.343824%
frame=  694 fps=190 q=-1.0 Lsize=    2598KiB time=00:02:18.40 bitrate= 153.8kbits/s speed=  38x    
[libx264 @ 0x159607b90] frame I:20    Avg QP: 8.85  size: 41751
[libx264 @ 0x159607b90] frame P:200   Avg QP:16.10  size:  5545
[libx264 @ 0x159607b90] frame B:474   Avg QP:21.43  size:  1490
[libx264 @ 0x159607b90] consecutive B-frames:  5.9%  6.9%  6.5% 80.7%
[libx264 @ 0x159607b90] mb I  I16..4: 54.7% 19.1% 26.1%
[libx264 @ 0x159607b90] mb P  I16..4:  2.6%  3.3%  3.4%  P16..4:  2.7%  1.0%  0.7%  0.0%  0.0%    skip:86.2%
[libx264 @ 0x159607b90] mb B  I16..4:  0.7%  0.5%  0.4%  B16..8:  4.3%  0.9%  0.4%  direct: 0.3%  skip:92.5%  L0:52.4% L1:42.3% BI: 5.3%
[libx264 @ 0x159607b90] 8x8 transform intra:27.6% inter:50.6%
[libx264 @ 0x159607b90] coded y,uvDC,uvAC intra: 37.4% 20.8% 16.7% inter: 1.6% 1.2% 0.3%
[libx264 @ 0x159607b90] i16 v,h,dc,p: 66% 31%  1%  2%
[libx264 @ 0x159607b90] i8 v,h,dc,ddl,ddr,vr,hd,vl,hu: 33% 19% 30%  2%  3%  3%  3%  3%  5%
[libx264 @ 0x159607b90] i4 v,h,dc,ddl,ddr,vr,hd,vl,hu: 32% 29% 18%  2%  4%  3%  4%  3%  4%
[libx264 @ 0x159607b90] i8c dc,h,v,p: 78% 12%  7%  3%
[libx264 @ 0x159607b90] Weighted P-Frames: Y:0.5% UV:0.5%
[libx264 @ 0x159607b90] ref P L0: 59.1%  3.5% 19.2% 18.2%
[libx264 @ 0x159607b90] ref B L0: 71.4% 25.4%  3.1%
[libx264 @ 0x159607b90] ref B L1: 95.6%  4.4%
[libx264 @ 0x159607b90] kb/s:152.76
[ 581s] Wrote /Users/runner/work/comfy-gpu-ci/comfy-gpu-ci/comfy-test-logs/DepthAnythingV3-2212/dev/macos-desktop/debug/electron_inspect/driver.mp4
ffmpeg version 7.1 Copyright (c) 2000-2024 the FFmpeg developers
  built with Apple clang version 13.1.6 (clang-1316.0.21.2.5)
  configuration: --prefix=/Volumes/tempdisk/sw --extra-cflags=-fno-stack-check --arch=arm64 --cc=/usr/bin/clang --enable-gpl --enable-libvmaf --enable-libopenjpeg --enable-libopus --enable-libmp3lame --enable-libx264 --enable-libx265 --enable-libvpx --enable-libwebp --enable-libass --enable-libfreetype --enable-fontconfig --enable-libtheora --enable-libvorbis --enable-libsnappy --enable-libaom --enable-libvidstab --enable-libzimg --enable-libsvtav1 --enable-libharfbuzz --enable-libkvazaar --pkg-config-flags=--static --enable-ffplay --enable-postproc --enable-neon --enable-runtime-cpudetect --disable-indev=qtkit --disable-indev=x11grab_xcb
  libavutil      59. 39.100 / 59. 39.100
  libavcodec     61. 19.100 / 61. 19.100
  libavformat    61.  7.100 / 61.  7.100
  libavdevice    61.  3.100 / 61.  3.100
  libavfilter    10.  4.100 / 10.  4.100
  libswscale      8.  3.100 /  8.  3.100
  libswresample   5.  3.100 /  5.  3.100
  libpostproc    58.  3.100 / 58.  3.100
Input #0, image2, from '/Users/runner/work/comfy-gpu-ci/comfy-gpu-ci/comfy-test-logs/DepthAnythingV3-2212/dev/macos-desktop/debug/electron_inspect/frames/frame_%06d.png':
  Duration: 00:01:08.20, start: 0.000000, bitrate: N/A
  Stream #0:0: Video: png, rgb24(pc, gbr/bt709/iec61966-2-1), 1024x653, 5 fps, 5 tbr, 5 tbn
Stream mapping:
  Stream #0:0 -> #0:0 (png (native) -> h264 (libx264))
Press [q] to stop, [?] for help
[libx264 @ 0x148005070] using cpu capabilities: ARMv8 NEON
[libx264 @ 0x148005070] profile High, level 3.1, 4:2:0, 8-bit
[libx264 @ 0x148005070] 264 - core 164 r3190 7ed753b - H.264/MPEG-4 AVC codec - Copyleft 2003-2024 - http://www.videolan.org/x264.html - options: cabac=1 ref=3 deblock=1:0:0 analyse=0x3:0x113 me=hex subme=7 psy=1 psy_rd=1.00:0.00 mixed_ref=1 me_range=16 chroma_me=1 trellis=1 8x8dct=1 cqm=0 deadzone=21,11 fast_pskip=1 chroma_qp_offset=-2 threads=4 lookahead_threads=1 sliced_threads=0 nr=0 decimate=1 interlaced=0 bluray_compat=0 constrained_intra=0 bframes=3 b_pyramid=2 b_adapt=1 b_bias=0 direct=1 weightb=1 open_gop=0 weightp=2 keyint=250 keyint_min=5 scenecut=40 intra_refresh=0 rc_lookahead=40 rc=crf mbtree=1 crf=23.0 qcomp=0.60 qpmin=0 qpmax=69 qpstep=4 ip_ratio=1.40 aq=1:1.00
Output #0, mp4, to '/Users/runner/work/comfy-gpu-ci/comfy-gpu-ci/comfy-test-logs/DepthAnythingV3-2212/dev/macos-desktop/videos/simple/driver.mp4':
  Metadata:
    encoder         : Lavf61.7.100
  Stream #0:0: Video: h264 (avc1 / 0x31637661), yuv420p(tv, unknown/bt709/iec61966-2-1, progressive), 1024x654, q=2-31, 5 fps, 10240 tbn
      Metadata:
        encoder         : Lavc61.19.100 libx264
      Side data:
        cpb: bitrate max/min/avg: 0/0/0 buffer size: 0 vbv_delay: N/A
[out#0/mp4 @ 0x600002230000] video:77KiB audio:0KiB subtitle:0KiB other streams:0KiB global headers:0KiB muxing overhead: 2.113846%
frame=   67 fps=0.0 q=-1.0 Lsize=      79KiB time=00:00:13.00 bitrate=  49.6kbits/s speed=34.3x    
[libx264 @ 0x148005070] frame I:1     Avg QP:10.64  size: 45587
[libx264 @ 0x148005070] frame P:17    Avg QP:13.95  size:  1247
[libx264 @ 0x148005070] frame B:49    Avg QP:22.24  size:   233
[libx264 @ 0x148005070] consecutive B-frames:  1.5%  3.0%  0.0% 95.5%
[libx264 @ 0x148005070] mb I  I16..4: 58.5% 14.7% 26.9%
[libx264 @ 0x148005070] mb P  I16..4:  1.0%  0.2%  0.5%  P16..4:  1.2%  0.2%  0.1%  0.0%  0.0%    skip:96.7%
[libx264 @ 0x148005070] mb B  I16..4:  0.0%  0.0%  0.0%  B16..8:  5.8%  0.3%  0.0%  direct: 0.0%  skip:93.9%  L0:50.1% L1:49.8% BI: 0.1%
[libx264 @ 0x148005070] 8x8 transform intra:14.5% inter:54.3%
[libx264 @ 0x148005070] coded y,uvDC,uvAC intra: 33.2% 12.1% 9.5% inter: 0.2% 0.1% 0.1%
[libx264 @ 0x148005070] i16 v,h,dc,p: 62% 38%  0%  0%
[libx264 @ 0x148005070] i8 v,h,dc,ddl,ddr,vr,hd,vl,hu: 15% 18% 64%  1%  0%  0%  0%  1%  1%
[libx264 @ 0x148005070] i4 v,h,dc,ddl,ddr,vr,hd,vl,hu: 33% 32% 18%  2%  3%  3%  3%  2%  4%
[libx264 @ 0x148005070] i8c dc,h,v,p: 73% 19%  8%  1%
[libx264 @ 0x148005070] Weighted P-Frames: Y:0.0% UV:0.0%
[libx264 @ 0x148005070] ref P L0: 82.2%  1.0% 14.3%  2.4%
[libx264 @ 0x148005070] ref B L0: 50.6% 48.9%  0.6%
[libx264 @ 0x148005070] ref B L1: 98.1%  1.9%
[libx264 @ 0x148005070] kb/s:46.67
[ 582s]   videos/simple/driver.mp4 placed (frames 354..420)
[ 582s]   screenshots/simple_executed.png placed
ffmpeg version 7.1 Copyright (c) 2000-2024 the FFmpeg developers
  built with Apple clang version 13.1.6 (clang-1316.0.21.2.5)
  configuration: --prefix=/Volumes/tempdisk/sw --extra-cflags=-fno-stack-check --arch=arm64 --cc=/usr/bin/clang --enable-gpl --enable-libvmaf --enable-libopenjpeg --enable-libopus --enable-libmp3lame --enable-libx264 --enable-libx265 --enable-libvpx --enable-libwebp --enable-libass --enable-libfreetype --enable-fontconfig --enable-libtheora --enable-libvorbis --enable-libsnappy --enable-libaom --enable-libvidstab --enable-libzimg --enable-libsvtav1 --enable-libharfbuzz --enable-libkvazaar --pkg-config-flags=--static --enable-ffplay --enable-postproc --enable-neon --enable-runtime-cpudetect --disable-indev=qtkit --disable-indev=x11grab_xcb
  libavutil      59. 39.100 / 59. 39.100
  libavcodec     61. 19.100 / 61. 19.100
  libavformat    61.  7.100 / 61.  7.100
  libavdevice    61.  3.100 / 61.  3.100
  libavfilter    10.  4.100 / 10.  4.100
  libswscale      8.  3.100 /  8.  3.100
  libswresample   5.  3.100 /  5.  3.100
  libpostproc    58.  3.100 / 58.  3.100
Input #0, image2, from '/Users/runner/work/comfy-gpu-ci/comfy-gpu-ci/comfy-test-logs/DepthAnythingV3-2212/dev/macos-desktop/debug/electron_inspect/frames/frame_%06d.png':
  Duration: 00:00:47.40, start: 0.000000, bitrate: N/A
  Stream #0:0: Video: png, rgb24(pc, gbr/bt709/iec61966-2-1), 1024x653, 5 fps, 5 tbr, 5 tbn
Stream mapping:
  Stream #0:0 -> #0:0 (png (native) -> h264 (libx264))
Press [q] to stop, [?] for help
[libx264 @ 0x15a805070] using cpu capabilities: ARMv8 NEON
[libx264 @ 0x15a805070] profile High, level 3.1, 4:2:0, 8-bit
[libx264 @ 0x15a805070] 264 - core 164 r3190 7ed753b - H.264/MPEG-4 AVC codec - Copyleft 2003-2024 - http://www.videolan.org/x264.html - options: cabac=1 ref=3 deblock=1:0:0 analyse=0x3:0x113 me=hex subme=7 psy=1 psy_rd=1.00:0.00 mixed_ref=1 me_range=16 chroma_me=1 trellis=1 8x8dct=1 cqm=0 deadzone=21,11 fast_pskip=1 chroma_qp_offset=-2 threads=4 lookahead_threads=1 sliced_threads=0 nr=0 decimate=1 interlaced=0 bluray_compat=0 constrained_intra=0 bframes=3 b_pyramid=2 b_adapt=1 b_bias=0 direct=1 weightb=1 open_gop=0 weightp=2 keyint=250 keyint_min=5 scenecut=40 intra_refresh=0 rc_lookahead=40 rc=crf mbtree=1 crf=23.0 qcomp=0.60 qpmin=0 qpmax=69 qpstep=4 ip_ratio=1.40 aq=1:1.00
Output #0, mp4, to '/Users/runner/work/comfy-gpu-ci/comfy-gpu-ci/comfy-test-logs/DepthAnythingV3-2212/dev/macos-desktop/videos/advanced_3d_multiview/driver.mp4':
  Metadata:
    encoder         : Lavf61.7.100
  Stream #0:0: Video: h264 (avc1 / 0x31637661), yuv420p(tv, unknown/bt709/iec61966-2-1, progressive), 1024x654, q=2-31, 5 fps, 10240 tbn
      Metadata:
        encoder         : Lavc61.19.100 libx264
      Side data:
        cpb: bitrate max/min/avg: 0/0/0 buffer size: 0 vbv_delay: N/A
[out#0/mp4 @ 0x600000a40000] video:90KiB audio:0KiB subtitle:0KiB other streams:0KiB global headers:0KiB muxing overhead: 1.714298%
frame=   60 fps=0.0 q=-1.0 Lsize=      92KiB time=00:00:11.60 bitrate=  64.8kbits/s speed=52.9x    
[libx264 @ 0x15a805070] frame I:2     Avg QP:11.54  size: 30401
[libx264 @ 0x15a805070] frame P:15    Avg QP:16.01  size:  1714
[libx264 @ 0x15a805070] frame B:43    Avg QP:21.19  size:   120
[libx264 @ 0x15a805070] consecutive B-frames:  3.3%  3.3%  0.0% 93.3%
[libx264 @ 0x15a805070] mb I  I16..4: 51.8% 26.1% 22.1%
[libx264 @ 0x15a805070] mb P  I16..4:  0.6%  0.5%  0.6%  P16..4:  0.9%  0.2%  0.1%  0.0%  0.0%    skip:97.2%
[libx264 @ 0x15a805070] mb B  I16..4:  0.1%  0.0%  0.0%  B16..8:  1.0%  0.1%  0.0%  direct: 0.0%  skip:98.7%  L0:61.6% L1:37.6% BI: 0.8%
[libx264 @ 0x15a805070] 8x8 transform intra:26.4% inter:47.0%
[libx264 @ 0x15a805070] coded y,uvDC,uvAC intra: 15.1% 13.6% 10.7% inter: 0.1% 0.2% 0.1%
[libx264 @ 0x15a805070] i16 v,h,dc,p: 63% 34%  0%  3%
[libx264 @ 0x15a805070] i8 v,h,dc,ddl,ddr,vr,hd,vl,hu: 61% 21% 14%  0%  1%  1%  0%  0%  1%
[libx264 @ 0x15a805070] i4 v,h,dc,ddl,ddr,vr,hd,vl,hu: 32% 34% 17%  2%  3%  2%  3%  2%  4%
[libx264 @ 0x15a805070] i8c dc,h,v,p: 77% 14%  6%  3%
[libx264 @ 0x15a805070] Weighted P-Frames: Y:0.0% UV:0.0%
[libx264 @ 0x15a805070] ref P L0: 85.1%  3.3%  9.5%  2.0%
[libx264 @ 0x15a805070] ref B L0: 82.2% 16.2%  1.6%
[libx264 @ 0x15a805070] ref B L1: 95.5%  4.5%
[libx264 @ 0x15a805070] kb/s:61.10
[ 582s]   videos/advanced_3d_multiview/driver.mp4 placed (frames 458..517)
[ 582s]   screenshots/advanced_3d_multiview_executed.png placed
ffmpeg version 7.1 Copyright (c) 2000-2024 the FFmpeg developers
  built with Apple clang version 13.1.6 (clang-1316.0.21.2.5)
  configuration: --prefix=/Volumes/tempdisk/sw --extra-cflags=-fno-stack-check --arch=arm64 --cc=/usr/bin/clang --enable-gpl --enable-libvmaf --enable-libopenjpeg --enable-libopus --enable-libmp3lame --enable-libx264 --enable-libx265 --enable-libvpx --enable-libwebp --enable-libass --enable-libfreetype --enable-fontconfig --enable-libtheora --enable-libvorbis --enable-libsnappy --enable-libaom --enable-libvidstab --enable-libzimg --enable-libsvtav1 --enable-libharfbuzz --enable-libkvazaar --pkg-config-flags=--static --enable-ffplay --enable-postproc --enable-neon --enable-runtime-cpudetect --disable-indev=qtkit --disable-indev=x11grab_xcb
  libavutil      59. 39.100 / 59. 39.100
  libavcodec     61. 19.100 / 61. 19.100
  libavformat    61.  7.100 / 61.  7.100
  libavdevice    61.  3.100 / 61.  3.100
  libavfilter    10.  4.100 / 10.  4.100
  libswscale      8.  3.100 /  8.  3.100
  libswresample   5.  3.100 /  5.  3.100
  libpostproc    58.  3.100 / 58.  3.100
Input #0, image2, from '/Users/runner/work/comfy-gpu-ci/comfy-gpu-ci/comfy-test-logs/DepthAnythingV3-2212/dev/macos-desktop/debug/electron_inspect/frames/frame_%06d.png':
  Duration: 00:00:28.20, start: 0.000000, bitrate: N/A
  Stream #0:0: Video: png, rgb24(pc, gbr/bt709/iec61966-2-1), 1024x653, 5 fps, 5 tbr, 5 tbn
Stream mapping:
  Stream #0:0 -> #0:0 (png (native) -> h264 (libx264))
Press [q] to stop, [?] for help
[libx264 @ 0x141e08220] using cpu capabilities: ARMv8 NEON
[libx264 @ 0x141e08220] profile High, level 3.1, 4:2:0, 8-bit
[libx264 @ 0x141e08220] 264 - core 164 r3190 7ed753b - H.264/MPEG-4 AVC codec - Copyleft 2003-2024 - http://www.videolan.org/x264.html - options: cabac=1 ref=3 deblock=1:0:0 analyse=0x3:0x113 me=hex subme=7 psy=1 psy_rd=1.00:0.00 mixed_ref=1 me_range=16 chroma_me=1 trellis=1 8x8dct=1 cqm=0 deadzone=21,11 fast_pskip=1 chroma_qp_offset=-2 threads=4 lookahead_threads=1 sliced_threads=0 nr=0 decimate=1 interlaced=0 bluray_compat=0 constrained_intra=0 bframes=3 b_pyramid=2 b_adapt=1 b_bias=0 direct=1 weightb=1 open_gop=0 weightp=2 keyint=250 keyint_min=5 scenecut=40 intra_refresh=0 rc_lookahead=40 rc=crf mbtree=1 crf=23.0 qcomp=0.60 qpmin=0 qpmax=69 qpstep=4 ip_ratio=1.40 aq=1:1.00
Output #0, mp4, to '/Users/runner/work/comfy-gpu-ci/comfy-gpu-ci/comfy-test-logs/DepthAnythingV3-2212/dev/macos-desktop/videos/advanced/driver.mp4':
  Metadata:
    encoder         : Lavf61.7.100
  Stream #0:0: Video: h264 (avc1 / 0x31637661), yuv420p(tv, unknown/bt709/iec61966-2-1, progressive), 1024x654, q=2-31, 5 fps, 10240 tbn
      Metadata:
        encoder         : Lavc61.19.100 libx264
      Side data:
        cpb: bitrate max/min/avg: 0/0/0 buffer size: 0 vbv_delay: N/A
[out#0/mp4 @ 0x6000013c83c0] video:123KiB audio:0KiB subtitle:0KiB other streams:0KiB global headers:0KiB muxing overhead: 1.158885%
frame=   50 fps=0.0 q=-1.0 Lsize=     125KiB time=00:00:09.60 bitrate= 106.4kbits/s speed=38.4x    
[libx264 @ 0x141e08220] frame I:2     Avg QP:12.98  size: 40635
[libx264 @ 0x141e08220] frame P:13    Avg QP:15.25  size:  2676
[libx264 @ 0x141e08220] frame B:35    Avg QP:22.45  size:   271
[libx264 @ 0x141e08220] consecutive B-frames:  4.0%  8.0%  0.0% 88.0%
[libx264 @ 0x141e08220] mb I  I16..4: 45.5% 27.1% 27.4%
[libx264 @ 0x141e08220] mb P  I16..4:  1.5%  0.4%  1.3%  P16..4:  1.5%  0.3%  0.1%  0.0%  0.0%    skip:94.9%
[libx264 @ 0x141e08220] mb B  I16..4:  0.2%  0.1%  0.0%  B16..8:  4.0%  0.1%  0.0%  direct: 0.1%  skip:95.4%  L0:48.2% L1:51.7% BI: 0.1%
[libx264 @ 0x141e08220] 8x8 transform intra:25.1% inter:57.6%
[libx264 @ 0x141e08220] coded y,uvDC,uvAC intra: 28.3% 17.3% 12.8% inter: 0.2% 0.4% 0.1%
[libx264 @ 0x141e08220] i16 v,h,dc,p: 50% 45%  0%  5%
[libx264 @ 0x141e08220] i8 v,h,dc,ddl,ddr,vr,hd,vl,hu: 53% 17% 24%  0%  1%  2%  1%  0%  1%
[libx264 @ 0x141e08220] i4 v,h,dc,ddl,ddr,vr,hd,vl,hu: 35% 32% 15%  2%  3%  3%  3%  2%  3%
[libx264 @ 0x141e08220] i8c dc,h,v,p: 70% 18%  8%  4%
[libx264 @ 0x141e08220] Weighted P-Frames: Y:0.0% UV:0.0%
[libx264 @ 0x141e08220] ref P L0: 86.2%  1.0%  9.8%  2.9%
[libx264 @ 0x141e08220] ref B L0: 51.5% 48.2%  0.3%
[libx264 @ 0x141e08220] ref B L1: 97.0%  3.0%
[libx264 @ 0x141e08220] kb/s:100.44
[ 582s]   videos/advanced/driver.mp4 placed (frames 554..603)
[ 582s]   screenshots/advanced_executed.png placed
ffmpeg version 7.1 Copyright (c) 2000-2024 the FFmpeg developers
  built with Apple clang version 13.1.6 (clang-1316.0.21.2.5)
  configuration: --prefix=/Volumes/tempdisk/sw --extra-cflags=-fno-stack-check --arch=arm64 --cc=/usr/bin/clang --enable-gpl --enable-libvmaf --enable-libopenjpeg --enable-libopus --enable-libmp3lame --enable-libx264 --enable-libx265 --enable-libvpx --enable-libwebp --enable-libass --enable-libfreetype --enable-fontconfig --enable-libtheora --enable-libvorbis --enable-libsnappy --enable-libaom --enable-libvidstab --enable-libzimg --enable-libsvtav1 --enable-libharfbuzz --enable-libkvazaar --pkg-config-flags=--static --enable-ffplay --enable-postproc --enable-neon --enable-runtime-cpudetect --disable-indev=qtkit --disable-indev=x11grab_xcb
  libavutil      59. 39.100 / 59. 39.100
  libavcodec     61. 19.100 / 61. 19.100
  libavformat    61.  7.100 / 61.  7.100
  libavdevice    61.  3.100 / 61.  3.100
  libavfilter    10.  4.100 / 10.  4.100
  libswscale      8.  3.100 /  8.  3.100
  libswresample   5.  3.100 /  5.  3.100
  libpostproc    58.  3.100 / 58.  3.100
Input #0, image2, from '/Users/runner/work/comfy-gpu-ci/comfy-gpu-ci/comfy-test-logs/DepthAnythingV3-2212/dev/macos-desktop/debug/electron_inspect/frames/frame_%06d.png':
  Duration: 00:00:11.20, start: 0.000000, bitrate: N/A
  Stream #0:0: Video: png, rgb24(pc, gbr/bt709/iec61966-2-1), 1024x653, 5 fps, 5 tbr, 5 tbn
Stream mapping:
  Stream #0:0 -> #0:0 (png (native) -> h264 (libx264))
Press [q] to stop, [?] for help
[libx264 @ 0x150706140] using cpu capabilities: ARMv8 NEON
[libx264 @ 0x150706140] profile High, level 3.1, 4:2:0, 8-bit
[libx264 @ 0x150706140] 264 - core 164 r3190 7ed753b - H.264/MPEG-4 AVC codec - Copyleft 2003-2024 - http://www.videolan.org/x264.html - options: cabac=1 ref=3 deblock=1:0:0 analyse=0x3:0x113 me=hex subme=7 psy=1 psy_rd=1.00:0.00 mixed_ref=1 me_range=16 chroma_me=1 trellis=1 8x8dct=1 cqm=0 deadzone=21,11 fast_pskip=1 chroma_qp_offset=-2 threads=4 lookahead_threads=1 sliced_threads=0 nr=0 decimate=1 interlaced=0 bluray_compat=0 constrained_intra=0 bframes=3 b_pyramid=2 b_adapt=1 b_bias=0 direct=1 weightb=1 open_gop=0 weightp=2 keyint=250 keyint_min=5 scenecut=40 intra_refresh=0 rc_lookahead=40 rc=crf mbtree=1 crf=23.0 qcomp=0.60 qpmin=0 qpmax=69 qpstep=4 ip_ratio=1.40 aq=1:1.00
Output #0, mp4, to '/Users/runner/work/comfy-gpu-ci/comfy-gpu-ci/comfy-test-logs/DepthAnythingV3-2212/dev/macos-desktop/videos/advanced_3d/driver.mp4':
  Metadata:
    encoder         : Lavf61.7.100
  Stream #0:0: Video: h264 (avc1 / 0x31637661), yuv420p(tv, unknown/bt709/iec61966-2-1, progressive), 1024x654, q=2-31, 5 fps, 10240 tbn
      Metadata:
        encoder         : Lavc61.19.100 libx264
      Side data:
        cpb: bitrate max/min/avg: 0/0/0 buffer size: 0 vbv_delay: N/A
[out#0/mp4 @ 0x60000236c000] video:93KiB audio:0KiB subtitle:0KiB other streams:0KiB global headers:0KiB muxing overhead: 1.619694%
frame=   56 fps=0.0 q=-1.0 Lsize=      94KiB time=00:00:10.80 bitrate=  71.3kbits/s speed=50.9x    
[libx264 @ 0x150706140] frame I:2     Avg QP:11.54  size: 33084
[libx264 @ 0x150706140] frame P:15    Avg QP:16.09  size:  1409
[libx264 @ 0x150706140] frame B:39    Avg QP:22.28  size:   174
[libx264 @ 0x150706140] consecutive B-frames:  3.6% 10.7%  0.0% 85.7%
[libx264 @ 0x150706140] mb I  I16..4: 54.4% 21.9% 23.7%
[libx264 @ 0x150706140] mb P  I16..4:  1.0%  0.6%  0.6%  P16..4:  1.0%  0.2%  0.1%  0.0%  0.0%    skip:96.6%
[libx264 @ 0x150706140] mb B  I16..4:  0.1%  0.0%  0.0%  B16..8:  1.1%  0.0%  0.0%  direct: 0.0%  skip:98.6%  L0:47.2% L1:52.4% BI: 0.4%
[libx264 @ 0x150706140] 8x8 transform intra:22.6% inter:47.4%
[libx264 @ 0x150706140] coded y,uvDC,uvAC intra: 16.8% 17.4% 13.5% inter: 0.1% 0.2% 0.1%
[libx264 @ 0x150706140] i16 v,h,dc,p: 59% 35%  0%  5%
[libx264 @ 0x150706140] i8 v,h,dc,ddl,ddr,vr,hd,vl,hu: 53% 22% 19%  0%  2%  1%  1%  0%  1%
[libx264 @ 0x150706140] i4 v,h,dc,ddl,ddr,vr,hd,vl,hu: 35% 31% 17%  2%  3%  3%  3%  2%  3%
[libx264 @ 0x150706140] i8c dc,h,v,p: 74% 14%  7%  5%
[libx264 @ 0x150706140] Weighted P-Frames: Y:0.0% UV:0.0%
[libx264 @ 0x150706140] ref P L0: 93.7%  0.7%  4.5%  1.1%
[libx264 @ 0x150706140] ref B L0: 88.5% 10.2%  1.3%
[libx264 @ 0x150706140] ref B L1: 95.8%  4.2%
[libx264 @ 0x150706140] kb/s:67.20
[ 582s]   videos/advanced_3d/driver.mp4 placed (frames 639..694)
[ 582s]   screenshots/advanced_3d_executed.png placed
[ 582s]   removed /Users/runner/work/comfy-gpu-ci/comfy-gpu-ci/comfy-test-logs/DepthAnythingV3-2212/dev/macos-desktop/debug/electron_inspect/frames after successful encode
