Capturing execution frames: advanced.json
  Frame 1 saved (frame_000.jpg, t=0.0s)
  Validating workflow...
  Queuing workflow for execution...
  Frame 2 saved (frame_001.jpg, t=2.4s)
  [capture-periodic] freeze=4ms shot=119ms unfreeze=5ms saved=True
  Frame 3 saved (frame_002.jpg, t=4.6s)
  [capture-periodic] freeze=4ms shot=142ms unfreeze=5ms saved=True
  [capture-loop] iter=50 t=6.3s state={'complete': False, 'error': None, 'executedCount': 0, 'wsState': 1} eval_ms=4 ram=11.0/31.9GB (35%) swap=0.0/5.0GB (0%) cpu=8% browser_rss=0.71GB
  [capture-loop] iter=100 t=12.7s state={'complete': False, 'error': None, 'executedCount': 0, 'wsState': 1} eval_ms=5 ram=12.4/31.9GB (39%) swap=0.0/5.0GB (0%) cpu=7% browser_rss=0.71GB
  [capture-loop] iter=150 t=18.6s state={'complete': False, 'error': None, 'executedCount': 0, 'wsState': 1} eval_ms=4 ram=11.5/31.9GB (36%) swap=0.0/5.0GB (0%) cpu=7% browser_rss=0.71GB
  [capture-loop] iter=200 t=24.4s state={'complete': False, 'error': None, 'executedCount': 0, 'wsState': 1} eval_ms=4 ram=10.5/31.9GB (33%) swap=0.0/5.0GB (0%) cpu=7% browser_rss=0.65GB
  [capture-loop] iter=250 t=30.3s state={'complete': False, 'error': None, 'executedCount': 0, 'wsState': 1} eval_ms=4 ram=10.5/31.9GB (33%) swap=0.0/5.0GB (0%) cpu=6% browser_rss=0.65GB
  [capture-loop] iter=300 t=36.1s state={'complete': False, 'error': None, 'executedCount': 0, 'wsState': 1} eval_ms=4 ram=10.5/31.9GB (33%) swap=0.0/5.0GB (0%) cpu=7% browser_rss=0.65GB
  [capture-loop] iter=350 t=41.9s state={'complete': False, 'error': None, 'executedCount': 0, 'wsState': 1} eval_ms=5 ram=10.5/31.9GB (33%) swap=0.0/5.0GB (0%) cpu=7% browser_rss=0.65GB
  [capture-loop] iter=400 t=47.8s state={'complete': False, 'error': None, 'executedCount': 0, 'wsState': 1} eval_ms=4 ram=10.5/31.9GB (33%) swap=0.0/5.0GB (0%) cpu=10% browser_rss=0.65GB
  [capture-loop] iter=450 t=53.7s state={'complete': False, 'error': None, 'executedCount': 0, 'wsState': 1} eval_ms=4 ram=10.5/31.9GB (33%) swap=0.0/5.0GB (0%) cpu=8% browser_rss=0.63GB
  [capture-loop] iter=500 t=59.6s state={'complete': False, 'error': None, 'executedCount': 0, 'wsState': 1} eval_ms=5 ram=10.8/31.9GB (34%) swap=0.0/5.0GB (0%) cpu=10% browser_rss=0.63GB
  Frame 4 saved (frame_003.jpg, t=59.6s)
  [capture-periodic] freeze=5ms shot=124ms unfreeze=6ms saved=True
  Frame 5 saved (frame_004.jpg, t=61.8s)
  [capture-periodic] freeze=4ms shot=133ms unfreeze=5ms saved=True
  Frame 6 saved (frame_005.jpg, t=64.1s)
  [capture-periodic] freeze=5ms shot=135ms unfreeze=5ms saved=True
  [capture-loop] iter=550 t=65.7s state={'complete': False, 'error': None, 'executedCount': 0, 'wsState': 1} eval_ms=5 ram=11.3/31.9GB (36%) swap=0.0/5.0GB (0%) cpu=15% browser_rss=0.63GB
  Frame 7 saved (frame_006.jpg, t=66.3s)
  [capture-periodic] freeze=4ms shot=134ms unfreeze=5ms saved=True
  Frame 8 saved (frame_007.jpg, t=68.5s)
  [capture-periodic] freeze=5ms shot=133ms unfreeze=6ms saved=True
  Frame 9 saved (frame_008.jpg, t=70.7s)
  [capture-periodic] freeze=4ms shot=132ms unfreeze=5ms saved=True
  [capture-loop] iter=600 t=71.9s state={'complete': False, 'error': None, 'executedCount': 0, 'wsState': 1} eval_ms=4 ram=11.0/31.9GB (34%) swap=0.0/5.0GB (0%) cpu=14% browser_rss=0.64GB
  Frame 10 saved (frame_009.jpg, t=72.9s)
  [capture-periodic] freeze=4ms shot=124ms unfreeze=5ms saved=True
  [capture-loop] iter=650 t=77.9s state={'complete': False, 'error': None, 'executedCount': 0, 'wsState': 1} eval_ms=4 ram=11.0/31.9GB (35%) swap=0.0/5.0GB (0%) cpu=7% browser_rss=0.63GB
  [capture-loop] iter=700 t=83.7s state={'complete': False, 'error': None, 'executedCount': 0, 'wsState': 1} eval_ms=8 ram=12.8/31.9GB (40%) swap=0.0/5.0GB (0%) cpu=10% browser_rss=0.63GB
  Node executed (1 total), capturing...
  Frame 11 saved (frame_010.jpg, t=86.6s)
  [capture-node] freeze=14ms shot=227ms unfreeze=5ms saved=True
  Node executed (8 total), capturing...
  Frame 12 saved (frame_011.jpg, t=87.2s)
  [capture-node] freeze=4ms shot=133ms unfreeze=0ms saved=True
  Execution complete (t=87.2s)
  Captured 12 unique frames over 87.36s
  [debug] iframes: 0
  [timing] trigger_3d_previews: 0.0s
  Saved high-quality screenshot: advanced_executed.png
  [timing] final_screenshot: 0.4s
    Captured 13 video frames