Capturing execution frames: advanced_3d_multiview.json
  Frame 1 saved (frame_000.jpg, t=0.0s)
  Validating workflow...
  Queuing workflow for execution...
  Node executed (1 total), capturing...
  Frame 2 saved (frame_001.jpg, t=0.6s)
  [capture-node] freeze=5ms shot=117ms unfreeze=5ms saved=True
  Frame 3 saved (frame_002.jpg, t=5.0s)
  [capture-periodic] freeze=4ms shot=113ms unfreeze=5ms saved=True
  [capture-loop] iter=50 t=6.4s state={'complete': False, 'error': None, 'executedCount': 1, 'wsState': 1} eval_ms=5 ram=11.0/31.9GB (34%) swap=0.0/5.0GB (0%) cpu=9% browser_rss=0.84GB
  [capture-loop] iter=100 t=12.4s state={'complete': False, 'error': None, 'executedCount': 1, 'wsState': 1} eval_ms=5 ram=11.8/31.9GB (37%) swap=0.0/5.0GB (0%) cpu=18% browser_rss=0.75GB
  Frame 4 saved (frame_003.jpg, t=13.8s)
  [capture-periodic] freeze=4ms shot=112ms unfreeze=5ms saved=True
  Node executed (4 total), capturing...
  Frame 5 saved (frame_004.jpg, t=14.2s)
  [capture-node] freeze=5ms shot=180ms unfreeze=0ms saved=True
  Execution complete (t=14.2s)
  Captured 5 unique frames over 14.43s
  [debug] iframes: 1
  [debug]   iframe[0]: src=http://127.0.0.1:41894/extensions/ComfyUI-DepthAnythingV3/viewer_vtk.html?v=1779, canvas=486x394, rafFrozen=True
  [timing] trigger_3d_previews: 0.0s
  Saved high-quality screenshot: advanced_3d_multiview_executed.png
  [timing] final_screenshot: 0.2s
    Captured 6 video frames