Capturing execution frames: bas_relief.json
  Frame 1 saved (frame_000.jpg, t=0.0s)
  Validating workflow...
  Queuing workflow for execution...
  Frame 2 saved (frame_001.jpg, t=2.3s)
  [capture-periodic] freeze=4ms shot=149ms unfreeze=5ms saved=True
  Frame 3 saved (frame_002.jpg, t=4.6s)
  [capture-periodic] freeze=4ms shot=145ms unfreeze=5ms saved=True
  [capture-loop] iter=50 t=6.2s state={'complete': False, 'error': None, 'executedCount': 0, 'wsState': 1} eval_ms=4 ram=11.1/31.9GB (35%) swap=0.0/5.0GB (0%) cpu=11% browser_rss=0.90GB
  Frame 4 saved (frame_003.jpg, t=6.8s)
  [capture-periodic] freeze=4ms shot=144ms unfreeze=5ms saved=True
  [capture-loop] iter=100 t=12.3s state={'complete': False, 'error': None, 'executedCount': 0, 'wsState': 1} eval_ms=4 ram=11.8/31.9GB (37%) swap=0.0/5.0GB (0%) cpu=13% browser_rss=0.89GB
  Node executed (1 total), capturing...
  Frame 5 saved (frame_004.jpg, t=13.5s)
  [capture-node] freeze=4ms shot=146ms unfreeze=5ms saved=True
  [capture-loop] iter=150 t=18.6s state={'complete': False, 'error': None, 'executedCount': 1, 'wsState': 1} eval_ms=4 ram=12.8/31.9GB (40%) swap=0.0/5.0GB (0%) cpu=12% browser_rss=0.92GB
  Node executed (3 total), capturing...
  Frame 6 saved (frame_005.jpg, t=21.3s)
  [capture-node] freeze=10ms shot=225ms unfreeze=0ms saved=True
  Execution complete (t=21.3s)
  [3d-wait] Phase 1: Waiting for 'Loading 3D Model' text to disappear...
  [3d-wait] Phase 1 exception after 60.0s: Page.wait_for_function: Timeout 60000ms exceeded.
  [3d-wait] Phase 2: iframes=0
  [3d-wait] Total 3D wait: 60.0s
  Captured 6 unique frames over 81.58s
  [debug] iframes: 0
  [timing] trigger_3d_previews: 0.0s
  Saved high-quality screenshot: bas_relief_executed.png
  [timing] final_screenshot: 0.3s
    Captured 7 video frames