Capturing execution frames: da3_streaming.json
  Frame 1 saved (frame_000.jpg, t=0.0s)
  Validating workflow...
  [ComfyUI] === /validate endpoint called ===
  Queuing workflow for execution...
  [ComfyUI] Received JSON with keys: ['prompt']
  [ComfyUI] Prompt has 5 nodes
  [ComfyUI]   Node 2: DownloadAndLoadDepthAnythingV3Model
  [ComfyUI]     Inputs: {"model": "da3_large.safetensors", "precision": "auto", "attention": "auto"}
  [ComfyUI]   Node 3: LoadVideo
  [ComfyUI]     Inputs: {"file": "robot_unitree.mp4", "video-preview": ""}
  [ComfyUI]   Node 4: SaveVideo
  [ComfyUI]     Inputs: {"filename_prefix": "video/preview_da3", "format": "auto", "codec": "auto", "video": ["6", 0]}
  [ComfyUI]   Node 5: LoadSALADModel
  [ComfyUI]     Inputs: {}
  [ComfyUI]   Node 6: DepthAnythingV3_Streaming
  [ComfyUI] [ComfyUI-DepthAnythingV3] python: C:\workspaces\DepthAnythingV3-1448\portable-comfyui\ComfyUI_windows_portable\ComfyUI\.ce\.pixi\envs\depthanythingv3-nodes\python.exe
  [ComfyUI]     Inputs: {"normalization_mode": "Standard", "chunk_size": 30, "overlap": 8, "align_lib": "auto", "align_method": "sim3", "resize_method": "resize", "invert_depth": true, "save_pointcloud": false, "sample_ratio
  [ComfyUI] [ComfyUI-DepthAnythingV3] sys_path sent to worker: ['C:\\workspaces\\DepthAnythingV3-1448\\portable-comfyui\\ComfyUI_windows_portable\\ComfyUI', 'C:\\workspaces\\DepthAnythingV3-1448\\portable-comfyui\\ComfyUI_windows_portable\\ComfyUI\\custom_nodes\\ComfyUI-DepthAnythingV3', 'C:\\workspaces\\DepthAnythingV3-1448\\portable-comfyui\\ComfyUI_windows_portable\\ComfyUI\\.ce\\.pixi\\envs\\depthanythingv3-nodes\\Lib\\site-packages', 'C:\\workspaces\\DepthAnythingV3-1448\\portable-comfyui\\ComfyUI_windows_portable\\ComfyUI\\custom_nodes\\ComfyUI-DepthAnythingV3']
  [ComfyUI] Generated prompt_id: 4350e504-1762-433f-8f77-a111f48c6c72
  [ComfyUI] [SubprocessWorker] is_pixi=True, python=C:\workspaces\DepthAnythingV3-1448\portable-comfyui\ComfyUI_windows_portable\ComfyUI\.ce\.pixi\envs\depthanythingv3-nodes\python.exe
  [ComfyUI] Calling execution.validate_prompt()...
  [ComfyUI] [SubprocessWorker] launching cmd=['C:\\Users\\ContainerAdministrator\\.pixi\\bin\\pixi.exe', 'run', '--as-is', '--manifest-path', 'C:\\workspaces\\DepthAnythingV3-1448\\portable-comfyui\\ComfyUI_windows_portable\\ComfyUI\\.ce\\pixi.toml', '-e', 'depthanythingv3-nodes', 'python', 'C:\\Users\\ContainerAdministrator\\AppData\\Local\\Temp\\comfyui_pvenv_55315uvo\\persistent_worker.py', 'tcp://127.0.0.1:63959']...
  [ComfyUI] Validation result: valid=True
  [ComfyUI] === Validation PASSED ===
  [ComfyUI] got prompt
  [ComfyUI] [comfy-env] Running LoadSALADModel:
  [ComfyUI] [VRAM] Before LoadSALADModel: 1042 / 12287 MB
  [ComfyUI] [SubprocessWorker] call_method: nodes.load_model.LoadSALADModel.EXECUTE_NORMALIZED
  [ComfyUI] [SubprocessWorker] acquired lock, ensuring started...
  [ComfyUI] [ComfyUI-DepthAnythingV3] Health check: ping (timeout=5.0s)...
  [ComfyUI] [ComfyUI-DepthAnythingV3] Health check: failed
  [ComfyUI] [ComfyUI-DepthAnythingV3] Socket unhealthy, restarting worker...
  [ComfyUI] [comfy-env] Invalidated 1 stale model patchers (will be cleaned up during next unload)
  [ComfyUI] [comfy-env] depthanythingv3-nodes: Library/bin has 235 DLLs
  Frame 2 saved (frame_001.jpg, t=2.3s)
  [capture-periodic] freeze=3ms shot=108ms unfreeze=6ms saved=True
  Frame 3 saved (frame_002.jpg, t=4.6s)
  [capture-periodic] freeze=3ms shot=95ms unfreeze=3ms saved=True
  [ComfyUI] [SubprocessWorker] worker started/confirmed
  [ComfyUI] [SubprocessWorker] sending request via socket...
  [ComfyUI] [SubprocessWorker] call_id=27 sending call_method
  [capture-loop] iter=50 t=6.0s state={'complete': False, 'error': None, 'executedCount': 0, 'wsState': 1} eval_ms=4 ram=9.7/31.9GB (30%) swap=0.3/12.3GB (3%) cpu=5% browser_rss=0.75GB
  [ComfyUI] 
  [ComfyUI] dino_salad.safetensors:   0%|          | 0.00/352M [00:00<?, ?B/s]
  [ComfyUI] dino_salad.safetensors: 100%|██████████| 352M/352M [00:04<00:00, 82.5MB/s][SubprocessWorker] callback 'report_progress' from call_id=27
  [ComfyUI] 
  [ComfyUI] dino_salad.safetensors: 100%|██████████| 352M/352M [00:04<00:00, 82.4MB/s]
  [ComfyUI] [SubprocessWorker] got response: ok
  [ComfyUI] [comfy-env] [VRAM] Before offload 'DepthAnything3Net_1' (783 MB) -> cpu: 1042 / 12287 MB
  [ComfyUI] [ComfyUI-DepthAnythingV3] Health check: ping (timeout=5.0s)...
  [ComfyUI] [ComfyUI-DepthAnythingV3] Health check: ok
  [ComfyUI] [SubprocessWorker] call_id=28 sending model_to_device
  [ComfyUI] Model 'DepthAnything3Net_1' gone from worker (restarted?), treating as offloaded
  [ComfyUI] [comfy-env] [VRAM] After offload 'DepthAnything3Net_1' (783 MB): 1042 / 12287 MB
  [ComfyUI] [comfy-env] LoadSALADModel done (10.57s): result: NodeOutput
  [ComfyUI] [VRAM] After LoadSALADModel: 1042 / 12287 MB
  [ComfyUI] [comfy-env] Running DownloadAndLoadDepthAnythingV3Model: model: 'da3_large.safetensors', precision: 'auto', attention: 'auto'
  [ComfyUI] [VRAM] Before DownloadAndLoadDepthAnythingV3Model: 1042 / 12287 MB
  [ComfyUI] [SubprocessWorker] call_method: nodes.load_model.DownloadAndLoadDepthAnythingV3Model.EXECUTE_NORMALIZED
  [ComfyUI] [SubprocessWorker] acquired lock, ensuring started...
  [ComfyUI] [ComfyUI-DepthAnythingV3] Health check: ping (timeout=5.0s)...
  [ComfyUI] [ComfyUI-DepthAnythingV3] Health check: ok
  [ComfyUI] [SubprocessWorker] worker started/confirmed
  [ComfyUI] [SubprocessWorker] serializing kwargs to shm...
  [ComfyUI] [SubprocessWorker] created 0 shm blocks
  [ComfyUI] [SubprocessWorker] sending request via socket...
  [ComfyUI] [SubprocessWorker] call_id=29 sending call_method
  [ComfyUI] [SubprocessWorker] got response: ok
  [ComfyUI] [comfy-env] DownloadAndLoadDepthAnythingV3Model done (0.09s): result: NodeOutput
  [ComfyUI] [VRAM] After DownloadAndLoadDepthAnythingV3Model: 1042 / 12287 MB
  [ComfyUI] [comfy-env] Running DepthAnythingV3_Streaming: normalization_mode: 'Standard', chunk_size: 30, overlap: 8, align_lib: 'auto', align_method: 'sim3', resize_method: 'resize', invert_depth: True, save_pointcloud: False, sample_ratio: 0.015, conf_threshold_coef: 0.75, da3_model: dict, video: VideoFromFile, salad_model: dict
  [ComfyUI] [VRAM] Before DepthAnythingV3_Streaming: 1042 / 12287 MB
  [ComfyUI] [SubprocessWorker] call_method: nodes.streaming.node.DepthAnythingV3_Streaming.EXECUTE_NORMALIZED
  [ComfyUI] [SubprocessWorker] acquired lock, ensuring started...
  [ComfyUI] [ComfyUI-DepthAnythingV3] Health check: ping (timeout=5.0s)...
  [ComfyUI] [ComfyUI-DepthAnythingV3] Health check: ok
  [ComfyUI] [SubprocessWorker] worker started/confirmed
  [ComfyUI] [SubprocessWorker] serializing kwargs to shm...
  [ComfyUI] [SubprocessWorker] created 1 shm blocks
  [ComfyUI] [SubprocessWorker] sending request via socket...
  [ComfyUI] [SubprocessWorker] call_id=30 sending call_method
  Frame 4 saved (frame_003.jpg, t=11.2s)
  [capture-periodic] freeze=3ms shot=95ms unfreeze=3ms saved=True
  [capture-loop] iter=100 t=12.1s state={'complete': False, 'error': None, 'executedCount': 0, 'wsState': 1} eval_ms=4 ram=10.3/31.9GB (32%) swap=0.3/12.3GB (3%) cpu=14% browser_rss=0.73GB
  [ComfyUI] [SubprocessWorker] callback 'request_vram_budget' from call_id=30
  [ComfyUI] [comfy-env] VRAM request: 1.17GB, free before eviction: 11.79GB
  [ComfyUI] [comfy-env] VRAM after eviction: 11.79GB
  [ComfyUI] [worker:ComfyUI-DepthAnythingV3] [VRAM] +297MB (now 297MB) reserved=320MB peak=297MB
  [capture-loop] iter=150 t=18.1s state={'complete': False, 'error': None, 'executedCount': 0, 'wsState': 1} eval_ms=5 ram=11.4/31.9GB (36%) swap=0.3/12.3GB (3%) cpu=15% browser_rss=0.73GB
  [ComfyUI] [worker:ComfyUI-DepthAnythingV3] [VRAM] +822MB (now 1119MB) reserved=1120MB peak=1119MB
  [ComfyUI] [SubprocessWorker] callback 'report_progress' from call_id=30
  [ComfyUI] [worker:ComfyUI-DepthAnythingV3] [VRAM] +277MB (now 1396MB) reserved=1408MB peak=1396MB
  [ComfyUI] [worker:ComfyUI-DepthAnythingV3] [VRAM] +1063MB (now 2460MB) reserved=3936MB peak=2460MB
  [ComfyUI] [worker:ComfyUI-DepthAnythingV3] [VRAM] +526MB (now 2986MB) reserved=4000MB peak=2986MB
  [capture-loop] iter=200 t=24.0s state={'complete': False, 'error': None, 'executedCount': 0, 'wsState': 1} eval_ms=28 ram=12.0/31.9GB (38%) swap=0.3/12.3GB (3%) cpu=21% browser_rss=0.67GB
  [ComfyUI] [worker:ComfyUI-DepthAnythingV3] [VRAM] +350MB (now 3337MB) reserved=4928MB peak=3337MB
  [capture-loop] iter=250 t=29.7s state={'complete': False, 'error': None, 'executedCount': 0, 'wsState': 1} eval_ms=3 ram=12.0/31.9GB (38%) swap=0.3/12.3GB (3%) cpu=4% browser_rss=0.66GB
  [ComfyUI] [worker:ComfyUI-DepthAnythingV3] [VRAM] +350MB (now 3688MB) reserved=4928MB peak=3688MB
  [ComfyUI] [worker:ComfyUI-DepthAnythingV3] [VRAM] +372MB (now 4061MB) reserved=5728MB peak=4061MB
  [ComfyUI] [worker:ComfyUI-DepthAnythingV3] [VRAM] +472MB (now 4533MB) reserved=5728MB peak=4533MB
  [capture-loop] iter=300 t=35.4s state={'complete': False, 'error': None, 'executedCount': 0, 'wsState': 1} eval_ms=3 ram=12.1/31.9GB (38%) swap=0.3/12.3GB (3%) cpu=5% browser_rss=0.65GB
  [ComfyUI] [worker:ComfyUI-DepthAnythingV3] [VRAM] -236MB (now 4298MB) reserved=4768MB peak=4575MB
  [capture-loop] iter=350 t=41.1s state={'complete': False, 'error': None, 'executedCount': 0, 'wsState': 1} eval_ms=3 ram=12.2/31.9GB (38%) swap=0.3/12.3GB (3%) cpu=4% browser_rss=0.65GB
  [ComfyUI] [worker:ComfyUI-DepthAnythingV3] [VRAM] +206MB (now 4504MB) reserved=5728MB peak=4575MB
  [ComfyUI] [worker:ComfyUI-DepthAnythingV3] [VRAM] -2988MB (now 1517MB) reserved=7136MB peak=4575MB
  [ComfyUI] [SubprocessWorker] callback 'report_progress' from call_id=30
  [ComfyUI] [worker:ComfyUI-DepthAnythingV3] [VRAM] +943MB (now 2460MB) reserved=4000MB peak=4575MB
  Frame 5 saved (frame_004.jpg, t=43.7s)
  [capture-periodic] freeze=3ms shot=91ms unfreeze=3ms saved=True
  [ComfyUI] [worker:ComfyUI-DepthAnythingV3] [VRAM] +526MB (now 2986MB) reserved=4544MB peak=4575MB
  [capture-loop] iter=400 t=46.9s state={'complete': False, 'error': None, 'executedCount': 0, 'wsState': 1} eval_ms=3 ram=12.4/31.9GB (39%) swap=0.3/12.3GB (3%) cpu=4% browser_rss=0.65GB
  [ComfyUI] [worker:ComfyUI-DepthAnythingV3] [VRAM] +350MB (now 3337MB) reserved=4544MB peak=4575MB
  [capture-loop] iter=450 t=52.6s state={'complete': False, 'error': None, 'executedCount': 0, 'wsState': 1} eval_ms=3 ram=12.4/31.9GB (39%) swap=0.3/12.3GB (3%) cpu=4% browser_rss=0.65GB
  [ComfyUI] [worker:ComfyUI-DepthAnythingV3] [VRAM] +350MB (now 3688MB) reserved=4768MB peak=4575MB
  [ComfyUI] [worker:ComfyUI-DepthAnythingV3] [VRAM] +230MB (now 3918MB) reserved=4768MB peak=4575MB
  [ComfyUI] [worker:ComfyUI-DepthAnythingV3] [VRAM] -231MB (now 3688MB) reserved=5120MB peak=4575MB
  [ComfyUI] [worker:ComfyUI-DepthAnythingV3] [VRAM] +568MB (now 4257MB) reserved=4768MB peak=4575MB
  [capture-loop] iter=500 t=58.2s state={'complete': False, 'error': None, 'executedCount': 0, 'wsState': 1} eval_ms=3 ram=12.4/31.9GB (39%) swap=0.3/12.3GB (3%) cpu=4% browser_rss=0.65GB
  [ComfyUI] [worker:ComfyUI-DepthAnythingV3]
  [ComfyUI] === WATCHDOG TICK 1 ===
  [ComfyUI] [worker:ComfyUI-DepthAnythingV3] Thread 0x00001960 (most recent call first):
  [ComfyUI]   File "C:\workspaces\DepthAnythingV3-1448\portable-comfyui\ComfyUI_windows_portable\ComfyUI\.ce\.pixi\envs\depthanythingv3-nodes\Lib\threading.py", line 363 in wait
  [ComfyUI]   File "C:\workspaces\DepthAnythingV3-1448\portable-comfyui\ComfyUI_windows_portable\ComfyUI\.ce\.pixi\envs\depthanythingv3-nodes\Lib\threading.py", line 660 in wait
  [ComfyUI]   File "C:\workspaces\DepthAnythingV3-1448\portable-comfyui\ComfyUI_windows_portable\ComfyUI\.ce\.pixi\envs\depthanythingv3-nodes\Lib\site-packages\tqdm\_monitor.py", line 60 in run
  [ComfyUI]   File "C:\workspaces\DepthAnythingV3-1448\portable-comfyui\ComfyUI_windows_portable\ComfyUI\.ce\.pixi\envs\depthanythingv3-nodes\Lib\threading.py", line 1044 in _bootstrap_inner
  [ComfyUI]   File "C:\workspaces\DepthAnythingV3-1448\portable-comfyui\ComfyUI_windows_portable\ComfyUI\.ce\.pixi\envs\depthanythingv3-nodes\Lib\threading.py", line 1015 in _bootstrap
  [ComfyUI] 
  [ComfyUI] Thread 0x00002794 (most recent call first):
  [ComfyUI]   File "C:\Users\ContainerAdministrator\AppData\Local\Temp\comfyui_pvenv_55315uvo\persistent_worker.py", line 106 in _vram_poller
  [ComfyUI]   File "C:\workspaces\DepthAnythingV3-1448\portable-comfyui\ComfyUI_windows_portable\ComfyUI\.ce\.pixi\envs\depthanythingv3-nodes\Lib\threading.py", line 995 in run
  [ComfyUI]   File "C:\workspaces\DepthAnythingV3-1448\portable-comfyui\ComfyUI_windows_portable\ComfyUI\.ce\.pixi\envs\depthanythingv3-nodes\Lib\threading.py", line 1044 in _bootstrap_inner
  [ComfyUI]   File "C:\workspaces\DepthAnythingV3-1448\portable-comfyui\ComfyUI_windows_portable\ComfyUI\.ce\.pixi\envs\depthanythingv3-nodes\Lib\threading.py", line 1015 in _bootstrap
  [ComfyUI] 
  [ComfyUI] Current thread 0x000023b4 (most recent call first):
  [ComfyUI]   File "C:\Users\ContainerAdministrator\AppData\Local\Temp\comfyui_pvenv_55315uvo\persistent_worker.py", line 52 in _watchdog
  [ComfyUI]   File "C:\workspaces\DepthAnythingV3-1448\portable-comfyui\ComfyUI_windows_portable\ComfyUI\.ce\.pixi\envs\depthanythingv3-nodes\Lib\threading.py", line 995 in run
  [ComfyUI]   File "C:\workspaces\DepthAnythingV3-1448\portable-comfyui\ComfyUI_windows_portable\ComfyUI\.ce\.pixi\envs\depthanythingv3-nodes\Lib\threading.py", line 1044 in _bootstrap_inner
  [ComfyUI]   File "C:\workspaces\DepthAnythingV3-1448\portable-comfyui\ComfyUI_windows_portable\ComfyUI\.ce\.pixi\envs\depthanythingv3-nodes\Lib\threading.py", line 1015 in _bootstrap
  [ComfyUI] 
  [ComfyUI] Thread 0x000043d8 (most recent call first):
  [ComfyUI]   File "C:\workspaces\DepthAnythingV3-1448\portable-comfyui\ComfyUI_windows_portable\ComfyUI\.ce\.pixi\envs\depthanythingv3-nodes\Lib\site-packages\torch\cuda\memory.py", line 224 in empty_cache
  [ComfyUI]   File "C:\workspaces\DepthAnythingV3-1448\portable-comfyui\ComfyUI_windows_portable\ComfyUI\custom_nodes\ComfyUI-DepthAnythingV3\nodes\depth_anything_v3\model.py", line 1412 in _forward_impl
  [ComfyUI]   File "C:\workspaces\DepthAnythingV3-1448\portable-comfyui\ComfyUI_windows_portable\ComfyUI\custom_nodes\ComfyUI-DepthAnythingV3\nodes\depth_anything_v3\model.py", line 1379 in forward
  [ComfyUI]   File "C:\workspaces\DepthAnythingV3-1448\portable-comfyui\ComfyUI_windows_portable\ComfyUI\.ce\.pixi\envs\depthanythingv3-nodes\Lib\site-packages\torch\nn\modules\module.py", line 1790 in _call_impl
  [ComfyUI]   File "C:\workspaces\DepthAnythingV3-1448\portable-comfyui\ComfyUI_windows_portable\ComfyUI\.ce\.pixi\envs\depthanythingv3-nodes\Lib\site-packages\torch\nn\modules\module.py", line 1779 in _wrapped_call_impl
  [ComfyUI]   File "C:\workspaces\DepthAnythingV3-1448\portable-comfyui\ComfyUI_windows_portable\ComfyUI\custom_nodes\ComfyUI-DepthAnythingV3\nodes\depth_anything_v3\model.py", line 1591 in _process_depth_head
  [ComfyUI]   File "C:\workspaces\DepthAnythingV3-1448\portable-comfyui\ComfyUI_windows_portable\ComfyUI\custom_nodes\ComfyUI-DepthAnythingV3\nodes\depth_anything_v3\model.py", line 1577 in forward
  [ComfyUI]   File "C:\workspaces\DepthAnythingV3-1448\portable-comfyui\ComfyUI_windows_portable\ComfyUI\.ce\.pixi\envs\depthanythingv3-nodes\Lib\site-packages\torch\nn\modules\module.py", line 1790 in _call_impl
  [ComfyUI]   File "C:\workspaces\DepthAnythingV3-1448\portable-comfyui\ComfyUI_windows_portable\ComfyUI\.ce\.pixi\envs\depthanythingv3-nodes\Lib\site-packages\torch\nn\modules\module.py", line 1779 in _wrapped_call_impl
  [ComfyUI]   File "C:\workspaces\DepthAnythingV3-1448\portable-comfyui\ComfyUI_windows_portable\ComfyUI\custom_nodes\ComfyUI-DepthAnythingV3\nodes\streaming\pipeline.py", line 330 in _process_chunk
  [ComfyUI]   File "C:\workspaces\DepthAnythingV3-1448\portable-comfyui\ComfyUI_windows_portable\ComfyUI\custom_nodes\ComfyUI-DepthAnythingV3\nodes\streaming\pipeline.py", line 277 in run
  [ComfyUI]   File "C:\workspaces\DepthAnythingV3-1448\portable-comfyui\ComfyUI_windows_portable\ComfyUI\custom_nodes\ComfyUI-DepthAnythingV3\nodes\streaming\node.py", line 249 in execute
  [ComfyUI]   File "C:\workspaces\DepthAnythingV3-1448\portable-comfyui\ComfyUI_windows_portable\ComfyUI\comfy_api\latest\_io.py", line 1826 in EXECUTE_NORMALIZED
  [ComfyUI]   File "C:\Users\ContainerAdministrator\AppData\Local\Temp\comfyui_pvenv_55315uvo\persistent_worker.py", line 1762 in main
  [ComfyUI]   File "C:\Users\ContainerAdministrator\AppData\Local\Temp\comfyui_pvenv_55315uvo\persistent_worker.py", line 1807 in <module>
  [ComfyUI] 
  [ComfyUI] [worker:ComfyUI-DepthAnythingV3] === END ===
  [ComfyUI] 
  [ComfyUI] [worker:ComfyUI-DepthAnythingV3] [VRAM] +206MB (now 4463MB) reserved=5504MB peak=4575MB
  [capture-loop] iter=550 t=64.0s state={'complete': False, 'error': None, 'executedCount': 0, 'wsState': 1} eval_ms=3 ram=12.3/31.9GB (39%) swap=0.3/12.3GB (3%) cpu=5% browser_rss=0.65GB
  [ComfyUI] [worker:ComfyUI-DepthAnythingV3] [VRAM] -2947MB (now 1517MB) reserved=7168MB peak=4575MB
  [ComfyUI] [SubprocessWorker] callback 'report_progress' from call_id=30
  Frame 6 saved (frame_005.jpg, t=65.3s)
  [capture-periodic] freeze=4ms shot=96ms unfreeze=5ms saved=True
  [ComfyUI] [worker:ComfyUI-DepthAnythingV3] [VRAM] +943MB (now 2460MB) reserved=4000MB peak=4575MB
  [ComfyUI] [worker:ComfyUI-DepthAnythingV3] [VRAM] +526MB (now 2986MB) reserved=4544MB peak=4575MB
  [capture-loop] iter=600 t=69.7s state={'complete': False, 'error': None, 'executedCount': 0, 'wsState': 1} eval_ms=3 ram=12.6/31.9GB (39%) swap=0.3/12.3GB (3%) cpu=4% browser_rss=0.65GB
  [ComfyUI] [worker:ComfyUI-DepthAnythingV3] [VRAM] +350MB (now 3337MB) reserved=4544MB peak=4575MB
  [ComfyUI] [worker:ComfyUI-DepthAnythingV3] [VRAM] +350MB (now 3688MB) reserved=4768MB peak=4575MB
  [capture-loop] iter=650 t=75.3s state={'complete': False, 'error': None, 'executedCount': 0, 'wsState': 1} eval_ms=4 ram=12.5/31.9GB (39%) swap=0.3/12.3GB (3%) cpu=4% browser_rss=0.65GB
  [ComfyUI] [worker:ComfyUI-DepthAnythingV3] [VRAM] +568MB (now 4257MB) reserved=4480MB peak=4575MB
  [capture-loop] iter=700 t=81.1s state={'complete': False, 'error': None, 'executedCount': 0, 'wsState': 1} eval_ms=3 ram=12.5/31.9GB (39%) swap=0.3/12.3GB (3%) cpu=4% browser_rss=0.65GB
  [ComfyUI] [worker:ComfyUI-DepthAnythingV3] [VRAM] +206MB (now 4463MB) reserved=5504MB peak=4575MB
  [ComfyUI] [worker:ComfyUI-DepthAnythingV3] [VRAM] -2947MB (now 1517MB) reserved=7168MB peak=4575MB
  [capture-loop] iter=750 t=86.7s state={'complete': False, 'error': None, 'executedCount': 0, 'wsState': 1} eval_ms=5 ram=12.7/31.9GB (40%) swap=0.3/12.3GB (3%) cpu=5% browser_rss=0.65GB
  [ComfyUI] [SubprocessWorker] callback 'report_progress' from call_id=30
  Frame 7 saved (frame_006.jpg, t=87.0s)
  [capture-periodic] freeze=3ms shot=88ms unfreeze=4ms saved=True
  [ComfyUI] [worker:ComfyUI-DepthAnythingV3] [VRAM] +943MB (now 2460MB) reserved=4000MB peak=4575MB
  [ComfyUI] [worker:ComfyUI-DepthAnythingV3] [VRAM] +526MB (now 2986MB) reserved=4544MB peak=4575MB
  [capture-loop] iter=800 t=92.5s state={'complete': False, 'error': None, 'executedCount': 0, 'wsState': 1} eval_ms=4 ram=12.7/31.9GB (40%) swap=0.3/12.3GB (3%) cpu=5% browser_rss=0.65GB
  [ComfyUI] [worker:ComfyUI-DepthAnythingV3] [VRAM] +350MB (now 3337MB) reserved=4544MB peak=4575MB
  [ComfyUI] [worker:ComfyUI-DepthAnythingV3] [VRAM] +350MB (now 3688MB) reserved=4768MB peak=4575MB
  [capture-loop] iter=850 t=98.2s state={'complete': False, 'error': None, 'executedCount': 0, 'wsState': 1} eval_ms=3 ram=12.7/31.9GB (40%) swap=0.3/12.3GB (3%) cpu=4% browser_rss=0.65GB
  [ComfyUI] [worker:ComfyUI-DepthAnythingV3] [VRAM] +568MB (now 4257MB) reserved=4480MB peak=4575MB
  [capture-loop] iter=900 t=103.8s state={'complete': False, 'error': None, 'executedCount': 0, 'wsState': 1} eval_ms=3 ram=12.7/31.9GB (40%) swap=0.3/12.3GB (3%) cpu=4% browser_rss=0.66GB
  [ComfyUI] [worker:ComfyUI-DepthAnythingV3] [VRAM] +206MB (now 4463MB) reserved=5504MB peak=4575MB
  [ComfyUI] [worker:ComfyUI-DepthAnythingV3] [VRAM] -2947MB (now 1517MB) reserved=7168MB peak=4575MB
  [ComfyUI] [SubprocessWorker] callback 'report_progress' from call_id=30
  [capture-loop] iter=950 t=109.6s state={'complete': False, 'error': None, 'executedCount': 0, 'wsState': 1} eval_ms=4 ram=12.9/31.9GB (40%) swap=0.3/12.3GB (3%) cpu=5% browser_rss=0.66GB
  [ComfyUI] [worker:ComfyUI-DepthAnythingV3] [VRAM] +943MB (now 2460MB) reserved=4000MB peak=4575MB
  Frame 8 saved (frame_007.jpg, t=110.7s)
  [capture-periodic] freeze=2ms shot=91ms unfreeze=4ms saved=True
  [ComfyUI] [worker:ComfyUI-DepthAnythingV3] [VRAM] +526MB (now 2986MB) reserved=4544MB peak=4575MB
  [ComfyUI] [worker:ComfyUI-DepthAnythingV3] [VRAM] +350MB (now 3337MB) reserved=4544MB peak=4575MB
  [capture-loop] iter=1000 t=115.3s state={'complete': False, 'error': None, 'executedCount': 0, 'wsState': 1} eval_ms=3 ram=12.9/31.9GB (40%) swap=0.3/12.3GB (3%) cpu=4% browser_rss=0.66GB
  [ComfyUI] [worker:ComfyUI-DepthAnythingV3] [VRAM] +350MB (now 3688MB) reserved=4768MB peak=4575MB
  [capture-loop] iter=1050 t=121.0s state={'complete': False, 'error': None, 'executedCount': 0, 'wsState': 1} eval_ms=3 ram=12.9/31.9GB (40%) swap=0.3/12.3GB (3%) cpu=4% browser_rss=0.65GB
  [ComfyUI] [worker:ComfyUI-DepthAnythingV3]
  [ComfyUI] === WATCHDOG TICK 2 ===
  [ComfyUI] [worker:ComfyUI-DepthAnythingV3] Thread 0x00001960 (most recent call first):
  [ComfyUI]   File "C:\workspaces\DepthAnythingV3-1448\portable-comfyui\ComfyUI_windows_portable\ComfyUI\.ce\.pixi\envs\depthanythingv3-nodes\Lib\threading.py", line 363 in wait
  [ComfyUI]   File "C:\workspaces\DepthAnythingV3-1448\portable-comfyui\ComfyUI_windows_portable\ComfyUI\.ce\.pixi\envs\depthanythingv3-nodes\Lib\threading.py", line 660 in wait
  [ComfyUI]   File "C:\workspaces\DepthAnythingV3-1448\portable-comfyui\ComfyUI_windows_portable\ComfyUI\.ce\.pixi\envs\depthanythingv3-nodes\Lib\site-packages\tqdm\_monitor.py", line 60 in run
  [ComfyUI]   File "C:\workspaces\DepthAnythingV3-1448\portable-comfyui\ComfyUI_windows_portable\ComfyUI\.ce\.pixi\envs\depthanythingv3-nodes\Lib\threading.py", line 1044 in _bootstrap_inner
  [ComfyUI]   File "C:\workspaces\DepthAnythingV3-1448\portable-comfyui\ComfyUI_windows_portable\ComfyUI\.ce\.pixi\envs\depthanythingv3-nodes\Lib\threading.py", line 1015 in _bootstrap
  [ComfyUI] 
  [ComfyUI] Thread 0x00002794 (most recent call first):
  [ComfyUI]   File "C:\Users\ContainerAdministrator\AppData\Local\Temp\comfyui_pvenv_55315uvo\persistent_worker.py", line 106 in _vram_poller
  [ComfyUI]   File "C:\workspaces\DepthAnythingV3-1448\portable-comfyui\ComfyUI_windows_portable\ComfyUI\.ce\.pixi\envs\depthanythingv3-nodes\Lib\threading.py", line 995 in run
  [ComfyUI]   File "C:\workspaces\DepthAnythingV3-1448\portable-comfyui\ComfyUI_windows_portable\ComfyUI\.ce\.pixi\envs\depthanythingv3-nodes\Lib\threading.py", line 1044 in _bootstrap_inner
  [ComfyUI]   File "C:\workspaces\DepthAnythingV3-1448\portable-comfyui\ComfyUI_windows_portable\ComfyUI\.ce\.pixi\envs\depthanythingv3-nodes\Lib\threading.py", line 1015 in _bootstrap
  [ComfyUI] 
  [ComfyUI] Current thread 0x000023b4 (most recent call first):
  [ComfyUI]   File "C:\Users\ContainerAdministrator\AppData\Local\Temp\comfyui_pvenv_55315uvo\persistent_worker.py", line 52 in _watchdog
  [ComfyUI]   File "C:\workspaces\DepthAnythingV3-1448\portable-comfyui\ComfyUI_windows_portable\ComfyUI\.ce\.pixi\envs\depthanythingv3-nodes\Lib\threading.py", line 995 in run
  [ComfyUI]   File "C:\workspaces\DepthAnythingV3-1448\portable-comfyui\ComfyUI_windows_portable\ComfyUI\.ce\.pixi\envs\depthanythingv3-nodes\Lib\threading.py", line 1044 in _bootstrap_inner
  [ComfyUI]   File "C:\workspaces\DepthAnythingV3-1448\portable-comfyui\ComfyUI_windows_portable\ComfyUI\.ce\.pixi\envs\depthanythingv3-nodes\Lib\threading.py", line 1015 in _bootstrap
  [ComfyUI] 
  [ComfyUI] Thread 0x000043d8 (most recent call first):
  [ComfyUI]   File "C:\workspaces\DepthAnythingV3-1448\portable-comfyui\ComfyUI_windows_portable\ComfyUI\custom_nodes\ComfyUI-DepthAnythingV3\nodes\depth_anything_v3\model.py", line 338 in forward
  [ComfyUI]   File "C:\workspaces\DepthAnythingV3-1448\portable-comfyui\ComfyUI_windows_portable\ComfyUI\.ce\.pixi\envs\depthanythingv3-nodes\Lib\site-packages\torch\nn\modules\module.py", line 1790 in _call_impl
  [ComfyUI]   File "C:\workspaces\DepthAnythingV3-1448\portable-comfyui\ComfyUI_windows_portable\ComfyUI\.ce\.pixi\envs\depthanythingv3-nodes\Lib\site-packages\torch\nn\modules\module.py", line 1779 in _wrapped_call_impl
  [ComfyUI]   File "C:\workspaces\DepthAnythingV3-1448\portable-comfyui\ComfyUI_windows_portable\ComfyUI\custom_nodes\ComfyUI-DepthAnythingV3\nodes\depth_anything_v3\model.py", line 445 in forward
  [ComfyUI]   File "C:\workspaces\DepthAnythingV3-1448\portable-comfyui\ComfyUI_windows_portable\ComfyUI\.ce\.pixi\envs\depthanythingv3-nodes\Lib\site-packages\torch\nn\modules\module.py", line 1790 in _call_impl
  [ComfyUI]   File "C:\workspaces\DepthAnythingV3-1448\portable-comfyui\ComfyUI_windows_portable\ComfyUI\.ce\.pixi\envs\depthanythingv3-nodes\Lib\site-packages\torch\nn\modules\module.py", line 1779 in _wrapped_call_impl
  [ComfyUI]   File "C:\workspaces\DepthAnythingV3-1448\portable-comfyui\ComfyUI_windows_portable\ComfyUI\custom_nodes\ComfyUI-DepthAnythingV3\nodes\depth_anything_v3\model.py", line 516 in attn_residual_func
  [ComfyUI]   File "C:\workspaces\DepthAnythingV3-1448\portable-comfyui\ComfyUI_windows_portable\ComfyUI\custom_nodes\ComfyUI-DepthAnythingV3\nodes\depth_anything_v3\model.py", line 521 in forward
  [ComfyUI]   File "C:\workspaces\DepthAnythingV3-1448\portable-comfyui\ComfyUI_windows_portable\ComfyUI\.ce\.pixi\envs\depthanythingv3-nodes\Lib\site-packages\torch\nn\modules\module.py", line 1790 in _call_impl
  [ComfyUI]   File "C:\workspaces\DepthAnythingV3-1448\portable-comfyui\ComfyUI_windows_portable\ComfyUI\.ce\.pixi\envs\depthanythingv3-nodes\Lib\site-packages\torch\nn\modules\module.py", line 1779 in _wrapped_call_impl
  [ComfyUI]   File "C:\workspaces\DepthAnythingV3-1448\portable-comfyui\ComfyUI_windows_portable\ComfyUI\custom_nodes\ComfyUI-DepthAnythingV3\nodes\depth_anything_v3\model.py", line 791 in process_attention
  [ComfyUI]   File "C:\workspaces\DepthAnythingV3-1448\portable-comfyui\ComfyUI_windows_portable\ComfyUI\custom_nodes\ComfyUI-DepthAnythingV3\nodes\depth_anything_v3\model.py", line 750 in _get_intermediate_layers_not_chunked
  [ComfyUI]   File "C:\workspaces\DepthAnythingV3-1448\portable-comfyui\ComfyUI_windows_portable\ComfyUI\custom_nodes\ComfyUI-DepthAnythingV3\nodes\depth_anything_v3\model.py", line 800 in get_intermediate_layers
  [ComfyUI]   File "C:\workspaces\DepthAnythingV3-1448\portable-comfyui\ComfyUI_windows_portable\ComfyUI\custom_nodes\ComfyUI-DepthAnythingV3\nodes\depth_anything_v3\model.py", line 891 in forward
  [ComfyUI]   File "C:\workspaces\DepthAnythingV3-1448\portable-comfyui\ComfyUI_windows_portable\ComfyUI\.ce\.pixi\envs\depthanythingv3-nodes\Lib\site-packages\torch\nn\modules\module.py", line 1790 in _call_impl
  [ComfyUI]   File "C:\workspaces\DepthAnythingV3-1448\portable-comfyui\ComfyUI_windows_portable\ComfyUI\.ce\.pixi\envs\depthanythingv3-nodes\Lib\site-packages\torch\nn\modules\module.py", line 1779 in _wrapped_call_impl
  [ComfyUI]   File "C:\workspaces\DepthAnythingV3-1448\portable-comfyui\ComfyUI_windows_portable\ComfyUI\custom_nodes\ComfyUI-DepthAnythingV3\nodes\depth_anything_v3\model.py", line 1560 in forward
  [ComfyUI]   File "C:\workspaces\DepthAnythingV3-1448\portable-comfyui\ComfyUI_windows_portable\ComfyUI\.ce\.pixi\envs\depthanythingv3-nodes\Lib\site-packages\torch\nn\modules\module.py", line 1790 in _call_impl
  [ComfyUI]   File "C:\workspaces\DepthAnythingV3-1448\portable-comfyui\ComfyUI_windows_portable\ComfyUI\.ce\.pixi\envs\depthanythingv3-nodes\Lib\site-packages\torch\nn\modules\module.py", line 1779 in _wrapped_call_impl
  [ComfyUI]   File "C:\workspaces\DepthAnythingV3-1448\portable-comfyui\ComfyUI_windows_portable\ComfyUI\custom_nodes\ComfyUI-DepthAnythingV3\nodes\streaming\pipeline.py", line 330 in _process_chunk
  [ComfyUI]   File "C:\workspaces\DepthAnythingV3-1448\portable-comfyui\ComfyUI_windows_portable\ComfyUI\custom_nodes\ComfyUI-DepthAnythingV3\nodes\streaming\pipeline.py", line 277 in run
  [ComfyUI]   File "C:\workspaces\DepthAnythingV3-1448\portable-comfyui\ComfyUI_windows_portable\ComfyUI\custom_nodes\ComfyUI-DepthAnythingV3\nodes\streaming\node.py", line 249 in execute
  [ComfyUI]   File "C:\workspaces\DepthAnythingV3-1448\portable-comfyui\ComfyUI_windows_portable\ComfyUI\comfy_api\latest\_io.py", line 1826 in EXECUTE_NORMALIZED
  [ComfyUI]   File "C:\Users\ContainerAdministrator\AppData\Local\Temp\comfyui_pvenv_55315uvo\persistent_worker.py", line 1762 in main
  [ComfyUI]   File "C:\Users\ContainerAdministrator\AppData\Local\Temp\comfyui_pvenv_55315uvo\persistent_worker.py", line 1807 in <module>
  [ComfyUI] 
  [ComfyUI] [worker:ComfyUI-DepthAnythingV3] === END ===
  [ComfyUI] 
  [ComfyUI] [worker:ComfyUI-DepthAnythingV3] [VRAM] +568MB (now 4257MB) reserved=4480MB peak=4575MB
  [capture-loop] iter=1100 t=126.7s state={'complete': False, 'error': None, 'executedCount': 0, 'wsState': 1} eval_ms=4 ram=12.9/31.9GB (40%) swap=0.3/12.3GB (3%) cpu=4% browser_rss=0.66GB
  [ComfyUI] [worker:ComfyUI-DepthAnythingV3] [VRAM] +206MB (now 4463MB) reserved=5504MB peak=4575MB
  [ComfyUI] [worker:ComfyUI-DepthAnythingV3] [VRAM] -2947MB (now 1517MB) reserved=7168MB peak=4575MB
  [ComfyUI] [SubprocessWorker] callback 'report_progress' from call_id=30
  [ComfyUI] [worker:ComfyUI-DepthAnythingV3] [VRAM] +943MB (now 2460MB) reserved=4000MB peak=4575MB
  [capture-loop] iter=1150 t=132.4s state={'complete': False, 'error': None, 'executedCount': 0, 'wsState': 1} eval_ms=3 ram=13.1/31.9GB (41%) swap=0.3/12.3GB (3%) cpu=4% browser_rss=0.66GB
  Frame 9 saved (frame_008.jpg, t=132.4s)
  [capture-periodic] freeze=3ms shot=91ms unfreeze=3ms saved=True
  [ComfyUI] [worker:ComfyUI-DepthAnythingV3] [VRAM] +526MB (now 2986MB) reserved=4544MB peak=4575MB
  [ComfyUI] [worker:ComfyUI-DepthAnythingV3] [VRAM] +350MB (now 3337MB) reserved=4544MB peak=4575MB
  [capture-loop] iter=1200 t=138.1s state={'complete': False, 'error': None, 'executedCount': 0, 'wsState': 1} eval_ms=3 ram=13.0/31.9GB (41%) swap=0.3/12.3GB (3%) cpu=4% browser_rss=0.66GB
  [ComfyUI] [worker:ComfyUI-DepthAnythingV3] [VRAM] +350MB (now 3688MB) reserved=4768MB peak=4575MB
  [ComfyUI] [worker:ComfyUI-DepthAnythingV3] [VRAM] +1149MB (now 4837MB) reserved=5568MB peak=4837MB
  [capture-loop] iter=1250 t=143.8s state={'complete': False, 'error': None, 'executedCount': 0, 'wsState': 1} eval_ms=3 ram=13.0/31.9GB (41%) swap=0.3/12.3GB (3%) cpu=4% browser_rss=0.66GB
  [ComfyUI] [worker:ComfyUI-DepthAnythingV3] [VRAM] -581MB (now 4257MB) reserved=4480MB peak=4837MB
  [capture-loop] iter=1300 t=149.4s state={'complete': False, 'error': None, 'executedCount': 0, 'wsState': 1} eval_ms=3 ram=13.1/31.9GB (41%) swap=0.3/12.3GB (3%) cpu=4% browser_rss=0.66GB
  [ComfyUI] [worker:ComfyUI-DepthAnythingV3] [VRAM] +206MB (now 4463MB) reserved=5504MB peak=4837MB
  [ComfyUI] [worker:ComfyUI-DepthAnythingV3] [VRAM] -2947MB (now 1517MB) reserved=7168MB peak=4837MB
  [ComfyUI] [SubprocessWorker] callback 'report_progress' from call_id=30
  [ComfyUI] [worker:ComfyUI-DepthAnythingV3] [VRAM] +943MB (now 2460MB) reserved=4000MB peak=4837MB
  Frame 10 saved (frame_009.jpg, t=154.0s)
  [capture-periodic] freeze=3ms shot=92ms unfreeze=3ms saved=True
  [capture-loop] iter=1350 t=155.3s state={'complete': False, 'error': None, 'executedCount': 0, 'wsState': 1} eval_ms=3 ram=13.2/31.9GB (42%) swap=0.3/12.3GB (3%) cpu=4% browser_rss=0.66GB
  [ComfyUI] [worker:ComfyUI-DepthAnythingV3] [VRAM] +526MB (now 2986MB) reserved=4544MB peak=4837MB
  [ComfyUI] [worker:ComfyUI-DepthAnythingV3] [VRAM] +350MB (now 3337MB) reserved=4544MB peak=4837MB
  [capture-loop] iter=1400 t=161.0s state={'complete': False, 'error': None, 'executedCount': 0, 'wsState': 1} eval_ms=3 ram=13.2/31.9GB (42%) swap=0.3/12.3GB (3%) cpu=4% browser_rss=0.66GB
  [ComfyUI] [worker:ComfyUI-DepthAnythingV3] [VRAM] +350MB (now 3688MB) reserved=4768MB peak=4837MB
  [ComfyUI] [worker:ComfyUI-DepthAnythingV3] [VRAM] +838MB (now 4526MB) reserved=5568MB peak=4837MB
  [capture-loop] iter=1450 t=166.5s state={'complete': False, 'error': None, 'executedCount': 0, 'wsState': 1} eval_ms=3 ram=13.2/31.9GB (42%) swap=0.3/12.3GB (3%) cpu=4% browser_rss=0.66GB
  [ComfyUI] [worker:ComfyUI-DepthAnythingV3] [VRAM] -270MB (now 4257MB) reserved=4480MB peak=4837MB
  [ComfyUI] [worker:ComfyUI-DepthAnythingV3] [VRAM] +206MB (now 4463MB) reserved=5504MB peak=4837MB
  [capture-loop] iter=1500 t=172.3s state={'complete': False, 'error': None, 'executedCount': 0, 'wsState': 1} eval_ms=4 ram=13.2/31.9GB (42%) swap=0.3/12.3GB (3%) cpu=5% browser_rss=0.66GB
  [ComfyUI] [worker:ComfyUI-DepthAnythingV3] [VRAM] -2947MB (now 1517MB) reserved=7168MB peak=4837MB
  [ComfyUI] [SubprocessWorker] callback 'report_progress' from call_id=30
  [ComfyUI] [worker:ComfyUI-DepthAnythingV3] [VRAM] +499MB (now 2016MB) reserved=3040MB peak=4837MB
  Frame 11 saved (frame_010.jpg, t=175.7s)
  [capture-periodic] freeze=2ms shot=81ms unfreeze=3ms saved=True
  [ComfyUI] [worker:ComfyUI-DepthAnythingV3] [VRAM] +350MB (now 2367MB) reserved=3040MB peak=4837MB
  [ComfyUI] [worker:ComfyUI-DepthAnythingV3] [VRAM] +233MB (now 2601MB) reserved=3296MB peak=4837MB
  [capture-loop] iter=1550 t=178.1s state={'complete': False, 'error': None, 'executedCount': 0, 'wsState': 1} eval_ms=3 ram=13.4/31.9GB (42%) swap=0.3/12.3GB (3%) cpu=4% browser_rss=0.66GB
  [ComfyUI] [worker:ComfyUI-DepthAnythingV3] [VRAM] +233MB (now 2834MB) reserved=3520MB peak=4837MB
  [ComfyUI] [worker:ComfyUI-DepthAnythingV3]
  [ComfyUI] === WATCHDOG TICK 3 ===
  [ComfyUI] [worker:ComfyUI-DepthAnythingV3] Thread 0x00001960 (most recent call first):
  [ComfyUI]   File "C:\workspaces\DepthAnythingV3-1448\portable-comfyui\ComfyUI_windows_portable\ComfyUI\.ce\.pixi\envs\depthanythingv3-nodes\Lib\threading.py", line 363 in wait
  [ComfyUI]   File "C:\workspaces\DepthAnythingV3-1448\portable-comfyui\ComfyUI_windows_portable\ComfyUI\.ce\.pixi\envs\depthanythingv3-nodes\Lib\threading.py", line 660 in wait
  [ComfyUI]   File "C:\workspaces\DepthAnythingV3-1448\portable-comfyui\ComfyUI_windows_portable\ComfyUI\.ce\.pixi\envs\depthanythingv3-nodes\Lib\site-packages\tqdm\_monitor.py", line 60 in run
  [ComfyUI]   File "C:\workspaces\DepthAnythingV3-1448\portable-comfyui\ComfyUI_windows_portable\ComfyUI\.ce\.pixi\envs\depthanythingv3-nodes\Lib\threading.py", line 1044 in _bootstrap_inner
  [ComfyUI]   File "C:\workspaces\DepthAnythingV3-1448\portable-comfyui\ComfyUI_windows_portable\ComfyUI\.ce\.pixi\envs\depthanythingv3-nodes\Lib\threading.py", line 1015 in _bootstrap
  [ComfyUI] 
  [ComfyUI] Thread 0x00002794 (most recent call first):
  [ComfyUI]   File "C:\Users\ContainerAdministrator\AppData\Local\Temp\comfyui_pvenv_55315uvo\persistent_worker.py", line 106 in _vram_poller
  [ComfyUI]   File "C:\workspaces\DepthAnythingV3-1448\portable-comfyui\ComfyUI_windows_portable\ComfyUI\.ce\.pixi\envs\depthanythingv3-nodes\Lib\threading.py", line 995 in run
  [ComfyUI]   File "C:\workspaces\DepthAnythingV3-1448\portable-comfyui\ComfyUI_windows_portable\ComfyUI\.ce\.pixi\envs\depthanythingv3-nodes\Lib\threading.py", line 1044 in _bootstrap_inner
  [ComfyUI]   File "C:\workspaces\DepthAnythingV3-1448\portable-comfyui\ComfyUI_windows_portable\ComfyUI\.ce\.pixi\envs\depthanythingv3-nodes\Lib\threading.py", line 1015 in _bootstrap
  [ComfyUI] 
  [ComfyUI] Current thread 0x000023b4 (most recent call first):
  [ComfyUI]   File "C:\Users\ContainerAdministrator\AppData\Local\Temp\comfyui_pvenv_55315uvo\persistent_worker.py", line 52 in _watchdog
  [ComfyUI]   File "C:\workspaces\DepthAnythingV3-1448\portable-comfyui\ComfyUI_windows_portable\ComfyUI\.ce\.pixi\envs\depthanythingv3-nodes\Lib\threading.py", line 995 in run
  [ComfyUI]   File "C:\workspaces\DepthAnythingV3-1448\portable-comfyui\ComfyUI_windows_portable\ComfyUI\.ce\.pixi\envs\depthanythingv3-nodes\Lib\threading.py", line 1044 in _bootstrap_inner
  [ComfyUI]   File "C:\workspaces\DepthAnythingV3-1448\portable-comfyui\ComfyUI_windows_portable\ComfyUI\.ce\.pixi\envs\depthanythingv3-nodes\Lib\threading.py", line 1015 in _bootstrap
  [ComfyUI] 
  [ComfyUI] Thread 0x000043d8 (most recent call first):
  [ComfyUI]   File "C:\workspaces\DepthAnythingV3-1448\portable-comfyui\ComfyUI_windows_portable\ComfyUI\custom_nodes\ComfyUI-DepthAnythingV3\nodes\depth_anything_v3\model.py", line 338 in forward
  [ComfyUI]   File "C:\workspaces\DepthAnythingV3-1448\portable-comfyui\ComfyUI_windows_portable\ComfyUI\.ce\.pixi\envs\depthanythingv3-nodes\Lib\site-packages\torch\nn\modules\module.py", line 1790 in _call_impl
  [ComfyUI]   File "C:\workspaces\DepthAnythingV3-1448\portable-comfyui\ComfyUI_windows_portable\ComfyUI\.ce\.pixi\envs\depthanythingv3-nodes\Lib\site-packages\torch\nn\modules\module.py", line 1779 in _wrapped_call_impl
  [ComfyUI]   File "C:\workspaces\DepthAnythingV3-1448\portable-comfyui\ComfyUI_windows_portable\ComfyUI\custom_nodes\ComfyUI-DepthAnythingV3\nodes\depth_anything_v3\model.py", line 445 in forward
  [ComfyUI]   File "C:\workspaces\DepthAnythingV3-1448\portable-comfyui\ComfyUI_windows_portable\ComfyUI\.ce\.pixi\envs\depthanythingv3-nodes\Lib\site-packages\torch\nn\modules\module.py", line 1790 in _call_impl
  [ComfyUI]   File "C:\workspaces\DepthAnythingV3-1448\portable-comfyui\ComfyUI_windows_portable\ComfyUI\.ce\.pixi\envs\depthanythingv3-nodes\Lib\site-packages\torch\nn\modules\module.py", line 1779 in _wrapped_call_impl
  [ComfyUI]   File "C:\workspaces\DepthAnythingV3-1448\portable-comfyui\ComfyUI_windows_portable\ComfyUI\custom_nodes\ComfyUI-DepthAnythingV3\nodes\depth_anything_v3\model.py", line 516 in attn_residual_func
  [ComfyUI]   File "C:\workspaces\DepthAnythingV3-1448\portable-comfyui\ComfyUI_windows_portable\ComfyUI\custom_nodes\ComfyUI-DepthAnythingV3\nodes\depth_anything_v3\model.py", line 521 in forward
  [ComfyUI]   File "C:\workspaces\DepthAnythingV3-1448\portable-comfyui\ComfyUI_windows_portable\ComfyUI\.ce\.pixi\envs\depthanythingv3-nodes\Lib\site-packages\torch\nn\modules\module.py", line 1790 in _call_impl
  [ComfyUI]   File "C:\workspaces\DepthAnythingV3-1448\portable-comfyui\ComfyUI_windows_portable\ComfyUI\.ce\.pixi\envs\depthanythingv3-nodes\Lib\site-packages\torch\nn\modules\module.py", line 1779 in _wrapped_call_impl
  [ComfyUI]   File "C:\workspaces\DepthAnythingV3-1448\portable-comfyui\ComfyUI_windows_portable\ComfyUI\custom_nodes\ComfyUI-DepthAnythingV3\nodes\depth_anything_v3\model.py", line 791 in process_attention
  [ComfyUI]   File "C:\workspaces\DepthAnythingV3-1448\portable-comfyui\ComfyUI_windows_portable\ComfyUI\custom_nodes\ComfyUI-DepthAnythingV3\nodes\depth_anything_v3\model.py", line 750 in _get_intermediate_layers_not_chunked
  [ComfyUI]   File "C:\workspaces\DepthAnythingV3-1448\portable-comfyui\ComfyUI_windows_portable\ComfyUI\custom_nodes\ComfyUI-DepthAnythingV3\nodes\depth_anything_v3\model.py", line 800 in get_intermediate_layers
  [ComfyUI]   File "C:\workspaces\DepthAnythingV3-1448\portable-comfyui\ComfyUI_windows_portable\ComfyUI\custom_nodes\ComfyUI-DepthAnythingV3\nodes\depth_anything_v3\model.py", line 891 in forward
  [ComfyUI]   File "C:\workspaces\DepthAnythingV3-1448\portable-comfyui\ComfyUI_windows_portable\ComfyUI\.ce\.pixi\envs\depthanythingv3-nodes\Lib\site-packages\torch\nn\modules\module.py", line 1790 in _call_impl
  [ComfyUI]   File "C:\workspaces\DepthAnythingV3-1448\portable-comfyui\ComfyUI_windows_portable\ComfyUI\.ce\.pixi\envs\depthanythingv3-nodes\Lib\site-packages\torch\nn\modules\module.py", line 1779 in _wrapped_call_impl
  [ComfyUI]   File "C:\workspaces\DepthAnythingV3-1448\portable-comfyui\ComfyUI_windows_portable\ComfyUI\custom_nodes\ComfyUI-DepthAnythingV3\nodes\depth_anything_v3\model.py", line 1560 in forward
  [ComfyUI]   File "C:\workspaces\DepthAnythingV3-1448\portable-comfyui\ComfyUI_windows_portable\ComfyUI\.ce\.pixi\envs\depthanythingv3-nodes\Lib\site-packages\torch\nn\modules\module.py", line 1790 in _call_impl
  [ComfyUI]   File "C:\workspaces\DepthAnythingV3-1448\portable-comfyui\ComfyUI_windows_portable\ComfyUI\.ce\.pixi\envs\depthanythingv3-nodes\Lib\site-packages\torch\nn\modules\module.py", line 1779 in _wrapped_call_impl
  [ComfyUI]   File "C:\workspaces\DepthAnythingV3-1448\portable-comfyui\ComfyUI_windows_portable\ComfyUI\custom_nodes\ComfyUI-DepthAnythingV3\nodes\streaming\pipeline.py", line 330 in _process_chunk
  [ComfyUI]   File "C:\workspaces\DepthAnythingV3-1448\portable-comfyui\ComfyUI_windows_portable\ComfyUI\custom_nodes\ComfyUI-DepthAnythingV3\nodes\streaming\pipeline.py", line 277 in run
  [ComfyUI]   File "C:\workspaces\DepthAnythingV3-1448\portable-comfyui\ComfyUI_windows_portable\ComfyUI\custom_nodes\ComfyUI-DepthAnythingV3\nodes\streaming\node.py", line 249 in execute
  [ComfyUI]   File "C:\workspaces\DepthAnythingV3-1448\portable-comfyui\ComfyUI_windows_portable\ComfyUI\comfy_api\latest\_io.py", line 1826 in EXECUTE_NORMALIZED
  [ComfyUI]   File "C:\Users\ContainerAdministrator\AppData\Local\Temp\comfyui_pvenv_55315uvo\persistent_worker.py", line 1762 in main
  [ComfyUI]   File "C:\Users\ContainerAdministrator\AppData\Local\Temp\comfyui_pvenv_55315uvo\persistent_worker.py", line 1807 in <module>
  [ComfyUI] 
  [ComfyUI] [worker:ComfyUI-DepthAnythingV3] === END ===
  [ComfyUI] 
  [ComfyUI] [worker:ComfyUI-DepthAnythingV3] [VRAM] +1001MB (now 3836MB) reserved=4256MB peak=4837MB
  [ComfyUI] [worker:ComfyUI-DepthAnythingV3] [VRAM] -539MB (now 3298MB) reserved=3520MB peak=4837MB
  [capture-loop] iter=1600 t=183.8s state={'complete': False, 'error': None, 'executedCount': 0, 'wsState': 1} eval_ms=3 ram=13.4/31.9GB (42%) swap=0.3/12.3GB (3%) cpu=5% browser_rss=0.66GB
  [ComfyUI] [worker:ComfyUI-DepthAnythingV3] [VRAM] -1911MB (now 1387MB) reserved=5536MB peak=4837MB
  [ComfyUI] [SubprocessWorker] callback 'report_progress' from call_id=30
  [ComfyUI] [worker:ComfyUI-DepthAnythingV3] [VRAM] -259MB (now 1128MB) reserved=1184MB peak=4837MB
  [ComfyUI] [SubprocessWorker] callback 'report_progress' from call_id=30
  Frame 12 saved (frame_011.jpg, t=188.7s)
  [capture-periodic] freeze=4ms shot=116ms unfreeze=11ms saved=True
  [capture-loop] iter=1650 t=189.8s state={'complete': False, 'error': None, 'executedCount': 0, 'wsState': 1} eval_ms=4 ram=14.3/31.9GB (45%) swap=0.3/12.3GB (3%) cpu=12% browser_rss=0.66GB
  [ComfyUI] [SubprocessWorker] callback 'report_progress' from call_id=30
  Frame 13 saved (frame_012.jpg, t=190.9s)
  [capture-periodic] freeze=4ms shot=138ms unfreeze=4ms saved=True
  [ComfyUI] [worker:ComfyUI-DepthAnythingV3] [VRAM] +324MB (now 1453MB) reserved=1568MB peak=4837MB
  [ComfyUI] [SubprocessWorker] callback 'report_progress' from call_id=30
  [ComfyUI] [worker:ComfyUI-DepthAnythingV3] [VRAM] -325MB (now 1128MB) reserved=1568MB peak=4837MB
  Frame 14 saved (frame_013.jpg, t=193.1s)
  [capture-periodic] freeze=3ms shot=93ms unfreeze=4ms saved=True
  [ComfyUI] [SubprocessWorker] callback 'report_progress' from call_id=30
  [ComfyUI] [worker:ComfyUI-DepthAnythingV3] [VRAM] +336MB (now 1465MB) reserved=1568MB peak=4837MB
  Frame 15 saved (frame_014.jpg, t=195.3s)
  [capture-periodic] freeze=4ms shot=135ms unfreeze=5ms saved=True
  [ComfyUI] [SubprocessWorker] callback 'report_progress' from call_id=30
  [ComfyUI] [worker:ComfyUI-DepthAnythingV3] [VRAM] -337MB (now 1128MB) reserved=1568MB peak=4837MB
  [capture-loop] iter=1700 t=196.2s state={'complete': False, 'error': None, 'executedCount': 0, 'wsState': 1} eval_ms=4 ram=14.2/31.9GB (44%) swap=0.3/12.3GB (3%) cpu=23% browser_rss=0.66GB
  [ComfyUI] [SubprocessWorker] callback 'report_progress' from call_id=30
  Frame 16 saved (frame_015.jpg, t=197.6s)
  [capture-periodic] freeze=3ms shot=105ms unfreeze=4ms saved=True
  [ComfyUI] [worker:ComfyUI-DepthAnythingV3] [VRAM] +336MB (now 1464MB) reserved=1568MB peak=4837MB
  [ComfyUI] [SubprocessWorker] callback 'report_progress' from call_id=30
  [ComfyUI] [worker:ComfyUI-DepthAnythingV3] WARNING: faiss not installed, skipping loop closure. pip install faiss-cpu
  [ComfyUI] [worker:ComfyUI-DepthAnythingV3] [VRAM] -337MB (now 1128MB) reserved=1568MB peak=4837MB
  Frame 17 saved (frame_016.jpg, t=199.8s)
  [capture-periodic] freeze=4ms shot=111ms unfreeze=4ms saved=True
  [capture-loop] iter=1750 t=202.4s state={'complete': False, 'error': None, 'executedCount': 0, 'wsState': 1} eval_ms=4 ram=15.0/31.9GB (47%) swap=0.3/12.3GB (3%) cpu=12% browser_rss=0.66GB
  [ComfyUI] [SubprocessWorker] callback 'report_progress' from call_id=30
  Frame 18 saved (frame_017.jpg, t=204.1s)
  [capture-periodic] freeze=3ms shot=92ms unfreeze=4ms saved=True
  [capture-loop] iter=1800 t=208.1s state={'complete': False, 'error': None, 'executedCount': 0, 'wsState': 1} eval_ms=3 ram=13.1/31.9GB (41%) swap=0.3/12.3GB (3%) cpu=4% browser_rss=0.66GB
  [capture-loop] iter=1850 t=213.9s state={'complete': False, 'error': None, 'executedCount': 0, 'wsState': 1} eval_ms=3 ram=13.1/31.9GB (41%) swap=0.3/12.3GB (3%) cpu=4% browser_rss=0.66GB
  [capture-loop] iter=1900 t=219.7s state={'complete': False, 'error': None, 'executedCount': 0, 'wsState': 1} eval_ms=4 ram=13.1/31.9GB (41%) swap=0.3/12.3GB (3%) cpu=4% browser_rss=0.66GB
  [capture-loop] iter=1950 t=225.3s state={'complete': False, 'error': None, 'executedCount': 0, 'wsState': 1} eval_ms=4 ram=13.2/31.9GB (41%) swap=0.3/12.3GB (3%) cpu=4% browser_rss=0.66GB
  [capture-loop] iter=2000 t=231.0s state={'complete': False, 'error': None, 'executedCount': 0, 'wsState': 1} eval_ms=4 ram=13.2/31.9GB (42%) swap=0.3/12.3GB (3%) cpu=4% browser_rss=0.66GB
  [capture-loop] iter=2050 t=236.7s state={'complete': False, 'error': None, 'executedCount': 0, 'wsState': 1} eval_ms=4 ram=13.3/31.9GB (42%) swap=0.3/12.3GB (3%) cpu=4% browser_rss=0.66GB
  [ComfyUI] [worker:ComfyUI-DepthAnythingV3]
  [ComfyUI] === WATCHDOG TICK 4 ===
  [ComfyUI] [worker:ComfyUI-DepthAnythingV3] Thread 0x00001960 (most recent call first):
  [ComfyUI]   File "C:\workspaces\DepthAnythingV3-1448\portable-comfyui\ComfyUI_windows_portable\ComfyUI\.ce\.pixi\envs\depthanythingv3-nodes\Lib\threading.py", line 363 in wait
  [ComfyUI]   File "C:\workspaces\DepthAnythingV3-1448\portable-comfyui\ComfyUI_windows_portable\ComfyUI\.ce\.pixi\envs\depthanythingv3-nodes\Lib\threading.py", line 660 in wait
  [ComfyUI]   File "C:\workspaces\DepthAnythingV3-1448\portable-comfyui\ComfyUI_windows_portable\ComfyUI\.ce\.pixi\envs\depthanythingv3-nodes\Lib\site-packages\tqdm\_monitor.py", line 60 in run
  [ComfyUI]   File "C:\workspaces\DepthAnythingV3-1448\portable-comfyui\ComfyUI_windows_portable\ComfyUI\.ce\.pixi\envs\depthanythingv3-nodes\Lib\threading.py", line 1044 in _bootstrap_inner
  [ComfyUI]   File "C:\workspaces\DepthAnythingV3-1448\portable-comfyui\ComfyUI_windows_portable\ComfyUI\.ce\.pixi\envs\depthanythingv3-nodes\Lib\threading.py", line 1015 in _bootstrap
  [ComfyUI] 
  [ComfyUI] Thread 0x00002794 (most recent call first):
  [ComfyUI]   File "C:\Users\ContainerAdministrator\AppData\Local\Temp\comfyui_pvenv_55315uvo\persistent_worker.py", line 106 in _vram_poller
  [ComfyUI]   File "C:\workspaces\DepthAnythingV3-1448\portable-comfyui\ComfyUI_windows_portable\ComfyUI\.ce\.pixi\envs\depthanythingv3-nodes\Lib\threading.py", line 995 in run
  [ComfyUI]   File "C:\workspaces\DepthAnythingV3-1448\portable-comfyui\ComfyUI_windows_portable\ComfyUI\.ce\.pixi\envs\depthanythingv3-nodes\Lib\threading.py", line 1044 in _bootstrap_inner
  [ComfyUI]   File "C:\workspaces\DepthAnythingV3-1448\portable-comfyui\ComfyUI_windows_portable\ComfyUI\.ce\.pixi\envs\depthanythingv3-nodes\Lib\threading.py", line 1015 in _bootstrap
  [ComfyUI] 
  [ComfyUI] Current thread 0x000023b4 (most recent call first):
  [ComfyUI]   File "C:\Users\ContainerAdministrator\AppData\Local\Temp\comfyui_pvenv_55315uvo\persistent_worker.py", line 52 in _watchdog
  [ComfyUI]   File "C:\workspaces\DepthAnythingV3-1448\portable-comfyui\ComfyUI_windows_portable\ComfyUI\.ce\.pixi\envs\depthanythingv3-nodes\Lib\threading.py", line 995 in run
  [ComfyUI]   File "C:\workspaces\DepthAnythingV3-1448\portable-comfyui\ComfyUI_windows_portable\ComfyUI\.ce\.pixi\envs\depthanythingv3-nodes\Lib\threading.py", line 1044 in _bootstrap_inner
  [ComfyUI]   File "C:\workspaces\DepthAnythingV3-1448\portable-comfyui\ComfyUI_windows_portable\ComfyUI\.ce\.pixi\envs\depthanythingv3-nodes\Lib\threading.py", line 1015 in _bootstrap
  [ComfyUI] 
  [ComfyUI] Thread 0x000043d8 (most recent call first):
  [ComfyUI]   File "C:\workspaces\DepthAnythingV3-1448\portable-comfyui\ComfyUI_windows_portable\ComfyUI\.ce\.pixi\envs\depthanythingv3-nodes\Lib\zipfile\__init__.py", line 1266 in write
  [ComfyUI]   File "C:\workspaces\DepthAnythingV3-1448\portable-comfyui\ComfyUI_windows_portable\ComfyUI\.ce\.pixi\envs\depthanythingv3-nodes\Lib\site-packages\numpy\lib\_format_impl.py", line 777 in write_array
  [ComfyUI]   File "C:\workspaces\DepthAnythingV3-1448\portable-comfyui\ComfyUI_windows_portable\ComfyUI\.ce\.pixi\envs\depthanythingv3-nodes\Lib\site-packages\numpy\lib\_npyio_impl.py", line 786 in _savez
  [ComfyUI]   File "C:\workspaces\DepthAnythingV3-1448\portable-comfyui\ComfyUI_windows_portable\ComfyUI\.ce\.pixi\envs\depthanythingv3-nodes\Lib\site-packages\numpy\lib\_npyio_impl.py", line 753 in savez_compressed
  [ComfyUI]   File "C:\workspaces\DepthAnythingV3-1448\portable-comfyui\ComfyUI_windows_portable\ComfyUI\custom_nodes\ComfyUI-DepthAnythingV3\nodes\streaming\node.py", line 271 in execute
  [ComfyUI]   File "C:\workspaces\DepthAnythingV3-1448\portable-comfyui\ComfyUI_windows_portable\ComfyUI\comfy_api\latest\_io.py", line 1826 in EXECUTE_NORMALIZED
  [ComfyUI]   File "C:\Users\ContainerAdministrator\AppData\Local\Temp\comfyui_pvenv_55315uvo\persistent_worker.py", line 1762 in main
  [ComfyUI]   File "C:\Users\ContainerAdministrator\AppData\Local\Temp\comfyui_pvenv_55315uvo\persistent_worker.py", line 1807 in <module>
  [ComfyUI] 
  [ComfyUI] [worker:ComfyUI-DepthAnythingV3] === END ===
  [ComfyUI] 
  [capture-loop] iter=2100 t=242.4s state={'complete': False, 'error': None, 'executedCount': 0, 'wsState': 1} eval_ms=4 ram=13.3/31.9GB (42%) swap=0.3/12.3GB (3%) cpu=4% browser_rss=0.66GB
  [capture-loop] iter=2150 t=248.1s state={'complete': False, 'error': None, 'executedCount': 0, 'wsState': 1} eval_ms=3 ram=13.4/31.9GB (42%) swap=0.3/12.3GB (3%) cpu=4% browser_rss=0.66GB
  [ComfyUI] [SubprocessWorker] got response: ok
  [capture-loop] iter=2200 t=254.2s state={'complete': False, 'error': None, 'executedCount': 0, 'wsState': 1} eval_ms=4 ram=13.0/31.9GB (41%) swap=0.3/12.3GB (3%) cpu=18% browser_rss=0.66GB
  [ComfyUI] [comfy-env] Created 2 model patchers: ['DepthAnything3Net_1', 'VPRModel_2']
  [ComfyUI] [comfy-env] DepthAnythingV3_Streaming done (244.84s): result: NodeOutput
  [ComfyUI] [VRAM] After DepthAnythingV3_Streaming: 1042 / 12287 MB
  [ComfyUI] [VRAM] Loaded: SubprocessModel (335 MB), SubprocessModel (783 MB)
  Frame 19 saved (frame_018.jpg, t=256.0s)
  [capture-periodic] freeze=5ms shot=108ms unfreeze=6ms saved=True
  [capture-loop] iter=2250 t=260.4s state={'complete': False, 'error': None, 'executedCount': 0, 'wsState': 1} eval_ms=5 ram=13.8/31.9GB (43%) swap=0.3/12.3GB (3%) cpu=45% browser_rss=0.65GB
  [ComfyUI] Prompt executed in 260.97 seconds
  Node executed (1 total), capturing...
  Frame 20 saved (frame_019.jpg, t=261.4s)
  [capture-node] freeze=4ms shot=89ms unfreeze=0ms saved=True
  Execution complete (t=261.4s)
  Captured 20 unique frames over 261.5s
  [debug] iframes: 0
  [timing] trigger_3d_previews: 0.0s
  Saved high-quality screenshot: da3_streaming_executed.png
  [timing] final_screenshot: 0.2s
    Captured 21 video frames