Capturing execution frames: simple.json
  Frame 1 saved (frame_000.jpg, t=0.0s)
  Validating workflow...
  Queuing workflow for execution...
  Frame 2 saved (frame_001.jpg, t=2.3s)
  [capture-periodic] freeze=4ms shot=118ms unfreeze=6ms saved=True
  Frame 3 saved (frame_002.jpg, t=4.5s)
  [capture-periodic] freeze=4ms shot=131ms unfreeze=5ms saved=True
  [capture-loop] iter=50 t=6.1s state={'complete': False, 'error': None, 'executedCount': 0, 'wsState': 1} eval_ms=4 ram=10.8/31.9GB (34%) swap=0.0/5.0GB (0%) cpu=20% browser_rss=0.94GB
  Frame 4 saved (frame_003.jpg, t=6.7s)
  [capture-periodic] freeze=4ms shot=132ms unfreeze=5ms saved=True
  Node executed (1 total), capturing...
  Frame 5 saved (frame_004.jpg, t=12.2s)
  [capture-node] freeze=5ms shot=135ms unfreeze=0ms saved=True
  Execution complete (t=12.2s)
  Captured 5 unique frames over 12.38s
  [debug] iframes: 0
  [timing] trigger_3d_previews: 0.0s
  Saved high-quality screenshot: simple_executed.png
  [timing] final_screenshot: 0.3s
    Captured 6 video frames