[00:00] Crash dump logging enabled: D:\a\comfy-gpu-ci\comfy-gpu-ci\comfy-test-logs\DepthAnythingV3-1124\windows-portable-cpu\crash_dump.log
[00:00] 
[00:00] [1/3] REGISTRATION
[00:00] ----------------------------------------
[00:00] 
[DEBUG] server=None, server_url=http://127.0.0.1:8188, api=None
[00:00] 
Connecting to existing server at http://127.0.0.1:8188...
[00:00] Connecting to existing server at http://127.0.0.1:8188...
[00:00] Connected to server! (attempt 1, 0.0s)
[00:00] Checking for import errors in server logs...
[00:00] No import errors detected
[00:00] Found 1104 registered nodes
[00:00] [REGISTRATION] PASSED
[00:00] 
[00:00] [2/3] INSTANTIATION
[00:00] ----------------------------------------
[00:00] 
[DEBUG] server=<comfy_test.comfyui.server.ExternalComfyUIServer object at 0x0000015956BB9400>, server_url=http://127.0.0.1:8188, api=<comfy_test.comfyui.api.ComfyUIAPI object at 0x0000015956BB9550>
[00:00] Testing node constructors...
[00:05] All 15 node(s) instantiated successfully!
[00:05] [INSTANTIATION] PASSED
[00:05] 
[00:05] [3/3] EXECUTION
[00:05] ----------------------------------------
[00:05] 
[DEBUG] server=<comfy_test.comfyui.server.ExternalComfyUIServer object at 0x0000015956BB9400>, server_url=http://127.0.0.1:8188, api=<comfy_test.comfyui.api.ComfyUIAPI object at 0x0000015956BB9550>
[00:05] CPU runner - will execute 4 workflow(s)
[00:05] Running 7 workflow(s) (all with videos)...
[00:05] Starting headless browser...
[00:06]   Downloading Mesa llvmpipe for Windows...
[00:12]   Copied opengl32.dll to Chromium dir
[00:12]   Copied libgallium_wgl.dll to Chromium dir
[00:13]   Using Mesa llvmpipe (desktop GL) — multithreaded CPU rendering
[00:14] Capturing execution frames: advanced.json
[00:21]   Frame 1 saved (frame_000.jpg, t=0.0s)
[00:21]   Validating workflow...
[00:21]   Queuing workflow for execution...
[00:23]   Frame 2 saved (frame_001.jpg, t=2.3s)
[00:23]   [capture-periodic] freeze=4ms shot=110ms unfreeze=4ms saved=True
[00:25]   Frame 3 saved (frame_002.jpg, t=4.5s)
[00:25]   [capture-periodic] freeze=3ms shot=101ms unfreeze=5ms saved=True
[00:27]   [capture-loop] iter=50 t=5.9s state={'complete': False, 'error': None, 'executedCount': 0, 'wsState': 1} eval_ms=5 ram=6.0/16.0GB (38%) swap=0.3/2.9GB (10%) cpu=48% browser_rss=0.67GB
[00:34]   [capture-loop] iter=100 t=12.7s state={'complete': False, 'error': None, 'executedCount': 0, 'wsState': 1} eval_ms=5 ram=6.5/16.0GB (40%) swap=0.3/2.9GB (10%) cpu=74% browser_rss=0.67GB
[00:34]   Frame 4 saved (frame_003.jpg, t=13.5s)
[00:34]   [capture-periodic] freeze=4ms shot=115ms unfreeze=6ms saved=True
[00:39]   [capture-loop] iter=150 t=18.6s state={'complete': False, 'error': None, 'executedCount': 0, 'wsState': 1} eval_ms=6 ram=8.0/16.0GB (50%) swap=0.3/2.9GB (10%) cpu=60% browser_rss=0.66GB
[00:45]   [capture-loop] iter=200 t=24.4s state={'complete': False, 'error': None, 'executedCount': 0, 'wsState': 1} eval_ms=4 ram=7.0/16.0GB (44%) swap=0.3/2.9GB (10%) cpu=76% browser_rss=0.60GB
[00:51]   [capture-loop] iter=250 t=30.4s state={'complete': False, 'error': None, 'executedCount': 0, 'wsState': 1} eval_ms=4 ram=6.6/16.0GB (41%) swap=0.3/2.9GB (10%) cpu=74% browser_rss=0.60GB
[00:57]   [capture-loop] iter=300 t=36.3s state={'complete': False, 'error': None, 'executedCount': 0, 'wsState': 1} eval_ms=5 ram=6.7/16.0GB (42%) swap=0.3/2.9GB (10%) cpu=71% browser_rss=0.60GB
[01:03]   [capture-loop] iter=350 t=42.2s state={'complete': False, 'error': None, 'executedCount': 0, 'wsState': 1} eval_ms=5 ram=7.4/16.0GB (46%) swap=0.3/2.9GB (10%) cpu=75% browser_rss=0.60GB
[01:09]   [capture-loop] iter=400 t=48.1s state={'complete': False, 'error': None, 'executedCount': 0, 'wsState': 1} eval_ms=4 ram=6.9/16.0GB (43%) swap=0.3/2.9GB (10%) cpu=77% browser_rss=0.59GB
[01:15]   [capture-loop] iter=450 t=54.1s state={'complete': False, 'error': None, 'executedCount': 0, 'wsState': 1} eval_ms=16 ram=8.1/16.0GB (50%) swap=0.3/2.9GB (10%) cpu=78% browser_rss=0.57GB
[01:21]   [capture-loop] iter=500 t=60.5s state={'complete': False, 'error': None, 'executedCount': 0, 'wsState': 1} eval_ms=5 ram=7.1/16.0GB (45%) swap=0.3/2.9GB (10%) cpu=89% browser_rss=0.56GB
[01:27]   [capture-loop] iter=550 t=66.2s state={'complete': False, 'error': None, 'executedCount': 0, 'wsState': 1} eval_ms=4 ram=8.1/16.0GB (50%) swap=0.3/2.9GB (10%) cpu=71% browser_rss=0.56GB
[01:33]   [capture-loop] iter=600 t=72.2s state={'complete': False, 'error': None, 'executedCount': 0, 'wsState': 1} eval_ms=4 ram=7.6/16.0GB (48%) swap=0.3/2.9GB (10%) cpu=71% browser_rss=0.56GB
[01:39]   [capture-loop] iter=650 t=78.1s state={'complete': False, 'error': None, 'executedCount': 0, 'wsState': 1} eval_ms=5 ram=8.1/16.0GB (51%) swap=0.3/2.9GB (10%) cpu=65% browser_rss=0.55GB
[01:45]   [capture-loop] iter=700 t=83.8s state={'complete': False, 'error': None, 'executedCount': 0, 'wsState': 1} eval_ms=5 ram=8.5/16.0GB (53%) swap=0.3/2.9GB (10%) cpu=67% browser_rss=0.55GB
[01:51]   [capture-loop] iter=750 t=89.7s state={'complete': False, 'error': None, 'executedCount': 0, 'wsState': 1} eval_ms=6 ram=8.4/16.0GB (53%) swap=0.4/2.9GB (15%) cpu=68% browser_rss=0.54GB
[01:52]   Node executed (2 total), capturing...
[01:53]   Frame 5 saved (frame_004.jpg, t=91.7s)
[01:53]   [capture-node] freeze=5ms shot=167ms unfreeze=7ms saved=True
[01:53]   Node executed (8 total), capturing...
[01:53]   Frame 6 saved (frame_005.jpg, t=92.2s)
[01:53]   [capture-node] freeze=4ms shot=116ms unfreeze=0ms saved=True
[01:53]   Execution complete (t=92.2s)
[01:53]   Captured 6 unique frames over 92.34s
[01:53]   [debug] iframes: 0
[01:53]   [timing] trigger_3d_previews: 0.0s
[01:55]   Saved high-quality screenshot: advanced_executed.png
[01:55]   [timing] final_screenshot: 0.2s
[01:56] Capturing execution frames: advanced_3d.json
[02:02]   Frame 1 saved (frame_000.jpg, t=0.0s)
[02:02]   Validating workflow...
[02:02]   Queuing workflow for execution...
[02:04]   Frame 2 saved (frame_001.jpg, t=2.2s)
[02:04]   [capture-periodic] freeze=4ms shot=133ms unfreeze=10ms saved=True
[02:06]   Frame 3 saved (frame_002.jpg, t=4.5s)
[02:06]   [capture-periodic] freeze=3ms shot=136ms unfreeze=5ms saved=True
[02:08]   [capture-loop] iter=50 t=6.0s state={'complete': False, 'error': None, 'executedCount': 0, 'wsState': 1} eval_ms=6 ram=7.3/16.0GB (45%) swap=0.6/2.9GB (21%) cpu=47% browser_rss=0.69GB
[02:14]   [capture-loop] iter=100 t=12.0s state={'complete': False, 'error': None, 'executedCount': 0, 'wsState': 1} eval_ms=6 ram=7.3/16.0GB (46%) swap=0.6/2.9GB (21%) cpu=76% browser_rss=0.69GB
[02:20]   [capture-loop] iter=150 t=17.8s state={'complete': False, 'error': None, 'executedCount': 0, 'wsState': 1} eval_ms=5 ram=7.5/16.0GB (47%) swap=0.6/2.9GB (21%) cpu=78% browser_rss=0.67GB
[02:26]   [capture-loop] iter=200 t=23.7s state={'complete': False, 'error': None, 'executedCount': 0, 'wsState': 1} eval_ms=4 ram=7.4/16.0GB (46%) swap=0.7/2.9GB (26%) cpu=68% browser_rss=0.67GB
[02:32]   [capture-loop] iter=250 t=29.7s state={'complete': False, 'error': None, 'executedCount': 0, 'wsState': 1} eval_ms=13 ram=7.7/16.0GB (48%) swap=0.7/2.9GB (25%) cpu=67% browser_rss=0.59GB
[02:38]   [capture-loop] iter=300 t=35.7s state={'complete': False, 'error': None, 'executedCount': 0, 'wsState': 1} eval_ms=4 ram=7.3/16.0GB (46%) swap=0.7/2.9GB (25%) cpu=78% browser_rss=0.59GB
[02:40]   Frame 4 saved (frame_003.jpg, t=37.9s)
[02:40]   [capture-periodic] freeze=4ms shot=114ms unfreeze=4ms saved=True
[02:43]   [capture-loop] iter=350 t=41.6s state={'complete': False, 'error': None, 'executedCount': 0, 'wsState': 1} eval_ms=5 ram=6.9/16.0GB (43%) swap=0.7/2.9GB (25%) cpu=65% browser_rss=0.59GB
[02:45]   Node executed (1 total), capturing...
[02:45]   Frame 5 saved (frame_004.jpg, t=43.0s)
[02:45]   [capture-node] freeze=4ms shot=125ms unfreeze=5ms saved=True
[02:45]   Node executed (2 total), capturing...
[02:47]   Frame 6 saved (frame_005.jpg, t=43.4s)
[02:47]   [capture-node] freeze=1972ms shot=100ms unfreeze=0ms saved=True
[02:47]   Execution complete (t=43.4s)
[02:47]   Captured 6 unique frames over 45.52s
[02:47]   [debug] iframes: 1
[02:47]   [debug]   iframe[0]: src=http://127.0.0.1:8188/extensions/ComfyUI-DepthAnythingV3/viewer_vtk.html?v=17782, canvas=486x394, rafFrozen=True
[02:47]   [timing] trigger_3d_previews: 0.0s
[02:50]   Saved high-quality screenshot: advanced_3d_executed.png
[02:50]   [timing] final_screenshot: 0.2s
[02:50] Capturing execution frames: advanced_3d_multiview.json
[02:56]   Frame 1 saved (frame_000.jpg, t=0.0s)
[02:56]   Validating workflow...
[02:56]   Queuing workflow for execution...
[02:57]   Node executed (1 total), capturing...
[02:57]   Frame 2 saved (frame_001.jpg, t=0.5s)
[02:57]   [capture-node] freeze=4ms shot=120ms unfreeze=6ms saved=True
[03:01]   Frame 3 saved (frame_002.jpg, t=5.0s)
[03:01]   [capture-periodic] freeze=5ms shot=139ms unfreeze=10ms saved=True
[03:02]   [capture-loop] iter=50 t=6.3s state={'complete': False, 'error': None, 'executedCount': 1, 'wsState': 1} eval_ms=4 ram=6.9/16.0GB (43%) swap=0.9/2.9GB (30%) cpu=46% browser_rss=0.67GB
[03:08]   [capture-loop] iter=100 t=12.3s state={'complete': False, 'error': None, 'executedCount': 1, 'wsState': 1} eval_ms=5 ram=6.9/16.0GB (43%) swap=0.9/2.9GB (30%) cpu=73% browser_rss=0.65GB
[03:14]   [capture-loop] iter=150 t=18.1s state={'complete': False, 'error': None, 'executedCount': 1, 'wsState': 1} eval_ms=4 ram=6.7/16.0GB (42%) swap=1.0/2.9GB (35%) cpu=74% browser_rss=0.65GB
[03:20]   [capture-loop] iter=200 t=24.2s state={'complete': False, 'error': None, 'executedCount': 1, 'wsState': 1} eval_ms=5 ram=6.9/16.0GB (43%) swap=1.0/2.9GB (35%) cpu=84% browser_rss=0.65GB
[03:26]   [capture-loop] iter=250 t=30.3s state={'complete': False, 'error': None, 'executedCount': 1, 'wsState': 1} eval_ms=5 ram=7.0/16.0GB (44%) swap=1.1/2.9GB (40%) cpu=82% browser_rss=0.64GB
[03:32]   [capture-loop] iter=300 t=36.3s state={'complete': False, 'error': None, 'executedCount': 1, 'wsState': 1} eval_ms=5 ram=7.2/16.0GB (45%) swap=1.1/2.9GB (40%) cpu=74% browser_rss=0.65GB
[03:38]   [capture-loop] iter=350 t=42.1s state={'complete': False, 'error': None, 'executedCount': 1, 'wsState': 1} eval_ms=5 ram=7.3/16.0GB (46%) swap=1.2/2.9GB (43%) cpu=74% browser_rss=0.64GB
[03:44]   [capture-loop] iter=400 t=48.1s state={'complete': False, 'error': None, 'executedCount': 1, 'wsState': 1} eval_ms=5 ram=7.4/16.0GB (46%) swap=1.2/2.9GB (43%) cpu=73% browser_rss=0.63GB
[03:50]   [capture-loop] iter=450 t=54.0s state={'complete': False, 'error': None, 'executedCount': 1, 'wsState': 1} eval_ms=4 ram=8.1/16.0GB (51%) swap=1.2/2.9GB (43%) cpu=72% browser_rss=0.62GB
[03:56]   [capture-loop] iter=500 t=59.8s state={'complete': False, 'error': None, 'executedCount': 1, 'wsState': 1} eval_ms=6 ram=8.4/16.0GB (52%) swap=1.2/2.9GB (43%) cpu=72% browser_rss=0.61GB
[04:02]   [capture-loop] iter=550 t=65.8s state={'complete': False, 'error': None, 'executedCount': 1, 'wsState': 1} eval_ms=5 ram=7.6/16.0GB (48%) swap=1.2/2.9GB (43%) cpu=73% browser_rss=0.60GB
[04:08]   [capture-loop] iter=600 t=71.7s state={'complete': False, 'error': None, 'executedCount': 1, 'wsState': 1} eval_ms=4 ram=6.6/16.0GB (42%) swap=1.2/2.9GB (43%) cpu=71% browser_rss=0.60GB
[04:14]   [capture-loop] iter=650 t=77.5s state={'complete': False, 'error': None, 'executedCount': 1, 'wsState': 1} eval_ms=5 ram=7.3/16.0GB (46%) swap=1.2/2.9GB (43%) cpu=67% browser_rss=0.59GB
[04:20]   [capture-loop] iter=700 t=83.6s state={'complete': False, 'error': None, 'executedCount': 1, 'wsState': 1} eval_ms=5 ram=7.2/16.0GB (45%) swap=1.2/2.9GB (43%) cpu=80% browser_rss=0.59GB
[04:26]   [capture-loop] iter=750 t=89.6s state={'complete': False, 'error': None, 'executedCount': 1, 'wsState': 1} eval_ms=10 ram=7.5/16.0GB (47%) swap=1.2/2.9GB (43%) cpu=77% browser_rss=0.59GB
[04:32]   [capture-loop] iter=800 t=95.4s state={'complete': False, 'error': None, 'executedCount': 1, 'wsState': 1} eval_ms=6 ram=4.7/16.0GB (30%) swap=1.0/2.9GB (36%) cpu=75% browser_rss=0.58GB
[04:37]   [capture-loop] iter=850 t=101.2s state={'complete': False, 'error': None, 'executedCount': 1, 'wsState': 1} eval_ms=4 ram=5.2/16.0GB (33%) swap=0.8/2.9GB (29%) cpu=43% browser_rss=0.58GB
[04:43]   [capture-loop] iter=900 t=107.1s state={'complete': False, 'error': None, 'executedCount': 1, 'wsState': 1} eval_ms=5 ram=6.4/16.0GB (40%) swap=1.0/2.9GB (34%) cpu=68% browser_rss=0.58GB
[04:49]   [capture-loop] iter=950 t=113.0s state={'complete': False, 'error': None, 'executedCount': 1, 'wsState': 1} eval_ms=5 ram=5.5/16.0GB (34%) swap=1.0/2.9GB (34%) cpu=74% browser_rss=0.57GB
[04:55]   [capture-loop] iter=1000 t=118.9s state={'complete': False, 'error': None, 'executedCount': 1, 'wsState': 1} eval_ms=5 ram=5.6/16.0GB (35%) swap=1.0/2.9GB (34%) cpu=74% browser_rss=0.55GB
[05:01]   [capture-loop] iter=1050 t=124.8s state={'complete': False, 'error': None, 'executedCount': 1, 'wsState': 1} eval_ms=5 ram=5.7/16.0GB (36%) swap=1.0/2.9GB (34%) cpu=74% browser_rss=0.54GB
[05:07]   [capture-loop] iter=1100 t=130.7s state={'complete': False, 'error': None, 'executedCount': 1, 'wsState': 1} eval_ms=5 ram=5.8/16.0GB (36%) swap=1.0/2.9GB (34%) cpu=75% browser_rss=0.52GB
[05:13]   [capture-loop] iter=1150 t=136.6s state={'complete': False, 'error': None, 'executedCount': 1, 'wsState': 1} eval_ms=5 ram=5.9/16.0GB (37%) swap=1.0/2.9GB (34%) cpu=72% browser_rss=0.50GB
[05:19]   [capture-loop] iter=1200 t=142.6s state={'complete': False, 'error': None, 'executedCount': 1, 'wsState': 1} eval_ms=4 ram=6.0/16.0GB (37%) swap=1.0/2.9GB (34%) cpu=75% browser_rss=0.50GB
[05:25]   [capture-loop] iter=1250 t=148.4s state={'complete': False, 'error': None, 'executedCount': 1, 'wsState': 1} eval_ms=5 ram=5.9/16.0GB (37%) swap=1.1/2.9GB (39%) cpu=71% browser_rss=0.50GB
[05:30]   [capture-loop] iter=1300 t=154.3s state={'complete': False, 'error': None, 'executedCount': 1, 'wsState': 1} eval_ms=5 ram=6.1/16.0GB (38%) swap=1.1/2.9GB (39%) cpu=73% browser_rss=0.49GB
[05:36]   [capture-loop] iter=1350 t=160.1s state={'complete': False, 'error': None, 'executedCount': 1, 'wsState': 1} eval_ms=5 ram=6.2/16.0GB (39%) swap=1.1/2.9GB (39%) cpu=73% browser_rss=0.48GB
[05:42]   [capture-loop] iter=1400 t=166.1s state={'complete': False, 'error': None, 'executedCount': 1, 'wsState': 1} eval_ms=6 ram=6.5/16.0GB (41%) swap=1.1/2.9GB (39%) cpu=73% browser_rss=0.48GB
[05:48]   [capture-loop] iter=1450 t=172.0s state={'complete': False, 'error': None, 'executedCount': 1, 'wsState': 1} eval_ms=5 ram=6.4/16.0GB (40%) swap=1.1/2.9GB (39%) cpu=72% browser_rss=0.47GB
[05:54]   [capture-loop] iter=1500 t=177.8s state={'complete': False, 'error': None, 'executedCount': 1, 'wsState': 1} eval_ms=6 ram=6.9/16.0GB (43%) swap=1.2/2.9GB (42%) cpu=69% browser_rss=0.46GB
[06:00]   [capture-loop] iter=1550 t=183.7s state={'complete': False, 'error': None, 'executedCount': 1, 'wsState': 1} eval_ms=10 ram=7.4/16.0GB (46%) swap=1.3/2.9GB (44%) cpu=69% browser_rss=0.45GB
[06:06]   [capture-loop] iter=1600 t=189.7s state={'complete': False, 'error': None, 'executedCount': 1, 'wsState': 1} eval_ms=7 ram=7.6/16.0GB (47%) swap=1.2/2.9GB (43%) cpu=69% browser_rss=0.44GB
[06:12]   [capture-loop] iter=1650 t=195.6s state={'complete': False, 'error': None, 'executedCount': 1, 'wsState': 1} eval_ms=5 ram=7.3/16.0GB (46%) swap=1.2/2.9GB (43%) cpu=87% browser_rss=0.43GB
[06:14]   Frame 4 saved (frame_003.jpg, t=197.8s)
[06:14]   [capture-periodic] freeze=3ms shot=99ms unfreeze=4ms saved=True
[06:16]   Frame 5 saved (frame_004.jpg, t=200.0s)
[06:16]   [capture-periodic] freeze=3ms shot=108ms unfreeze=4ms saved=True
[06:18]   [capture-loop] iter=1700 t=201.6s state={'complete': False, 'error': None, 'executedCount': 1, 'wsState': 1} eval_ms=4 ram=6.2/16.0GB (38%) swap=1.2/2.9GB (43%) cpu=47% browser_rss=0.44GB
[06:21]   Frame 6 saved (frame_005.jpg, t=204.4s)
[06:21]   [capture-periodic] freeze=3ms shot=111ms unfreeze=5ms saved=True
[06:23]   [capture-loop] iter=1750 t=207.3s state={'complete': False, 'error': None, 'executedCount': 1, 'wsState': 1} eval_ms=4 ram=6.2/16.0GB (38%) swap=1.2/2.9GB (43%) cpu=23% browser_rss=0.43GB
[06:28]   Node executed (3 total), capturing...
[06:28]   Frame 7 saved (frame_006.jpg, t=211.8s)
[06:28]   [capture-node] freeze=4ms shot=106ms unfreeze=4ms saved=True
[06:28]   Node executed (4 total), capturing...
[06:29]   Frame 8 saved (frame_007.jpg, t=212.4s)
[06:29]   [capture-node] freeze=4ms shot=105ms unfreeze=0ms saved=True
[06:29]   Execution complete (t=212.4s)
[06:29]   Captured 8 unique frames over 212.6s
[06:29]   [debug] iframes: 1
[06:29]   [debug]   iframe[0]: src=http://127.0.0.1:8188/extensions/ComfyUI-DepthAnythingV3/viewer_vtk.html?v=17782, canvas=486x394, rafFrozen=True
[06:29]   [timing] trigger_3d_previews: 0.0s
[06:31]   Saved high-quality screenshot: advanced_3d_multiview_executed.png
[06:31]   [timing] final_screenshot: 0.2s
[06:31]   [4/7] SKIPPED (not in cpu list) bas_relief.json
[06:32]   [5/7] SKIPPED (not in cpu list) da3_streaming.json
[06:32] Capturing execution frames: simple.json
[06:38]   Frame 1 saved (frame_000.jpg, t=0.0s)
[06:38]   Validating workflow...
[06:38]   Queuing workflow for execution...
[06:41]   Frame 2 saved (frame_001.jpg, t=2.2s)
[06:41]   [capture-periodic] freeze=4ms shot=128ms unfreeze=4ms saved=True
[06:43]   Frame 3 saved (frame_002.jpg, t=4.4s)
[06:43]   [capture-periodic] freeze=4ms shot=120ms unfreeze=4ms saved=True
[06:44]   [capture-loop] iter=50 t=5.9s state={'complete': False, 'error': None, 'executedCount': 0, 'wsState': 1} eval_ms=4 ram=5.1/16.0GB (32%) swap=1.1/2.9GB (39%) cpu=32% browser_rss=0.62GB
[06:45]   Frame 4 saved (frame_003.jpg, t=6.7s)
[06:45]   [capture-periodic] freeze=4ms shot=129ms unfreeze=6ms saved=True
[06:50]   [capture-loop] iter=100 t=11.8s state={'complete': False, 'error': None, 'executedCount': 0, 'wsState': 1} eval_ms=6 ram=5.4/16.0GB (34%) swap=1.1/2.9GB (39%) cpu=62% browser_rss=0.62GB
[06:56]   [capture-loop] iter=150 t=17.7s state={'complete': False, 'error': None, 'executedCount': 0, 'wsState': 1} eval_ms=6 ram=5.5/16.0GB (35%) swap=1.1/2.9GB (39%) cpu=68% browser_rss=0.62GB
[07:02]   [capture-loop] iter=200 t=23.7s state={'complete': False, 'error': None, 'executedCount': 0, 'wsState': 1} eval_ms=6 ram=6.4/16.0GB (40%) swap=1.1/2.9GB (39%) cpu=74% browser_rss=0.62GB
[07:08]   [capture-loop] iter=250 t=29.8s state={'complete': False, 'error': None, 'executedCount': 0, 'wsState': 1} eval_ms=11 ram=6.3/16.0GB (39%) swap=1.1/2.9GB (39%) cpu=75% browser_rss=0.54GB
[07:14]   [capture-loop] iter=300 t=35.9s state={'complete': False, 'error': None, 'executedCount': 0, 'wsState': 1} eval_ms=6 ram=5.9/16.0GB (37%) swap=1.1/2.9GB (39%) cpu=73% browser_rss=0.54GB
[07:20]   [capture-loop] iter=350 t=41.7s state={'complete': False, 'error': None, 'executedCount': 0, 'wsState': 1} eval_ms=5 ram=6.0/16.0GB (38%) swap=1.1/2.9GB (39%) cpu=72% browser_rss=0.53GB
[07:26]   [capture-loop] iter=400 t=47.8s state={'complete': False, 'error': None, 'executedCount': 0, 'wsState': 1} eval_ms=6 ram=7.0/16.0GB (44%) swap=1.1/2.9GB (39%) cpu=74% browser_rss=0.54GB
[07:32]   [capture-loop] iter=450 t=53.8s state={'complete': False, 'error': None, 'executedCount': 0, 'wsState': 1} eval_ms=5 ram=7.2/16.0GB (45%) swap=1.1/2.9GB (39%) cpu=76% browser_rss=0.54GB
[07:38]   [capture-loop] iter=500 t=59.7s state={'complete': False, 'error': None, 'executedCount': 0, 'wsState': 1} eval_ms=6 ram=6.7/16.0GB (42%) swap=1.1/2.9GB (39%) cpu=75% browser_rss=0.54GB
[07:44]   [capture-loop] iter=550 t=65.7s state={'complete': False, 'error': None, 'executedCount': 0, 'wsState': 1} eval_ms=5 ram=7.3/16.0GB (46%) swap=1.1/2.9GB (38%) cpu=69% browser_rss=0.54GB
[07:50]   [capture-loop] iter=600 t=71.7s state={'complete': False, 'error': None, 'executedCount': 0, 'wsState': 1} eval_ms=5 ram=7.5/16.0GB (47%) swap=1.1/2.9GB (38%) cpu=71% browser_rss=0.54GB
[07:56]   [capture-loop] iter=650 t=77.5s state={'complete': False, 'error': None, 'executedCount': 0, 'wsState': 1} eval_ms=4 ram=8.0/16.0GB (50%) swap=1.1/2.9GB (38%) cpu=67% browser_rss=0.54GB
[08:00]   Node executed (1 total), capturing...
[08:00]   Frame 5 saved (frame_004.jpg, t=81.5s)
[08:00]   [capture-node] freeze=5ms shot=127ms unfreeze=0ms saved=True
[08:00]   Execution complete (t=81.5s)
[08:00]   Captured 5 unique frames over 81.69s
[08:00]   [debug] iframes: 0
[08:00]   [timing] trigger_3d_previews: 0.0s
[08:02]   Saved high-quality screenshot: simple_executed.png
[08:02]   [timing] final_screenshot: 0.2s
[08:03]   [7/7] SKIPPED (not in cpu list) video_multiview_depth.json
[08:03] Results saved to D:\a\comfy-gpu-ci\comfy-gpu-ci\comfy-test-logs\DepthAnythingV3-1124\windows-portable-cpu\results.json
[08:03] Model report: 12 files, 1.5 GB -> D:\a\comfy-gpu-ci\comfy-gpu-ci\comfy-test-logs\DepthAnythingV3-1124\windows-portable-cpu\models.json
[08:03] Saved: D:\a\comfy-gpu-ci\comfy-gpu-ci\comfy-test-logs\DepthAnythingV3-1124\windows-portable-cpu\index.html
[08:03] [EXECUTION] PASSED
[08:03] 
windows_portable: PASSED
