Capturing execution frames: advanced_3d_multiview.json
  Frame 1 saved (frame_000.jpg, t=0.0s)
  Validating workflow...
  [ComfyUI] === /validate endpoint called ===
  [ComfyUI] Received JSON with keys: ['prompt']
  [ComfyUI] Prompt has 8 nodes
  [ComfyUI]   Node 3: DownloadAndLoadDepthAnythingV3Model
  [ComfyUI]     Inputs: {"model": "da3_large.safetensors", "precision": "auto", "attention": "auto"}
  [ComfyUI]   Node 21: LoadImageDataSetFromFolder
  [ComfyUI]     Inputs: {"folder": "SOH"}
  Queuing workflow for execution...
  [ComfyUI]   Node 27: PreviewImage
  [ComfyUI]     Inputs: {"images": ["21", 0]}
  [ComfyUI]   Node 38: DA3_MultiViewPointCloud
  [ComfyUI]     Inputs: {"extrinsics": ["39", 4], "intrinsics": ["39", 5], "confidence_threshold": 0.3, "downsample": 4, "use_icp": false, "allow_around_1": false, "filter_outliers": true, "outlier_percentage": 5, "depths":
  [ComfyUI]   Node 39: DepthAnythingV3_MultiView
  [ComfyUI]     Inputs: {"normalization_mode": "Raw", "resize_method": "resize", "invert_depth": false, "keep_model_size": false, "da3_model": ["3", 0], "images": ["21", 0]}
  [ComfyUI]   Node 44: DA3_SavePointCloud
  [ComfyUI]     Inputs: {"filename_prefix": "pointcloud", "pointcloud": ["38", 0]}
  [ComfyUI]   Node 45: PreviewAny
  [ComfyUI]     Inputs: {"source": ["44", 0]}
  [ComfyUI]   Node 48: DA3_PreviewPointCloud
  [ComfyUI]     Inputs: {"file_path": ["44", 0], "color_mode": "RGB", "preview_vtk": ""}
  [ComfyUI] Generated prompt_id: 9ec9ce07-bfa6-41bd-b3e2-f440e9c9743b
  [ComfyUI] Calling execution.validate_prompt()...
  [ComfyUI] Validation result: valid=True
  [ComfyUI] === Validation PASSED ===
  [ComfyUI] got prompt
  [ComfyUI] [comfy-env] Running DownloadAndLoadDepthAnythingV3Model: model: 'da3_large.safetensors', precision: 'auto', attention: 'auto'
  [ComfyUI] [SubprocessWorker] call_method: nodes.load_model.DownloadAndLoadDepthAnythingV3Model.EXECUTE_NORMALIZED
  [ComfyUI] [ComfyUI-DepthAnythingV3] python: /home/runner/.ce/.pixi/envs/depthanythingv3-nodes/bin/python
  [ComfyUI] [ComfyUI-DepthAnythingV3] sys_path sent to worker: ['/home/runner/work/comfy-gpu-ci/comfy-gpu-ci/test_workspaces/DepthAnythingV3-0030/ComfyUI', '/home/runner/work/comfy-gpu-ci/comfy-gpu-ci/test_workspaces/DepthAnythingV3-0030/ComfyUI/custom_nodes/ComfyUI-DepthAnythingV3', '/home/runner/.ce/.pixi/envs/depthanythingv3-nodes/lib/python3.12/site-packages', '/home/runner/work/comfy-gpu-ci/comfy-gpu-ci/test_workspaces/DepthAnythingV3-0030/ComfyUI/custom_nodes/ComfyUI-DepthAnythingV3']
  [ComfyUI] [SubprocessWorker] acquired lock, ensuring started...
  [ComfyUI] [SubprocessWorker] is_pixi=True, python=/home/runner/.ce/.pixi/envs/depthanythingv3-nodes/bin/python
  [ComfyUI] [ComfyUI-DepthAnythingV3] Health check: ping (timeout=5.0s)...
  [ComfyUI] [SubprocessWorker] launching cmd=['/home/runner/.pixi/bin/pixi', 'run', '--as-is', '--manifest-path', '/home/runner/.ce/pixi.toml', '-e', 'depthanythingv3-nodes', 'python', '/tmp/comfyui_pvenv_nya1kxc6/persistent_worker.py', 'abstract://comfy_worker_c6da633ecae9']...
  [ComfyUI] [ComfyUI-DepthAnythingV3] Health check: failed
  [ComfyUI] [SubprocessWorker] socket_addr=abstract://comfy_worker_c6da633ecae9 (abstract, no filesystem path)
  [ComfyUI] [ComfyUI-DepthAnythingV3] Socket unhealthy, restarting worker...
  Node executed (1 total), capturing...
  Frame 2 saved (frame_001.jpg, t=0.5s)
  [capture-node] freeze=3ms shot=88ms unfreeze=5ms saved=True
  [ComfyUI] [worker:ComfyUI-DepthAnythingV3] ERROR: Failed to import comfy_kitchen, Error: No module named 'comfy_kitchen', fp8 and fp4 support will not be available.
  [ComfyUI] [SubprocessWorker] worker started/confirmed
  [ComfyUI] [SubprocessWorker] serializing kwargs to shm...
  [ComfyUI] [SubprocessWorker] created 0 shm blocks
  [ComfyUI] [SubprocessWorker] sending request via socket...
  [ComfyUI] [SubprocessWorker] call_id=8 sending call_method
  [ComfyUI] [SubprocessWorker] got response: ok
  [ComfyUI] [comfy-env] DownloadAndLoadDepthAnythingV3Model done (1.54s): result: NodeOutput
  [ComfyUI] [comfy-env] Running DepthAnythingV3_MultiView: normalization_mode: 'Raw', resize_method: 'resize', invert_depth: False, keep_model_size: False, da3_model: dict, images: torch.float32 [1,680,1208,3] cpu
  [ComfyUI] [SubprocessWorker] call_method: nodes.nodes_multiview.DepthAnythingV3_MultiView.EXECUTE_NORMALIZED
  [ComfyUI] [SubprocessWorker] acquired lock, ensuring started...
  [ComfyUI] [ComfyUI-DepthAnythingV3] Health check: ping (timeout=5.0s)...
  [ComfyUI] [ComfyUI-DepthAnythingV3] Health check: ok
  [ComfyUI] [SubprocessWorker] worker started/confirmed
  [ComfyUI] [comfy-env] PRE-SERIALIZE 'images' shape: torch.Size([1, 680, 1208, 3])
  [ComfyUI] [SubprocessWorker] serializing kwargs to shm...
  [ComfyUI] [SubprocessWorker] created 0 shm blocks
  [ComfyUI] [SubprocessWorker] sending request via socket...
  [ComfyUI] [SubprocessWorker] call_id=9 sending call_method
  [ComfyUI] [worker:ComfyUI-DepthAnythingV3] [comfy-env] _from_shm got dict with keys: ['__type__', 'strategy', 'parent_pid', 'fd', 'storage_size']
  [ComfyUI] [worker:ComfyUI-DepthAnythingV3] [comfy-env] DESERIALIZE TensorRef: tensor_size=[1, 680, 1208, 3]
  [ComfyUI] [worker:ComfyUI-DepthAnythingV3] [comfy-env] DESERIALIZED tensor shape: torch.Size([1, 680, 1208, 3])
  [ComfyUI] [worker:ComfyUI-DepthAnythingV3] WARNING: No comfy kitchen, using old apply_rope functions.
  Frame 3 saved (frame_002.jpg, t=2.7s)
  [capture-periodic] freeze=2ms shot=80ms unfreeze=4ms saved=True
  [ComfyUI] [SubprocessWorker] callback 'request_vram_budget' from call_id=9
  [ComfyUI] [comfy-env] VRAM request: 1.64GB, free before eviction: 14.01GB
  [ComfyUI] [comfy-env] VRAM after eviction: 14.01GB
  Frame 4 saved (frame_003.jpg, t=5.0s)
  [capture-periodic] freeze=3ms shot=79ms unfreeze=6ms saved=True
  [capture-loop] iter=50 t=5.9s state={'complete': False, 'error': None, 'executedCount': 1, 'wsState': 1} eval_ms=2 ram=2.7/15.6GB (17%) swap=0.0/3.0GB (0%) cpu=35% browser_rss=0.91GB
  [capture-loop] iter=100 t=11.4s state={'complete': False, 'error': None, 'executedCount': 1, 'wsState': 1} eval_ms=3 ram=3.5/15.6GB (23%) swap=0.0/3.0GB (0%) cpu=33% browser_rss=0.91GB
  [capture-loop] iter=150 t=17.0s state={'complete': False, 'error': None, 'executedCount': 1, 'wsState': 1} eval_ms=3 ram=3.6/15.6GB (23%) swap=0.0/3.0GB (0%) cpu=32% browser_rss=0.91GB
  [capture-loop] iter=200 t=22.5s state={'complete': False, 'error': None, 'executedCount': 1, 'wsState': 1} eval_ms=2 ram=2.8/15.6GB (18%) swap=0.0/3.0GB (0%) cpu=32% browser_rss=0.91GB
  [capture-loop] iter=250 t=28.0s state={'complete': False, 'error': None, 'executedCount': 1, 'wsState': 1} eval_ms=3 ram=3.5/15.6GB (22%) swap=0.0/3.0GB (0%) cpu=32% browser_rss=0.91GB
  [capture-loop] iter=300 t=33.5s state={'complete': False, 'error': None, 'executedCount': 1, 'wsState': 1} eval_ms=3 ram=3.7/15.6GB (24%) swap=0.0/3.0GB (0%) cpu=32% browser_rss=0.91GB
  [capture-loop] iter=350 t=39.0s state={'complete': False, 'error': None, 'executedCount': 1, 'wsState': 1} eval_ms=3 ram=2.7/15.6GB (17%) swap=0.0/3.0GB (0%) cpu=31% browser_rss=0.91GB
  [capture-loop] iter=400 t=44.5s state={'complete': False, 'error': None, 'executedCount': 1, 'wsState': 1} eval_ms=2 ram=3.1/15.6GB (20%) swap=0.0/3.0GB (0%) cpu=32% browser_rss=0.91GB
  [capture-loop] iter=450 t=49.9s state={'complete': False, 'error': None, 'executedCount': 1, 'wsState': 1} eval_ms=2 ram=4.2/15.6GB (27%) swap=0.0/3.0GB (0%) cpu=32% browser_rss=0.91GB
  [capture-loop] iter=500 t=55.5s state={'complete': False, 'error': None, 'executedCount': 1, 'wsState': 1} eval_ms=2 ram=3.9/15.6GB (25%) swap=0.0/3.0GB (0%) cpu=32% browser_rss=0.91GB
  [ComfyUI] [worker:ComfyUI-DepthAnythingV3]
  [ComfyUI] === WATCHDOG TICK 1 ===
  [ComfyUI] [worker:ComfyUI-DepthAnythingV3] Current thread 0x00007ffad50f96c0 (most recent call first):
  [ComfyUI]   File "/tmp/comfyui_pvenv_nya1kxc6/persistent_worker.py", line 52 in _watchdog
  [ComfyUI]   File "/home/runner/.ce/.pixi/envs/depthanythingv3-nodes/lib/python3.12/threading.py", line 1012 in run
  [ComfyUI]   File "/home/runner/.ce/.pixi/envs/depthanythingv3-nodes/lib/python3.12/threading.py", line 1075 in _bootstrap_inner
  [ComfyUI]   File "/home/runner/.ce/.pixi/envs/depthanythingv3-nodes/lib/python3.12/threading.py", line 1032 in _bootstrap
  [ComfyUI] 
  [ComfyUI] Thread 0x00007ffad5bf7740 (most recent call first):
  [ComfyUI]   File "/home/runner/work/comfy-gpu-ci/comfy-gpu-ci/test_workspaces/DepthAnythingV3-0030/ComfyUI/comfy/ldm/modules/sub_quadratic_attention.py", line 181 in _get_attention_scores_no_kv_chunking
  [ComfyUI]   File "/home/runner/work/comfy-gpu-ci/comfy-gpu-ci/test_workspaces/DepthAnythingV3-0030/ComfyUI/comfy/ldm/modules/sub_quadratic_attention.py", line 269 in efficient_dot_product_attention
  [ComfyUI]   File "/home/runner/work/comfy-gpu-ci/comfy-gpu-ci/test_workspaces/DepthAnythingV3-0030/ComfyUI/comfy/ldm/modules/attention.py", line 275 in attention_sub_quad
  [ComfyUI]   File "/home/runner/work/comfy-gpu-ci/comfy-gpu-ci/test_workspaces/DepthAnythingV3-0030/ComfyUI/comfy/ldm/modules/attention.py", line 139 in wrapper
  [ComfyUI]   File "/home/runner/work/comfy-gpu-ci/comfy-gpu-ci/test_workspaces/DepthAnythingV3-0030/ComfyUI/custom_nodes/ComfyUI-DepthAnythingV3/nodes/depth_anything_v3/model.py", line 453 in forward
  [ComfyUI]   File "/home/runner/.ce/.pixi/envs/depthanythingv3-nodes/lib/python3.12/site-packages/torch/nn/modules/module.py", line 1790 in _call_impl
  [ComfyUI]   File "/home/runner/.ce/.pixi/envs/depthanythingv3-nodes/lib/python3.12/site-packages/torch/nn/modules/module.py", line 1779 in _wrapped_call_impl
  [ComfyUI]   File "/home/runner/work/comfy-gpu-ci/comfy-gpu-ci/test_workspaces/DepthAnythingV3-0030/ComfyUI/custom_nodes/ComfyUI-DepthAnythingV3/nodes/depth_anything_v3/model.py", line 516 in attn_residual_func
  [ComfyUI]   File "/home/runner/work/comfy-gpu-ci/comfy-gpu-ci/test_workspaces/DepthAnythingV3-0030/ComfyUI/custom_nodes/ComfyUI-DepthAnythingV3/nodes/depth_anything_v3/model.py", line 521 in forward
  [ComfyUI]   File "/home/runner/.ce/.pixi/envs/depthanythingv3-nodes/lib/python3.12/site-packages/torch/nn/modules/module.py", line 1790 in _call_impl
  [ComfyUI]   File "/home/runner/.ce/.pixi/envs/depthanythingv3-nodes/lib/python3.12/site-packages/torch/nn/modules/module.py", line 1779 in _wrapped_call_impl
  [ComfyUI]   File "/home/runner/work/comfy-gpu-ci/comfy-gpu-ci/test_workspaces/DepthAnythingV3-0030/ComfyUI/custom_nodes/ComfyUI-DepthAnythingV3/nodes/depth_anything_v3/model.py", line 791 in process_attention
  [ComfyUI]   File "/home/runner/work/comfy-gpu-ci/comfy-gpu-ci/test_workspaces/DepthAnythingV3-0030/ComfyUI/custom_nodes/ComfyUI-DepthAnythingV3/nodes/depth_anything_v3/model.py", line 741 in _get_intermediate_layers_not_chunked
  [ComfyUI]   File "/home/runner/work/comfy-gpu-ci/comfy-gpu-ci/test_workspaces/DepthAnythingV3-0030/ComfyUI/custom_nodes/ComfyUI-DepthAnythingV3/nodes/depth_anything_v3/model.py", line 800 in get_intermediate_layers
  [ComfyUI]   File "/home/runner/work/comfy-gpu-ci/comfy-gpu-ci/test_workspaces/DepthAnythingV3-0030/ComfyUI/custom_nodes/ComfyUI-DepthAnythingV3/nodes/depth_anything_v3/model.py", line 891 in forward
  [ComfyUI]   File "/home/runner/.ce/.pixi/envs/depthanythingv3-nodes/lib/python3.12/site-packages/torch/nn/modules/module.py", line 1790 in _call_impl
  [ComfyUI]   File "/home/runner/.ce/.pixi/envs/depthanythingv3-nodes/lib/python3.12/site-packages/torch/nn/modules/module.py", line 1779 in _wrapped_call_impl
  [ComfyUI]   File "/home/runner/work/comfy-gpu-ci/comfy-gpu-ci/test_workspaces/DepthAnythingV3-0030/ComfyUI/custom_nodes/ComfyUI-DepthAnythingV3/nodes/depth_anything_v3/model.py", line 1560 in forward
  [ComfyUI]   File "/home/runner/.ce/.pixi/envs/depthanythingv3-nodes/lib/python3.12/site-packages/torch/nn/modules/module.py", line 1790 in _call_impl
  [ComfyUI]   File "/home/runner/.ce/.pixi/envs/depthanythingv3-nodes/lib/python3.12/site-packages/torch/nn/modules/module.py", line 1779 in _wrapped_call_impl
  [ComfyUI]   File "/home/runner/work/comfy-gpu-ci/comfy-gpu-ci/test_workspaces/DepthAnythingV3-0030/ComfyUI/custom_nodes/ComfyUI-DepthAnythingV3/nodes/nodes_multiview.py", line 128 in execute
  [ComfyUI]   File "/home/runner/work/comfy-gpu-ci/comfy-gpu-ci/test_workspaces/DepthAnythingV3-0030/ComfyUI/comfy_api/latest/_io.py", line 1833 in EXECUTE_NORMALIZED
  [ComfyUI]   File "/tmp/comfyui_pvenv_nya1kxc6/persistent_worker.py", line 1762 in main
  [ComfyUI]   File "/tmp/comfyui_pvenv_nya1kxc6/persistent_worker.py", line 1807 in <module>
  [ComfyUI] 
  [ComfyUI] [worker:ComfyUI-DepthAnythingV3] === END ===
  [ComfyUI] 
  [capture-loop] iter=550 t=60.9s state={'complete': False, 'error': None, 'executedCount': 1, 'wsState': 1} eval_ms=2 ram=2.7/15.6GB (17%) swap=0.0/3.0GB (0%) cpu=32% browser_rss=0.91GB
  [capture-loop] iter=600 t=66.5s state={'complete': False, 'error': None, 'executedCount': 1, 'wsState': 1} eval_ms=2 ram=3.4/15.6GB (22%) swap=0.0/3.0GB (0%) cpu=32% browser_rss=0.91GB
  [capture-loop] iter=650 t=72.0s state={'complete': False, 'error': None, 'executedCount': 1, 'wsState': 1} eval_ms=2 ram=3.6/15.6GB (23%) swap=0.0/3.0GB (0%) cpu=31% browser_rss=0.91GB
  [capture-loop] iter=700 t=77.5s state={'complete': False, 'error': None, 'executedCount': 1, 'wsState': 1} eval_ms=2 ram=4.0/15.6GB (26%) swap=0.0/3.0GB (0%) cpu=32% browser_rss=0.91GB
  [ComfyUI] [SubprocessWorker] got response: ok
  [ComfyUI] [comfy-env] DepthAnythingV3_MultiView done (80.35s): result: NodeOutput
  [ComfyUI] [comfy-env] Running DepthAnythingV3_MultiView: normalization_mode: 'Raw', resize_method: 'resize', invert_depth: False, keep_model_size: False, da3_model: dict, images: torch.float32 [1,680,1208,3] cpu
  [ComfyUI] [SubprocessWorker] call_method: nodes.nodes_multiview.DepthAnythingV3_MultiView.EXECUTE_NORMALIZED
  [ComfyUI] [SubprocessWorker] acquired lock, ensuring started...
  [ComfyUI] [ComfyUI-DepthAnythingV3] Health check: ping (timeout=5.0s)...
  [ComfyUI] [ComfyUI-DepthAnythingV3] Health check: ok
  [ComfyUI] [SubprocessWorker] worker started/confirmed
  [ComfyUI] [comfy-env] PRE-SERIALIZE 'images' shape: torch.Size([1, 680, 1208, 3])
  [ComfyUI] [SubprocessWorker] serializing kwargs to shm...
  [ComfyUI] [SubprocessWorker] created 0 shm blocks
  [ComfyUI] [SubprocessWorker] sending request via socket...
  [ComfyUI] [SubprocessWorker] call_id=10 sending call_method
  [ComfyUI] [worker:ComfyUI-DepthAnythingV3] [comfy-env] _from_shm got dict with keys: ['__type__', 'strategy', 'parent_pid', 'fd', 'storage_size']
  [ComfyUI] [worker:ComfyUI-DepthAnythingV3] [comfy-env] DESERIALIZE TensorRef: tensor_size=[1, 680, 1208, 3]
  [ComfyUI] [worker:ComfyUI-DepthAnythingV3] [comfy-env] DESERIALIZED tensor shape: torch.Size([1, 680, 1208, 3])
  [ComfyUI] [SubprocessWorker] callback 'request_vram_budget' from call_id=10
  [ComfyUI] [comfy-env] VRAM request: 1.64GB, free before eviction: 13.86GB
  [ComfyUI] [comfy-env] VRAM after eviction: 13.86GB
  [capture-loop] iter=750 t=82.9s state={'complete': False, 'error': None, 'executedCount': 1, 'wsState': 1} eval_ms=2 ram=3.5/15.6GB (23%) swap=0.0/3.0GB (0%) cpu=31% browser_rss=0.91GB
  [capture-loop] iter=800 t=88.5s state={'complete': False, 'error': None, 'executedCount': 1, 'wsState': 1} eval_ms=3 ram=4.6/15.6GB (29%) swap=0.0/3.0GB (0%) cpu=32% browser_rss=0.91GB
  [capture-loop] iter=850 t=93.9s state={'complete': False, 'error': None, 'executedCount': 1, 'wsState': 1} eval_ms=4 ram=4.0/15.6GB (25%) swap=0.0/3.0GB (0%) cpu=31% browser_rss=0.91GB
  [capture-loop] iter=900 t=99.5s state={'complete': False, 'error': None, 'executedCount': 1, 'wsState': 1} eval_ms=3 ram=2.8/15.6GB (18%) swap=0.0/3.0GB (0%) cpu=32% browser_rss=0.91GB
  [capture-loop] iter=950 t=105.0s state={'complete': False, 'error': None, 'executedCount': 1, 'wsState': 1} eval_ms=2 ram=4.3/15.6GB (28%) swap=0.0/3.0GB (0%) cpu=32% browser_rss=0.91GB
  [capture-loop] iter=1000 t=110.6s state={'complete': False, 'error': None, 'executedCount': 1, 'wsState': 1} eval_ms=2 ram=3.8/15.6GB (24%) swap=0.0/3.0GB (0%) cpu=33% browser_rss=0.91GB
  [capture-loop] iter=1050 t=116.0s state={'complete': False, 'error': None, 'executedCount': 1, 'wsState': 1} eval_ms=2 ram=2.8/15.6GB (18%) swap=0.0/3.0GB (0%) cpu=31% browser_rss=0.91GB
  [ComfyUI] [worker:ComfyUI-DepthAnythingV3]
  [ComfyUI] === WATCHDOG TICK 2 ===
  [ComfyUI] [worker:ComfyUI-DepthAnythingV3] Thread 0x00007ffa8551a6c0 (most recent call first):
  [ComfyUI]   File "/home/runner/.ce/.pixi/envs/depthanythingv3-nodes/lib/python3.12/socket.py", line 295 in accept
  [ComfyUI]   File "/home/runner/.ce/.pixi/envs/depthanythingv3-nodes/lib/python3.12/multiprocessing/connection.py", line 626 in accept
  [ComfyUI]   File "/home/runner/.ce/.pixi/envs/depthanythingv3-nodes/lib/python3.12/multiprocessing/connection.py", line 480 in accept
  [ComfyUI]   File "/home/runner/.ce/.pixi/envs/depthanythingv3-nodes/lib/python3.12/multiprocessing/resource_sharer.py", line 138 in _serve
  [ComfyUI]   File "/home/runner/.ce/.pixi/envs/depthanythingv3-nodes/lib/python3.12/threading.py", line 1012 in run
  [ComfyUI]   File "/home/runner/.ce/.pixi/envs/depthanythingv3-nodes/lib/python3.12/threading.py", line 1075 in _bootstrap_inner
  [ComfyUI]   File "/home/runner/.ce/.pixi/envs/depthanythingv3-nodes/lib/python3.12/threading.py", line 1032 in _bootstrap
  [ComfyUI] 
  [ComfyUI] Current thread 0x00007ffad50f96c0 (most recent call first):
  [ComfyUI]   File "/tmp/comfyui_pvenv_nya1kxc6/persistent_worker.py", line 52 in _watchdog
  [ComfyUI]   File "/home/runner/.ce/.pixi/envs/depthanythingv3-nodes/lib/python3.12/threading.py", line 1012 in run
  [ComfyUI]   File "/home/runner/.ce/.pixi/envs/depthanythingv3-nodes/lib/python3.12/threading.py", line 1075 in _bootstrap_inner
  [ComfyUI]   File "/home/runner/.ce/.pixi/envs/depthanythingv3-nodes/lib/python3.12/threading.py", line 1032 in _bootstrap
  [ComfyUI] 
  [ComfyUI] Thread 0x00007ffad5bf7740 (most recent call first):
  [ComfyUI]   File "/home/runner/work/comfy-gpu-ci/comfy-gpu-ci/test_workspaces/DepthAnythingV3-0030/ComfyUI/comfy/ops.py", line 475 in forward_comfy_cast_weights
  [ComfyUI]   File "/home/runner/work/comfy-gpu-ci/comfy-gpu-ci/test_workspaces/DepthAnythingV3-0030/ComfyUI/comfy/ops.py", line 482 in forward
  [ComfyUI]   File "/home/runner/.ce/.pixi/envs/depthanythingv3-nodes/lib/python3.12/site-packages/torch/nn/modules/module.py", line 1790 in _call_impl
  [ComfyUI]   File "/home/runner/.ce/.pixi/envs/depthanythingv3-nodes/lib/python3.12/site-packages/torch/nn/modules/module.py", line 1779 in _wrapped_call_impl
  [ComfyUI]   File "/home/runner/work/comfy-gpu-ci/comfy-gpu-ci/test_workspaces/DepthAnythingV3-0030/ComfyUI/custom_nodes/ComfyUI-DepthAnythingV3/nodes/depth_anything_v3/model.py", line 241 in forward
  [ComfyUI]   File "/home/runner/.ce/.pixi/envs/depthanythingv3-nodes/lib/python3.12/site-packages/torch/nn/modules/module.py", line 1790 in _call_impl
  [ComfyUI]   File "/home/runner/.ce/.pixi/envs/depthanythingv3-nodes/lib/python3.12/site-packages/torch/nn/modules/module.py", line 1779 in _wrapped_call_impl
  [ComfyUI]   File "/home/runner/work/comfy-gpu-ci/comfy-gpu-ci/test_workspaces/DepthAnythingV3-0030/ComfyUI/custom_nodes/ComfyUI-DepthAnythingV3/nodes/depth_anything_v3/model.py", line 519 in ffn_residual_func
  [ComfyUI]   File "/home/runner/work/comfy-gpu-ci/comfy-gpu-ci/test_workspaces/DepthAnythingV3-0030/ComfyUI/custom_nodes/ComfyUI-DepthAnythingV3/nodes/depth_anything_v3/model.py", line 522 in forward
  [ComfyUI]   File "/home/runner/.ce/.pixi/envs/depthanythingv3-nodes/lib/python3.12/site-packages/torch/nn/modules/module.py", line 1790 in _call_impl
  [ComfyUI]   File "/home/runner/.ce/.pixi/envs/depthanythingv3-nodes/lib/python3.12/site-packages/torch/nn/modules/module.py", line 1779 in _wrapped_call_impl
  [ComfyUI]   File "/home/runner/work/comfy-gpu-ci/comfy-gpu-ci/test_workspaces/DepthAnythingV3-0030/ComfyUI/custom_nodes/ComfyUI-DepthAnythingV3/nodes/depth_anything_v3/model.py", line 791 in process_attention
  [ComfyUI]   File "/home/runner/work/comfy-gpu-ci/comfy-gpu-ci/test_workspaces/DepthAnythingV3-0030/ComfyUI/custom_nodes/ComfyUI-DepthAnythingV3/nodes/depth_anything_v3/model.py", line 741 in _get_intermediate_layers_not_chunked
  [ComfyUI]   File "/home/runner/work/comfy-gpu-ci/comfy-gpu-ci/test_workspaces/DepthAnythingV3-0030/ComfyUI/custom_nodes/ComfyUI-DepthAnythingV3/nodes/depth_anything_v3/model.py", line 800 in get_intermediate_layers
  [ComfyUI]   File "/home/runner/work/comfy-gpu-ci/comfy-gpu-ci/test_workspaces/DepthAnythingV3-0030/ComfyUI/custom_nodes/ComfyUI-DepthAnythingV3/nodes/depth_anything_v3/model.py", line 891 in forward
  [ComfyUI]   File "/home/runner/.ce/.pixi/envs/depthanythingv3-nodes/lib/python3.12/site-packages/torch/nn/modules/module.py", line 1790 in _call_impl
  [ComfyUI]   File "/home/runner/.ce/.pixi/envs/depthanythingv3-nodes/lib/python3.12/site-packages/torch/nn/modules/module.py", line 1779 in _wrapped_call_impl
  [ComfyUI]   File "/home/runner/work/comfy-gpu-ci/comfy-gpu-ci/test_workspaces/DepthAnythingV3-0030/ComfyUI/custom_nodes/ComfyUI-DepthAnythingV3/nodes/depth_anything_v3/model.py", line 1560 in forward
  [ComfyUI]   File "/home/runner/.ce/.pixi/envs/depthanythingv3-nodes/lib/python3.12/site-packages/torch/nn/modules/module.py", line 1790 in _call_impl
  [ComfyUI]   File "/home/runner/.ce/.pixi/envs/depthanythingv3-nodes/lib/python3.12/site-packages/torch/nn/modules/module.py", line 1779 in _wrapped_call_impl
  [ComfyUI]   File "/home/runner/work/comfy-gpu-ci/comfy-gpu-ci/test_workspaces/DepthAnythingV3-0030/ComfyUI/custom_nodes/ComfyUI-DepthAnythingV3/nodes/nodes_multiview.py", line 128 in execute
  [ComfyUI]   File "/home/runner/work/comfy-gpu-ci/comfy-gpu-ci/test_workspaces/DepthAnythingV3-0030/ComfyUI/comfy_api/latest/_io.py", line 1833 in EXECUTE_NORMALIZED
  [ComfyUI]   File "/tmp/comfyui_pvenv_nya1kxc6/persistent_worker.py", line 1762 in main
  [ComfyUI]   File "/tmp/comfyui_pvenv_nya1kxc6/persistent_worker.py", line 1807 in <module>
  [ComfyUI] 
  [ComfyUI] [worker:ComfyUI-DepthAnythingV3] === END ===
  [ComfyUI] 
  [capture-loop] iter=1100 t=121.5s state={'complete': False, 'error': None, 'executedCount': 1, 'wsState': 1} eval_ms=3 ram=3.7/15.6GB (24%) swap=0.0/3.0GB (0%) cpu=32% browser_rss=0.91GB
  [capture-loop] iter=1150 t=127.1s state={'complete': False, 'error': None, 'executedCount': 1, 'wsState': 1} eval_ms=2 ram=4.9/15.6GB (31%) swap=0.0/3.0GB (0%) cpu=32% browser_rss=0.91GB
  [capture-loop] iter=1200 t=132.6s state={'complete': False, 'error': None, 'executedCount': 1, 'wsState': 1} eval_ms=2 ram=2.8/15.6GB (18%) swap=0.0/3.0GB (0%) cpu=32% browser_rss=0.91GB
  [capture-loop] iter=1250 t=138.1s state={'complete': False, 'error': None, 'executedCount': 1, 'wsState': 1} eval_ms=2 ram=2.9/15.6GB (18%) swap=0.0/3.0GB (0%) cpu=32% browser_rss=0.91GB
  [capture-loop] iter=1300 t=143.6s state={'complete': False, 'error': None, 'executedCount': 1, 'wsState': 1} eval_ms=2 ram=3.3/15.6GB (21%) swap=0.0/3.0GB (0%) cpu=32% browser_rss=0.91GB
  [capture-loop] iter=1350 t=149.1s state={'complete': False, 'error': None, 'executedCount': 1, 'wsState': 1} eval_ms=2 ram=3.7/15.6GB (24%) swap=0.0/3.0GB (0%) cpu=32% browser_rss=0.91GB
  [capture-loop] iter=1400 t=154.6s state={'complete': False, 'error': None, 'executedCount': 1, 'wsState': 1} eval_ms=2 ram=4.1/15.6GB (26%) swap=0.0/3.0GB (0%) cpu=31% browser_rss=0.91GB
  [capture-loop] iter=1450 t=160.1s state={'complete': False, 'error': None, 'executedCount': 1, 'wsState': 1} eval_ms=2 ram=3.9/15.6GB (25%) swap=0.0/3.0GB (0%) cpu=32% browser_rss=0.91GB
  [ComfyUI] [SubprocessWorker] got response: ok
  [ComfyUI] [comfy-env] DepthAnythingV3_MultiView done (79.00s): result: NodeOutput
  [ComfyUI] [comfy-env] Running DA3_MultiViewPointCloud: extrinsics: '{\n  "extrinsics": [\n    {\n      "image_0": [\n       ..., intrinsics: '{\n  "intrinsics": [\n    {\n      "image_0": [\n       ..., confidence_threshold: 0.3, downsample: 4, use_icp: False, allow_around_1: False, filter_outliers: True, outlier_percentage: 5.0, depths: torch.float32 [1,680,1208,3] cpu, images: torch.float32 [1,680,1208,3] cpu, confidence: torch.float32 [1,680,1208,3] cpu, sky_mask: torch.float32 [1,680,1208] cpu
  [ComfyUI] [SubprocessWorker] call_method: nodes.nodes_multiview.DA3_MultiViewPointCloud.EXECUTE_NORMALIZED
  [ComfyUI] [SubprocessWorker] acquired lock, ensuring started...
  [ComfyUI] [ComfyUI-DepthAnythingV3] Health check: ping (timeout=5.0s)...
  [ComfyUI] [ComfyUI-DepthAnythingV3] Health check: ok
  [ComfyUI] [SubprocessWorker] worker started/confirmed
  [ComfyUI] [comfy-env] PRE-SERIALIZE 'depths' shape: torch.Size([1, 680, 1208, 3])
  [ComfyUI] [comfy-env] PRE-SERIALIZE 'images' shape: torch.Size([1, 680, 1208, 3])
  [ComfyUI] [comfy-env] PRE-SERIALIZE 'confidence' shape: torch.Size([1, 680, 1208, 3])
  [ComfyUI] [comfy-env] PRE-SERIALIZE 'sky_mask' shape: torch.Size([1, 680, 1208])
  [ComfyUI] [SubprocessWorker] serializing kwargs to shm...
  [ComfyUI] [SubprocessWorker] created 0 shm blocks
  [ComfyUI] [SubprocessWorker] sending request via socket...
  [ComfyUI] [SubprocessWorker] call_id=11 sending call_method
  [ComfyUI] [worker:ComfyUI-DepthAnythingV3] [comfy-env] _from_shm got dict with keys: ['__type__', 'strategy', 'parent_pid', 'fd', 'storage_size']
  [ComfyUI] [worker:ComfyUI-DepthAnythingV3] [comfy-env] DESERIALIZE TensorRef: tensor_size=[1, 680, 1208, 3]
  [ComfyUI] [worker:ComfyUI-DepthAnythingV3] [comfy-env] DESERIALIZED tensor shape: torch.Size([1, 680, 1208, 3])
  [ComfyUI] [worker:ComfyUI-DepthAnythingV3] [comfy-env] _from_shm got dict with keys: ['__type__', 'strategy', 'parent_pid', 'fd', 'storage_size']
  [ComfyUI] [worker:ComfyUI-DepthAnythingV3] [comfy-env] DESERIALIZE TensorRef: tensor_size=[1, 680, 1208, 3]
  [ComfyUI] [worker:ComfyUI-DepthAnythingV3] [comfy-env] DESERIALIZED tensor shape: torch.Size([1, 680, 1208, 3])
  [ComfyUI] [worker:ComfyUI-DepthAnythingV3] [comfy-env] _from_shm got dict with keys: ['__type__', 'strategy', 'parent_pid', 'fd', 'storage_size']
  [ComfyUI] [worker:ComfyUI-DepthAnythingV3] [comfy-env] DESERIALIZE TensorRef: tensor_size=[1, 680, 1208, 3]
  [ComfyUI] [worker:ComfyUI-DepthAnythingV3] [comfy-env] DESERIALIZED tensor shape: torch.Size([1, 680, 1208, 3])
  [ComfyUI] [worker:ComfyUI-DepthAnythingV3] [comfy-env] _from_shm got dict with keys: ['__type__', 'strategy', 'parent_pid', 'fd', 'storage_size']
  [ComfyUI] [worker:ComfyUI-DepthAnythingV3] [comfy-env] DESERIALIZE TensorRef: tensor_size=[1, 680, 1208]
  [ComfyUI] [worker:ComfyUI-DepthAnythingV3] [comfy-env] DESERIALIZED tensor shape: torch.Size([1, 680, 1208])
  [ComfyUI] [SubprocessWorker] callback 'report_progress' from call_id=11
  [ComfyUI] [SubprocessWorker] got response: ok
  [ComfyUI] [comfy-env] DA3_MultiViewPointCloud done (0.06s): result: NodeOutput
  [ComfyUI] [comfy-env] Running DA3_MultiViewPointCloud: extrinsics: '{\n  "extrinsics": [\n    {\n      "image_0": [\n       ..., intrinsics: '{\n  "intrinsics": [\n    {\n      "image_0": [\n       ..., confidence_threshold: 0.3, downsample: 4, use_icp: False, allow_around_1: False, filter_outliers: True, outlier_percentage: 5.0, depths: torch.float32 [1,680,1208,3] cpu, images: torch.float32 [1,680,1208,3] cpu, confidence: torch.float32 [1,680,1208,3] cpu, sky_mask: torch.float32 [1,680,1208] cpu
  [ComfyUI] [SubprocessWorker] call_method: nodes.nodes_multiview.DA3_MultiViewPointCloud.EXECUTE_NORMALIZED
  [ComfyUI] [SubprocessWorker] acquired lock, ensuring started...
  [ComfyUI] [ComfyUI-DepthAnythingV3] Health check: ping (timeout=5.0s)...
  [ComfyUI] [ComfyUI-DepthAnythingV3] Health check: ok
  [ComfyUI] [SubprocessWorker] worker started/confirmed
  [ComfyUI] [comfy-env] PRE-SERIALIZE 'depths' shape: torch.Size([1, 680, 1208, 3])
  [ComfyUI] [comfy-env] PRE-SERIALIZE 'images' shape: torch.Size([1, 680, 1208, 3])
  [ComfyUI] [comfy-env] PRE-SERIALIZE 'confidence' shape: torch.Size([1, 680, 1208, 3])
  [ComfyUI] [comfy-env] PRE-SERIALIZE 'sky_mask' shape: torch.Size([1, 680, 1208])
  [ComfyUI] [SubprocessWorker] serializing kwargs to shm...
  [ComfyUI] [SubprocessWorker] created 0 shm blocks
  [ComfyUI] [SubprocessWorker] sending request via socket...
  [ComfyUI] [SubprocessWorker] call_id=12 sending call_method
  [ComfyUI] [worker:ComfyUI-DepthAnythingV3] [comfy-env] _from_shm got dict with keys: ['__type__', 'strategy', 'parent_pid', 'fd', 'storage_size']
  [ComfyUI] [worker:ComfyUI-DepthAnythingV3] [comfy-env] DESERIALIZE TensorRef: tensor_size=[1, 680, 1208, 3]
  [ComfyUI] [worker:ComfyUI-DepthAnythingV3] [comfy-env] DESERIALIZED tensor shape: torch.Size([1, 680, 1208, 3])
  [ComfyUI] [worker:ComfyUI-DepthAnythingV3] [comfy-env] _from_shm got dict with keys: ['__type__', 'strategy', 'parent_pid', 'fd', 'storage_size']
  [ComfyUI] [worker:ComfyUI-DepthAnythingV3] [comfy-env] DESERIALIZE TensorRef: tensor_size=[1, 680, 1208, 3]
  [ComfyUI] [worker:ComfyUI-DepthAnythingV3] [comfy-env] DESERIALIZED tensor shape: torch.Size([1, 680, 1208, 3])
  [ComfyUI] [worker:ComfyUI-DepthAnythingV3] [comfy-env] _from_shm got dict with keys: ['__type__', 'strategy', 'parent_pid', 'fd', 'storage_size']
  [ComfyUI] [worker:ComfyUI-DepthAnythingV3] [comfy-env] DESERIALIZE TensorRef: tensor_size=[1, 680, 1208, 3]
  [ComfyUI] [worker:ComfyUI-DepthAnythingV3] [comfy-env] DESERIALIZED tensor shape: torch.Size([1, 680, 1208, 3])
  [ComfyUI] [worker:ComfyUI-DepthAnythingV3] [comfy-env] _from_shm got dict with keys: ['__type__', 'strategy', 'parent_pid', 'fd', 'storage_size']
  [ComfyUI] [worker:ComfyUI-DepthAnythingV3] [comfy-env] DESERIALIZE TensorRef: tensor_size=[1, 680, 1208]
  [ComfyUI] [worker:ComfyUI-DepthAnythingV3] [comfy-env] DESERIALIZED tensor shape: torch.Size([1, 680, 1208])
  [ComfyUI] [SubprocessWorker] callback 'report_progress' from call_id=12
  [ComfyUI] [SubprocessWorker] got response: ok
  [ComfyUI] [comfy-env] DA3_MultiViewPointCloud done (0.07s): result: NodeOutput
  [ComfyUI] [comfy-env] Running DA3_SavePointCloud: filename_prefix: 'pointcloud', pointcloud: list[1]
  [ComfyUI] [SubprocessWorker] call_method: nodes.nodes_3d.DA3_SavePointCloud.EXECUTE_NORMALIZED
  [ComfyUI] [SubprocessWorker] acquired lock, ensuring started...
  [ComfyUI] [ComfyUI-DepthAnythingV3] Health check: ping (timeout=5.0s)...
  [ComfyUI] [ComfyUI-DepthAnythingV3] Health check: ok
  [ComfyUI] [SubprocessWorker] worker started/confirmed
  [ComfyUI] [SubprocessWorker] serializing kwargs to shm...
  [ComfyUI] [SubprocessWorker] created 0 shm blocks
  [ComfyUI] [SubprocessWorker] sending request via socket...
  [ComfyUI] [SubprocessWorker] call_id=13 sending call_method
  [ComfyUI] [worker:ComfyUI-DepthAnythingV3] [comfy-env] _from_shm got dict with keys: ['__type__', 'strategy', 'parent_pid', 'fd', 'storage_size']
  [ComfyUI] [worker:ComfyUI-DepthAnythingV3] [comfy-env] DESERIALIZE TensorRef: tensor_size=[20434, 3]
  [ComfyUI] [worker:ComfyUI-DepthAnythingV3] [comfy-env] DESERIALIZED tensor shape: torch.Size([20434, 3])
  [ComfyUI] [worker:ComfyUI-DepthAnythingV3] [comfy-env] _from_shm got dict with keys: ['__type__', 'strategy', 'parent_pid', 'fd', 'storage_size']
  [ComfyUI] [worker:ComfyUI-DepthAnythingV3] [comfy-env] DESERIALIZE TensorRef: tensor_size=[20434, 3]
  [ComfyUI] [worker:ComfyUI-DepthAnythingV3] [comfy-env] DESERIALIZED tensor shape: torch.Size([20434, 3])
  [ComfyUI] [worker:ComfyUI-DepthAnythingV3] [comfy-env] _from_shm got dict with keys: ['__type__', 'strategy', 'parent_pid', 'fd', 'storage_size']
  [ComfyUI] [worker:ComfyUI-DepthAnythingV3] [comfy-env] DESERIALIZE TensorRef: tensor_size=[20434]
  [ComfyUI] [worker:ComfyUI-DepthAnythingV3] [comfy-env] DESERIALIZED tensor shape: torch.Size([20434])
  [ComfyUI] [worker:ComfyUI-DepthAnythingV3] [comfy-env] _from_shm got dict with keys: ['__type__', 'strategy', 'parent_pid', 'fd', 'storage_size']
  [ComfyUI] [worker:ComfyUI-DepthAnythingV3] [comfy-env] DESERIALIZE TensorRef: tensor_size=[20434]
  [ComfyUI] [worker:ComfyUI-DepthAnythingV3] [comfy-env] DESERIALIZED tensor shape: torch.Size([20434])
  Frame 5 saved (frame_004.jpg, t=161.4s)
  [capture-periodic] freeze=10ms shot=90ms unfreeze=6ms saved=True
  [ComfyUI] [SubprocessWorker] got response: ok
  [ComfyUI] [comfy-env] DA3_SavePointCloud done (0.20s): result: NodeOutput
  [ComfyUI] [comfy-env] Running DA3_SavePointCloud: filename_prefix: 'pointcloud', pointcloud: list[1]
  [ComfyUI] [SubprocessWorker] call_method: nodes.nodes_3d.DA3_SavePointCloud.EXECUTE_NORMALIZED
  [ComfyUI] [SubprocessWorker] acquired lock, ensuring started...
  [ComfyUI] [ComfyUI-DepthAnythingV3] Health check: ping (timeout=5.0s)...
  [ComfyUI] [ComfyUI-DepthAnythingV3] Health check: ok
  [ComfyUI] [SubprocessWorker] worker started/confirmed
  [ComfyUI] [SubprocessWorker] serializing kwargs to shm...
  [ComfyUI] [SubprocessWorker] created 0 shm blocks
  [ComfyUI] [SubprocessWorker] sending request via socket...
  [ComfyUI] [SubprocessWorker] call_id=14 sending call_method
  [ComfyUI] [worker:ComfyUI-DepthAnythingV3] [comfy-env] _from_shm got dict with keys: ['__type__', 'strategy', 'parent_pid', 'fd', 'storage_size']
  [ComfyUI] [worker:ComfyUI-DepthAnythingV3] [comfy-env] DESERIALIZE TensorRef: tensor_size=[18844, 3]
  [ComfyUI] [worker:ComfyUI-DepthAnythingV3] [comfy-env] DESERIALIZED tensor shape: torch.Size([18844, 3])
  [ComfyUI] [worker:ComfyUI-DepthAnythingV3] [comfy-env] _from_shm got dict with keys: ['__type__', 'strategy', 'parent_pid', 'fd', 'storage_size']
  [ComfyUI] [worker:ComfyUI-DepthAnythingV3] [comfy-env] DESERIALIZE TensorRef: tensor_size=[18844, 3]
  [ComfyUI] [worker:ComfyUI-DepthAnythingV3] [comfy-env] DESERIALIZED tensor shape: torch.Size([18844, 3])
  [ComfyUI] [worker:ComfyUI-DepthAnythingV3] [comfy-env] _from_shm got dict with keys: ['__type__', 'strategy', 'parent_pid', 'fd', 'storage_size']
  [ComfyUI] [worker:ComfyUI-DepthAnythingV3] [comfy-env] DESERIALIZE TensorRef: tensor_size=[18844]
  [ComfyUI] [worker:ComfyUI-DepthAnythingV3] [comfy-env] DESERIALIZED tensor shape: torch.Size([18844])
  [ComfyUI] [worker:ComfyUI-DepthAnythingV3] [comfy-env] _from_shm got dict with keys: ['__type__', 'strategy', 'parent_pid', 'fd', 'storage_size']
  [ComfyUI] [worker:ComfyUI-DepthAnythingV3] [comfy-env] DESERIALIZE TensorRef: tensor_size=[18844]
  [ComfyUI] [worker:ComfyUI-DepthAnythingV3] [comfy-env] DESERIALIZED tensor shape: torch.Size([18844])
  [ComfyUI] [SubprocessWorker] got response: ok
  [ComfyUI] [comfy-env] DA3_SavePointCloud done (0.16s): result: NodeOutput
  [ComfyUI] [comfy-env] Running DA3_PreviewPointCloud: file_path: '/home/runner/work/comfy-gpu-ci/comfy-gpu-ci/test_workspa..., color_mode: 'RGB'
  [ComfyUI] [SubprocessWorker] call_method: nodes.preview_nodes.DA3_PreviewPointCloud.EXECUTE_NORMALIZED
  [ComfyUI] [SubprocessWorker] acquired lock, ensuring started...
  [ComfyUI] [ComfyUI-DepthAnythingV3] Health check: ping (timeout=5.0s)...
  [ComfyUI] [ComfyUI-DepthAnythingV3] Health check: ok
  [ComfyUI] [SubprocessWorker] worker started/confirmed
  [ComfyUI] [SubprocessWorker] serializing kwargs to shm...
  [ComfyUI] [SubprocessWorker] created 0 shm blocks
  [ComfyUI] [SubprocessWorker] sending request via socket...
  [ComfyUI] [SubprocessWorker] call_id=15 sending call_method
  [ComfyUI] [SubprocessWorker] got response: ok
  [ComfyUI] [comfy-env] DA3_PreviewPointCloud done (0.01s): result: NodeOutput
  [ComfyUI] [comfy-env] Running DA3_PreviewPointCloud: file_path: '/home/runner/work/comfy-gpu-ci/comfy-gpu-ci/test_workspa..., color_mode: 'RGB'
  [ComfyUI] [SubprocessWorker] call_method: nodes.preview_nodes.DA3_PreviewPointCloud.EXECUTE_NORMALIZED
  [ComfyUI] [SubprocessWorker] acquired lock, ensuring started...
  [ComfyUI] [ComfyUI-DepthAnythingV3] Health check: ping (timeout=5.0s)...
  [ComfyUI] [ComfyUI-DepthAnythingV3] Health check: ok
  [ComfyUI] [SubprocessWorker] worker started/confirmed
  [ComfyUI] [SubprocessWorker] serializing kwargs to shm...
  [ComfyUI] [SubprocessWorker] created 0 shm blocks
  Node executed (2 total), capturing...
  [ComfyUI] [SubprocessWorker] sending request via socket...
  [ComfyUI] [SubprocessWorker] call_id=16 sending call_method
  [ComfyUI] [SubprocessWorker] got response: ok
  [ComfyUI] [comfy-env] DA3_PreviewPointCloud done (0.01s): result: NodeOutput
  [ComfyUI] Prompt executed in 161.59 seconds
  Frame 6 saved (frame_005.jpg, t=161.9s)
  [capture-node] freeze=3ms shot=120ms unfreeze=15ms saved=True
  Node executed (4 total), capturing...
  Frame 7 saved (frame_006.jpg, t=162.4s)
  [capture-node] freeze=2ms shot=96ms unfreeze=0ms saved=True
  Execution complete (t=162.4s)
  Captured 7 unique frames over 162.56s
  [debug] iframes: 1
  [debug]   iframe[0]: src=http://127.0.0.1:41882/extensions/ComfyUI-GeometryPack/viewer_vtk.html?v=1778459, canvas=486x394, rafFrozen=True
  [timing] trigger_3d_previews: 0.0s
  Saved high-quality screenshot: advanced_3d_multiview_executed.png
  [timing] final_screenshot: 0.2s
    Captured 8 video frames