Capturing execution frames: advanced.json
  Frame 1 saved (frame_000.jpg, t=0.0s)
  Validating workflow...
  Queuing workflow for execution...
  Frame 2 saved (frame_001.jpg, t=2.3s)
  [capture-periodic] freeze=2ms shot=89ms unfreeze=5ms saved=True
  Frame 3 saved (frame_002.jpg, t=4.5s)
  [capture-periodic] freeze=5ms shot=286ms unfreeze=3ms saved=True
  [capture-loop] iter=50 t=6.1s state={'complete': False, 'error': None, 'executedCount': 0, 'wsState': 1} eval_ms=8 ram=2.5/15.6GB (16%) swap=0.0/3.0GB (0%) cpu=36% browser_rss=0.87GB
  Frame 4 saved (frame_003.jpg, t=6.9s)
  [capture-periodic] freeze=2ms shot=108ms unfreeze=2ms saved=True
  Frame 5 saved (frame_004.jpg, t=11.4s)
  [capture-periodic] freeze=2ms shot=95ms unfreeze=3ms saved=True
  [capture-loop] iter=100 t=11.8s state={'complete': False, 'error': None, 'executedCount': 0, 'wsState': 1} eval_ms=3 ram=2.4/15.6GB (15%) swap=0.0/3.0GB (0%) cpu=20% browser_rss=0.87GB
  [capture-loop] iter=150 t=17.2s state={'complete': False, 'error': None, 'executedCount': 0, 'wsState': 1} eval_ms=2 ram=2.5/15.6GB (16%) swap=0.0/3.0GB (0%) cpu=37% browser_rss=0.86GB
  [capture-loop] iter=200 t=22.7s state={'complete': False, 'error': None, 'executedCount': 0, 'wsState': 1} eval_ms=2 ram=2.4/15.6GB (16%) swap=0.0/3.0GB (0%) cpu=34% browser_rss=0.87GB
  [capture-loop] iter=250 t=28.2s state={'complete': False, 'error': None, 'executedCount': 0, 'wsState': 1} eval_ms=2 ram=2.4/15.6GB (15%) swap=0.0/3.0GB (0%) cpu=36% browser_rss=0.79GB
  [capture-loop] iter=300 t=33.6s state={'complete': False, 'error': None, 'executedCount': 0, 'wsState': 1} eval_ms=2 ram=2.4/15.6GB (15%) swap=0.0/3.0GB (0%) cpu=34% browser_rss=0.79GB
  [capture-loop] iter=350 t=39.0s state={'complete': False, 'error': None, 'executedCount': 0, 'wsState': 1} eval_ms=2 ram=3.1/15.6GB (20%) swap=0.0/3.0GB (0%) cpu=34% browser_rss=0.79GB
  [capture-loop] iter=400 t=44.5s state={'complete': False, 'error': None, 'executedCount': 0, 'wsState': 1} eval_ms=2 ram=3.8/15.6GB (24%) swap=0.0/3.0GB (0%) cpu=34% browser_rss=0.79GB
  [capture-loop] iter=450 t=50.0s state={'complete': False, 'error': None, 'executedCount': 0, 'wsState': 1} eval_ms=2 ram=2.9/15.6GB (19%) swap=0.0/3.0GB (0%) cpu=34% browser_rss=0.79GB
  [capture-loop] iter=500 t=55.5s state={'complete': False, 'error': None, 'executedCount': 0, 'wsState': 1} eval_ms=2 ram=2.6/15.6GB (17%) swap=0.0/3.0GB (0%) cpu=34% browser_rss=0.79GB
  [capture-loop] iter=550 t=60.9s state={'complete': False, 'error': None, 'executedCount': 0, 'wsState': 1} eval_ms=2 ram=2.5/15.6GB (16%) swap=0.0/3.0GB (0%) cpu=34% browser_rss=0.79GB
  [capture-loop] iter=600 t=66.4s state={'complete': False, 'error': None, 'executedCount': 0, 'wsState': 1} eval_ms=2 ram=2.4/15.6GB (15%) swap=0.0/3.0GB (0%) cpu=35% browser_rss=0.78GB
  [capture-loop] iter=650 t=71.7s state={'complete': False, 'error': None, 'executedCount': 0, 'wsState': 1} eval_ms=2 ram=2.5/15.6GB (16%) swap=0.0/3.0GB (0%) cpu=33% browser_rss=0.78GB
  [capture-loop] iter=700 t=77.3s state={'complete': False, 'error': None, 'executedCount': 0, 'wsState': 1} eval_ms=2 ram=2.5/15.6GB (16%) swap=0.0/3.0GB (0%) cpu=34% browser_rss=0.78GB
  [capture-loop] iter=750 t=82.6s state={'complete': False, 'error': None, 'executedCount': 0, 'wsState': 1} eval_ms=2 ram=2.8/15.6GB (18%) swap=0.0/3.0GB (0%) cpu=33% browser_rss=0.79GB
  [capture-loop] iter=800 t=88.1s state={'complete': False, 'error': None, 'executedCount': 0, 'wsState': 1} eval_ms=2 ram=3.0/15.6GB (19%) swap=0.0/3.0GB (0%) cpu=33% browser_rss=0.78GB
  [capture-loop] iter=850 t=93.5s state={'complete': False, 'error': None, 'executedCount': 0, 'wsState': 1} eval_ms=2 ram=3.5/15.6GB (22%) swap=0.0/3.0GB (0%) cpu=33% browser_rss=0.78GB
  [capture-loop] iter=900 t=99.0s state={'complete': False, 'error': None, 'executedCount': 0, 'wsState': 1} eval_ms=2 ram=3.5/15.6GB (22%) swap=0.0/3.0GB (0%) cpu=34% browser_rss=0.79GB
  [capture-loop] iter=950 t=104.4s state={'complete': False, 'error': None, 'executedCount': 0, 'wsState': 1} eval_ms=2 ram=3.7/15.6GB (24%) swap=0.0/3.0GB (0%) cpu=34% browser_rss=0.78GB
  Node executed (3 total), capturing...
  Frame 6 saved (frame_005.jpg, t=108.4s)
  [capture-node] freeze=5ms shot=157ms unfreeze=2ms saved=True
  Node executed (8 total), capturing...
  Frame 7 saved (frame_006.jpg, t=108.9s)
  [capture-node] freeze=2ms shot=107ms unfreeze=0ms saved=True
  Execution complete (t=108.9s)
  Captured 7 unique frames over 109.03s
  [debug] iframes: 0
  [timing] trigger_3d_previews: 0.0s
  Saved high-quality screenshot: advanced_executed.png
  [timing] final_screenshot: 0.3s
    Captured 8 video frames