Capturing execution frames: advanced_3d.json
  Frame 1 saved (frame_000.jpg, t=0.0s)
  Validating workflow...
  Queuing workflow for execution...
  Frame 2 saved (frame_001.jpg, t=2.2s)
  [capture-periodic] freeze=2ms shot=182ms unfreeze=4ms saved=True
  Frame 3 saved (frame_002.jpg, t=4.5s)
  [capture-periodic] freeze=2ms shot=111ms unfreeze=2ms saved=True
  [capture-loop] iter=50 t=5.7s state={'complete': False, 'error': None, 'executedCount': 0, 'wsState': 1} eval_ms=2 ram=3.0/15.6GB (19%) swap=0.0/3.0GB (0%) cpu=29% browser_rss=0.95GB
  [capture-loop] iter=100 t=11.1s state={'complete': False, 'error': None, 'executedCount': 0, 'wsState': 1} eval_ms=2 ram=2.8/15.6GB (18%) swap=0.0/3.0GB (0%) cpu=33% browser_rss=0.95GB
  [capture-loop] iter=150 t=16.6s state={'complete': False, 'error': None, 'executedCount': 0, 'wsState': 1} eval_ms=2 ram=2.9/15.6GB (19%) swap=0.0/3.0GB (0%) cpu=34% browser_rss=0.95GB
  [capture-loop] iter=200 t=22.0s state={'complete': False, 'error': None, 'executedCount': 0, 'wsState': 1} eval_ms=2 ram=3.2/15.6GB (20%) swap=0.0/3.0GB (0%) cpu=33% browser_rss=0.95GB
  [capture-loop] iter=250 t=27.6s state={'complete': False, 'error': None, 'executedCount': 0, 'wsState': 1} eval_ms=3 ram=2.8/15.6GB (18%) swap=0.0/3.0GB (0%) cpu=36% browser_rss=0.85GB
  [capture-loop] iter=300 t=33.1s state={'complete': False, 'error': None, 'executedCount': 0, 'wsState': 1} eval_ms=2 ram=2.9/15.6GB (18%) swap=0.0/3.0GB (0%) cpu=34% browser_rss=0.85GB
  [capture-loop] iter=350 t=38.5s state={'complete': False, 'error': None, 'executedCount': 0, 'wsState': 1} eval_ms=3 ram=3.2/15.6GB (20%) swap=0.0/3.0GB (0%) cpu=33% browser_rss=0.85GB
  [capture-loop] iter=400 t=43.9s state={'complete': False, 'error': None, 'executedCount': 0, 'wsState': 1} eval_ms=2 ram=3.2/15.6GB (20%) swap=0.0/3.0GB (0%) cpu=33% browser_rss=0.84GB
  Frame 4 saved (frame_003.jpg, t=48.1s)
  [capture-periodic] freeze=2ms shot=101ms unfreeze=2ms saved=True
  Node executed (2 total), capturing...
  Frame 5 saved (frame_004.jpg, t=49.3s)
  [capture-node] freeze=2ms shot=96ms unfreeze=2ms saved=True
  Execution complete (t=49.6s)
  Captured 5 unique frames over 49.62s
  [debug] iframes: 1
  [debug]   iframe[0]: src=http://127.0.0.1:8188/extensions/ComfyUI-DepthAnythingV3/viewer_vtk.html?v=17783, canvas=486x394, rafFrozen=False
  [timing] trigger_3d_previews: 0.0s
  Saved high-quality screenshot: advanced_3d_executed.png
  [timing] final_screenshot: 0.2s
    Captured 6 video frames