Capturing execution frames: simple.json
  Frame 1 saved (frame_000.jpg, t=0.0s)
  Validating workflow...
  Queuing workflow for execution...
  Frame 2 saved (frame_001.jpg, t=2.3s)
  [capture-periodic] freeze=2ms shot=123ms unfreeze=2ms saved=True
  Frame 3 saved (frame_002.jpg, t=4.5s)
  [capture-periodic] freeze=1ms shot=113ms unfreeze=2ms saved=True
  [capture-loop] iter=50 t=5.6s state={'complete': False, 'error': None, 'executedCount': 0, 'wsState': 1} eval_ms=2 ram=3.2/15.6GB (20%) swap=0.0/3.0GB (0%) cpu=27% browser_rss=0.99GB
  [capture-loop] iter=100 t=11.0s state={'complete': False, 'error': None, 'executedCount': 0, 'wsState': 1} eval_ms=2 ram=3.0/15.6GB (19%) swap=0.0/3.0GB (0%) cpu=33% browser_rss=0.99GB
  [capture-loop] iter=150 t=16.6s state={'complete': False, 'error': None, 'executedCount': 0, 'wsState': 1} eval_ms=2 ram=3.2/15.6GB (21%) swap=0.0/3.0GB (0%) cpu=34% browser_rss=0.99GB
  [capture-loop] iter=200 t=22.0s state={'complete': False, 'error': None, 'executedCount': 0, 'wsState': 1} eval_ms=2 ram=3.6/15.6GB (23%) swap=0.0/3.0GB (0%) cpu=33% browser_rss=0.99GB
  [capture-loop] iter=250 t=27.6s state={'complete': False, 'error': None, 'executedCount': 0, 'wsState': 1} eval_ms=2 ram=3.8/15.6GB (25%) swap=0.0/3.0GB (0%) cpu=36% browser_rss=0.89GB
  [capture-loop] iter=300 t=33.0s state={'complete': False, 'error': None, 'executedCount': 0, 'wsState': 1} eval_ms=2 ram=4.4/15.6GB (28%) swap=0.0/3.0GB (0%) cpu=35% browser_rss=0.89GB
  [capture-loop] iter=350 t=38.6s state={'complete': False, 'error': None, 'executedCount': 0, 'wsState': 1} eval_ms=2 ram=3.7/15.6GB (24%) swap=0.0/3.0GB (0%) cpu=34% browser_rss=0.88GB
  [capture-loop] iter=400 t=44.0s state={'complete': False, 'error': None, 'executedCount': 0, 'wsState': 1} eval_ms=2 ram=3.1/15.6GB (20%) swap=0.0/3.0GB (0%) cpu=34% browser_rss=0.88GB
  [capture-loop] iter=450 t=49.5s state={'complete': False, 'error': None, 'executedCount': 0, 'wsState': 1} eval_ms=2 ram=3.0/15.6GB (19%) swap=0.0/3.0GB (0%) cpu=33% browser_rss=0.88GB
  [capture-loop] iter=500 t=54.9s state={'complete': False, 'error': None, 'executedCount': 0, 'wsState': 1} eval_ms=2 ram=2.9/15.6GB (19%) swap=0.0/3.0GB (0%) cpu=33% browser_rss=0.88GB
  [capture-loop] iter=550 t=60.4s state={'complete': False, 'error': None, 'executedCount': 0, 'wsState': 1} eval_ms=2 ram=3.0/15.6GB (19%) swap=0.0/3.0GB (0%) cpu=34% browser_rss=0.88GB
  [capture-loop] iter=600 t=65.8s state={'complete': False, 'error': None, 'executedCount': 0, 'wsState': 1} eval_ms=2 ram=3.2/15.6GB (21%) swap=0.0/3.0GB (0%) cpu=33% browser_rss=0.88GB
  [capture-loop] iter=650 t=71.4s state={'complete': False, 'error': None, 'executedCount': 0, 'wsState': 1} eval_ms=2 ram=3.5/15.6GB (22%) swap=0.0/3.0GB (0%) cpu=34% browser_rss=0.88GB
  [capture-loop] iter=700 t=76.7s state={'complete': False, 'error': None, 'executedCount': 0, 'wsState': 1} eval_ms=2 ram=3.9/15.6GB (25%) swap=0.0/3.0GB (0%) cpu=33% browser_rss=0.88GB
  [capture-loop] iter=750 t=82.3s state={'complete': False, 'error': None, 'executedCount': 0, 'wsState': 1} eval_ms=2 ram=3.8/15.6GB (24%) swap=0.0/3.0GB (0%) cpu=33% browser_rss=0.88GB
  [capture-loop] iter=800 t=87.7s state={'complete': False, 'error': None, 'executedCount': 0, 'wsState': 1} eval_ms=2 ram=4.1/15.6GB (26%) swap=0.0/3.0GB (0%) cpu=33% browser_rss=0.88GB
  Node executed (1 total), capturing...
  Frame 4 saved (frame_003.jpg, t=91.3s)
  [capture-node] freeze=2ms shot=114ms unfreeze=2ms saved=True
  Execution complete (t=91.5s)
  Captured 4 unique frames over 91.54s
  [debug] iframes: 0
  [timing] trigger_3d_previews: 0.0s
  Saved high-quality screenshot: simple_executed.png
  [timing] final_screenshot: 0.3s
    Captured 5 video frames